I0611 17:35:34.085062       1 serving.go:386] Generated self-signed cert in-memory
W0611 17:35:34.085695       1 client_config.go:683] Neither --kubeconfig nor --master was specified.  Using the inClusterConfig.  This might not work.
I0611 17:35:34.105239       1 scheduler.go:283] ===  SCHEDULer New  ===
I0611 17:35:34.106742       1 scheduler.go:457] "fonction New() construit le scheduler, mais ne commence pas à scheduler les pods, c'est la fonction Run() qui commence le scheduling des pods." duration ="1.472056ms"
I0611 17:35:34.108608       1 server.go:175] "Starting Kubernetes Scheduler" version="v0.0.0-master+$Format:%H$"
I0611 17:35:34.108622       1 server.go:177] "Golang settings" GOGC="" GOMAXPROCS="" GOTRACEBACK=""
I0611 17:35:34.114236       1 requestheader_controller.go:180] Starting RequestHeaderAuthRequestController
I0611 17:35:34.114259       1 shared_informer.go:375] "Waiting for caches to sync"
I0611 17:35:34.114304       1 configmap_cafile_content.go:205] "Starting controller" name="client-ca::kube-system::extension-apiserver-authentication::requestheader-client-ca-file"
I0611 17:35:34.114308       1 configmap_cafile_content.go:205] "Starting controller" name="client-ca::kube-system::extension-apiserver-authentication::client-ca-file"
I0611 17:35:34.114316       1 shared_informer.go:375] "Waiting for caches to sync"
I0611 17:35:34.114320       1 shared_informer.go:375] "Waiting for caches to sync"
I0611 17:35:34.114503       1 secure_serving.go:211] Serving securely on [::]:10259
I0611 17:35:34.114567       1 tlsconfig.go:243] "Starting DynamicServingCertificateController"
I0611 17:35:34.214729       1 shared_informer.go:382] "Caches are synced"
I0611 17:35:34.215328       1 shared_informer.go:382] "Caches are synced"
I0611 17:35:34.215441       1 scheduler.go:542] ===  SCHEDULing RUN ===
I0611 17:35:34.215478       1 schedule_one.go:67] === MON SCHEDULER MODIFIÉ EST EN TRAIN DE TOURNER ===
I0611 17:35:34.215622       1 shared_informer.go:382] "Caches are synced"
I0612 06:50:32.233050       1 schedule_one.go:67] === MON SCHEDULER MODIFIÉ EST EN TRAIN DE TOURNER ===
I0612 06:50:32.235001       1 schedule_one.go:67] === MON SCHEDULER MODIFIÉ EST EN TRAIN DE TOURNER ===
I0612 06:50:32.236809       1 schedule_one.go:67] === MON SCHEDULER MODIFIÉ EST EN TRAIN DE TOURNER ===
I0612 06:50:32.243469       1 schedule_one.go:67] === MON SCHEDULER MODIFIÉ EST EN TRAIN DE TOURNER ===
I0612 06:50:32.285068       1 schedule_one.go:166] "scheduling algorithm completed" duration ="53.675315ms" pod="default/matrixmul-00001-deployment-5cb8b76cf6-clmd7"
I0612 06:50:32.285960       1 schedule_one.go:166] "scheduling algorithm completed" duration ="49.736928ms" pod="default/fetchdata-00001-deployment-66f645596-946ng"
I0612 06:50:32.285985       1 schedule_one.go:166] "scheduling algorithm completed" duration ="51.736344ms" pod="default/genmatrix-00001-deployment-6774b76f77-xmvv4"
I0612 06:50:32.341313       1 schedule_one.go:67] === MON SCHEDULER MODIFIÉ EST EN TRAIN DE TOURNER ===
I0612 06:50:32.356862       1 schedule_one.go:166] "scheduling algorithm completed" duration ="115.942671ms" pod="default/linpack-00001-deployment-5fcdf8b7f7-tz7gl"
I0612 06:50:32.365611       1 schedule_one.go:67] === MON SCHEDULER MODIFIÉ EST EN TRAIN DE TOURNER ===
I0612 06:50:32.424532       1 schedule_one.go:166] "scheduling algorithm completed" duration ="83.74859ms" pod="default/fastfouriertransform-00001-deployment-5bb577bc85-2946r"
I0612 06:50:32.447733       1 schedule_one.go:166] "scheduling algorithm completed" duration ="82.604167ms" pod="default/linpack-00001-deployment-5fcdf8b7f7-wljgx"
I0612 06:50:33.572490       1 schedule_one.go:67] === MON SCHEDULER MODIFIÉ EST EN TRAIN DE TOURNER ===
I0612 06:50:33.575275       1 schedule_one.go:67] === MON SCHEDULER MODIFIÉ EST EN TRAIN DE TOURNER ===
I0612 06:50:33.587564       1 schedule_one.go:166] "scheduling algorithm completed" duration ="12.808006ms" pod="default/genmatrix-00001-deployment-6774b76f77-wrnqn"
I0612 06:50:33.587926       1 schedule_one.go:166] "scheduling algorithm completed" duration ="16.004548ms" pod="default/fetchdata-00001-deployment-66f645596-7shmc"
I0612 06:50:33.652534       1 schedule_one.go:67] === MON SCHEDULER MODIFIÉ EST EN TRAIN DE TOURNER ===
I0612 06:50:33.661857       1 schedule_one.go:166] "scheduling algorithm completed" duration ="9.907337ms" pod="default/linpack-00001-deployment-5fcdf8b7f7-m95l5"
I0612 06:50:33.737181       1 schedule_one.go:67] === MON SCHEDULER MODIFIÉ EST EN TRAIN DE TOURNER ===
I0612 06:50:33.747496       1 schedule_one.go:166] "scheduling algorithm completed" duration ="11.205262ms" pod="default/fastfouriertransform-00001-deployment-5bb577bc85-sc98h"
I0612 06:50:35.603120       1 schedule_one.go:67] === MON SCHEDULER MODIFIÉ EST EN TRAIN DE TOURNER ===
I0612 06:50:35.625531       1 schedule_one.go:166] "scheduling algorithm completed" duration ="23.111126ms" pod="default/genmatrix-00001-deployment-6774b76f77-7ctc5"
I0612 06:50:35.659301       1 schedule_one.go:67] === MON SCHEDULER MODIFIÉ EST EN TRAIN DE TOURNER ===
I0612 06:50:35.682153       1 schedule_one.go:166] "scheduling algorithm completed" duration ="24.591312ms" pod="default/fetchdata-00001-deployment-66f645596-nm5xj"
I0612 06:50:35.748545       1 schedule_one.go:67] === MON SCHEDULER MODIFIÉ EST EN TRAIN DE TOURNER ===
I0612 06:50:35.752647       1 schedule_one.go:67] === MON SCHEDULER MODIFIÉ EST EN TRAIN DE TOURNER ===
I0612 06:50:35.776787       1 schedule_one.go:166] "scheduling algorithm completed" duration ="25.089893ms" pod="default/matrixmul-00001-deployment-5cb8b76cf6-8rmpx"
I0612 06:50:35.792850       1 schedule_one.go:166] "scheduling algorithm completed" duration ="45.214461ms" pod="default/fastfouriertransform-00001-deployment-5bb577bc85-4ftck"
I0612 06:50:35.807159       1 schedule_one.go:67] === MON SCHEDULER MODIFIÉ EST EN TRAIN DE TOURNER ===
I0612 06:50:35.857403       1 schedule_one.go:166] "scheduling algorithm completed" duration ="51.498471ms" pod="default/fastfouriertransform-00001-deployment-5bb577bc85-ptzkl"
I0612 06:50:37.637424       1 schedule_one.go:67] === MON SCHEDULER MODIFIÉ EST EN TRAIN DE TOURNER ===
I0612 06:50:37.639041       1 schedule_one.go:67] === MON SCHEDULER MODIFIÉ EST EN TRAIN DE TOURNER ===
I0612 06:50:37.667489       1 schedule_one.go:166] "scheduling algorithm completed" duration ="30.985621ms" pod="default/linpack-00001-deployment-5fcdf8b7f7-b9gvz"
I0612 06:50:37.681812       1 schedule_one.go:166] "scheduling algorithm completed" duration ="43.29986ms" pod="default/matrixmul-00001-deployment-5cb8b76cf6-j4m9c"
I0612 06:51:39.945074       1 schedule_one.go:67] === MON SCHEDULER MODIFIÉ EST EN TRAIN DE TOURNER ===
I0612 06:51:39.951884       1 schedule_one.go:166] "scheduling algorithm completed" duration ="7.768327ms" pod="default/linpack-00001-deployment-5fcdf8b7f7-l7scb"
I0612 06:51:49.589229       1 schedule_one.go:67] === MON SCHEDULER MODIFIÉ EST EN TRAIN DE TOURNER ===
I0612 06:51:49.672641       1 schedule_one.go:166] "scheduling algorithm completed" duration ="84.162854ms" pod="default/matrixmul-00001-deployment-5cb8b76cf6-c4ssd"
I0612 06:51:51.573181       1 schedule_one.go:67] === MON SCHEDULER MODIFIÉ EST EN TRAIN DE TOURNER ===
I0612 06:51:51.579322       1 schedule_one.go:166] "scheduling algorithm completed" duration ="7.980348ms" pod="default/matrixmul-00001-deployment-5cb8b76cf6-54s5d"
I0612 06:51:57.577137       1 schedule_one.go:67] === MON SCHEDULER MODIFIÉ EST EN TRAIN DE TOURNER ===
I0612 06:51:57.584504       1 schedule_one.go:166] "scheduling algorithm completed" duration ="8.051572ms" pod="default/fastfouriertransform-00001-deployment-5bb577bc85-phsh5"
