I0611 17:35:34.085062       1 serving.go:386] Generated self-signed cert in-memory
W0611 17:35:34.085695       1 client_config.go:683] Neither --kubeconfig nor --master was specified.  Using the inClusterConfig.  This might not work.
I0611 17:35:34.105239       1 scheduler.go:283] ===  SCHEDULer New  ===
I0611 17:35:34.106742       1 scheduler.go:457] "fonction New() construit le scheduler, mais ne commence pas à scheduler les pods, c'est la fonction Run() qui commence le scheduling des pods." duration ="1.472056ms"
I0611 17:35:34.108608       1 server.go:175] "Starting Kubernetes Scheduler" version="v0.0.0-master+$Format:%H$"
I0611 17:35:34.108622       1 server.go:177] "Golang settings" GOGC="" GOMAXPROCS="" GOTRACEBACK=""
I0611 17:35:34.114236       1 requestheader_controller.go:180] Starting RequestHeaderAuthRequestController
I0611 17:35:34.114259       1 shared_informer.go:375] "Waiting for caches to sync"
I0611 17:35:34.114304       1 configmap_cafile_content.go:205] "Starting controller" name="client-ca::kube-system::extension-apiserver-authentication::requestheader-client-ca-file"
I0611 17:35:34.114308       1 configmap_cafile_content.go:205] "Starting controller" name="client-ca::kube-system::extension-apiserver-authentication::client-ca-file"
I0611 17:35:34.114316       1 shared_informer.go:375] "Waiting for caches to sync"
I0611 17:35:34.114320       1 shared_informer.go:375] "Waiting for caches to sync"
I0611 17:35:34.114503       1 secure_serving.go:211] Serving securely on [::]:10259
I0611 17:35:34.114567       1 tlsconfig.go:243] "Starting DynamicServingCertificateController"
I0611 17:35:34.214729       1 shared_informer.go:382] "Caches are synced"
I0611 17:35:34.215328       1 shared_informer.go:382] "Caches are synced"
I0611 17:35:34.215441       1 scheduler.go:542] ===  SCHEDULing RUN ===
I0611 17:35:34.215478       1 schedule_one.go:67] === MON SCHEDULER MODIFIÉ EST EN TRAIN DE TOURNER ===
I0611 17:35:34.215622       1 shared_informer.go:382] "Caches are synced"
I0612 06:50:32.233050       1 schedule_one.go:67] === MON SCHEDULER MODIFIÉ EST EN TRAIN DE TOURNER ===
I0612 06:50:32.235001       1 schedule_one.go:67] === MON SCHEDULER MODIFIÉ EST EN TRAIN DE TOURNER ===
I0612 06:50:32.236809       1 schedule_one.go:67] === MON SCHEDULER MODIFIÉ EST EN TRAIN DE TOURNER ===
I0612 06:50:32.243469       1 schedule_one.go:67] === MON SCHEDULER MODIFIÉ EST EN TRAIN DE TOURNER ===
I0612 06:50:32.285068       1 schedule_one.go:166] "scheduling algorithm completed" duration ="53.675315ms" pod="default/matrixmul-00001-deployment-5cb8b76cf6-clmd7"
I0612 06:50:32.285960       1 schedule_one.go:166] "scheduling algorithm completed" duration ="49.736928ms" pod="default/fetchdata-00001-deployment-66f645596-946ng"
I0612 06:50:32.285985       1 schedule_one.go:166] "scheduling algorithm completed" duration ="51.736344ms" pod="default/genmatrix-00001-deployment-6774b76f77-xmvv4"
I0612 06:50:32.341313       1 schedule_one.go:67] === MON SCHEDULER MODIFIÉ EST EN TRAIN DE TOURNER ===
I0612 06:50:32.356862       1 schedule_one.go:166] "scheduling algorithm completed" duration ="115.942671ms" pod="default/linpack-00001-deployment-5fcdf8b7f7-tz7gl"
I0612 06:50:32.365611       1 schedule_one.go:67] === MON SCHEDULER MODIFIÉ EST EN TRAIN DE TOURNER ===
I0612 06:50:32.424532       1 schedule_one.go:166] "scheduling algorithm completed" duration ="83.74859ms" pod="default/fastfouriertransform-00001-deployment-5bb577bc85-2946r"
I0612 06:50:32.447733       1 schedule_one.go:166] "scheduling algorithm completed" duration ="82.604167ms" pod="default/linpack-00001-deployment-5fcdf8b7f7-wljgx"
I0612 06:50:33.572490       1 schedule_one.go:67] === MON SCHEDULER MODIFIÉ EST EN TRAIN DE TOURNER ===
I0612 06:50:33.575275       1 schedule_one.go:67] === MON SCHEDULER MODIFIÉ EST EN TRAIN DE TOURNER ===
I0612 06:50:33.587564       1 schedule_one.go:166] "scheduling algorithm completed" duration ="12.808006ms" pod="default/genmatrix-00001-deployment-6774b76f77-wrnqn"
I0612 06:50:33.587926       1 schedule_one.go:166] "scheduling algorithm completed" duration ="16.004548ms" pod="default/fetchdata-00001-deployment-66f645596-7shmc"
I0612 06:50:33.652534       1 schedule_one.go:67] === MON SCHEDULER MODIFIÉ EST EN TRAIN DE TOURNER ===
I0612 06:50:33.661857       1 schedule_one.go:166] "scheduling algorithm completed" duration ="9.907337ms" pod="default/linpack-00001-deployment-5fcdf8b7f7-m95l5"
I0612 06:50:33.737181       1 schedule_one.go:67] === MON SCHEDULER MODIFIÉ EST EN TRAIN DE TOURNER ===
I0612 06:50:33.747496       1 schedule_one.go:166] "scheduling algorithm completed" duration ="11.205262ms" pod="default/fastfouriertransform-00001-deployment-5bb577bc85-sc98h"
I0612 06:50:35.603120       1 schedule_one.go:67] === MON SCHEDULER MODIFIÉ EST EN TRAIN DE TOURNER ===
I0612 06:50:35.625531       1 schedule_one.go:166] "scheduling algorithm completed" duration ="23.111126ms" pod="default/genmatrix-00001-deployment-6774b76f77-7ctc5"
I0612 06:50:35.659301       1 schedule_one.go:67] === MON SCHEDULER MODIFIÉ EST EN TRAIN DE TOURNER ===
I0612 06:50:35.682153       1 schedule_one.go:166] "scheduling algorithm completed" duration ="24.591312ms" pod="default/fetchdata-00001-deployment-66f645596-nm5xj"
I0612 06:50:35.748545       1 schedule_one.go:67] === MON SCHEDULER MODIFIÉ EST EN TRAIN DE TOURNER ===
I0612 06:50:35.752647       1 schedule_one.go:67] === MON SCHEDULER MODIFIÉ EST EN TRAIN DE TOURNER ===
I0612 06:50:35.776787       1 schedule_one.go:166] "scheduling algorithm completed" duration ="25.089893ms" pod="default/matrixmul-00001-deployment-5cb8b76cf6-8rmpx"
I0612 06:50:35.792850       1 schedule_one.go:166] "scheduling algorithm completed" duration ="45.214461ms" pod="default/fastfouriertransform-00001-deployment-5bb577bc85-4ftck"
I0612 06:50:35.807159       1 schedule_one.go:67] === MON SCHEDULER MODIFIÉ EST EN TRAIN DE TOURNER ===
I0612 06:50:35.857403       1 schedule_one.go:166] "scheduling algorithm completed" duration ="51.498471ms" pod="default/fastfouriertransform-00001-deployment-5bb577bc85-ptzkl"
I0612 06:50:37.637424       1 schedule_one.go:67] === MON SCHEDULER MODIFIÉ EST EN TRAIN DE TOURNER ===
I0612 06:50:37.639041       1 schedule_one.go:67] === MON SCHEDULER MODIFIÉ EST EN TRAIN DE TOURNER ===
I0612 06:50:37.667489       1 schedule_one.go:166] "scheduling algorithm completed" duration ="30.985621ms" pod="default/linpack-00001-deployment-5fcdf8b7f7-b9gvz"
I0612 06:50:37.681812       1 schedule_one.go:166] "scheduling algorithm completed" duration ="43.29986ms" pod="default/matrixmul-00001-deployment-5cb8b76cf6-j4m9c"
I0612 06:51:39.945074       1 schedule_one.go:67] === MON SCHEDULER MODIFIÉ EST EN TRAIN DE TOURNER ===
I0612 06:51:39.951884       1 schedule_one.go:166] "scheduling algorithm completed" duration ="7.768327ms" pod="default/linpack-00001-deployment-5fcdf8b7f7-l7scb"
I0612 06:51:49.589229       1 schedule_one.go:67] === MON SCHEDULER MODIFIÉ EST EN TRAIN DE TOURNER ===
I0612 06:51:49.672641       1 schedule_one.go:166] "scheduling algorithm completed" duration ="84.162854ms" pod="default/matrixmul-00001-deployment-5cb8b76cf6-c4ssd"
I0612 06:51:51.573181       1 schedule_one.go:67] === MON SCHEDULER MODIFIÉ EST EN TRAIN DE TOURNER ===
I0612 06:51:51.579322       1 schedule_one.go:166] "scheduling algorithm completed" duration ="7.980348ms" pod="default/matrixmul-00001-deployment-5cb8b76cf6-54s5d"
I0612 06:51:57.577137       1 schedule_one.go:67] === MON SCHEDULER MODIFIÉ EST EN TRAIN DE TOURNER ===
I0612 06:51:57.584504       1 schedule_one.go:166] "scheduling algorithm completed" duration ="8.051572ms" pod="default/fastfouriertransform-00001-deployment-5bb577bc85-phsh5"
I0612 07:00:47.043817       1 schedule_one.go:67] === MON SCHEDULER MODIFIÉ EST EN TRAIN DE TOURNER ===
I0612 07:00:47.045220       1 schedule_one.go:67] === MON SCHEDULER MODIFIÉ EST EN TRAIN DE TOURNER ===
I0612 07:00:47.060454       1 schedule_one.go:166] "scheduling algorithm completed" duration ="15.95813ms" pod="default/genmatrix-00001-deployment-6774b76f77-b6j96"
I0612 07:00:47.066587       1 schedule_one.go:166] "scheduling algorithm completed" duration ="23.683583ms" pod="default/fastfouriertransform-00001-deployment-5bb577bc85-mh2nk"
I0612 07:00:47.107359       1 schedule_one.go:67] === MON SCHEDULER MODIFIÉ EST EN TRAIN DE TOURNER ===
I0612 07:00:47.122580       1 schedule_one.go:166] "scheduling algorithm completed" duration ="15.741684ms" pod="default/fetchdata-00001-deployment-66f645596-jffb6"
I0612 07:00:47.238707       1 schedule_one.go:67] === MON SCHEDULER MODIFIÉ EST EN TRAIN DE TOURNER ===
I0612 07:00:47.263803       1 schedule_one.go:166] "scheduling algorithm completed" duration ="25.670936ms" pod="default/linpack-00001-deployment-5fcdf8b7f7-7vdgq"
I0612 07:00:47.712767       1 schedule_one.go:67] === MON SCHEDULER MODIFIÉ EST EN TRAIN DE TOURNER ===
I0612 07:00:47.719352       1 schedule_one.go:166] "scheduling algorithm completed" duration ="7.139668ms" pod="default/matrixmul-00001-deployment-5cb8b76cf6-m9zzz"
I0612 07:00:49.583654       1 schedule_one.go:67] === MON SCHEDULER MODIFIÉ EST EN TRAIN DE TOURNER ===
I0612 07:00:49.596319       1 schedule_one.go:67] === MON SCHEDULER MODIFIÉ EST EN TRAIN DE TOURNER ===
I0612 07:00:49.607534       1 schedule_one.go:166] "scheduling algorithm completed" duration ="24.419035ms" pod="default/linpack-00001-deployment-5fcdf8b7f7-z92rg"
I0612 07:00:49.627794       1 schedule_one.go:166] "scheduling algorithm completed" duration ="31.977651ms" pod="default/fastfouriertransform-00001-deployment-5bb577bc85-mtsqr"
I0612 07:00:51.575072       1 schedule_one.go:67] === MON SCHEDULER MODIFIÉ EST EN TRAIN DE TOURNER ===
I0612 07:00:51.587379       1 schedule_one.go:166] "scheduling algorithm completed" duration ="13.462623ms" pod="default/linpack-00001-deployment-5fcdf8b7f7-jdt9c"
I0612 07:00:55.572876       1 schedule_one.go:67] === MON SCHEDULER MODIFIÉ EST EN TRAIN DE TOURNER ===
I0612 07:00:55.603407       1 schedule_one.go:166] "scheduling algorithm completed" duration ="31.079772ms" pod="default/matrixmul-00001-deployment-5cb8b76cf6-6jdwq"
I0612 07:01:55.673529       1 schedule_one.go:67] === MON SCHEDULER MODIFIÉ EST EN TRAIN DE TOURNER ===
I0612 07:01:55.681543       1 schedule_one.go:166] "scheduling algorithm completed" duration ="8.983857ms" pod="default/fastfouriertransform-00001-deployment-5bb577bc85-hbpth"
I0612 07:01:57.624754       1 schedule_one.go:67] === MON SCHEDULER MODIFIÉ EST EN TRAIN DE TOURNER ===
I0612 07:01:57.657523       1 schedule_one.go:166] "scheduling algorithm completed" duration ="33.415936ms" pod="default/linpack-00001-deployment-5fcdf8b7f7-wqbkz"
I0612 07:02:05.572187       1 schedule_one.go:67] === MON SCHEDULER MODIFIÉ EST EN TRAIN DE TOURNER ===
I0612 07:02:05.577929       1 schedule_one.go:166] "scheduling algorithm completed" duration ="6.422736ms" pod="default/matrixmul-00001-deployment-5cb8b76cf6-5sv9h"
I0612 07:02:09.578692       1 schedule_one.go:67] === MON SCHEDULER MODIFIÉ EST EN TRAIN DE TOURNER ===
I0612 07:02:09.588497       1 schedule_one.go:166] "scheduling algorithm completed" duration ="10.470688ms" pod="default/matrixmul-00001-deployment-5cb8b76cf6-jwflb"
I0612 07:10:15.697980       1 schedule_one.go:67] === MON SCHEDULER MODIFIÉ EST EN TRAIN DE TOURNER ===
I0612 07:10:15.712110       1 schedule_one.go:166] "scheduling algorithm completed" duration ="15.001108ms" pod="default/fastfouriertransform-00001-deployment-5bb577bc85-cc7gh"
I0612 07:10:15.713856       1 schedule_one.go:67] === MON SCHEDULER MODIFIÉ EST EN TRAIN DE TOURNER ===
I0612 07:10:15.734002       1 schedule_one.go:166] "scheduling algorithm completed" duration ="21.401242ms" pod="default/genmatrix-00001-deployment-6774b76f77-bczft"
I0612 07:10:15.838101       1 schedule_one.go:67] === MON SCHEDULER MODIFIÉ EST EN TRAIN DE TOURNER ===
I0612 07:10:15.851058       1 schedule_one.go:166] "scheduling algorithm completed" duration ="13.742129ms" pod="default/fetchdata-00001-deployment-66f645596-gx6vn"
I0612 07:10:15.891833       1 schedule_one.go:67] === MON SCHEDULER MODIFIÉ EST EN TRAIN DE TOURNER ===
I0612 07:10:15.919135       1 schedule_one.go:166] "scheduling algorithm completed" duration ="27.816949ms" pod="default/linpack-00001-deployment-5fcdf8b7f7-b9ld8"
I0612 07:10:16.431724       1 schedule_one.go:67] === MON SCHEDULER MODIFIÉ EST EN TRAIN DE TOURNER ===
I0612 07:10:16.437639       1 schedule_one.go:166] "scheduling algorithm completed" duration ="6.4273ms" pod="default/matrixmul-00001-deployment-5cb8b76cf6-k5mpj"
I0612 07:10:17.587465       1 schedule_one.go:67] === MON SCHEDULER MODIFIÉ EST EN TRAIN DE TOURNER ===
I0612 07:10:17.603710       1 schedule_one.go:166] "scheduling algorithm completed" duration ="16.935095ms" pod="default/linpack-00001-deployment-5fcdf8b7f7-qmv5d"
I0612 07:10:17.693002       1 schedule_one.go:67] === MON SCHEDULER MODIFIÉ EST EN TRAIN DE TOURNER ===
I0612 07:10:17.718323       1 schedule_one.go:166] "scheduling algorithm completed" duration ="25.872666ms" pod="default/fastfouriertransform-00001-deployment-5bb577bc85-49fm5"
I0612 07:10:21.572200       1 schedule_one.go:67] === MON SCHEDULER MODIFIÉ EST EN TRAIN DE TOURNER ===
I0612 07:10:21.577712       1 schedule_one.go:166] "scheduling algorithm completed" duration ="6.069074ms" pod="default/linpack-00001-deployment-5fcdf8b7f7-jz7v9"
I0612 07:10:23.620497       1 schedule_one.go:67] === MON SCHEDULER MODIFIÉ EST EN TRAIN DE TOURNER ===
I0612 07:10:23.637751       1 schedule_one.go:166] "scheduling algorithm completed" duration ="17.783531ms" pod="default/matrixmul-00001-deployment-5cb8b76cf6-srczj"
I0612 07:11:23.944629       1 schedule_one.go:67] === MON SCHEDULER MODIFIÉ EST EN TRAIN DE TOURNER ===
I0612 07:11:23.951449       1 schedule_one.go:166] "scheduling algorithm completed" duration ="7.608778ms" pod="default/linpack-00001-deployment-5fcdf8b7f7-w5gbv"
I0612 07:11:27.593224       1 schedule_one.go:67] === MON SCHEDULER MODIFIÉ EST EN TRAIN DE TOURNER ===
I0612 07:11:27.608001       1 schedule_one.go:166] "scheduling algorithm completed" duration ="15.760268ms" pod="default/linpack-00001-deployment-5fcdf8b7f7-77z8v"
I0612 07:11:33.576230       1 schedule_one.go:67] === MON SCHEDULER MODIFIÉ EST EN TRAIN DE TOURNER ===
I0612 07:11:33.583618       1 schedule_one.go:166] "scheduling algorithm completed" duration ="7.997394ms" pod="default/matrixmul-00001-deployment-5cb8b76cf6-xww4h"
I0612 07:11:37.566470       1 schedule_one.go:67] === MON SCHEDULER MODIFIÉ EST EN TRAIN DE TOURNER ===
I0612 07:11:37.577506       1 schedule_one.go:166] "scheduling algorithm completed" duration ="11.632309ms" pod="default/matrixmul-00001-deployment-5cb8b76cf6-svj8f"
I0612 07:11:43.569970       1 schedule_one.go:67] === MON SCHEDULER MODIFIÉ EST EN TRAIN DE TOURNER ===
I0612 07:11:43.575315       1 schedule_one.go:166] "scheduling algorithm completed" duration ="5.931369ms" pod="default/fastfouriertransform-00001-deployment-5bb577bc85-jk9jc"
I0612 07:20:25.366341       1 schedule_one.go:67] === MON SCHEDULER MODIFIÉ EST EN TRAIN DE TOURNER ===
I0612 07:20:25.385260       1 schedule_one.go:166] "scheduling algorithm completed" duration ="19.701769ms" pod="default/fastfouriertransform-00001-deployment-5bb577bc85-ss2f8"
I0612 07:20:25.427214       1 schedule_one.go:67] === MON SCHEDULER MODIFIÉ EST EN TRAIN DE TOURNER ===
I0612 07:20:25.467213       1 schedule_one.go:166] "scheduling algorithm completed" duration ="40.5357ms" pod="default/genmatrix-00001-deployment-6774b76f77-bfpp7"
I0612 07:20:25.535840       1 schedule_one.go:67] === MON SCHEDULER MODIFIÉ EST EN TRAIN DE TOURNER ===
I0612 07:20:25.546605       1 schedule_one.go:166] "scheduling algorithm completed" duration ="11.346792ms" pod="default/fetchdata-00001-deployment-66f645596-lfk8d"
I0612 07:20:25.630414       1 schedule_one.go:67] === MON SCHEDULER MODIFIÉ EST EN TRAIN DE TOURNER ===
I0612 07:20:25.660179       1 schedule_one.go:166] "scheduling algorithm completed" duration ="30.273644ms" pod="default/linpack-00001-deployment-5fcdf8b7f7-2n4tt"
I0612 07:20:26.080131       1 schedule_one.go:67] === MON SCHEDULER MODIFIÉ EST EN TRAIN DE TOURNER ===
I0612 07:20:26.086308       1 schedule_one.go:166] "scheduling algorithm completed" duration ="6.685029ms" pod="default/matrixmul-00001-deployment-5cb8b76cf6-52wtv"
I0612 07:20:27.579202       1 schedule_one.go:67] === MON SCHEDULER MODIFIÉ EST EN TRAIN DE TOURNER ===
I0612 07:20:27.589269       1 schedule_one.go:166] "scheduling algorithm completed" duration ="10.672377ms" pod="default/linpack-00001-deployment-5fcdf8b7f7-6vnpv"
I0612 07:20:27.594617       1 schedule_one.go:67] === MON SCHEDULER MODIFIÉ EST EN TRAIN DE TOURNER ===
I0612 07:20:27.600795       1 schedule_one.go:166] "scheduling algorithm completed" duration ="6.708104ms" pod="default/fastfouriertransform-00001-deployment-5bb577bc85-dswdh"
I0612 07:20:29.565675       1 schedule_one.go:67] === MON SCHEDULER MODIFIÉ EST EN TRAIN DE TOURNER ===
I0612 07:20:29.573820       1 schedule_one.go:166] "scheduling algorithm completed" duration ="8.760834ms" pod="default/matrixmul-00001-deployment-5cb8b76cf6-jh8xz"
I0612 07:21:31.944684       1 schedule_one.go:67] === MON SCHEDULER MODIFIÉ EST EN TRAIN DE TOURNER ===
I0612 07:21:31.949723       1 schedule_one.go:166] "scheduling algorithm completed" duration ="5.663665ms" pod="default/linpack-00001-deployment-5fcdf8b7f7-fgq7g"
I0612 07:21:35.581530       1 schedule_one.go:67] === MON SCHEDULER MODIFIÉ EST EN TRAIN DE TOURNER ===
I0612 07:21:35.588280       1 schedule_one.go:166] "scheduling algorithm completed" duration ="7.565393ms" pod="default/matrixmul-00001-deployment-5cb8b76cf6-vhxpr"
I0612 07:21:47.579844       1 schedule_one.go:67] === MON SCHEDULER MODIFIÉ EST EN TRAIN DE TOURNER ===
I0612 07:21:47.593765       1 schedule_one.go:166] "scheduling algorithm completed" duration ="14.637057ms" pod="default/fastfouriertransform-00001-deployment-5bb577bc85-znrph"
I0612 07:30:23.953881       1 schedule_one.go:67] === MON SCHEDULER MODIFIÉ EST EN TRAIN DE TOURNER ===
I0612 07:30:23.975358       1 schedule_one.go:166] "scheduling algorithm completed" duration ="22.086118ms" pod="default/fastfouriertransform-00001-deployment-5bb577bc85-sk9tn"
I0612 07:30:23.983755       1 schedule_one.go:67] === MON SCHEDULER MODIFIÉ EST EN TRAIN DE TOURNER ===
I0612 07:30:24.000159       1 schedule_one.go:166] "scheduling algorithm completed" duration ="16.927181ms" pod="default/genmatrix-00001-deployment-6774b76f77-z895m"
I0612 07:30:24.149250       1 schedule_one.go:67] === MON SCHEDULER MODIFIÉ EST EN TRAIN DE TOURNER ===
I0612 07:30:24.208202       1 schedule_one.go:166] "scheduling algorithm completed" duration ="59.657435ms" pod="default/fetchdata-00001-deployment-66f645596-5fnvd"
I0612 07:30:24.313798       1 schedule_one.go:67] === MON SCHEDULER MODIFIÉ EST EN TRAIN DE TOURNER ===
I0612 07:30:24.356687       1 schedule_one.go:166] "scheduling algorithm completed" duration ="44.198569ms" pod="default/linpack-00001-deployment-5fcdf8b7f7-z26dt"
I0612 07:30:24.648333       1 schedule_one.go:67] === MON SCHEDULER MODIFIÉ EST EN TRAIN DE TOURNER ===
I0612 07:30:24.678254       1 schedule_one.go:166] "scheduling algorithm completed" duration ="30.481318ms" pod="default/matrixmul-00001-deployment-5cb8b76cf6-kjdjg"
I0612 07:30:25.565447       1 schedule_one.go:67] === MON SCHEDULER MODIFIÉ EST EN TRAIN DE TOURNER ===
I0612 07:30:25.571706       1 schedule_one.go:166] "scheduling algorithm completed" duration ="6.792402ms" pod="default/linpack-00001-deployment-5fcdf8b7f7-7b2l6"
I0612 07:30:27.604316       1 schedule_one.go:67] === MON SCHEDULER MODIFIÉ EST EN TRAIN DE TOURNER ===
I0612 07:30:27.616319       1 schedule_one.go:166] "scheduling algorithm completed" duration ="12.57744ms" pod="default/linpack-00001-deployment-5fcdf8b7f7-t8j78"
I0612 07:30:27.617963       1 schedule_one.go:67] === MON SCHEDULER MODIFIÉ EST EN TRAIN DE TOURNER ===
I0612 07:30:27.656630       1 schedule_one.go:166] "scheduling algorithm completed" duration ="39.161616ms" pod="default/fastfouriertransform-00001-deployment-5bb577bc85-q2dtt"
I0612 07:30:35.586209       1 schedule_one.go:67] === MON SCHEDULER MODIFIÉ EST EN TRAIN DE TOURNER ===
I0612 07:30:35.602008       1 schedule_one.go:166] "scheduling algorithm completed" duration ="16.521101ms" pod="default/matrixmul-00001-deployment-5cb8b76cf6-r6446"
I0612 07:31:31.944020       1 schedule_one.go:67] === MON SCHEDULER MODIFIÉ EST EN TRAIN DE TOURNER ===
I0612 07:31:31.948681       1 schedule_one.go:166] "scheduling algorithm completed" duration ="5.30905ms" pod="default/linpack-00001-deployment-5fcdf8b7f7-2lqdx"
I0612 07:31:35.582751       1 schedule_one.go:67] === MON SCHEDULER MODIFIÉ EST EN TRAIN DE TOURNER ===
I0612 07:31:35.616851       1 schedule_one.go:166] "scheduling algorithm completed" duration ="34.730726ms" pod="default/linpack-00001-deployment-5fcdf8b7f7-ccmn7"
I0612 07:31:41.570211       1 schedule_one.go:67] === MON SCHEDULER MODIFIÉ EST EN TRAIN DE TOURNER ===
I0612 07:31:41.580745       1 schedule_one.go:166] "scheduling algorithm completed" duration ="11.128625ms" pod="default/matrixmul-00001-deployment-5cb8b76cf6-9lntf"
I0612 07:31:43.564726       1 schedule_one.go:67] === MON SCHEDULER MODIFIÉ EST EN TRAIN DE TOURNER ===
I0612 07:31:43.570375       1 schedule_one.go:166] "scheduling algorithm completed" duration ="6.214025ms" pod="default/matrixmul-00001-deployment-5cb8b76cf6-ffptv"
I0612 07:31:45.572439       1 schedule_one.go:67] === MON SCHEDULER MODIFIÉ EST EN TRAIN DE TOURNER ===
I0612 07:31:45.582472       1 schedule_one.go:166] "scheduling algorithm completed" duration ="10.58597ms" pod="default/matrixmul-00001-deployment-5cb8b76cf6-sp9zv"
I0612 07:31:51.576562       1 schedule_one.go:67] === MON SCHEDULER MODIFIÉ EST EN TRAIN DE TOURNER ===
I0612 07:31:51.592055       1 schedule_one.go:166] "scheduling algorithm completed" duration ="16.131745ms" pod="default/fastfouriertransform-00001-deployment-5bb577bc85-zcbj9"
I0612 07:40:55.249152       1 schedule_one.go:67] === MON SCHEDULER MODIFIÉ EST EN TRAIN DE TOURNER ===
I0612 07:40:55.252545       1 schedule_one.go:67] === MON SCHEDULER MODIFIÉ EST EN TRAIN DE TOURNER ===
I0612 07:40:55.255232       1 schedule_one.go:67] === MON SCHEDULER MODIFIÉ EST EN TRAIN DE TOURNER ===
I0612 07:40:55.370301       1 schedule_one.go:166] "scheduling algorithm completed" duration ="115.713143ms" pod="default/fastfouriertransform-00001-deployment-5bb577bc85-dxwhr"
I0612 07:40:55.376302       1 schedule_one.go:166] "scheduling algorithm completed" duration ="128.276386ms" pod="default/fetchdata-00001-deployment-66f645596-c8nh8"
I0612 07:40:55.376302       1 schedule_one.go:166] "scheduling algorithm completed" duration ="125.57815ms" pod="default/genmatrix-00001-deployment-6774b76f77-ndgs5"
I0612 07:40:55.560009       1 schedule_one.go:67] === MON SCHEDULER MODIFIÉ EST EN TRAIN DE TOURNER ===
I0612 07:40:55.578898       1 schedule_one.go:166] "scheduling algorithm completed" duration ="19.60779ms" pod="default/linpack-00001-deployment-5fcdf8b7f7-dwb82"
I0612 07:40:55.840161       1 schedule_one.go:67] === MON SCHEDULER MODIFIÉ EST EN TRAIN DE TOURNER ===
I0612 07:40:55.853504       1 schedule_one.go:166] "scheduling algorithm completed" duration ="13.855443ms" pod="default/matrixmul-00001-deployment-5cb8b76cf6-mwzd5"
I0612 07:40:57.609028       1 schedule_one.go:67] === MON SCHEDULER MODIFIÉ EST EN TRAIN DE TOURNER ===
I0612 07:40:57.621042       1 schedule_one.go:166] "scheduling algorithm completed" duration ="12.630744ms" pod="default/fastfouriertransform-00001-deployment-5bb577bc85-lgnkt"
I0612 07:40:57.696603       1 schedule_one.go:67] === MON SCHEDULER MODIFIÉ EST EN TRAIN DE TOURNER ===
I0612 07:40:58.029909       1 schedule_one.go:166] "scheduling algorithm completed" duration ="334.160052ms" pod="default/linpack-00001-deployment-5fcdf8b7f7-dg2q4"
I0612 07:40:59.594557       1 schedule_one.go:67] === MON SCHEDULER MODIFIÉ EST EN TRAIN DE TOURNER ===
I0612 07:40:59.606372       1 schedule_one.go:166] "scheduling algorithm completed" duration ="12.493038ms" pod="default/matrixmul-00001-deployment-5cb8b76cf6-q52bh"
I0612 07:41:01.563641       1 schedule_one.go:67] === MON SCHEDULER MODIFIÉ EST EN TRAIN DE TOURNER ===
I0612 07:41:01.633460       1 schedule_one.go:166] "scheduling algorithm completed" duration ="70.400065ms" pod="default/linpack-00001-deployment-5fcdf8b7f7-bdfpk"
I0612 07:42:03.700874       1 schedule_one.go:67] === MON SCHEDULER MODIFIÉ EST EN TRAIN DE TOURNER ===
I0612 07:42:03.711419       1 schedule_one.go:166] "scheduling algorithm completed" duration ="11.223005ms" pod="default/fastfouriertransform-00001-deployment-5bb577bc85-f5xl2"
I0612 07:42:05.563928       1 schedule_one.go:67] === MON SCHEDULER MODIFIÉ EST EN TRAIN DE TOURNER ===
I0612 07:42:05.575050       1 schedule_one.go:166] "scheduling algorithm completed" duration ="11.663566ms" pod="default/linpack-00001-deployment-5fcdf8b7f7-2x4vr"
I0612 07:42:13.568890       1 schedule_one.go:67] === MON SCHEDULER MODIFIÉ EST EN TRAIN DE TOURNER ===
I0612 07:42:13.582891       1 schedule_one.go:166] "scheduling algorithm completed" duration ="14.981513ms" pod="default/matrixmul-00001-deployment-5cb8b76cf6-g6tbc"
I0612 07:42:15.567929       1 schedule_one.go:67] === MON SCHEDULER MODIFIÉ EST EN TRAIN DE TOURNER ===
I0612 07:42:15.573610       1 schedule_one.go:166] "scheduling algorithm completed" duration ="6.226335ms" pod="default/matrixmul-00001-deployment-5cb8b76cf6-m8kn2"
I0612 07:50:40.059806       1 schedule_one.go:67] === MON SCHEDULER MODIFIÉ EST EN TRAIN DE TOURNER ===
I0612 07:50:40.065735       1 schedule_one.go:67] === MON SCHEDULER MODIFIÉ EST EN TRAIN DE TOURNER ===
I0612 07:50:40.091356       1 schedule_one.go:166] "scheduling algorithm completed" duration ="32.315938ms" pod="default/fastfouriertransform-00001-deployment-5bb577bc85-4fcw6"
I0612 07:50:40.096857       1 schedule_one.go:166] "scheduling algorithm completed" duration ="31.649115ms" pod="default/genmatrix-00001-deployment-6774b76f77-fmj4j"
I0612 07:50:40.172446       1 schedule_one.go:67] === MON SCHEDULER MODIFIÉ EST EN TRAIN DE TOURNER ===
I0612 07:50:40.204418       1 schedule_one.go:166] "scheduling algorithm completed" duration ="32.696147ms" pod="default/fetchdata-00001-deployment-66f645596-7zdk2"
I0612 07:50:40.247075       1 schedule_one.go:67] === MON SCHEDULER MODIFIÉ EST EN TRAIN DE TOURNER ===
I0612 07:50:40.263021       1 schedule_one.go:166] "scheduling algorithm completed" duration ="16.494371ms" pod="default/linpack-00001-deployment-5fcdf8b7f7-bv9bb"
I0612 07:50:40.766809       1 schedule_one.go:67] === MON SCHEDULER MODIFIÉ EST EN TRAIN DE TOURNER ===
I0612 07:50:40.779644       1 schedule_one.go:166] "scheduling algorithm completed" duration ="13.338092ms" pod="default/matrixmul-00001-deployment-5cb8b76cf6-vkl57"
I0612 07:50:41.563259       1 schedule_one.go:67] === MON SCHEDULER MODIFIÉ EST EN TRAIN DE TOURNER ===
I0612 07:50:41.570803       1 schedule_one.go:166] "scheduling algorithm completed" duration ="8.053378ms" pod="default/linpack-00001-deployment-5fcdf8b7f7-ffxfv"
I0612 07:50:43.576486       1 schedule_one.go:67] === MON SCHEDULER MODIFIÉ EST EN TRAIN DE TOURNER ===
I0612 07:50:43.596091       1 schedule_one.go:166] "scheduling algorithm completed" duration ="20.386549ms" pod="default/fastfouriertransform-00001-deployment-5bb577bc85-6fx49"
I0612 07:50:45.578972       1 schedule_one.go:67] === MON SCHEDULER MODIFIÉ EST EN TRAIN DE TOURNER ===
I0612 07:50:45.580308       1 schedule_one.go:67] === MON SCHEDULER MODIFIÉ EST EN TRAIN DE TOURNER ===
I0612 07:50:45.590965       1 schedule_one.go:166] "scheduling algorithm completed" duration ="12.509063ms" pod="default/linpack-00001-deployment-5fcdf8b7f7-4b2cg"
I0612 07:50:45.602643       1 schedule_one.go:166] "scheduling algorithm completed" duration ="22.90034ms" pod="default/matrixmul-00001-deployment-5cb8b76cf6-rbl4m"
I0612 07:51:53.714932       1 schedule_one.go:67] === MON SCHEDULER MODIFIÉ EST EN TRAIN DE TOURNER ===
I0612 07:51:53.724720       1 schedule_one.go:166] "scheduling algorithm completed" duration ="10.645391ms" pod="default/linpack-00001-deployment-5fcdf8b7f7-hrt6w"
I0612 07:51:55.889987       1 schedule_one.go:67] === MON SCHEDULER MODIFIÉ EST EN TRAIN DE TOURNER ===
I0612 07:51:55.903094       1 schedule_one.go:166] "scheduling algorithm completed" duration ="13.699745ms" pod="default/matrixmul-00001-deployment-5cb8b76cf6-4qrrb"
I0612 07:51:59.563518       1 schedule_one.go:67] === MON SCHEDULER MODIFIÉ EST EN TRAIN DE TOURNER ===
I0612 07:51:59.572425       1 schedule_one.go:67] === MON SCHEDULER MODIFIÉ EST EN TRAIN DE TOURNER ===
I0612 07:51:59.577755       1 schedule_one.go:166] "scheduling algorithm completed" duration ="14.797092ms" pod="default/matrixmul-00001-deployment-5cb8b76cf6-9x7rx"
I0612 07:51:59.586621       1 schedule_one.go:166] "scheduling algorithm completed" duration ="14.826666ms" pod="default/matrixmul-00001-deployment-5cb8b76cf6-njffx"
I0612 07:52:07.597050       1 schedule_one.go:67] === MON SCHEDULER MODIFIÉ EST EN TRAIN DE TOURNER ===
I0612 07:52:07.617360       1 schedule_one.go:166] "scheduling algorithm completed" duration ="20.933112ms" pod="default/fastfouriertransform-00001-deployment-5bb577bc85-6jt2c"
I0612 08:01:04.994816       1 schedule_one.go:67] === MON SCHEDULER MODIFIÉ EST EN TRAIN DE TOURNER ===
I0612 08:01:04.997908       1 schedule_one.go:67] === MON SCHEDULER MODIFIÉ EST EN TRAIN DE TOURNER ===
I0612 08:01:05.008305       1 schedule_one.go:67] === MON SCHEDULER MODIFIÉ EST EN TRAIN DE TOURNER ===
I0612 08:01:05.013854       1 schedule_one.go:166] "scheduling algorithm completed" duration ="16.492522ms" pod="default/fetchdata-00001-deployment-66f645596-jz4xq"
I0612 08:01:05.021280       1 schedule_one.go:166] "scheduling algorithm completed" duration ="13.448762ms" pod="default/fastfouriertransform-00001-deployment-5bb577bc85-tlwgj"
I0612 08:01:05.022595       1 schedule_one.go:166] "scheduling algorithm completed" duration ="28.445784ms" pod="default/genmatrix-00001-deployment-6774b76f77-ch6p5"
I0612 08:01:05.112817       1 schedule_one.go:67] === MON SCHEDULER MODIFIÉ EST EN TRAIN DE TOURNER ===
I0612 08:01:05.134535       1 schedule_one.go:166] "scheduling algorithm completed" duration ="22.330281ms" pod="default/linpack-00001-deployment-5fcdf8b7f7-d8shv"
I0612 08:01:05.615608       1 schedule_one.go:67] === MON SCHEDULER MODIFIÉ EST EN TRAIN DE TOURNER ===
I0612 08:01:05.620611       1 schedule_one.go:166] "scheduling algorithm completed" duration ="5.518848ms" pod="default/matrixmul-00001-deployment-5cb8b76cf6-pwvzq"
I0612 08:01:07.569430       1 schedule_one.go:67] === MON SCHEDULER MODIFIÉ EST EN TRAIN DE TOURNER ===
I0612 08:01:07.576190       1 schedule_one.go:166] "scheduling algorithm completed" duration ="7.358574ms" pod="default/linpack-00001-deployment-5fcdf8b7f7-k4299"
I0612 08:01:07.587813       1 schedule_one.go:67] === MON SCHEDULER MODIFIÉ EST EN TRAIN DE TOURNER ===
I0612 08:01:07.598295       1 schedule_one.go:166] "scheduling algorithm completed" duration ="10.989842ms" pod="default/fastfouriertransform-00001-deployment-5bb577bc85-dfc5w"
I0612 08:01:09.568790       1 schedule_one.go:67] === MON SCHEDULER MODIFIÉ EST EN TRAIN DE TOURNER ===
I0612 08:01:09.575470       1 schedule_one.go:166] "scheduling algorithm completed" duration ="7.215868ms" pod="default/linpack-00001-deployment-5fcdf8b7f7-nvk8g"
I0612 08:01:13.595260       1 schedule_one.go:67] === MON SCHEDULER MODIFIÉ EST EN TRAIN DE TOURNER ===
I0612 08:01:13.602034       1 schedule_one.go:166] "scheduling algorithm completed" duration ="7.319443ms" pod="default/matrixmul-00001-deployment-5cb8b76cf6-blwsq"
I0612 08:02:13.835619       1 schedule_one.go:67] === MON SCHEDULER MODIFIÉ EST EN TRAIN DE TOURNER ===
I0612 08:02:13.840747       1 schedule_one.go:166] "scheduling algorithm completed" duration ="5.921ms" pod="default/linpack-00001-deployment-5fcdf8b7f7-djzfh"
I0612 08:02:15.571136       1 schedule_one.go:67] === MON SCHEDULER MODIFIÉ EST EN TRAIN DE TOURNER ===
I0612 08:02:15.596459       1 schedule_one.go:166] "scheduling algorithm completed" duration ="26.001049ms" pod="default/linpack-00001-deployment-5fcdf8b7f7-bgzvc"
I0612 08:02:21.566823       1 schedule_one.go:67] === MON SCHEDULER MODIFIÉ EST EN TRAIN DE TOURNER ===
I0612 08:02:21.578280       1 schedule_one.go:166] "scheduling algorithm completed" duration ="12.358636ms" pod="default/matrixmul-00001-deployment-5cb8b76cf6-brm5k"
I0612 08:02:25.579911       1 schedule_one.go:67] === MON SCHEDULER MODIFIÉ EST EN TRAIN DE TOURNER ===
I0612 08:02:25.588925       1 schedule_one.go:166] "scheduling algorithm completed" duration ="9.55462ms" pod="default/matrixmul-00001-deployment-5cb8b76cf6-nh56d"
I0612 08:02:41.568875       1 schedule_one.go:67] === MON SCHEDULER MODIFIÉ EST EN TRAIN DE TOURNER ===
I0612 08:02:41.578401       1 schedule_one.go:166] "scheduling algorithm completed" duration ="10.066775ms" pod="default/fastfouriertransform-00001-deployment-5bb577bc85-v9bcx"
I0612 09:40:35.946706       1 schedule_one.go:67] === MON SCHEDULER MODIFIÉ EST EN TRAIN DE TOURNER ===
I0612 09:40:35.947696       1 schedule_one.go:67] === MON SCHEDULER MODIFIÉ EST EN TRAIN DE TOURNER ===
I0612 09:40:35.948568       1 schedule_one.go:67] === MON SCHEDULER MODIFIÉ EST EN TRAIN DE TOURNER ===
I0612 09:40:35.963566       1 schedule_one.go:166] "scheduling algorithm completed" duration ="15.550811ms" pod="default/genmatrix-00001-deployment-6774b76f77-4kw9q"
I0612 09:40:35.963585       1 schedule_one.go:166] "scheduling algorithm completed" duration ="17.689784ms" pod="default/fastfouriertransform-00001-deployment-5bb577bc85-b5xqp"
I0612 09:40:35.968544       1 schedule_one.go:166] "scheduling algorithm completed" duration ="21.595111ms" pod="default/fetchdata-00001-deployment-66f645596-zh6hd"
I0612 09:40:36.089446       1 schedule_one.go:67] === MON SCHEDULER MODIFIÉ EST EN TRAIN DE TOURNER ===
I0612 09:40:36.110450       1 schedule_one.go:166] "scheduling algorithm completed" duration ="21.675039ms" pod="default/linpack-00001-deployment-5fcdf8b7f7-k8vw4"
I0612 09:40:36.579626       1 schedule_one.go:67] === MON SCHEDULER MODIFIÉ EST EN TRAIN DE TOURNER ===
I0612 09:40:36.587086       1 schedule_one.go:166] "scheduling algorithm completed" duration ="8.163939ms" pod="default/matrixmul-00001-deployment-5cb8b76cf6-wtjr5"
I0612 09:40:39.585340       1 schedule_one.go:67] === MON SCHEDULER MODIFIÉ EST EN TRAIN DE TOURNER ===
I0612 09:40:39.590146       1 schedule_one.go:67] === MON SCHEDULER MODIFIÉ EST EN TRAIN DE TOURNER ===
I0612 09:40:39.597257       1 schedule_one.go:166] "scheduling algorithm completed" duration ="7.834009ms" pod="default/fastfouriertransform-00001-deployment-5bb577bc85-n9kn2"
I0612 09:40:39.597800       1 schedule_one.go:166] "scheduling algorithm completed" duration ="13.225244ms" pod="default/linpack-00001-deployment-5fcdf8b7f7-vfx2f"
I0612 09:40:41.582531       1 schedule_one.go:67] === MON SCHEDULER MODIFIÉ EST EN TRAIN DE TOURNER ===
I0612 09:40:41.602570       1 schedule_one.go:166] "scheduling algorithm completed" duration ="20.66397ms" pod="default/linpack-00001-deployment-5fcdf8b7f7-g2jbf"
I0612 09:40:43.583095       1 schedule_one.go:67] === MON SCHEDULER MODIFIÉ EST EN TRAIN DE TOURNER ===
I0612 09:40:43.601804       1 schedule_one.go:166] "scheduling algorithm completed" duration ="19.487844ms" pod="default/matrixmul-00001-deployment-5cb8b76cf6-5tbn7"
I0612 09:41:43.636017       1 schedule_one.go:67] === MON SCHEDULER MODIFIÉ EST EN TRAIN DE TOURNER ===
I0612 09:41:43.661009       1 schedule_one.go:166] "scheduling algorithm completed" duration ="25.947242ms" pod="default/linpack-00001-deployment-5fcdf8b7f7-lvw5b"
I0612 09:41:47.569141       1 schedule_one.go:67] === MON SCHEDULER MODIFIÉ EST EN TRAIN DE TOURNER ===
I0612 09:41:47.578643       1 schedule_one.go:166] "scheduling algorithm completed" duration ="10.148279ms" pod="default/linpack-00001-deployment-5fcdf8b7f7-pfbst"
I0612 09:41:55.567886       1 schedule_one.go:67] === MON SCHEDULER MODIFIÉ EST EN TRAIN DE TOURNER ===
I0612 09:41:55.577951       1 schedule_one.go:166] "scheduling algorithm completed" duration ="10.743675ms" pod="default/matrixmul-00001-deployment-5cb8b76cf6-5bz64"
I0612 09:41:57.573506       1 schedule_one.go:67] === MON SCHEDULER MODIFIÉ EST EN TRAIN DE TOURNER ===
I0612 09:41:57.583127       1 schedule_one.go:166] "scheduling algorithm completed" duration ="10.530395ms" pod="default/matrixmul-00001-deployment-5cb8b76cf6-rcjmb"
I0612 09:42:01.570938       1 schedule_one.go:67] === MON SCHEDULER MODIFIÉ EST EN TRAIN DE TOURNER ===
I0612 09:42:01.577900       1 schedule_one.go:166] "scheduling algorithm completed" duration ="7.640617ms" pod="default/fastfouriertransform-00001-deployment-5bb577bc85-kcftb"
I0612 10:00:13.911986       1 schedule_one.go:67] === MON SCHEDULER MODIFIÉ EST EN TRAIN DE TOURNER ===
I0612 10:00:13.913984       1 schedule_one.go:67] === MON SCHEDULER MODIFIÉ EST EN TRAIN DE TOURNER ===
I0612 10:00:13.915618       1 schedule_one.go:67] === MON SCHEDULER MODIFIÉ EST EN TRAIN DE TOURNER ===
I0612 10:00:13.940312       1 schedule_one.go:166] "scheduling algorithm completed" duration ="27.558899ms" pod="default/genmatrix-00001-deployment-6774b76f77-n9jd5"
I0612 10:00:13.951468       1 schedule_one.go:166] "scheduling algorithm completed" duration ="40.271428ms" pod="default/fetchdata-00001-deployment-66f645596-gbp9m"
I0612 10:00:13.952176       1 schedule_one.go:166] "scheduling algorithm completed" duration ="37.222358ms" pod="default/fastfouriertransform-00001-deployment-5bb577bc85-2jpsg"
I0612 10:00:14.095691       1 schedule_one.go:67] === MON SCHEDULER MODIFIÉ EST EN TRAIN DE TOURNER ===
I0612 10:00:14.201802       1 schedule_one.go:166] "scheduling algorithm completed" duration ="106.642091ms" pod="default/linpack-00001-deployment-5fcdf8b7f7-7vzs7"
I0612 10:00:14.532379       1 schedule_one.go:67] === MON SCHEDULER MODIFIÉ EST EN TRAIN DE TOURNER ===
I0612 10:00:14.602289       1 schedule_one.go:166] "scheduling algorithm completed" duration ="70.435874ms" pod="default/matrixmul-00001-deployment-5cb8b76cf6-2kl7p"
I0612 10:00:17.569948       1 schedule_one.go:67] === MON SCHEDULER MODIFIÉ EST EN TRAIN DE TOURNER ===
I0612 10:00:17.578708       1 schedule_one.go:166] "scheduling algorithm completed" duration ="9.332751ms" pod="default/fastfouriertransform-00001-deployment-5bb577bc85-rg5t4"
I0612 10:00:17.884223       1 schedule_one.go:67] === MON SCHEDULER MODIFIÉ EST EN TRAIN DE TOURNER ===
I0612 10:00:17.899834       1 schedule_one.go:166] "scheduling algorithm completed" duration ="16.217495ms" pod="default/linpack-00001-deployment-5fcdf8b7f7-nntfd"
I0612 10:00:19.568232       1 schedule_one.go:67] === MON SCHEDULER MODIFIÉ EST EN TRAIN DE TOURNER ===
I0612 10:00:19.576310       1 schedule_one.go:166] "scheduling algorithm completed" duration ="8.600003ms" pod="default/linpack-00001-deployment-5fcdf8b7f7-rdbnv"
I0612 10:00:21.572052       1 schedule_one.go:67] === MON SCHEDULER MODIFIÉ EST EN TRAIN DE TOURNER ===
I0612 10:00:21.593337       1 schedule_one.go:67] === MON SCHEDULER MODIFIÉ EST EN TRAIN DE TOURNER ===
I0612 10:00:21.601496       1 schedule_one.go:166] "scheduling algorithm completed" duration ="29.979704ms" pod="default/linpack-00001-deployment-5fcdf8b7f7-hq5lw"
I0612 10:00:21.607611       1 schedule_one.go:166] "scheduling algorithm completed" duration ="14.795183ms" pod="default/matrixmul-00001-deployment-5cb8b76cf6-58dkk"
I0612 10:01:29.711001       1 schedule_one.go:67] === MON SCHEDULER MODIFIÉ EST EN TRAIN DE TOURNER ===
I0612 10:01:29.717464       1 schedule_one.go:166] "scheduling algorithm completed" duration ="7.140729ms" pod="default/linpack-00001-deployment-5fcdf8b7f7-rxxd7"
I0612 10:01:31.573668       1 schedule_one.go:67] === MON SCHEDULER MODIFIÉ EST EN TRAIN DE TOURNER ===
I0612 10:01:31.577762       1 schedule_one.go:67] === MON SCHEDULER MODIFIÉ EST EN TRAIN DE TOURNER ===
I0612 10:01:31.583282       1 schedule_one.go:166] "scheduling algorithm completed" duration ="10.152244ms" pod="default/linpack-00001-deployment-5fcdf8b7f7-4zwzt"
I0612 10:01:31.587172       1 schedule_one.go:166] "scheduling algorithm completed" duration ="9.905889ms" pod="default/matrixmul-00001-deployment-5cb8b76cf6-wkw92"
I0612 10:01:33.563183       1 schedule_one.go:67] === MON SCHEDULER MODIFIÉ EST EN TRAIN DE TOURNER ===
I0612 10:01:33.574897       1 schedule_one.go:166] "scheduling algorithm completed" duration ="12.218174ms" pod="default/matrixmul-00001-deployment-5cb8b76cf6-xf884"
I0612 10:01:35.575746       1 schedule_one.go:67] === MON SCHEDULER MODIFIÉ EST EN TRAIN DE TOURNER ===
I0612 10:01:35.583191       1 schedule_one.go:166] "scheduling algorithm completed" duration ="8.174573ms" pod="default/matrixmul-00001-deployment-5cb8b76cf6-k5qtg"
I0612 10:01:41.572332       1 schedule_one.go:67] === MON SCHEDULER MODIFIÉ EST EN TRAIN DE TOURNER ===
I0612 10:01:41.582030       1 schedule_one.go:166] "scheduling algorithm completed" duration ="10.480896ms" pod="default/fastfouriertransform-00001-deployment-5bb577bc85-6z9lr"
