I0428 11:44:10.520866       1 serving.go:386] Generated self-signed cert in-memory
W0428 11:44:10.521462       1 client_config.go:683] Neither --kubeconfig nor --master was specified.  Using the inClusterConfig.  This might not work.
I0428 11:44:10.538979       1 scheduler.go:283] ===  SCHEDULer New  ===
I0428 11:44:10.540569       1 scheduler.go:457] "fonction New() construit le scheduler, mais ne commence pas à scheduler les pods, c'est la fonction Run() qui commence le scheduling des pods." duration ="1.558777ms"
I0428 11:44:10.544498       1 server.go:175] "Starting Kubernetes Scheduler" version="v0.0.0-master+$Format:%H$"
I0428 11:44:10.544526       1 server.go:177] "Golang settings" GOGC="" GOMAXPROCS="" GOTRACEBACK=""
I0428 11:44:10.549559       1 requestheader_controller.go:180] Starting RequestHeaderAuthRequestController
I0428 11:44:10.549568       1 configmap_cafile_content.go:205] "Starting controller" name="client-ca::kube-system::extension-apiserver-authentication::client-ca-file"
I0428 11:44:10.549590       1 shared_informer.go:375] "Waiting for caches to sync"
I0428 11:44:10.549578       1 shared_informer.go:375] "Waiting for caches to sync"
I0428 11:44:10.549784       1 secure_serving.go:211] Serving securely on [::]:10259
I0428 11:44:10.549786       1 configmap_cafile_content.go:205] "Starting controller" name="client-ca::kube-system::extension-apiserver-authentication::requestheader-client-ca-file"
I0428 11:44:10.549795       1 shared_informer.go:375] "Waiting for caches to sync"
I0428 11:44:10.549849       1 tlsconfig.go:243] "Starting DynamicServingCertificateController"
I0428 11:44:10.649927       1 shared_informer.go:382] "Caches are synced"
I0428 11:44:10.649928       1 shared_informer.go:382] "Caches are synced"
I0428 11:44:10.650043       1 shared_informer.go:382] "Caches are synced"
I0428 11:44:10.750929       1 scheduler.go:542] ===  SCHEDULing RUN ===
I0428 11:44:10.751059       1 schedule_one.go:67] === MON SCHEDULER MODIFIÉ EST EN TRAIN DE TOURNER ===
I0428 11:48:46.151540       1 schedule_one.go:67] === MON SCHEDULER MODIFIÉ EST EN TRAIN DE TOURNER ===
I0428 11:48:46.158830       1 schedule_one.go:166] "scheduling algorithm completed" duration ="9.440829ms" pod="default/fastfouriertransform-00001-deployment-6bbbdc9c67-r8x7q"
I0428 11:48:47.338529       1 schedule_one.go:67] === MON SCHEDULER MODIFIÉ EST EN TRAIN DE TOURNER ===
I0428 11:48:47.350437       1 schedule_one.go:67] === MON SCHEDULER MODIFIÉ EST EN TRAIN DE TOURNER ===
I0428 11:48:47.351138       1 schedule_one.go:166] "scheduling algorithm completed" duration ="13.381253ms" pod="default/genmatrix-00001-deployment-7db687b66-mh8bg"
I0428 11:48:47.360650       1 schedule_one.go:166] "scheduling algorithm completed" duration ="11.056402ms" pod="default/grayscale-00001-deployment-6c9cd67ccc-2985d"
I0428 11:48:49.334935       1 schedule_one.go:67] === MON SCHEDULER MODIFIÉ EST EN TRAIN DE TOURNER ===
I0428 11:48:49.342002       1 schedule_one.go:166] "scheduling algorithm completed" duration ="7.87157ms" pod="default/pagerank-00001-deployment-54689999dc-wwl7h"
I0428 11:48:51.338662       1 schedule_one.go:67] === MON SCHEDULER MODIFIÉ EST EN TRAIN DE TOURNER ===
I0428 11:48:51.345609       1 schedule_one.go:166] "scheduling algorithm completed" duration ="7.481348ms" pod="default/graphgen-00001-deployment-545ff9c679-97t5d"
I0428 11:48:51.355517       1 schedule_one.go:67] === MON SCHEDULER MODIFIÉ EST EN TRAIN DE TOURNER ===
I0428 11:48:51.366803       1 schedule_one.go:166] "scheduling algorithm completed" duration ="11.976142ms" pod="default/resnet-00001-deployment-7fcbc8c8cb-mms26"
I0428 11:49:01.333061       1 schedule_one.go:67] === MON SCHEDULER MODIFIÉ EST EN TRAIN DE TOURNER ===
I0428 11:49:01.340290       1 schedule_one.go:166] "scheduling algorithm completed" duration ="8.008533ms" pod="default/matrixmul-00001-deployment-8468c5dd88-q7kmx"
I0428 11:49:05.346037       1 schedule_one.go:67] === MON SCHEDULER MODIFIÉ EST EN TRAIN DE TOURNER ===
I0428 11:49:05.354375       1 schedule_one.go:166] "scheduling algorithm completed" duration ="8.90181ms" pod="default/linpack-00001-deployment-545d8788cc-5xb9l"
I0428 11:49:09.334675       1 schedule_one.go:67] === MON SCHEDULER MODIFIÉ EST EN TRAIN DE TOURNER ===
I0428 11:49:09.339094       1 schedule_one.go:166] "scheduling algorithm completed" duration ="4.98433ms" pod="default/mobilenet-00001-deployment-5d6d9ff4b-vp4mg"
I0428 11:49:25.539151       1 schedule_one.go:67] === MON SCHEDULER MODIFIÉ EST EN TRAIN DE TOURNER ===
I0428 11:49:25.545541       1 schedule_one.go:166] "scheduling algorithm completed" duration ="7.169163ms" pod="default/fetchdata-00001-deployment-7c46bb466c-2msrm"
I0428 12:04:14.679240       1 schedule_one.go:67] === MON SCHEDULER MODIFIÉ EST EN TRAIN DE TOURNER ===
I0428 12:04:14.684897       1 schedule_one.go:166] "scheduling algorithm completed" duration ="6.639503ms" pod="default/graphgen-00001-deployment-545ff9c679-xwk6d"
I0428 12:06:05.690879       1 schedule_one.go:67] === MON SCHEDULER MODIFIÉ EST EN TRAIN DE TOURNER ===
I0428 12:06:05.695767       1 schedule_one.go:166] "scheduling algorithm completed" duration ="6.360246ms" pod="default/resnet-00001-deployment-7fcbc8c8cb-qb8wp"
I0428 12:06:57.548418       1 schedule_one.go:67] === MON SCHEDULER MODIFIÉ EST EN TRAIN DE TOURNER ===
I0428 12:06:57.553016       1 schedule_one.go:166] "scheduling algorithm completed" duration ="5.702396ms" pod="default/graphgen-00001-deployment-545ff9c679-vb4sj"
I0428 12:31:13.040069       1 schedule_one.go:67] === MON SCHEDULER MODIFIÉ EST EN TRAIN DE TOURNER ===
I0428 12:31:13.087773       1 schedule_one.go:166] "scheduling algorithm completed" duration ="48.642194ms" pod="default/fastfouriertransform-00001-deployment-6bbbdc9c67-89bpm"
I0428 12:31:13.994764       1 schedule_one.go:67] === MON SCHEDULER MODIFIÉ EST EN TRAIN DE TOURNER ===
I0428 12:31:14.014989       1 schedule_one.go:166] "scheduling algorithm completed" duration ="21.01401ms" pod="default/grayscale-00001-deployment-6c9cd67ccc-vhx5p"
I0428 12:31:14.992116       1 schedule_one.go:67] === MON SCHEDULER MODIFIÉ EST EN TRAIN DE TOURNER ===
I0428 12:31:14.997299       1 schedule_one.go:166] "scheduling algorithm completed" duration ="5.854619ms" pod="default/genmatrix-00001-deployment-7db687b66-48bbq"
I0428 12:31:16.989265       1 schedule_one.go:67] === MON SCHEDULER MODIFIÉ EST EN TRAIN DE TOURNER ===
I0428 12:31:16.995279       1 schedule_one.go:166] "scheduling algorithm completed" duration ="6.703509ms" pod="default/pagerank-00001-deployment-54689999dc-j5hlb"
I0428 12:31:17.994284       1 schedule_one.go:67] === MON SCHEDULER MODIFIÉ EST EN TRAIN DE TOURNER ===
I0428 12:31:18.005744       1 schedule_one.go:166] "scheduling algorithm completed" duration ="12.18609ms" pod="default/resnet-00001-deployment-7fcbc8c8cb-jz6mc"
I0428 12:31:18.990553       1 schedule_one.go:67] === MON SCHEDULER MODIFIÉ EST EN TRAIN DE TOURNER ===
I0428 12:31:19.000250       1 schedule_one.go:166] "scheduling algorithm completed" duration ="10.420902ms" pod="default/graphgen-00001-deployment-545ff9c679-tqxlb"
I0428 12:31:28.004208       1 schedule_one.go:67] === MON SCHEDULER MODIFIÉ EST EN TRAIN DE TOURNER ===
I0428 12:31:28.011086       1 schedule_one.go:166] "scheduling algorithm completed" duration ="7.613288ms" pod="default/matrixmul-00001-deployment-8468c5dd88-msx4x"
I0428 12:31:33.214427       1 schedule_one.go:67] === MON SCHEDULER MODIFIÉ EST EN TRAIN DE TOURNER ===
I0428 12:31:33.222555       1 schedule_one.go:166] "scheduling algorithm completed" duration ="8.891122ms" pod="default/linpack-00001-deployment-545d8788cc-ssq6g"
I0428 12:31:36.024912       1 schedule_one.go:67] === MON SCHEDULER MODIFIÉ EST EN TRAIN DE TOURNER ===
I0428 12:31:36.043032       1 schedule_one.go:166] "scheduling algorithm completed" duration ="18.737504ms" pod="default/mobilenet-00001-deployment-5d6d9ff4b-hxgns"
I0428 12:31:52.009480       1 schedule_one.go:67] === MON SCHEDULER MODIFIÉ EST EN TRAIN DE TOURNER ===
I0428 12:31:52.022116       1 schedule_one.go:166] "scheduling algorithm completed" duration ="13.168979ms" pod="default/fetchdata-00001-deployment-7c46bb466c-9jgrw"
I0428 12:46:43.000417       1 schedule_one.go:67] === MON SCHEDULER MODIFIÉ EST EN TRAIN DE TOURNER ===
I0428 12:46:43.007276       1 schedule_one.go:166] "scheduling algorithm completed" duration ="7.740294ms" pod="default/graphgen-00001-deployment-545ff9c679-rtgll"
I0428 12:48:34.349425       1 schedule_one.go:67] === MON SCHEDULER MODIFIÉ EST EN TRAIN DE TOURNER ===
I0428 12:48:34.354665       1 schedule_one.go:166] "scheduling algorithm completed" duration ="6.091683ms" pod="default/resnet-00001-deployment-7fcbc8c8cb-knnwq"
I0428 12:49:26.222991       1 schedule_one.go:67] === MON SCHEDULER MODIFIÉ EST EN TRAIN DE TOURNER ===
I0428 12:49:26.228276       1 schedule_one.go:166] "scheduling algorithm completed" duration ="5.869961ms" pod="default/graphgen-00001-deployment-545ff9c679-gz62b"
I0428 13:14:22.954673       1 schedule_one.go:67] === MON SCHEDULER MODIFIÉ EST EN TRAIN DE TOURNER ===
I0428 13:14:22.962845       1 schedule_one.go:166] "scheduling algorithm completed" duration ="9.167209ms" pod="default/fastfouriertransform-00001-deployment-6bbbdc9c67-6bhb9"
I0428 13:14:23.726226       1 schedule_one.go:67] === MON SCHEDULER MODIFIÉ EST EN TRAIN DE TOURNER ===
I0428 13:14:23.733241       1 schedule_one.go:166] "scheduling algorithm completed" duration ="7.941949ms" pod="default/grayscale-00001-deployment-6c9cd67ccc-7kldk"
I0428 13:14:24.714179       1 schedule_one.go:67] === MON SCHEDULER MODIFIÉ EST EN TRAIN DE TOURNER ===
I0428 13:14:24.719687       1 schedule_one.go:166] "scheduling algorithm completed" duration ="6.203911ms" pod="default/genmatrix-00001-deployment-7db687b66-9p5x6"
I0428 13:14:26.713919       1 schedule_one.go:67] === MON SCHEDULER MODIFIÉ EST EN TRAIN DE TOURNER ===
I0428 13:14:26.720795       1 schedule_one.go:166] "scheduling algorithm completed" duration ="7.602616ms" pod="default/pagerank-00001-deployment-54689999dc-4dvhb"
I0428 13:14:27.719691       1 schedule_one.go:67] === MON SCHEDULER MODIFIÉ EST EN TRAIN DE TOURNER ===
I0428 13:14:27.733290       1 schedule_one.go:166] "scheduling algorithm completed" duration ="14.281861ms" pod="default/resnet-00001-deployment-7fcbc8c8cb-fgqkz"
I0428 13:14:28.753600       1 schedule_one.go:67] === MON SCHEDULER MODIFIÉ EST EN TRAIN DE TOURNER ===
I0428 13:14:28.760277       1 schedule_one.go:166] "scheduling algorithm completed" duration ="7.245023ms" pod="default/graphgen-00001-deployment-545ff9c679-5t7xw"
I0428 13:14:37.736492       1 schedule_one.go:67] === MON SCHEDULER MODIFIÉ EST EN TRAIN DE TOURNER ===
I0428 13:14:37.743909       1 schedule_one.go:166] "scheduling algorithm completed" duration ="8.249986ms" pod="default/matrixmul-00001-deployment-8468c5dd88-gj9s9"
I0428 13:14:42.731517       1 schedule_one.go:67] === MON SCHEDULER MODIFIÉ EST EN TRAIN DE TOURNER ===
I0428 13:14:42.743689       1 schedule_one.go:166] "scheduling algorithm completed" duration ="12.673804ms" pod="default/linpack-00001-deployment-545d8788cc-rcgqs"
I0428 13:14:45.712712       1 schedule_one.go:67] === MON SCHEDULER MODIFIÉ EST EN TRAIN DE TOURNER ===
I0428 13:14:45.721525       1 schedule_one.go:166] "scheduling algorithm completed" duration ="9.352857ms" pod="default/mobilenet-00001-deployment-5d6d9ff4b-qf8dq"
I0428 13:15:02.357550       1 schedule_one.go:67] === MON SCHEDULER MODIFIÉ EST EN TRAIN DE TOURNER ===
I0428 13:15:02.364849       1 schedule_one.go:166] "scheduling algorithm completed" duration ="8.035634ms" pod="default/fetchdata-00001-deployment-7c46bb466c-qrtkw"
I0428 13:29:53.355788       1 schedule_one.go:67] === MON SCHEDULER MODIFIÉ EST EN TRAIN DE TOURNER ===
I0428 13:29:53.361715       1 schedule_one.go:166] "scheduling algorithm completed" duration ="6.842926ms" pod="default/graphgen-00001-deployment-545ff9c679-dj2mz"
I0428 13:31:43.930796       1 schedule_one.go:67] === MON SCHEDULER MODIFIÉ EST EN TRAIN DE TOURNER ===
I0428 13:31:43.937908       1 schedule_one.go:166] "scheduling algorithm completed" duration ="7.970075ms" pod="default/resnet-00001-deployment-7fcbc8c8cb-7khfv"
I0428 13:32:35.769707       1 schedule_one.go:67] === MON SCHEDULER MODIFIÉ EST EN TRAIN DE TOURNER ===
I0428 13:32:35.780694       1 schedule_one.go:166] "scheduling algorithm completed" duration ="11.548732ms" pod="default/graphgen-00001-deployment-545ff9c679-9sk72"
