I0630 09:48:00.429651       1 serving.go:386] Generated self-signed cert in-memory
W0630 09:48:00.430452       1 client_config.go:683] Neither --kubeconfig nor --master was specified.  Using the inClusterConfig.  This might not work.
I0630 09:48:00.460533       1 scheduler.go:283] ===  SCHEDULer New  ===
I0630 09:48:00.462447       1 scheduler.go:457] "fonction New() construit le scheduler, mais ne commence pas à scheduler les pods, c'est la fonction Run() qui commence le scheduling des pods." duration ="1.879689ms"
I0630 09:48:00.464589       1 server.go:175] "Starting Kubernetes Scheduler" version="v0.0.0-master+$Format:%H$"
I0630 09:48:00.464611       1 server.go:177] "Golang settings" GOGC="" GOMAXPROCS="" GOTRACEBACK=""
I0630 09:48:00.472475       1 secure_serving.go:211] Serving securely on [::]:10259
I0630 09:48:00.472514       1 requestheader_controller.go:180] Starting RequestHeaderAuthRequestController
I0630 09:48:00.472539       1 shared_informer.go:375] "Waiting for caches to sync"
I0630 09:48:00.472593       1 configmap_cafile_content.go:205] "Starting controller" name="client-ca::kube-system::extension-apiserver-authentication::client-ca-file"
I0630 09:48:00.472605       1 tlsconfig.go:243] "Starting DynamicServingCertificateController"
I0630 09:48:00.472598       1 configmap_cafile_content.go:205] "Starting controller" name="client-ca::kube-system::extension-apiserver-authentication::requestheader-client-ca-file"
I0630 09:48:00.472609       1 shared_informer.go:375] "Waiting for caches to sync"
I0630 09:48:00.472626       1 shared_informer.go:375] "Waiting for caches to sync"
I0630 09:48:00.773311       1 shared_informer.go:382] "Caches are synced"
I0630 09:48:00.773329       1 scheduler.go:542] ===  SCHEDULing RUN ===
I0630 09:48:00.773366       1 schedule_one.go:67] === MON SCHEDULER MODIFIÉ EST EN TRAIN DE TOURNER ===
I0630 09:48:00.773391       1 shared_informer.go:382] "Caches are synced"
I0630 09:48:00.773514       1 shared_informer.go:382] "Caches are synced"
I0630 09:51:53.535718       1 schedule_one.go:67] === MON SCHEDULER MODIFIÉ EST EN TRAIN DE TOURNER ===
I0630 09:51:53.536346       1 schedule_one.go:67] === MON SCHEDULER MODIFIÉ EST EN TRAIN DE TOURNER ===
I0630 09:51:53.543579       1 schedule_one.go:166] "scheduling algorithm completed" duration ="7.824296ms" pod="default/mobilenet-00001-deployment-76d95655d-b2q9k"
I0630 09:51:53.544635       1 schedule_one.go:166] "scheduling algorithm completed" duration ="10.505579ms" pod="default/resnet-00001-deployment-5c95599d68-brqm9"
I0630 09:51:55.209030       1 schedule_one.go:67] === MON SCHEDULER MODIFIÉ EST EN TRAIN DE TOURNER ===
I0630 09:51:55.209637       1 schedule_one.go:67] === MON SCHEDULER MODIFIÉ EST EN TRAIN DE TOURNER ===
I0630 09:51:55.213650       1 schedule_one.go:67] === MON SCHEDULER MODIFIÉ EST EN TRAIN DE TOURNER ===
I0630 09:51:55.218998       1 schedule_one.go:166] "scheduling algorithm completed" duration ="10.828988ms" pod="default/mobilenet-00001-deployment-76d95655d-btnw5"
I0630 09:51:55.219719       1 schedule_one.go:166] "scheduling algorithm completed" duration ="10.661339ms" pod="default/resnet-00001-deployment-5c95599d68-8rzq8"
I0630 09:51:55.236165       1 schedule_one.go:166] "scheduling algorithm completed" duration ="23.085182ms" pod="default/mobilenet-00001-deployment-76d95655d-kgsxp"
I0630 09:51:57.207334       1 schedule_one.go:67] === MON SCHEDULER MODIFIÉ EST EN TRAIN DE TOURNER ===
I0630 09:51:57.209891       1 schedule_one.go:67] === MON SCHEDULER MODIFIÉ EST EN TRAIN DE TOURNER ===
I0630 09:51:57.214318       1 schedule_one.go:166] "scheduling algorithm completed" duration ="7.853925ms" pod="default/mobilenet-00001-deployment-76d95655d-rrjbx"
I0630 09:51:57.215802       1 schedule_one.go:166] "scheduling algorithm completed" duration ="6.738663ms" pod="default/resnet-00001-deployment-5c95599d68-8shd8"
I0630 09:51:57.216235       1 schedule_one.go:67] === MON SCHEDULER MODIFIÉ EST EN TRAIN DE TOURNER ===
I0630 09:51:57.217646       1 schedule_one.go:67] === MON SCHEDULER MODIFIÉ EST EN TRAIN DE TOURNER ===
I0630 09:51:57.221081       1 schedule_one.go:166] "scheduling algorithm completed" duration ="7.732517ms" pod="default/resnet-00001-deployment-5c95599d68-zqfvz"
I0630 09:51:57.222906       1 schedule_one.go:166] "scheduling algorithm completed" duration ="6.611552ms" pod="default/resnet-00001-deployment-5c95599d68-fk974"
I0630 09:51:59.206875       1 schedule_one.go:67] === MON SCHEDULER MODIFIÉ EST EN TRAIN DE TOURNER ===
I0630 09:51:59.210432       1 schedule_one.go:67] === MON SCHEDULER MODIFIÉ EST EN TRAIN DE TOURNER ===
I0630 09:51:59.212888       1 schedule_one.go:166] "scheduling algorithm completed" duration ="6.923312ms" pod="default/resnet-00001-deployment-5c95599d68-tk9b4"
I0630 09:51:59.215451       1 schedule_one.go:166] "scheduling algorithm completed" duration ="5.70642ms" pod="default/resnet-00001-deployment-5c95599d68-tw4nn"
I0630 09:53:03.215689       1 schedule_one.go:67] === MON SCHEDULER MODIFIÉ EST EN TRAIN DE TOURNER ===
I0630 09:53:03.219982       1 schedule_one.go:166] "scheduling algorithm completed" duration ="5.294957ms" pod="default/resnet-00001-deployment-5c95599d68-ls8rv"
I0630 09:53:05.205703       1 schedule_one.go:67] === MON SCHEDULER MODIFIÉ EST EN TRAIN DE TOURNER ===
I0630 09:53:05.210252       1 schedule_one.go:67] === MON SCHEDULER MODIFIÉ EST EN TRAIN DE TOURNER ===
I0630 09:53:05.210848       1 schedule_one.go:166] "scheduling algorithm completed" duration ="5.926365ms" pod="default/resnet-00001-deployment-5c95599d68-4nn6d"
I0630 09:53:05.214739       1 schedule_one.go:166] "scheduling algorithm completed" duration ="5.377364ms" pod="default/resnet-00001-deployment-5c95599d68-2vgj5"
I0630 09:53:07.246175       1 schedule_one.go:67] === MON SCHEDULER MODIFIÉ EST EN TRAIN DE TOURNER ===
I0630 09:53:07.251375       1 schedule_one.go:166] "scheduling algorithm completed" duration ="6.233032ms" pod="default/resnet-00001-deployment-5c95599d68-2qtjw"
I0630 10:00:27.131409       1 schedule_one.go:67] === MON SCHEDULER MODIFIÉ EST EN TRAIN DE TOURNER ===
I0630 10:00:27.136448       1 schedule_one.go:166] "scheduling algorithm completed" duration ="5.909403ms" pod="default/mobilenet-00001-deployment-76d95655d-v77cp"
I0630 10:00:27.146433       1 schedule_one.go:67] === MON SCHEDULER MODIFIÉ EST EN TRAIN DE TOURNER ===
I0630 10:00:27.152441       1 schedule_one.go:166] "scheduling algorithm completed" duration ="6.983906ms" pod="default/resnet-00001-deployment-5c95599d68-dl5hk"
I0630 10:00:29.202531       1 schedule_one.go:67] === MON SCHEDULER MODIFIÉ EST EN TRAIN DE TOURNER ===
I0630 10:00:29.206614       1 schedule_one.go:67] === MON SCHEDULER MODIFIÉ EST EN TRAIN DE TOURNER ===
I0630 10:00:29.208903       1 schedule_one.go:67] === MON SCHEDULER MODIFIÉ EST EN TRAIN DE TOURNER ===
I0630 10:00:29.209124       1 schedule_one.go:166] "scheduling algorithm completed" duration ="7.339555ms" pod="default/mobilenet-00001-deployment-76d95655d-9kp7w"
I0630 10:00:29.213835       1 schedule_one.go:166] "scheduling algorithm completed" duration ="7.956575ms" pod="default/mobilenet-00001-deployment-76d95655d-kq9pf"
I0630 10:00:29.215121       1 schedule_one.go:166] "scheduling algorithm completed" duration ="7.460037ms" pod="default/resnet-00001-deployment-5c95599d68-prnwn"
I0630 10:00:31.208023       1 schedule_one.go:67] === MON SCHEDULER MODIFIÉ EST EN TRAIN DE TOURNER ===
I0630 10:00:31.212822       1 schedule_one.go:67] === MON SCHEDULER MODIFIÉ EST EN TRAIN DE TOURNER ===
I0630 10:00:31.213379       1 schedule_one.go:166] "scheduling algorithm completed" duration ="6.53446ms" pod="default/resnet-00001-deployment-5c95599d68-6fmz5"
I0630 10:00:31.213538       1 schedule_one.go:67] === MON SCHEDULER MODIFIÉ EST EN TRAIN DE TOURNER ===
I0630 10:00:31.217610       1 schedule_one.go:166] "scheduling algorithm completed" duration ="5.571847ms" pod="default/resnet-00001-deployment-5c95599d68-r5rl6"
I0630 10:00:31.221589       1 schedule_one.go:166] "scheduling algorithm completed" duration ="8.678873ms" pod="default/resnet-00001-deployment-5c95599d68-l2q6p"
I0630 10:00:33.207038       1 schedule_one.go:67] === MON SCHEDULER MODIFIÉ EST EN TRAIN DE TOURNER ===
I0630 10:00:33.211065       1 schedule_one.go:166] "scheduling algorithm completed" duration ="4.837901ms" pod="default/resnet-00001-deployment-5c95599d68-w28tz"
I0630 10:00:33.211576       1 schedule_one.go:67] === MON SCHEDULER MODIFIÉ EST EN TRAIN DE TOURNER ===
I0630 10:00:33.216194       1 schedule_one.go:166] "scheduling algorithm completed" duration ="5.667495ms" pod="default/resnet-00001-deployment-5c95599d68-4n6fc"
I0630 10:01:39.232960       1 schedule_one.go:67] === MON SCHEDULER MODIFIÉ EST EN TRAIN DE TOURNER ===
I0630 10:01:39.238506       1 schedule_one.go:166] "scheduling algorithm completed" duration ="6.579479ms" pod="default/resnet-00001-deployment-5c95599d68-ppmvp"
I0630 10:01:41.205673       1 schedule_one.go:67] === MON SCHEDULER MODIFIÉ EST EN TRAIN DE TOURNER ===
I0630 10:01:41.210991       1 schedule_one.go:166] "scheduling algorithm completed" duration ="6.142311ms" pod="default/resnet-00001-deployment-5c95599d68-sx5xw"
I0630 10:11:00.757946       1 schedule_one.go:67] === MON SCHEDULER MODIFIÉ EST EN TRAIN DE TOURNER ===
I0630 10:11:00.758903       1 schedule_one.go:67] === MON SCHEDULER MODIFIÉ EST EN TRAIN DE TOURNER ===
I0630 10:11:00.764358       1 schedule_one.go:166] "scheduling algorithm completed" duration ="6.371403ms" pod="default/mobilenet-00001-deployment-76d95655d-vjl4d"
I0630 10:11:00.764883       1 schedule_one.go:166] "scheduling algorithm completed" duration ="8.422816ms" pod="default/resnet-00001-deployment-5c95599d68-m9hw6"
I0630 10:11:03.211580       1 schedule_one.go:67] === MON SCHEDULER MODIFIÉ EST EN TRAIN DE TOURNER ===
I0630 10:11:03.215645       1 schedule_one.go:67] === MON SCHEDULER MODIFIÉ EST EN TRAIN DE TOURNER ===
I0630 10:11:03.220818       1 schedule_one.go:166] "scheduling algorithm completed" duration ="10.203597ms" pod="default/resnet-00001-deployment-5c95599d68-5knzk"
I0630 10:11:03.220884       1 schedule_one.go:67] === MON SCHEDULER MODIFIÉ EST EN TRAIN DE TOURNER ===
I0630 10:11:03.223137       1 schedule_one.go:166] "scheduling algorithm completed" duration ="8.411853ms" pod="default/mobilenet-00001-deployment-76d95655d-4n8s9"
I0630 10:11:03.225984       1 schedule_one.go:166] "scheduling algorithm completed" duration ="5.967291ms" pod="default/resnet-00001-deployment-5c95599d68-2z2jn"
I0630 10:11:05.204024       1 schedule_one.go:67] === MON SCHEDULER MODIFIÉ EST EN TRAIN DE TOURNER ===
I0630 10:11:05.208485       1 schedule_one.go:67] === MON SCHEDULER MODIFIÉ EST EN TRAIN DE TOURNER ===
I0630 10:11:05.208887       1 schedule_one.go:166] "scheduling algorithm completed" duration ="5.686142ms" pod="default/resnet-00001-deployment-5c95599d68-9x8fb"
I0630 10:11:05.213138       1 schedule_one.go:166] "scheduling algorithm completed" duration ="5.841754ms" pod="default/resnet-00001-deployment-5c95599d68-mpqfm"
I0630 10:11:07.203894       1 schedule_one.go:67] === MON SCHEDULER MODIFIÉ EST EN TRAIN DE TOURNER ===
I0630 10:11:07.207412       1 schedule_one.go:67] === MON SCHEDULER MODIFIÉ EST EN TRAIN DE TOURNER ===
I0630 10:11:07.208491       1 schedule_one.go:67] === MON SCHEDULER MODIFIÉ EST EN TRAIN DE TOURNER ===
I0630 10:11:07.209947       1 schedule_one.go:166] "scheduling algorithm completed" duration ="6.806257ms" pod="default/resnet-00001-deployment-5c95599d68-lc6st"
I0630 10:11:07.211733       1 schedule_one.go:166] "scheduling algorithm completed" duration ="5.245476ms" pod="default/resnet-00001-deployment-5c95599d68-gprbj"
I0630 10:11:07.214396       1 schedule_one.go:166] "scheduling algorithm completed" duration ="6.947571ms" pod="default/resnet-00001-deployment-5c95599d68-chj8w"
I0630 10:12:13.342973       1 schedule_one.go:67] === MON SCHEDULER MODIFIÉ EST EN TRAIN DE TOURNER ===
I0630 10:12:13.347789       1 schedule_one.go:166] "scheduling algorithm completed" duration ="5.493532ms" pod="default/resnet-00001-deployment-5c95599d68-pcns5"
I0630 10:12:15.205183       1 schedule_one.go:67] === MON SCHEDULER MODIFIÉ EST EN TRAIN DE TOURNER ===
I0630 10:12:15.209911       1 schedule_one.go:166] "scheduling algorithm completed" duration ="5.366031ms" pod="default/resnet-00001-deployment-5c95599d68-kdg2t"
I0630 10:12:17.210048       1 schedule_one.go:67] === MON SCHEDULER MODIFIÉ EST EN TRAIN DE TOURNER ===
I0630 10:12:17.216536       1 schedule_one.go:166] "scheduling algorithm completed" duration ="7.24535ms" pod="default/resnet-00001-deployment-5c95599d68-5qr98"
I0630 10:20:45.730839       1 schedule_one.go:67] === MON SCHEDULER MODIFIÉ EST EN TRAIN DE TOURNER ===
I0630 10:20:45.731464       1 schedule_one.go:67] === MON SCHEDULER MODIFIÉ EST EN TRAIN DE TOURNER ===
I0630 10:20:45.736511       1 schedule_one.go:166] "scheduling algorithm completed" duration ="6.479052ms" pod="default/mobilenet-00001-deployment-76d95655d-4l7zq"
I0630 10:20:45.736683       1 schedule_one.go:166] "scheduling algorithm completed" duration ="5.815754ms" pod="default/resnet-00001-deployment-5c95599d68-7765m"
I0630 10:20:47.212654       1 schedule_one.go:67] === MON SCHEDULER MODIFIÉ EST EN TRAIN DE TOURNER ===
I0630 10:20:47.217278       1 schedule_one.go:166] "scheduling algorithm completed" duration ="5.17116ms" pod="default/resnet-00001-deployment-5c95599d68-479pn"
I0630 10:20:47.219249       1 schedule_one.go:67] === MON SCHEDULER MODIFIÉ EST EN TRAIN DE TOURNER ===
I0630 10:20:47.230125       1 schedule_one.go:166] "scheduling algorithm completed" duration ="11.424396ms" pod="default/mobilenet-00001-deployment-76d95655d-8x7x4"
I0630 10:20:49.207696       1 schedule_one.go:67] === MON SCHEDULER MODIFIÉ EST EN TRAIN DE TOURNER ===
I0630 10:20:49.212126       1 schedule_one.go:67] === MON SCHEDULER MODIFIÉ EST EN TRAIN DE TOURNER ===
I0630 10:20:49.213074       1 schedule_one.go:166] "scheduling algorithm completed" duration ="6.111385ms" pod="default/resnet-00001-deployment-5c95599d68-gd5gc"
I0630 10:20:49.217384       1 schedule_one.go:166] "scheduling algorithm completed" duration ="6.124977ms" pod="default/resnet-00001-deployment-5c95599d68-f6w7r"
I0630 10:20:51.220491       1 schedule_one.go:67] === MON SCHEDULER MODIFIÉ EST EN TRAIN DE TOURNER ===
I0630 10:20:51.224137       1 schedule_one.go:166] "scheduling algorithm completed" duration ="4.628048ms" pod="default/resnet-00001-deployment-5c95599d68-svzvn"
I0630 10:20:51.224777       1 schedule_one.go:67] === MON SCHEDULER MODIFIÉ EST EN TRAIN DE TOURNER ===
I0630 10:20:51.229424       1 schedule_one.go:166] "scheduling algorithm completed" duration ="5.924366ms" pod="default/resnet-00001-deployment-5c95599d68-8mlxl"
I0630 10:21:55.480306       1 schedule_one.go:67] === MON SCHEDULER MODIFIÉ EST EN TRAIN DE TOURNER ===
I0630 10:21:55.485083       1 schedule_one.go:166] "scheduling algorithm completed" duration ="5.668439ms" pod="default/resnet-00001-deployment-5c95599d68-nnqww"
I0630 10:21:57.236106       1 schedule_one.go:67] === MON SCHEDULER MODIFIÉ EST EN TRAIN DE TOURNER ===
I0630 10:21:57.239182       1 schedule_one.go:67] === MON SCHEDULER MODIFIÉ EST EN TRAIN DE TOURNER ===
I0630 10:21:57.240477       1 schedule_one.go:166] "scheduling algorithm completed" duration ="5.223678ms" pod="default/resnet-00001-deployment-5c95599d68-nxkpf"
I0630 10:21:57.241847       1 schedule_one.go:67] === MON SCHEDULER MODIFIÉ EST EN TRAIN DE TOURNER ===
I0630 10:21:57.243592       1 schedule_one.go:166] "scheduling algorithm completed" duration ="5.237031ms" pod="default/resnet-00001-deployment-5c95599d68-92tkb"
I0630 10:21:57.247943       1 schedule_one.go:166] "scheduling algorithm completed" duration ="7.533128ms" pod="default/resnet-00001-deployment-5c95599d68-f2jdw"
I0630 10:21:59.208027       1 schedule_one.go:67] === MON SCHEDULER MODIFIÉ EST EN TRAIN DE TOURNER ===
I0630 10:21:59.211892       1 schedule_one.go:166] "scheduling algorithm completed" duration ="5.030901ms" pod="default/resnet-00001-deployment-5c95599d68-pc74n"
