I0630 09:48:00.429651       1 serving.go:386] Generated self-signed cert in-memory
W0630 09:48:00.430452       1 client_config.go:683] Neither --kubeconfig nor --master was specified.  Using the inClusterConfig.  This might not work.
I0630 09:48:00.460533       1 scheduler.go:283] ===  SCHEDULer New  ===
I0630 09:48:00.462447       1 scheduler.go:457] "fonction New() construit le scheduler, mais ne commence pas à scheduler les pods, c'est la fonction Run() qui commence le scheduling des pods." duration ="1.879689ms"
I0630 09:48:00.464589       1 server.go:175] "Starting Kubernetes Scheduler" version="v0.0.0-master+$Format:%H$"
I0630 09:48:00.464611       1 server.go:177] "Golang settings" GOGC="" GOMAXPROCS="" GOTRACEBACK=""
I0630 09:48:00.472475       1 secure_serving.go:211] Serving securely on [::]:10259
I0630 09:48:00.472514       1 requestheader_controller.go:180] Starting RequestHeaderAuthRequestController
I0630 09:48:00.472539       1 shared_informer.go:375] "Waiting for caches to sync"
I0630 09:48:00.472593       1 configmap_cafile_content.go:205] "Starting controller" name="client-ca::kube-system::extension-apiserver-authentication::client-ca-file"
I0630 09:48:00.472605       1 tlsconfig.go:243] "Starting DynamicServingCertificateController"
I0630 09:48:00.472598       1 configmap_cafile_content.go:205] "Starting controller" name="client-ca::kube-system::extension-apiserver-authentication::requestheader-client-ca-file"
I0630 09:48:00.472609       1 shared_informer.go:375] "Waiting for caches to sync"
I0630 09:48:00.472626       1 shared_informer.go:375] "Waiting for caches to sync"
I0630 09:48:00.773311       1 shared_informer.go:382] "Caches are synced"
I0630 09:48:00.773329       1 scheduler.go:542] ===  SCHEDULing RUN ===
I0630 09:48:00.773366       1 schedule_one.go:67] === MON SCHEDULER MODIFIÉ EST EN TRAIN DE TOURNER ===
I0630 09:48:00.773391       1 shared_informer.go:382] "Caches are synced"
I0630 09:48:00.773514       1 shared_informer.go:382] "Caches are synced"
I0630 09:51:53.535718       1 schedule_one.go:67] === MON SCHEDULER MODIFIÉ EST EN TRAIN DE TOURNER ===
I0630 09:51:53.536346       1 schedule_one.go:67] === MON SCHEDULER MODIFIÉ EST EN TRAIN DE TOURNER ===
I0630 09:51:53.543579       1 schedule_one.go:166] "scheduling algorithm completed" duration ="7.824296ms" pod="default/mobilenet-00001-deployment-76d95655d-b2q9k"
I0630 09:51:53.544635       1 schedule_one.go:166] "scheduling algorithm completed" duration ="10.505579ms" pod="default/resnet-00001-deployment-5c95599d68-brqm9"
I0630 09:51:55.209030       1 schedule_one.go:67] === MON SCHEDULER MODIFIÉ EST EN TRAIN DE TOURNER ===
I0630 09:51:55.209637       1 schedule_one.go:67] === MON SCHEDULER MODIFIÉ EST EN TRAIN DE TOURNER ===
I0630 09:51:55.213650       1 schedule_one.go:67] === MON SCHEDULER MODIFIÉ EST EN TRAIN DE TOURNER ===
I0630 09:51:55.218998       1 schedule_one.go:166] "scheduling algorithm completed" duration ="10.828988ms" pod="default/mobilenet-00001-deployment-76d95655d-btnw5"
I0630 09:51:55.219719       1 schedule_one.go:166] "scheduling algorithm completed" duration ="10.661339ms" pod="default/resnet-00001-deployment-5c95599d68-8rzq8"
I0630 09:51:55.236165       1 schedule_one.go:166] "scheduling algorithm completed" duration ="23.085182ms" pod="default/mobilenet-00001-deployment-76d95655d-kgsxp"
I0630 09:51:57.207334       1 schedule_one.go:67] === MON SCHEDULER MODIFIÉ EST EN TRAIN DE TOURNER ===
I0630 09:51:57.209891       1 schedule_one.go:67] === MON SCHEDULER MODIFIÉ EST EN TRAIN DE TOURNER ===
I0630 09:51:57.214318       1 schedule_one.go:166] "scheduling algorithm completed" duration ="7.853925ms" pod="default/mobilenet-00001-deployment-76d95655d-rrjbx"
I0630 09:51:57.215802       1 schedule_one.go:166] "scheduling algorithm completed" duration ="6.738663ms" pod="default/resnet-00001-deployment-5c95599d68-8shd8"
I0630 09:51:57.216235       1 schedule_one.go:67] === MON SCHEDULER MODIFIÉ EST EN TRAIN DE TOURNER ===
I0630 09:51:57.217646       1 schedule_one.go:67] === MON SCHEDULER MODIFIÉ EST EN TRAIN DE TOURNER ===
I0630 09:51:57.221081       1 schedule_one.go:166] "scheduling algorithm completed" duration ="7.732517ms" pod="default/resnet-00001-deployment-5c95599d68-zqfvz"
I0630 09:51:57.222906       1 schedule_one.go:166] "scheduling algorithm completed" duration ="6.611552ms" pod="default/resnet-00001-deployment-5c95599d68-fk974"
I0630 09:51:59.206875       1 schedule_one.go:67] === MON SCHEDULER MODIFIÉ EST EN TRAIN DE TOURNER ===
I0630 09:51:59.210432       1 schedule_one.go:67] === MON SCHEDULER MODIFIÉ EST EN TRAIN DE TOURNER ===
I0630 09:51:59.212888       1 schedule_one.go:166] "scheduling algorithm completed" duration ="6.923312ms" pod="default/resnet-00001-deployment-5c95599d68-tk9b4"
I0630 09:51:59.215451       1 schedule_one.go:166] "scheduling algorithm completed" duration ="5.70642ms" pod="default/resnet-00001-deployment-5c95599d68-tw4nn"
I0630 09:53:03.215689       1 schedule_one.go:67] === MON SCHEDULER MODIFIÉ EST EN TRAIN DE TOURNER ===
I0630 09:53:03.219982       1 schedule_one.go:166] "scheduling algorithm completed" duration ="5.294957ms" pod="default/resnet-00001-deployment-5c95599d68-ls8rv"
I0630 09:53:05.205703       1 schedule_one.go:67] === MON SCHEDULER MODIFIÉ EST EN TRAIN DE TOURNER ===
I0630 09:53:05.210252       1 schedule_one.go:67] === MON SCHEDULER MODIFIÉ EST EN TRAIN DE TOURNER ===
I0630 09:53:05.210848       1 schedule_one.go:166] "scheduling algorithm completed" duration ="5.926365ms" pod="default/resnet-00001-deployment-5c95599d68-4nn6d"
I0630 09:53:05.214739       1 schedule_one.go:166] "scheduling algorithm completed" duration ="5.377364ms" pod="default/resnet-00001-deployment-5c95599d68-2vgj5"
I0630 09:53:07.246175       1 schedule_one.go:67] === MON SCHEDULER MODIFIÉ EST EN TRAIN DE TOURNER ===
I0630 09:53:07.251375       1 schedule_one.go:166] "scheduling algorithm completed" duration ="6.233032ms" pod="default/resnet-00001-deployment-5c95599d68-2qtjw"
I0630 10:00:27.131409       1 schedule_one.go:67] === MON SCHEDULER MODIFIÉ EST EN TRAIN DE TOURNER ===
I0630 10:00:27.136448       1 schedule_one.go:166] "scheduling algorithm completed" duration ="5.909403ms" pod="default/mobilenet-00001-deployment-76d95655d-v77cp"
I0630 10:00:27.146433       1 schedule_one.go:67] === MON SCHEDULER MODIFIÉ EST EN TRAIN DE TOURNER ===
I0630 10:00:27.152441       1 schedule_one.go:166] "scheduling algorithm completed" duration ="6.983906ms" pod="default/resnet-00001-deployment-5c95599d68-dl5hk"
I0630 10:00:29.202531       1 schedule_one.go:67] === MON SCHEDULER MODIFIÉ EST EN TRAIN DE TOURNER ===
I0630 10:00:29.206614       1 schedule_one.go:67] === MON SCHEDULER MODIFIÉ EST EN TRAIN DE TOURNER ===
I0630 10:00:29.208903       1 schedule_one.go:67] === MON SCHEDULER MODIFIÉ EST EN TRAIN DE TOURNER ===
I0630 10:00:29.209124       1 schedule_one.go:166] "scheduling algorithm completed" duration ="7.339555ms" pod="default/mobilenet-00001-deployment-76d95655d-9kp7w"
I0630 10:00:29.213835       1 schedule_one.go:166] "scheduling algorithm completed" duration ="7.956575ms" pod="default/mobilenet-00001-deployment-76d95655d-kq9pf"
I0630 10:00:29.215121       1 schedule_one.go:166] "scheduling algorithm completed" duration ="7.460037ms" pod="default/resnet-00001-deployment-5c95599d68-prnwn"
I0630 10:00:31.208023       1 schedule_one.go:67] === MON SCHEDULER MODIFIÉ EST EN TRAIN DE TOURNER ===
I0630 10:00:31.212822       1 schedule_one.go:67] === MON SCHEDULER MODIFIÉ EST EN TRAIN DE TOURNER ===
I0630 10:00:31.213379       1 schedule_one.go:166] "scheduling algorithm completed" duration ="6.53446ms" pod="default/resnet-00001-deployment-5c95599d68-6fmz5"
I0630 10:00:31.213538       1 schedule_one.go:67] === MON SCHEDULER MODIFIÉ EST EN TRAIN DE TOURNER ===
I0630 10:00:31.217610       1 schedule_one.go:166] "scheduling algorithm completed" duration ="5.571847ms" pod="default/resnet-00001-deployment-5c95599d68-r5rl6"
I0630 10:00:31.221589       1 schedule_one.go:166] "scheduling algorithm completed" duration ="8.678873ms" pod="default/resnet-00001-deployment-5c95599d68-l2q6p"
I0630 10:00:33.207038       1 schedule_one.go:67] === MON SCHEDULER MODIFIÉ EST EN TRAIN DE TOURNER ===
I0630 10:00:33.211065       1 schedule_one.go:166] "scheduling algorithm completed" duration ="4.837901ms" pod="default/resnet-00001-deployment-5c95599d68-w28tz"
I0630 10:00:33.211576       1 schedule_one.go:67] === MON SCHEDULER MODIFIÉ EST EN TRAIN DE TOURNER ===
I0630 10:00:33.216194       1 schedule_one.go:166] "scheduling algorithm completed" duration ="5.667495ms" pod="default/resnet-00001-deployment-5c95599d68-4n6fc"
I0630 10:01:39.232960       1 schedule_one.go:67] === MON SCHEDULER MODIFIÉ EST EN TRAIN DE TOURNER ===
I0630 10:01:39.238506       1 schedule_one.go:166] "scheduling algorithm completed" duration ="6.579479ms" pod="default/resnet-00001-deployment-5c95599d68-ppmvp"
I0630 10:01:41.205673       1 schedule_one.go:67] === MON SCHEDULER MODIFIÉ EST EN TRAIN DE TOURNER ===
I0630 10:01:41.210991       1 schedule_one.go:166] "scheduling algorithm completed" duration ="6.142311ms" pod="default/resnet-00001-deployment-5c95599d68-sx5xw"
I0630 10:11:00.757946       1 schedule_one.go:67] === MON SCHEDULER MODIFIÉ EST EN TRAIN DE TOURNER ===
I0630 10:11:00.758903       1 schedule_one.go:67] === MON SCHEDULER MODIFIÉ EST EN TRAIN DE TOURNER ===
I0630 10:11:00.764358       1 schedule_one.go:166] "scheduling algorithm completed" duration ="6.371403ms" pod="default/mobilenet-00001-deployment-76d95655d-vjl4d"
I0630 10:11:00.764883       1 schedule_one.go:166] "scheduling algorithm completed" duration ="8.422816ms" pod="default/resnet-00001-deployment-5c95599d68-m9hw6"
I0630 10:11:03.211580       1 schedule_one.go:67] === MON SCHEDULER MODIFIÉ EST EN TRAIN DE TOURNER ===
I0630 10:11:03.215645       1 schedule_one.go:67] === MON SCHEDULER MODIFIÉ EST EN TRAIN DE TOURNER ===
I0630 10:11:03.220818       1 schedule_one.go:166] "scheduling algorithm completed" duration ="10.203597ms" pod="default/resnet-00001-deployment-5c95599d68-5knzk"
I0630 10:11:03.220884       1 schedule_one.go:67] === MON SCHEDULER MODIFIÉ EST EN TRAIN DE TOURNER ===
I0630 10:11:03.223137       1 schedule_one.go:166] "scheduling algorithm completed" duration ="8.411853ms" pod="default/mobilenet-00001-deployment-76d95655d-4n8s9"
I0630 10:11:03.225984       1 schedule_one.go:166] "scheduling algorithm completed" duration ="5.967291ms" pod="default/resnet-00001-deployment-5c95599d68-2z2jn"
I0630 10:11:05.204024       1 schedule_one.go:67] === MON SCHEDULER MODIFIÉ EST EN TRAIN DE TOURNER ===
I0630 10:11:05.208485       1 schedule_one.go:67] === MON SCHEDULER MODIFIÉ EST EN TRAIN DE TOURNER ===
I0630 10:11:05.208887       1 schedule_one.go:166] "scheduling algorithm completed" duration ="5.686142ms" pod="default/resnet-00001-deployment-5c95599d68-9x8fb"
I0630 10:11:05.213138       1 schedule_one.go:166] "scheduling algorithm completed" duration ="5.841754ms" pod="default/resnet-00001-deployment-5c95599d68-mpqfm"
I0630 10:11:07.203894       1 schedule_one.go:67] === MON SCHEDULER MODIFIÉ EST EN TRAIN DE TOURNER ===
I0630 10:11:07.207412       1 schedule_one.go:67] === MON SCHEDULER MODIFIÉ EST EN TRAIN DE TOURNER ===
I0630 10:11:07.208491       1 schedule_one.go:67] === MON SCHEDULER MODIFIÉ EST EN TRAIN DE TOURNER ===
I0630 10:11:07.209947       1 schedule_one.go:166] "scheduling algorithm completed" duration ="6.806257ms" pod="default/resnet-00001-deployment-5c95599d68-lc6st"
I0630 10:11:07.211733       1 schedule_one.go:166] "scheduling algorithm completed" duration ="5.245476ms" pod="default/resnet-00001-deployment-5c95599d68-gprbj"
I0630 10:11:07.214396       1 schedule_one.go:166] "scheduling algorithm completed" duration ="6.947571ms" pod="default/resnet-00001-deployment-5c95599d68-chj8w"
I0630 10:12:13.342973       1 schedule_one.go:67] === MON SCHEDULER MODIFIÉ EST EN TRAIN DE TOURNER ===
I0630 10:12:13.347789       1 schedule_one.go:166] "scheduling algorithm completed" duration ="5.493532ms" pod="default/resnet-00001-deployment-5c95599d68-pcns5"
I0630 10:12:15.205183       1 schedule_one.go:67] === MON SCHEDULER MODIFIÉ EST EN TRAIN DE TOURNER ===
I0630 10:12:15.209911       1 schedule_one.go:166] "scheduling algorithm completed" duration ="5.366031ms" pod="default/resnet-00001-deployment-5c95599d68-kdg2t"
I0630 10:12:17.210048       1 schedule_one.go:67] === MON SCHEDULER MODIFIÉ EST EN TRAIN DE TOURNER ===
I0630 10:12:17.216536       1 schedule_one.go:166] "scheduling algorithm completed" duration ="7.24535ms" pod="default/resnet-00001-deployment-5c95599d68-5qr98"
I0630 10:20:45.730839       1 schedule_one.go:67] === MON SCHEDULER MODIFIÉ EST EN TRAIN DE TOURNER ===
I0630 10:20:45.731464       1 schedule_one.go:67] === MON SCHEDULER MODIFIÉ EST EN TRAIN DE TOURNER ===
I0630 10:20:45.736511       1 schedule_one.go:166] "scheduling algorithm completed" duration ="6.479052ms" pod="default/mobilenet-00001-deployment-76d95655d-4l7zq"
I0630 10:20:45.736683       1 schedule_one.go:166] "scheduling algorithm completed" duration ="5.815754ms" pod="default/resnet-00001-deployment-5c95599d68-7765m"
I0630 10:20:47.212654       1 schedule_one.go:67] === MON SCHEDULER MODIFIÉ EST EN TRAIN DE TOURNER ===
I0630 10:20:47.217278       1 schedule_one.go:166] "scheduling algorithm completed" duration ="5.17116ms" pod="default/resnet-00001-deployment-5c95599d68-479pn"
I0630 10:20:47.219249       1 schedule_one.go:67] === MON SCHEDULER MODIFIÉ EST EN TRAIN DE TOURNER ===
I0630 10:20:47.230125       1 schedule_one.go:166] "scheduling algorithm completed" duration ="11.424396ms" pod="default/mobilenet-00001-deployment-76d95655d-8x7x4"
I0630 10:20:49.207696       1 schedule_one.go:67] === MON SCHEDULER MODIFIÉ EST EN TRAIN DE TOURNER ===
I0630 10:20:49.212126       1 schedule_one.go:67] === MON SCHEDULER MODIFIÉ EST EN TRAIN DE TOURNER ===
I0630 10:20:49.213074       1 schedule_one.go:166] "scheduling algorithm completed" duration ="6.111385ms" pod="default/resnet-00001-deployment-5c95599d68-gd5gc"
I0630 10:20:49.217384       1 schedule_one.go:166] "scheduling algorithm completed" duration ="6.124977ms" pod="default/resnet-00001-deployment-5c95599d68-f6w7r"
I0630 10:20:51.220491       1 schedule_one.go:67] === MON SCHEDULER MODIFIÉ EST EN TRAIN DE TOURNER ===
I0630 10:20:51.224137       1 schedule_one.go:166] "scheduling algorithm completed" duration ="4.628048ms" pod="default/resnet-00001-deployment-5c95599d68-svzvn"
I0630 10:20:51.224777       1 schedule_one.go:67] === MON SCHEDULER MODIFIÉ EST EN TRAIN DE TOURNER ===
I0630 10:20:51.229424       1 schedule_one.go:166] "scheduling algorithm completed" duration ="5.924366ms" pod="default/resnet-00001-deployment-5c95599d68-8mlxl"
I0630 10:21:55.480306       1 schedule_one.go:67] === MON SCHEDULER MODIFIÉ EST EN TRAIN DE TOURNER ===
I0630 10:21:55.485083       1 schedule_one.go:166] "scheduling algorithm completed" duration ="5.668439ms" pod="default/resnet-00001-deployment-5c95599d68-nnqww"
I0630 10:21:57.236106       1 schedule_one.go:67] === MON SCHEDULER MODIFIÉ EST EN TRAIN DE TOURNER ===
I0630 10:21:57.239182       1 schedule_one.go:67] === MON SCHEDULER MODIFIÉ EST EN TRAIN DE TOURNER ===
I0630 10:21:57.240477       1 schedule_one.go:166] "scheduling algorithm completed" duration ="5.223678ms" pod="default/resnet-00001-deployment-5c95599d68-nxkpf"
I0630 10:21:57.241847       1 schedule_one.go:67] === MON SCHEDULER MODIFIÉ EST EN TRAIN DE TOURNER ===
I0630 10:21:57.243592       1 schedule_one.go:166] "scheduling algorithm completed" duration ="5.237031ms" pod="default/resnet-00001-deployment-5c95599d68-92tkb"
I0630 10:21:57.247943       1 schedule_one.go:166] "scheduling algorithm completed" duration ="7.533128ms" pod="default/resnet-00001-deployment-5c95599d68-f2jdw"
I0630 10:21:59.208027       1 schedule_one.go:67] === MON SCHEDULER MODIFIÉ EST EN TRAIN DE TOURNER ===
I0630 10:21:59.211892       1 schedule_one.go:166] "scheduling algorithm completed" duration ="5.030901ms" pod="default/resnet-00001-deployment-5c95599d68-pc74n"
I0630 10:30:07.854742       1 schedule_one.go:67] === MON SCHEDULER MODIFIÉ EST EN TRAIN DE TOURNER ===
I0630 10:30:07.858596       1 schedule_one.go:166] "scheduling algorithm completed" duration ="4.674333ms" pod="default/mobilenet-00001-deployment-76d95655d-x8nj7"
I0630 10:30:07.865020       1 schedule_one.go:67] === MON SCHEDULER MODIFIÉ EST EN TRAIN DE TOURNER ===
I0630 10:30:07.869118       1 schedule_one.go:166] "scheduling algorithm completed" duration ="4.998278ms" pod="default/resnet-00001-deployment-5c95599d68-x4gk6"
I0630 10:30:11.207126       1 schedule_one.go:67] === MON SCHEDULER MODIFIÉ EST EN TRAIN DE TOURNER ===
I0630 10:30:11.208901       1 schedule_one.go:67] === MON SCHEDULER MODIFIÉ EST EN TRAIN DE TOURNER ===
I0630 10:30:11.213464       1 schedule_one.go:67] === MON SCHEDULER MODIFIÉ EST EN TRAIN DE TOURNER ===
I0630 10:30:11.213859       1 schedule_one.go:166] "scheduling algorithm completed" duration ="7.624056ms" pod="default/mobilenet-00001-deployment-76d95655d-j898p"
I0630 10:30:11.215330       1 schedule_one.go:166] "scheduling algorithm completed" duration ="8.1715ms" pod="default/resnet-00001-deployment-5c95599d68-wt6jw"
I0630 10:30:11.219481       1 schedule_one.go:166] "scheduling algorithm completed" duration ="6.816852ms" pod="default/resnet-00001-deployment-5c95599d68-s8xpr"
I0630 10:30:13.199368       1 schedule_one.go:67] === MON SCHEDULER MODIFIÉ EST EN TRAIN DE TOURNER ===
I0630 10:30:13.203207       1 schedule_one.go:67] === MON SCHEDULER MODIFIÉ EST EN TRAIN DE TOURNER ===
I0630 10:30:13.205105       1 schedule_one.go:166] "scheduling algorithm completed" duration ="6.516296ms" pod="default/resnet-00001-deployment-5c95599d68-ggs4v"
I0630 10:30:13.207362       1 schedule_one.go:166] "scheduling algorithm completed" duration ="5.062907ms" pod="default/resnet-00001-deployment-5c95599d68-79md2"
I0630 10:30:15.200735       1 schedule_one.go:67] === MON SCHEDULER MODIFIÉ EST EN TRAIN DE TOURNER ===
I0630 10:30:15.204807       1 schedule_one.go:67] === MON SCHEDULER MODIFIÉ EST EN TRAIN DE TOURNER ===
I0630 10:30:15.205856       1 schedule_one.go:166] "scheduling algorithm completed" duration ="6.030185ms" pod="default/resnet-00001-deployment-5c95599d68-k5v5p"
I0630 10:30:15.208941       1 schedule_one.go:166] "scheduling algorithm completed" duration ="4.954241ms" pod="default/resnet-00001-deployment-5c95599d68-77g6p"
I0630 10:31:19.252501       1 schedule_one.go:67] === MON SCHEDULER MODIFIÉ EST EN TRAIN DE TOURNER ===
I0630 10:31:19.258014       1 schedule_one.go:166] "scheduling algorithm completed" duration ="6.450669ms" pod="default/resnet-00001-deployment-5c95599d68-zm2xb"
I0630 10:31:21.236460       1 schedule_one.go:67] === MON SCHEDULER MODIFIÉ EST EN TRAIN DE TOURNER ===
I0630 10:31:21.239704       1 schedule_one.go:67] === MON SCHEDULER MODIFIÉ EST EN TRAIN DE TOURNER ===
I0630 10:31:21.241251       1 schedule_one.go:166] "scheduling algorithm completed" duration ="5.516797ms" pod="default/resnet-00001-deployment-5c95599d68-wbzk2"
I0630 10:31:21.243683       1 schedule_one.go:166] "scheduling algorithm completed" duration ="4.702742ms" pod="default/resnet-00001-deployment-5c95599d68-ml64t"
I0630 10:41:28.734756       1 schedule_one.go:67] === MON SCHEDULER MODIFIÉ EST EN TRAIN DE TOURNER ===
I0630 10:41:28.735832       1 schedule_one.go:67] === MON SCHEDULER MODIFIÉ EST EN TRAIN DE TOURNER ===
I0630 10:41:28.739603       1 schedule_one.go:166] "scheduling algorithm completed" duration ="5.830935ms" pod="default/mobilenet-00001-deployment-76d95655d-9s799"
I0630 10:41:28.741770       1 schedule_one.go:166] "scheduling algorithm completed" duration ="6.976677ms" pod="default/resnet-00001-deployment-5c95599d68-hm898"
I0630 10:41:31.208273       1 schedule_one.go:67] === MON SCHEDULER MODIFIÉ EST EN TRAIN DE TOURNER ===
I0630 10:41:31.213563       1 schedule_one.go:67] === MON SCHEDULER MODIFIÉ EST EN TRAIN DE TOURNER ===
I0630 10:41:31.215156       1 schedule_one.go:67] === MON SCHEDULER MODIFIÉ EST EN TRAIN DE TOURNER ===
I0630 10:41:31.215691       1 schedule_one.go:166] "scheduling algorithm completed" duration ="8.102086ms" pod="default/resnet-00001-deployment-5c95599d68-k4jz4"
I0630 10:41:31.219882       1 schedule_one.go:67] === MON SCHEDULER MODIFIÉ EST EN TRAIN DE TOURNER ===
I0630 10:41:31.220082       1 schedule_one.go:166] "scheduling algorithm completed" duration ="7.187418ms" pod="default/mobilenet-00001-deployment-76d95655d-27sft"
I0630 10:41:31.221664       1 schedule_one.go:67] === MON SCHEDULER MODIFIÉ EST EN TRAIN DE TOURNER ===
I0630 10:41:31.222314       1 schedule_one.go:166] "scheduling algorithm completed" duration ="8.411827ms" pod="default/resnet-00001-deployment-5c95599d68-rrs7z"
I0630 10:41:31.224847       1 schedule_one.go:166] "scheduling algorithm completed" duration ="5.795824ms" pod="default/mobilenet-00001-deployment-76d95655d-7lr4d"
I0630 10:41:31.226816       1 schedule_one.go:166] "scheduling algorithm completed" duration ="6.903769ms" pod="default/mobilenet-00001-deployment-76d95655d-l5kdp"
I0630 10:41:33.208503       1 schedule_one.go:67] === MON SCHEDULER MODIFIÉ EST EN TRAIN DE TOURNER ===
I0630 10:41:33.212665       1 schedule_one.go:166] "scheduling algorithm completed" duration ="4.764952ms" pod="default/resnet-00001-deployment-5c95599d68-2bktf"
I0630 10:41:33.236115       1 schedule_one.go:67] === MON SCHEDULER MODIFIÉ EST EN TRAIN DE TOURNER ===
I0630 10:41:33.254866       1 schedule_one.go:166] "scheduling algorithm completed" duration ="19.727733ms" pod="default/resnet-00001-deployment-5c95599d68-tzbm7"
I0630 10:41:35.204913       1 schedule_one.go:67] === MON SCHEDULER MODIFIÉ EST EN TRAIN DE TOURNER ===
I0630 10:41:35.209396       1 schedule_one.go:67] === MON SCHEDULER MODIFIÉ EST EN TRAIN DE TOURNER ===
I0630 10:41:35.210469       1 schedule_one.go:67] === MON SCHEDULER MODIFIÉ EST EN TRAIN DE TOURNER ===
I0630 10:41:35.211170       1 schedule_one.go:166] "scheduling algorithm completed" duration ="6.901455ms" pod="default/resnet-00001-deployment-5c95599d68-6hb8g"
I0630 10:41:35.213814       1 schedule_one.go:166] "scheduling algorithm completed" duration ="5.074618ms" pod="default/resnet-00001-deployment-5c95599d68-2dkfn"
I0630 10:41:35.216895       1 schedule_one.go:166] "scheduling algorithm completed" duration ="7.054917ms" pod="default/resnet-00001-deployment-5c95599d68-dk5jz"
I0630 10:42:39.430415       1 schedule_one.go:67] === MON SCHEDULER MODIFIÉ EST EN TRAIN DE TOURNER ===
I0630 10:42:39.435242       1 schedule_one.go:166] "scheduling algorithm completed" duration ="5.574342ms" pod="default/resnet-00001-deployment-5c95599d68-79k45"
I0630 10:42:41.206653       1 schedule_one.go:67] === MON SCHEDULER MODIFIÉ EST EN TRAIN DE TOURNER ===
I0630 10:42:41.208439       1 schedule_one.go:67] === MON SCHEDULER MODIFIÉ EST EN TRAIN DE TOURNER ===
I0630 10:42:41.211813       1 schedule_one.go:166] "scheduling algorithm completed" duration ="6.011639ms" pod="default/resnet-00001-deployment-5c95599d68-k4kl6"
I0630 10:42:41.214424       1 schedule_one.go:166] "scheduling algorithm completed" duration ="6.747103ms" pod="default/resnet-00001-deployment-5c95599d68-x4vrn"
I0630 10:42:43.207634       1 schedule_one.go:67] === MON SCHEDULER MODIFIÉ EST EN TRAIN DE TOURNER ===
I0630 10:42:43.212623       1 schedule_one.go:166] "scheduling algorithm completed" duration ="5.991361ms" pod="default/resnet-00001-deployment-5c95599d68-tnhnf"
I0630 10:50:01.624607       1 schedule_one.go:67] === MON SCHEDULER MODIFIÉ EST EN TRAIN DE TOURNER ===
I0630 10:50:01.626664       1 schedule_one.go:67] === MON SCHEDULER MODIFIÉ EST EN TRAIN DE TOURNER ===
I0630 10:50:01.630445       1 schedule_one.go:166] "scheduling algorithm completed" duration ="7.359162ms" pod="default/mobilenet-00001-deployment-76d95655d-jwg4j"
I0630 10:50:01.632293       1 schedule_one.go:166] "scheduling algorithm completed" duration ="7.648162ms" pod="default/resnet-00001-deployment-5c95599d68-9vggp"
I0630 10:50:03.201438       1 schedule_one.go:67] === MON SCHEDULER MODIFIÉ EST EN TRAIN DE TOURNER ===
I0630 10:50:03.206189       1 schedule_one.go:166] "scheduling algorithm completed" duration ="5.601862ms" pod="default/mobilenet-00001-deployment-76d95655d-qmndz"
I0630 10:50:03.209173       1 schedule_one.go:67] === MON SCHEDULER MODIFIÉ EST EN TRAIN DE TOURNER ===
I0630 10:50:03.213726       1 schedule_one.go:166] "scheduling algorithm completed" duration ="5.298992ms" pod="default/resnet-00001-deployment-5c95599d68-x247d"
I0630 10:50:05.202032       1 schedule_one.go:67] === MON SCHEDULER MODIFIÉ EST EN TRAIN DE TOURNER ===
I0630 10:50:05.206675       1 schedule_one.go:166] "scheduling algorithm completed" duration ="5.38188ms" pod="default/resnet-00001-deployment-5c95599d68-7mz4d"
I0630 10:50:05.206880       1 schedule_one.go:67] === MON SCHEDULER MODIFIÉ EST EN TRAIN DE TOURNER ===
I0630 10:50:05.216214       1 schedule_one.go:166] "scheduling algorithm completed" duration ="10.175333ms" pod="default/resnet-00001-deployment-5c95599d68-x9f2h"
I0630 10:50:07.211940       1 schedule_one.go:67] === MON SCHEDULER MODIFIÉ EST EN TRAIN DE TOURNER ===
I0630 10:50:07.214034       1 schedule_one.go:67] === MON SCHEDULER MODIFIÉ EST EN TRAIN DE TOURNER ===
I0630 10:50:07.215824       1 schedule_one.go:166] "scheduling algorithm completed" duration ="4.511009ms" pod="default/resnet-00001-deployment-5c95599d68-26sxg"
I0630 10:50:07.221050       1 schedule_one.go:166] "scheduling algorithm completed" duration ="7.537773ms" pod="default/resnet-00001-deployment-5c95599d68-6f5pf"
I0630 10:51:11.310215       1 schedule_one.go:67] === MON SCHEDULER MODIFIÉ EST EN TRAIN DE TOURNER ===
I0630 10:51:11.315461       1 schedule_one.go:166] "scheduling algorithm completed" duration ="6.46953ms" pod="default/resnet-00001-deployment-5c95599d68-4xrfc"
I0630 10:51:13.201114       1 schedule_one.go:67] === MON SCHEDULER MODIFIÉ EST EN TRAIN DE TOURNER ===
I0630 10:51:13.205263       1 schedule_one.go:67] === MON SCHEDULER MODIFIÉ EST EN TRAIN DE TOURNER ===
I0630 10:51:13.206135       1 schedule_one.go:166] "scheduling algorithm completed" duration ="5.647548ms" pod="default/resnet-00001-deployment-5c95599d68-wrhpt"
I0630 10:51:13.206796       1 schedule_one.go:67] === MON SCHEDULER MODIFIÉ EST EN TRAIN DE TOURNER ===
I0630 10:51:13.208613       1 schedule_one.go:166] "scheduling algorithm completed" duration ="3.884859ms" pod="default/resnet-00001-deployment-5c95599d68-bh9nd"
I0630 10:51:13.235521       1 schedule_one.go:166] "scheduling algorithm completed" duration ="30.131574ms" pod="default/resnet-00001-deployment-5c95599d68-d669q"
I0630 10:51:15.207312       1 schedule_one.go:67] === MON SCHEDULER MODIFIÉ EST EN TRAIN DE TOURNER ===
I0630 10:51:15.212278       1 schedule_one.go:166] "scheduling algorithm completed" duration ="5.825622ms" pod="default/resnet-00001-deployment-5c95599d68-247rf"
I0630 11:00:16.758062       1 schedule_one.go:67] === MON SCHEDULER MODIFIÉ EST EN TRAIN DE TOURNER ===
I0630 11:00:16.758867       1 schedule_one.go:67] === MON SCHEDULER MODIFIÉ EST EN TRAIN DE TOURNER ===
I0630 11:00:16.763200       1 schedule_one.go:166] "scheduling algorithm completed" duration ="6.172734ms" pod="default/mobilenet-00001-deployment-76d95655d-gwp7m"
I0630 11:00:16.764035       1 schedule_one.go:166] "scheduling algorithm completed" duration ="5.922493ms" pod="default/resnet-00001-deployment-5c95599d68-nhkxb"
I0630 11:00:17.209367       1 schedule_one.go:67] === MON SCHEDULER MODIFIÉ EST EN TRAIN DE TOURNER ===
I0630 11:00:17.214667       1 schedule_one.go:166] "scheduling algorithm completed" duration ="5.777807ms" pod="default/mobilenet-00001-deployment-76d95655d-lxnkh"
I0630 11:00:19.205834       1 schedule_one.go:67] === MON SCHEDULER MODIFIÉ EST EN TRAIN DE TOURNER ===
I0630 11:00:19.206976       1 schedule_one.go:67] === MON SCHEDULER MODIFIÉ EST EN TRAIN DE TOURNER ===
I0630 11:00:19.208875       1 schedule_one.go:67] === MON SCHEDULER MODIFIÉ EST EN TRAIN DE TOURNER ===
I0630 11:00:19.211213       1 schedule_one.go:67] === MON SCHEDULER MODIFIÉ EST EN TRAIN DE TOURNER ===
I0630 11:00:19.211298       1 schedule_one.go:166] "scheduling algorithm completed" duration ="5.437955ms" pod="default/resnet-00001-deployment-5c95599d68-l2fr4"
I0630 11:00:19.211953       1 schedule_one.go:67] === MON SCHEDULER MODIFIÉ EST EN TRAIN DE TOURNER ===
I0630 11:00:19.213750       1 schedule_one.go:166] "scheduling algorithm completed" duration ="8.705257ms" pod="default/mobilenet-00001-deployment-76d95655d-k5dbp"
I0630 11:00:19.214205       1 schedule_one.go:166] "scheduling algorithm completed" duration ="6.194123ms" pod="default/mobilenet-00001-deployment-76d95655d-9krhv"
I0630 11:00:19.218385       1 schedule_one.go:166] "scheduling algorithm completed" duration ="7.79746ms" pod="default/resnet-00001-deployment-5c95599d68-kzxzz"
I0630 11:00:19.220686       1 schedule_one.go:166] "scheduling algorithm completed" duration ="9.446926ms" pod="default/resnet-00001-deployment-5c95599d68-2c7wg"
I0630 11:00:21.203530       1 schedule_one.go:67] === MON SCHEDULER MODIFIÉ EST EN TRAIN DE TOURNER ===
I0630 11:00:21.206172       1 schedule_one.go:67] === MON SCHEDULER MODIFIÉ EST EN TRAIN DE TOURNER ===
I0630 11:00:21.208478       1 schedule_one.go:166] "scheduling algorithm completed" duration ="5.628734ms" pod="default/resnet-00001-deployment-5c95599d68-hxhnj"
I0630 11:00:21.211485       1 schedule_one.go:166] "scheduling algorithm completed" duration ="5.872141ms" pod="default/resnet-00001-deployment-5c95599d68-fnsjx"
I0630 11:00:23.209454       1 schedule_one.go:67] === MON SCHEDULER MODIFIÉ EST EN TRAIN DE TOURNER ===
I0630 11:00:23.213703       1 schedule_one.go:67] === MON SCHEDULER MODIFIÉ EST EN TRAIN DE TOURNER ===
I0630 11:00:23.214746       1 schedule_one.go:166] "scheduling algorithm completed" duration ="5.930641ms" pod="default/resnet-00001-deployment-5c95599d68-zwdkf"
I0630 11:00:23.215726       1 schedule_one.go:67] === MON SCHEDULER MODIFIÉ EST EN TRAIN DE TOURNER ===
I0630 11:00:23.220759       1 schedule_one.go:166] "scheduling algorithm completed" duration ="8.742239ms" pod="default/resnet-00001-deployment-5c95599d68-jvzw8"
I0630 11:00:23.222104       1 schedule_one.go:166] "scheduling algorithm completed" duration ="8.360739ms" pod="default/resnet-00001-deployment-5c95599d68-wgs27"
I0630 11:01:31.322187       1 schedule_one.go:67] === MON SCHEDULER MODIFIÉ EST EN TRAIN DE TOURNER ===
I0630 11:01:31.327482       1 schedule_one.go:166] "scheduling algorithm completed" duration ="6.221216ms" pod="default/resnet-00001-deployment-5c95599d68-6p28r"
I0630 11:01:33.201582       1 schedule_one.go:67] === MON SCHEDULER MODIFIÉ EST EN TRAIN DE TOURNER ===
I0630 11:01:33.204637       1 schedule_one.go:67] === MON SCHEDULER MODIFIÉ EST EN TRAIN DE TOURNER ===
I0630 11:01:33.207802       1 schedule_one.go:166] "scheduling algorithm completed" duration ="6.924366ms" pod="default/resnet-00001-deployment-5c95599d68-tqwz9"
I0630 11:01:33.209792       1 schedule_one.go:166] "scheduling algorithm completed" duration ="5.868586ms" pod="default/resnet-00001-deployment-5c95599d68-k9cgm"
I0630 11:01:35.206003       1 schedule_one.go:67] === MON SCHEDULER MODIFIÉ EST EN TRAIN DE TOURNER ===
I0630 11:01:35.211137       1 schedule_one.go:166] "scheduling algorithm completed" duration ="5.878271ms" pod="default/resnet-00001-deployment-5c95599d68-xbv9w"
I0630 11:15:50.756790       1 schedule_one.go:67] === MON SCHEDULER MODIFIÉ EST EN TRAIN DE TOURNER ===
I0630 11:15:50.757580       1 schedule_one.go:67] === MON SCHEDULER MODIFIÉ EST EN TRAIN DE TOURNER ===
I0630 11:15:50.766597       1 schedule_one.go:166] "scheduling algorithm completed" duration ="10.826614ms" pod="default/mobilenet-00001-deployment-76d95655d-jdlvg"
I0630 11:15:50.766603       1 schedule_one.go:166] "scheduling algorithm completed" duration ="9.780964ms" pod="default/resnet-00001-deployment-5c95599d68-4h4lg"
I0630 11:15:53.206486       1 schedule_one.go:67] === MON SCHEDULER MODIFIÉ EST EN TRAIN DE TOURNER ===
I0630 11:15:53.209871       1 schedule_one.go:67] === MON SCHEDULER MODIFIÉ EST EN TRAIN DE TOURNER ===
I0630 11:15:53.213593       1 schedule_one.go:166] "scheduling algorithm completed" duration ="7.594015ms" pod="default/resnet-00001-deployment-5c95599d68-l8tp6"
I0630 11:15:53.215136       1 schedule_one.go:67] === MON SCHEDULER MODIFIÉ EST EN TRAIN DE TOURNER ===
I0630 11:15:53.217577       1 schedule_one.go:166] "scheduling algorithm completed" duration ="8.334554ms" pod="default/mobilenet-00001-deployment-76d95655d-bx8zl"
I0630 11:15:53.217792       1 schedule_one.go:67] === MON SCHEDULER MODIFIÉ EST EN TRAIN DE TOURNER ===
I0630 11:15:53.219624       1 schedule_one.go:166] "scheduling algorithm completed" duration ="5.298604ms" pod="default/resnet-00001-deployment-5c95599d68-qt57h"
I0630 11:15:53.223228       1 schedule_one.go:166] "scheduling algorithm completed" duration ="6.324532ms" pod="default/mobilenet-00001-deployment-76d95655d-th6l2"
I0630 11:15:55.205297       1 schedule_one.go:67] === MON SCHEDULER MODIFIÉ EST EN TRAIN DE TOURNER ===
I0630 11:15:55.210975       1 schedule_one.go:67] === MON SCHEDULER MODIFIÉ EST EN TRAIN DE TOURNER ===
I0630 11:15:55.213315       1 schedule_one.go:166] "scheduling algorithm completed" duration ="8.611184ms" pod="default/resnet-00001-deployment-5c95599d68-npqm6"
I0630 11:15:55.215783       1 schedule_one.go:166] "scheduling algorithm completed" duration ="5.58027ms" pod="default/resnet-00001-deployment-5c95599d68-g9kbd"
I0630 11:15:57.204982       1 schedule_one.go:67] === MON SCHEDULER MODIFIÉ EST EN TRAIN DE TOURNER ===
I0630 11:15:57.209860       1 schedule_one.go:67] === MON SCHEDULER MODIFIÉ EST EN TRAIN DE TOURNER ===
I0630 11:15:57.210061       1 schedule_one.go:166] "scheduling algorithm completed" duration ="5.668993ms" pod="default/resnet-00001-deployment-5c95599d68-nf8cr"
I0630 11:15:57.214611       1 schedule_one.go:166] "scheduling algorithm completed" duration ="5.319881ms" pod="default/resnet-00001-deployment-5c95599d68-nf4cg"
I0630 11:17:01.219885       1 schedule_one.go:67] === MON SCHEDULER MODIFIÉ EST EN TRAIN DE TOURNER ===
I0630 11:17:01.225199       1 schedule_one.go:166] "scheduling algorithm completed" duration ="6.036568ms" pod="default/resnet-00001-deployment-5c95599d68-bdzc2"
I0630 11:17:03.229482       1 schedule_one.go:67] === MON SCHEDULER MODIFIÉ EST EN TRAIN DE TOURNER ===
I0630 11:17:03.234020       1 schedule_one.go:166] "scheduling algorithm completed" duration ="5.246474ms" pod="default/resnet-00001-deployment-5c95599d68-tp8br"
I0630 11:17:05.215428       1 schedule_one.go:67] === MON SCHEDULER MODIFIÉ EST EN TRAIN DE TOURNER ===
I0630 11:17:05.222412       1 schedule_one.go:166] "scheduling algorithm completed" duration ="7.794276ms" pod="default/resnet-00001-deployment-5c95599d68-5c7jc"
I0630 12:07:58.982780       1 schedule_one.go:67] === MON SCHEDULER MODIFIÉ EST EN TRAIN DE TOURNER ===
I0630 12:07:58.989058       1 schedule_one.go:166] "scheduling algorithm completed" duration ="6.932015ms" pod="default/mobilenet-00001-deployment-76d95655d-28jpp"
I0630 12:07:58.993867       1 schedule_one.go:67] === MON SCHEDULER MODIFIÉ EST EN TRAIN DE TOURNER ===
I0630 12:07:58.998914       1 schedule_one.go:166] "scheduling algorithm completed" duration ="5.579604ms" pod="default/resnet-00001-deployment-5c95599d68-b5lqg"
I0630 12:08:01.207086       1 schedule_one.go:67] === MON SCHEDULER MODIFIÉ EST EN TRAIN DE TOURNER ===
I0630 12:08:01.212620       1 schedule_one.go:67] === MON SCHEDULER MODIFIÉ EST EN TRAIN DE TOURNER ===
I0630 12:08:01.213676       1 schedule_one.go:166] "scheduling algorithm completed" duration ="7.318293ms" pod="default/mobilenet-00001-deployment-76d95655d-4dxl4"
I0630 12:08:01.218810       1 schedule_one.go:166] "scheduling algorithm completed" duration ="7.03107ms" pod="default/resnet-00001-deployment-5c95599d68-4h2hc"
I0630 12:08:03.206649       1 schedule_one.go:67] === MON SCHEDULER MODIFIÉ EST EN TRAIN DE TOURNER ===
I0630 12:08:03.211982       1 schedule_one.go:67] === MON SCHEDULER MODIFIÉ EST EN TRAIN DE TOURNER ===
I0630 12:08:03.212654       1 schedule_one.go:166] "scheduling algorithm completed" duration ="6.754847ms" pod="default/resnet-00001-deployment-5c95599d68-q4fl7"
I0630 12:08:03.217521       1 schedule_one.go:166] "scheduling algorithm completed" duration ="6.271642ms" pod="default/resnet-00001-deployment-5c95599d68-r6tlp"
I0630 12:08:05.208982       1 schedule_one.go:67] === MON SCHEDULER MODIFIÉ EST EN TRAIN DE TOURNER ===
I0630 12:08:05.212337       1 schedule_one.go:67] === MON SCHEDULER MODIFIÉ EST EN TRAIN DE TOURNER ===
I0630 12:08:05.213454       1 schedule_one.go:67] === MON SCHEDULER MODIFIÉ EST EN TRAIN DE TOURNER ===
I0630 12:08:05.214035       1 schedule_one.go:166] "scheduling algorithm completed" duration ="5.77916ms" pod="default/resnet-00001-deployment-5c95599d68-zgsfn"
I0630 12:08:05.217142       1 schedule_one.go:166] "scheduling algorithm completed" duration ="5.599048ms" pod="default/resnet-00001-deployment-5c95599d68-kglqx"
I0630 12:08:05.220560       1 schedule_one.go:166] "scheduling algorithm completed" duration ="8.184406ms" pod="default/resnet-00001-deployment-5c95599d68-jq879"
I0630 12:09:09.219053       1 schedule_one.go:67] === MON SCHEDULER MODIFIÉ EST EN TRAIN DE TOURNER ===
I0630 12:09:09.221962       1 schedule_one.go:67] === MON SCHEDULER MODIFIÉ EST EN TRAIN DE TOURNER ===
I0630 12:09:09.223972       1 schedule_one.go:166] "scheduling algorithm completed" duration ="5.841753ms" pod="default/resnet-00001-deployment-5c95599d68-jvsx6"
I0630 12:09:09.225595       1 schedule_one.go:166] "scheduling algorithm completed" duration ="4.385434ms" pod="default/resnet-00001-deployment-5c95599d68-kjnc7"
I0630 12:09:11.206843       1 schedule_one.go:67] === MON SCHEDULER MODIFIÉ EST EN TRAIN DE TOURNER ===
I0630 12:09:11.210234       1 schedule_one.go:67] === MON SCHEDULER MODIFIÉ EST EN TRAIN DE TOURNER ===
I0630 12:09:11.211744       1 schedule_one.go:166] "scheduling algorithm completed" duration ="5.667252ms" pod="default/resnet-00001-deployment-5c95599d68-77sb7"
I0630 12:09:11.211772       1 schedule_one.go:67] === MON SCHEDULER MODIFIÉ EST EN TRAIN DE TOURNER ===
I0630 12:09:11.214491       1 schedule_one.go:166] "scheduling algorithm completed" duration ="5.14677ms" pod="default/resnet-00001-deployment-5c95599d68-dctvs"
I0630 12:09:11.218772       1 schedule_one.go:166] "scheduling algorithm completed" duration ="7.756627ms" pod="default/resnet-00001-deployment-5c95599d68-w6jjf"
I0630 12:09:13.208336       1 schedule_one.go:67] === MON SCHEDULER MODIFIÉ EST EN TRAIN DE TOURNER ===
I0630 12:09:13.211510       1 schedule_one.go:67] === MON SCHEDULER MODIFIÉ EST EN TRAIN DE TOURNER ===
I0630 12:09:13.211757       1 schedule_one.go:166] "scheduling algorithm completed" duration ="3.985767ms" pod="default/resnet-00001-deployment-5c95599d68-whjq2"
I0630 12:09:13.216599       1 schedule_one.go:166] "scheduling algorithm completed" duration ="5.658327ms" pod="default/resnet-00001-deployment-5c95599d68-tmt2j"
I0630 12:20:43.204991       1 schedule_one.go:67] === MON SCHEDULER MODIFIÉ EST EN TRAIN DE TOURNER ===
I0630 12:20:43.209553       1 schedule_one.go:166] "scheduling algorithm completed" duration ="5.220622ms" pod="default/mobilenet-00001-deployment-76d95655d-qx5bq"
I0630 12:20:43.238321       1 schedule_one.go:67] === MON SCHEDULER MODIFIÉ EST EN TRAIN DE TOURNER ===
I0630 12:20:43.242478       1 schedule_one.go:166] "scheduling algorithm completed" duration ="4.817584ms" pod="default/resnet-00001-deployment-5c95599d68-r957j"
I0630 12:20:45.207595       1 schedule_one.go:67] === MON SCHEDULER MODIFIÉ EST EN TRAIN DE TOURNER ===
I0630 12:20:45.208708       1 schedule_one.go:67] === MON SCHEDULER MODIFIÉ EST EN TRAIN DE TOURNER ===
I0630 12:20:45.211333       1 schedule_one.go:166] "scheduling algorithm completed" duration ="4.413398ms" pod="default/resnet-00001-deployment-5c95599d68-72rzx"
I0630 12:20:45.212923       1 schedule_one.go:67] === MON SCHEDULER MODIFIÉ EST EN TRAIN DE TOURNER ===
I0630 12:20:45.214630       1 schedule_one.go:166] "scheduling algorithm completed" duration ="6.827551ms" pod="default/mobilenet-00001-deployment-76d95655d-9mb9s"
I0630 12:20:45.220597       1 schedule_one.go:166] "scheduling algorithm completed" duration ="8.485369ms" pod="default/mobilenet-00001-deployment-76d95655d-5sjxg"
I0630 12:20:47.205719       1 schedule_one.go:67] === MON SCHEDULER MODIFIÉ EST EN TRAIN DE TOURNER ===
I0630 12:20:47.208909       1 schedule_one.go:67] === MON SCHEDULER MODIFIÉ EST EN TRAIN DE TOURNER ===
I0630 12:20:47.209969       1 schedule_one.go:166] "scheduling algorithm completed" duration ="5.114288ms" pod="default/resnet-00001-deployment-5c95599d68-wc5xj"
I0630 12:20:47.212979       1 schedule_one.go:166] "scheduling algorithm completed" duration ="4.962548ms" pod="default/resnet-00001-deployment-5c95599d68-4p56v"
I0630 12:20:49.202570       1 schedule_one.go:67] === MON SCHEDULER MODIFIÉ EST EN TRAIN DE TOURNER ===
I0630 12:20:49.206483       1 schedule_one.go:67] === MON SCHEDULER MODIFIÉ EST EN TRAIN DE TOURNER ===
I0630 12:20:49.206688       1 schedule_one.go:166] "scheduling algorithm completed" duration ="4.859547ms" pod="default/resnet-00001-deployment-5c95599d68-85zmq"
I0630 12:20:49.211409       1 schedule_one.go:166] "scheduling algorithm completed" duration ="5.888179ms" pod="default/resnet-00001-deployment-5c95599d68-2sswf"
I0630 12:20:51.205786       1 schedule_one.go:67] === MON SCHEDULER MODIFIÉ EST EN TRAIN DE TOURNER ===
I0630 12:20:51.210474       1 schedule_one.go:166] "scheduling algorithm completed" duration ="5.769938ms" pod="default/resnet-00001-deployment-5c95599d68-kmj25"
I0630 12:21:53.526375       1 schedule_one.go:67] === MON SCHEDULER MODIFIÉ EST EN TRAIN DE TOURNER ===
I0630 12:21:53.531020       1 schedule_one.go:166] "scheduling algorithm completed" duration ="5.62603ms" pod="default/resnet-00001-deployment-5c95599d68-dm67l"
I0630 12:21:55.203759       1 schedule_one.go:67] === MON SCHEDULER MODIFIÉ EST EN TRAIN DE TOURNER ===
I0630 12:21:55.206803       1 schedule_one.go:67] === MON SCHEDULER MODIFIÉ EST EN TRAIN DE TOURNER ===
I0630 12:21:55.207783       1 schedule_one.go:166] "scheduling algorithm completed" duration ="4.769473ms" pod="default/resnet-00001-deployment-5c95599d68-tq4j6"
I0630 12:21:55.210631       1 schedule_one.go:166] "scheduling algorithm completed" duration ="4.650083ms" pod="default/resnet-00001-deployment-5c95599d68-kt7lp"
I0630 12:21:57.202491       1 schedule_one.go:67] === MON SCHEDULER MODIFIÉ EST EN TRAIN DE TOURNER ===
I0630 12:21:57.206669       1 schedule_one.go:166] "scheduling algorithm completed" duration ="4.817066ms" pod="default/resnet-00001-deployment-5c95599d68-d62md"
