I0630 07:52:24.199260       1 serving.go:386] Generated self-signed cert in-memory
W0630 07:52:24.199938       1 client_config.go:683] Neither --kubeconfig nor --master was specified.  Using the inClusterConfig.  This might not work.
I0630 07:52:24.224932       1 scheduler.go:283] ===  SCHEDULer New  ===
I0630 07:52:24.226714       1 scheduler.go:457] "fonction New() construit le scheduler, mais ne commence pas à scheduler les pods, c'est la fonction Run() qui commence le scheduling des pods." duration ="1.738544ms"
I0630 07:52:24.228798       1 server.go:175] "Starting Kubernetes Scheduler" version="v0.0.0-master+$Format:%H$"
I0630 07:52:24.228824       1 server.go:177] "Golang settings" GOGC="" GOMAXPROCS="" GOTRACEBACK=""
I0630 07:52:24.235778       1 requestheader_controller.go:180] Starting RequestHeaderAuthRequestController
I0630 07:52:24.235858       1 shared_informer.go:375] "Waiting for caches to sync"
I0630 07:52:24.235881       1 configmap_cafile_content.go:205] "Starting controller" name="client-ca::kube-system::extension-apiserver-authentication::requestheader-client-ca-file"
I0630 07:52:24.235899       1 shared_informer.go:375] "Waiting for caches to sync"
I0630 07:52:24.235894       1 configmap_cafile_content.go:205] "Starting controller" name="client-ca::kube-system::extension-apiserver-authentication::client-ca-file"
I0630 07:52:24.235933       1 shared_informer.go:375] "Waiting for caches to sync"
I0630 07:52:24.236164       1 secure_serving.go:211] Serving securely on [::]:10259
I0630 07:52:24.236415       1 tlsconfig.go:243] "Starting DynamicServingCertificateController"
I0630 07:52:24.336265       1 shared_informer.go:382] "Caches are synced"
I0630 07:52:24.336265       1 shared_informer.go:382] "Caches are synced"
I0630 07:52:24.336267       1 shared_informer.go:382] "Caches are synced"
I0630 07:52:24.437746       1 scheduler.go:542] ===  SCHEDULing RUN ===
I0630 07:52:24.437817       1 schedule_one.go:67] === MON SCHEDULER MODIFIÉ EST EN TRAIN DE TOURNER ===
I0630 08:00:58.756098       1 schedule_one.go:67] === MON SCHEDULER MODIFIÉ EST EN TRAIN DE TOURNER ===
I0630 08:00:58.757268       1 schedule_one.go:67] === MON SCHEDULER MODIFIÉ EST EN TRAIN DE TOURNER ===
I0630 08:00:58.761073       1 schedule_one.go:67] === MON SCHEDULER MODIFIÉ EST EN TRAIN DE TOURNER ===
I0630 08:00:58.764312       1 schedule_one.go:67] === MON SCHEDULER MODIFIÉ EST EN TRAIN DE TOURNER ===
I0630 08:00:58.764978       1 schedule_one.go:166] "scheduling algorithm completed" duration ="4.684454ms" pod="default/mobilenet-00001-deployment-76d95655d-s8s2w"
I0630 08:00:58.765823       1 schedule_one.go:166] "scheduling algorithm completed" duration ="11.942988ms" pod="default/mobilenet-00001-deployment-76d95655d-l2mfm"
I0630 08:00:58.765838       1 schedule_one.go:67] === MON SCHEDULER MODIFIÉ EST EN TRAIN DE TOURNER ===
I0630 08:00:58.766886       1 schedule_one.go:67] === MON SCHEDULER MODIFIÉ EST EN TRAIN DE TOURNER ===
I0630 08:00:58.768505       1 schedule_one.go:166] "scheduling algorithm completed" duration ="12.363934ms" pod="default/resnet-00001-deployment-5c95599d68-flgj7"
I0630 08:00:58.772114       1 schedule_one.go:166] "scheduling algorithm completed" duration ="8.84187ms" pod="default/resnet-00001-deployment-5c95599d68-2bx9b"
I0630 08:00:58.773920       1 schedule_one.go:166] "scheduling algorithm completed" duration ="9.570446ms" pod="default/mobilenet-00001-deployment-76d95655d-rfc5l"
I0630 08:00:58.777173       1 schedule_one.go:166] "scheduling algorithm completed" duration ="11.135023ms" pod="default/resnet-00001-deployment-5c95599d68-c6zfc"
I0630 08:00:59.231174       1 schedule_one.go:67] === MON SCHEDULER MODIFIÉ EST EN TRAIN DE TOURNER ===
I0630 08:00:59.233805       1 schedule_one.go:67] === MON SCHEDULER MODIFIÉ EST EN TRAIN DE TOURNER ===
I0630 08:00:59.236870       1 schedule_one.go:166] "scheduling algorithm completed" duration ="6.531791ms" pod="default/mobilenet-00001-deployment-76d95655d-657gs"
I0630 08:00:59.237247       1 schedule_one.go:67] === MON SCHEDULER MODIFIÉ EST EN TRAIN DE TOURNER ===
I0630 08:00:59.239667       1 schedule_one.go:67] === MON SCHEDULER MODIFIÉ EST EN TRAIN DE TOURNER ===
I0630 08:00:59.240506       1 schedule_one.go:166] "scheduling algorithm completed" duration ="7.873961ms" pod="default/resnet-00001-deployment-5c95599d68-77w8v"
I0630 08:00:59.243371       1 schedule_one.go:67] === MON SCHEDULER MODIFIÉ EST EN TRAIN DE TOURNER ===
I0630 08:00:59.246274       1 schedule_one.go:67] === MON SCHEDULER MODIFIÉ EST EN TRAIN DE TOURNER ===
I0630 08:00:59.247346       1 schedule_one.go:67] === MON SCHEDULER MODIFIÉ EST EN TRAIN DE TOURNER ===
I0630 08:00:59.248173       1 schedule_one.go:166] "scheduling algorithm completed" duration ="11.601006ms" pod="default/mobilenet-00001-deployment-76d95655d-t84qz"
I0630 08:00:59.251588       1 schedule_one.go:166] "scheduling algorithm completed" duration ="9.107112ms" pod="default/mobilenet-00001-deployment-76d95655d-xjpbq"
I0630 08:00:59.252057       1 schedule_one.go:166] "scheduling algorithm completed" duration ="14.782716ms" pod="default/mobilenet-00001-deployment-76d95655d-mmvtv"
I0630 08:00:59.256131       1 schedule_one.go:67] === MON SCHEDULER MODIFIÉ EST EN TRAIN DE TOURNER ===
I0630 08:00:59.257734       1 schedule_one.go:166] "scheduling algorithm completed" duration ="12.501842ms" pod="default/mobilenet-00001-deployment-76d95655d-49swb"
I0630 08:00:59.259513       1 schedule_one.go:166] "scheduling algorithm completed" duration ="13.202731ms" pod="default/mobilenet-00001-deployment-76d95655d-6qjqx"
I0630 08:00:59.259664       1 schedule_one.go:67] === MON SCHEDULER MODIFIÉ EST EN TRAIN DE TOURNER ===
I0630 08:00:59.265068       1 schedule_one.go:67] === MON SCHEDULER MODIFIÉ EST EN TRAIN DE TOURNER ===
I0630 08:00:59.267223       1 schedule_one.go:67] === MON SCHEDULER MODIFIÉ EST EN TRAIN DE TOURNER ===
I0630 08:00:59.270297       1 schedule_one.go:166] "scheduling algorithm completed" duration ="15.309088ms" pod="default/resnet-00001-deployment-5c95599d68-h6rnm"
I0630 08:00:59.273377       1 schedule_one.go:67] === MON SCHEDULER MODIFIÉ EST EN TRAIN DE TOURNER ===
I0630 08:00:59.274369       1 schedule_one.go:166] "scheduling algorithm completed" duration ="8.348425ms" pod="default/resnet-00001-deployment-5c95599d68-xknhr"
I0630 08:00:59.281092       1 schedule_one.go:166] "scheduling algorithm completed" duration ="17.169591ms" pod="default/resnet-00001-deployment-5c95599d68-z657c"
I0630 08:00:59.284675       1 schedule_one.go:166] "scheduling algorithm completed" duration ="14.194585ms" pod="default/resnet-00001-deployment-5c95599d68-dzrfk"
I0630 08:00:59.284928       1 schedule_one.go:166] "scheduling algorithm completed" duration ="26.619315ms" pod="default/resnet-00001-deployment-5c95599d68-q2g7q"
I0630 08:01:01.230108       1 schedule_one.go:67] === MON SCHEDULER MODIFIÉ EST EN TRAIN DE TOURNER ===
I0630 08:01:01.233648       1 schedule_one.go:67] === MON SCHEDULER MODIFIÉ EST EN TRAIN DE TOURNER ===
I0630 08:01:01.237528       1 schedule_one.go:67] === MON SCHEDULER MODIFIÉ EST EN TRAIN DE TOURNER ===
I0630 08:01:01.239065       1 schedule_one.go:166] "scheduling algorithm completed" duration ="9.729243ms" pod="default/resnet-00001-deployment-5c95599d68-2862z"
I0630 08:01:01.241174       1 schedule_one.go:67] === MON SCHEDULER MODIFIÉ EST EN TRAIN DE TOURNER ===
I0630 08:01:01.243061       1 schedule_one.go:166] "scheduling algorithm completed" duration ="9.997966ms" pod="default/mobilenet-00001-deployment-76d95655d-l8mb6"
I0630 08:01:01.244897       1 schedule_one.go:166] "scheduling algorithm completed" duration ="8.052128ms" pod="default/resnet-00001-deployment-5c95599d68-shdsb"
I0630 08:01:01.245149       1 schedule_one.go:67] === MON SCHEDULER MODIFIÉ EST EN TRAIN DE TOURNER ===
I0630 08:01:01.246889       1 schedule_one.go:166] "scheduling algorithm completed" duration ="6.653107ms" pod="default/resnet-00001-deployment-5c95599d68-sfjgz"
I0630 08:01:01.247663       1 schedule_one.go:67] === MON SCHEDULER MODIFIÉ EST EN TRAIN DE TOURNER ===
I0630 08:01:01.248407       1 schedule_one.go:67] === MON SCHEDULER MODIFIÉ EST EN TRAIN DE TOURNER ===
I0630 08:01:01.260612       1 schedule_one.go:166] "scheduling algorithm completed" duration ="13.722825ms" pod="default/mobilenet-00001-deployment-76d95655d-5m9mb"
I0630 08:01:01.261593       1 schedule_one.go:166] "scheduling algorithm completed" duration ="13.897567ms" pod="default/mobilenet-00001-deployment-76d95655d-cqpsn"
I0630 08:01:01.284730       1 schedule_one.go:166] "scheduling algorithm completed" duration ="42.837665ms" pod="default/mobilenet-00001-deployment-76d95655d-77b5z"
I0630 08:01:03.225845       1 schedule_one.go:67] === MON SCHEDULER MODIFIÉ EST EN TRAIN DE TOURNER ===
I0630 08:01:03.227664       1 schedule_one.go:67] === MON SCHEDULER MODIFIÉ EST EN TRAIN DE TOURNER ===
I0630 08:01:03.236309       1 schedule_one.go:67] === MON SCHEDULER MODIFIÉ EST EN TRAIN DE TOURNER ===
I0630 08:01:03.236935       1 schedule_one.go:166] "scheduling algorithm completed" duration ="11.693414ms" pod="default/mobilenet-00001-deployment-76d95655d-c6jqg"
I0630 08:01:03.237566       1 schedule_one.go:67] === MON SCHEDULER MODIFIÉ EST EN TRAIN DE TOURNER ===
I0630 08:01:03.238291       1 schedule_one.go:166] "scheduling algorithm completed" duration ="11.294931ms" pod="default/resnet-00001-deployment-5c95599d68-plxhv"
I0630 08:01:03.240673       1 schedule_one.go:166] "scheduling algorithm completed" duration ="5.222881ms" pod="default/resnet-00001-deployment-5c95599d68-tl27l"
I0630 08:01:03.241959       1 schedule_one.go:67] === MON SCHEDULER MODIFIÉ EST EN TRAIN DE TOURNER ===
I0630 08:01:03.243470       1 schedule_one.go:166] "scheduling algorithm completed" duration ="6.696106ms" pod="default/resnet-00001-deployment-5c95599d68-r9jgr"
I0630 08:01:03.248448       1 schedule_one.go:166] "scheduling algorithm completed" duration ="7.649535ms" pod="default/resnet-00001-deployment-5c95599d68-tmlk4"
I0630 08:01:05.231741       1 schedule_one.go:67] === MON SCHEDULER MODIFIÉ EST EN TRAIN DE TOURNER ===
I0630 08:01:05.236591       1 schedule_one.go:67] === MON SCHEDULER MODIFIÉ EST EN TRAIN DE TOURNER ===
I0630 08:01:05.237198       1 schedule_one.go:166] "scheduling algorithm completed" duration ="6.211272ms" pod="default/resnet-00001-deployment-5c95599d68-vhqxk"
I0630 08:01:05.239899       1 schedule_one.go:67] === MON SCHEDULER MODIFIÉ EST EN TRAIN DE TOURNER ===
I0630 08:01:05.242581       1 schedule_one.go:67] === MON SCHEDULER MODIFIÉ EST EN TRAIN DE TOURNER ===
I0630 08:01:05.242708       1 schedule_one.go:166] "scheduling algorithm completed" duration ="7.200348ms" pod="default/resnet-00001-deployment-5c95599d68-4d6v4"
I0630 08:01:05.244286       1 schedule_one.go:67] === MON SCHEDULER MODIFIÉ EST EN TRAIN DE TOURNER ===
I0630 08:01:05.245493       1 schedule_one.go:166] "scheduling algorithm completed" duration ="7.55246ms" pod="default/resnet-00001-deployment-5c95599d68-kxxgg"
I0630 08:01:05.248938       1 schedule_one.go:166] "scheduling algorithm completed" duration ="5.575697ms" pod="default/resnet-00001-deployment-5c95599d68-b2c8z"
I0630 08:01:05.251065       1 schedule_one.go:166] "scheduling algorithm completed" duration ="9.434298ms" pod="default/resnet-00001-deployment-5c95599d68-hb6h4"
I0630 08:01:07.221112       1 schedule_one.go:67] === MON SCHEDULER MODIFIÉ EST EN TRAIN DE TOURNER ===
I0630 08:01:07.226519       1 schedule_one.go:67] === MON SCHEDULER MODIFIÉ EST EN TRAIN DE TOURNER ===
I0630 08:01:07.227481       1 schedule_one.go:67] === MON SCHEDULER MODIFIÉ EST EN TRAIN DE TOURNER ===
I0630 08:01:07.228001       1 schedule_one.go:166] "scheduling algorithm completed" duration ="7.547979ms" pod="default/resnet-00001-deployment-5c95599d68-g4lck"
I0630 08:01:07.233352       1 schedule_one.go:67] === MON SCHEDULER MODIFIÉ EST EN TRAIN DE TOURNER ===
I0630 08:01:07.234343       1 schedule_one.go:67] === MON SCHEDULER MODIFIÉ EST EN TRAIN DE TOURNER ===
I0630 08:01:07.235426       1 schedule_one.go:166] "scheduling algorithm completed" duration ="8.871797ms" pod="default/resnet-00001-deployment-5c95599d68-8c5rl"
I0630 08:01:07.237463       1 schedule_one.go:166] "scheduling algorithm completed" duration ="11.9551ms" pod="default/resnet-00001-deployment-5c95599d68-d9wcp"
I0630 08:01:07.240292       1 schedule_one.go:67] === MON SCHEDULER MODIFIÉ EST EN TRAIN DE TOURNER ===
I0630 08:01:07.242165       1 schedule_one.go:166] "scheduling algorithm completed" duration ="11.231079ms" pod="default/resnet-00001-deployment-5c95599d68-48rbh"
I0630 08:01:07.242677       1 schedule_one.go:166] "scheduling algorithm completed" duration ="8.92ms" pod="default/resnet-00001-deployment-5c95599d68-4rwbn"
I0630 08:01:07.244631       1 schedule_one.go:166] "scheduling algorithm completed" duration ="5.402456ms" pod="default/resnet-00001-deployment-5c95599d68-kzjb6"
I0630 08:01:09.236046       1 schedule_one.go:67] === MON SCHEDULER MODIFIÉ EST EN TRAIN DE TOURNER ===
I0630 08:01:09.239215       1 schedule_one.go:67] === MON SCHEDULER MODIFIÉ EST EN TRAIN DE TOURNER ===
I0630 08:01:09.242858       1 schedule_one.go:166] "scheduling algorithm completed" duration ="14.245883ms" pod="default/resnet-00001-deployment-5c95599d68-tmc9t"
I0630 08:01:09.243659       1 schedule_one.go:166] "scheduling algorithm completed" duration ="7.551164ms" pod="default/resnet-00001-deployment-5c95599d68-gzw4t"
I0630 08:10:09.770045       1 schedule_one.go:67] === MON SCHEDULER MODIFIÉ EST EN TRAIN DE TOURNER ===
I0630 08:10:09.771370       1 schedule_one.go:67] === MON SCHEDULER MODIFIÉ EST EN TRAIN DE TOURNER ===
I0630 08:10:09.773880       1 schedule_one.go:166] "scheduling algorithm completed" duration ="4.931907ms" pod="default/resnet-00001-deployment-5c95599d68-55dxv"
I0630 08:10:09.775829       1 schedule_one.go:166] "scheduling algorithm completed" duration ="5.742818ms" pod="default/mobilenet-00001-deployment-76d95655d-qtv9h"
I0630 08:10:11.236984       1 schedule_one.go:67] === MON SCHEDULER MODIFIÉ EST EN TRAIN DE TOURNER ===
I0630 08:10:11.240915       1 schedule_one.go:67] === MON SCHEDULER MODIFIÉ EST EN TRAIN DE TOURNER ===
I0630 08:10:11.242118       1 schedule_one.go:67] === MON SCHEDULER MODIFIÉ EST EN TRAIN DE TOURNER ===
I0630 08:10:11.242545       1 schedule_one.go:166] "scheduling algorithm completed" duration ="6.357487ms" pod="default/mobilenet-00001-deployment-76d95655d-4fgd5"
I0630 08:10:11.245976       1 schedule_one.go:67] === MON SCHEDULER MODIFIÉ EST EN TRAIN DE TOURNER ===
I0630 08:10:11.247123       1 schedule_one.go:166] "scheduling algorithm completed" duration ="7.664287ms" pod="default/resnet-00001-deployment-5c95599d68-q7fps"
I0630 08:10:11.248771       1 schedule_one.go:166] "scheduling algorithm completed" duration ="7.817881ms" pod="default/mobilenet-00001-deployment-76d95655d-lzztj"
I0630 08:10:11.252139       1 schedule_one.go:166] "scheduling algorithm completed" duration ="6.935525ms" pod="default/resnet-00001-deployment-5c95599d68-5dt5k"
I0630 08:10:13.224522       1 schedule_one.go:67] === MON SCHEDULER MODIFIÉ EST EN TRAIN DE TOURNER ===
I0630 08:10:13.226386       1 schedule_one.go:67] === MON SCHEDULER MODIFIÉ EST EN TRAIN DE TOURNER ===
I0630 08:10:13.231072       1 schedule_one.go:166] "scheduling algorithm completed" duration ="8.000326ms" pod="default/resnet-00001-deployment-5c95599d68-75m5v"
I0630 08:10:13.232047       1 schedule_one.go:67] === MON SCHEDULER MODIFIÉ EST EN TRAIN DE TOURNER ===
I0630 08:10:13.232828       1 schedule_one.go:67] === MON SCHEDULER MODIFIÉ EST EN TRAIN DE TOURNER ===
I0630 08:10:13.234851       1 schedule_one.go:67] === MON SCHEDULER MODIFIÉ EST EN TRAIN DE TOURNER ===
I0630 08:10:13.235287       1 schedule_one.go:166] "scheduling algorithm completed" duration ="10.222964ms" pod="default/mobilenet-00001-deployment-76d95655d-7z7h7"
I0630 08:10:13.236745       1 schedule_one.go:67] === MON SCHEDULER MODIFIÉ EST EN TRAIN DE TOURNER ===
I0630 08:10:13.238622       1 schedule_one.go:67] === MON SCHEDULER MODIFIÉ EST EN TRAIN DE TOURNER ===
I0630 08:10:13.239435       1 schedule_one.go:67] === MON SCHEDULER MODIFIÉ EST EN TRAIN DE TOURNER ===
I0630 08:10:13.240970       1 schedule_one.go:166] "scheduling algorithm completed" duration ="8.839959ms" pod="default/resnet-00001-deployment-5c95599d68-ps8dv"
I0630 08:10:13.243183       1 schedule_one.go:166] "scheduling algorithm completed" duration ="12.395694ms" pod="default/resnet-00001-deployment-5c95599d68-g9wrn"
I0630 08:10:13.243482       1 schedule_one.go:67] === MON SCHEDULER MODIFIÉ EST EN TRAIN DE TOURNER ===
I0630 08:10:13.245178       1 schedule_one.go:67] === MON SCHEDULER MODIFIÉ EST EN TRAIN DE TOURNER ===
I0630 08:10:13.246086       1 schedule_one.go:166] "scheduling algorithm completed" duration ="12.29212ms" pod="default/mobilenet-00001-deployment-76d95655d-c7fhr"
I0630 08:10:13.246491       1 schedule_one.go:67] === MON SCHEDULER MODIFIÉ EST EN TRAIN DE TOURNER ===
I0630 08:10:13.247375       1 schedule_one.go:166] "scheduling algorithm completed" duration ="11.638729ms" pod="default/mobilenet-00001-deployment-76d95655d-4bbt8"
I0630 08:10:13.248212       1 schedule_one.go:166] "scheduling algorithm completed" duration ="10.527299ms" pod="default/resnet-00001-deployment-5c95599d68-xg5rp"
I0630 08:10:13.251013       1 schedule_one.go:166] "scheduling algorithm completed" duration ="12.222916ms" pod="default/resnet-00001-deployment-5c95599d68-9d7hx"
I0630 08:10:13.270885       1 schedule_one.go:166] "scheduling algorithm completed" duration ="29.088256ms" pod="default/resnet-00001-deployment-5c95599d68-ft4hn"
I0630 08:10:13.271564       1 schedule_one.go:166] "scheduling algorithm completed" duration ="28.049382ms" pod="default/mobilenet-00001-deployment-76d95655d-2fz24"
I0630 08:10:13.278631       1 schedule_one.go:166] "scheduling algorithm completed" duration ="33.372495ms" pod="default/mobilenet-00001-deployment-76d95655d-26qjm"
I0630 08:10:15.227135       1 schedule_one.go:67] === MON SCHEDULER MODIFIÉ EST EN TRAIN DE TOURNER ===
I0630 08:10:15.233563       1 schedule_one.go:67] === MON SCHEDULER MODIFIÉ EST EN TRAIN DE TOURNER ===
I0630 08:10:15.235531       1 schedule_one.go:166] "scheduling algorithm completed" duration ="9.090404ms" pod="default/resnet-00001-deployment-5c95599d68-7k22c"
I0630 08:10:15.235986       1 schedule_one.go:67] === MON SCHEDULER MODIFIÉ EST EN TRAIN DE TOURNER ===
I0630 08:10:15.238774       1 schedule_one.go:67] === MON SCHEDULER MODIFIÉ EST EN TRAIN DE TOURNER ===
I0630 08:10:15.242070       1 schedule_one.go:67] === MON SCHEDULER MODIFIÉ EST EN TRAIN DE TOURNER ===
I0630 08:10:15.243510       1 schedule_one.go:67] === MON SCHEDULER MODIFIÉ EST EN TRAIN DE TOURNER ===
I0630 08:10:15.244245       1 schedule_one.go:166] "scheduling algorithm completed" duration ="11.843692ms" pod="default/resnet-00001-deployment-5c95599d68-nftnj"
I0630 08:10:15.245618       1 schedule_one.go:166] "scheduling algorithm completed" duration ="12.023156ms" pod="default/resnet-00001-deployment-5c95599d68-ds6kc"
I0630 08:10:15.246350       1 schedule_one.go:67] === MON SCHEDULER MODIFIÉ EST EN TRAIN DE TOURNER ===
I0630 08:10:15.247427       1 schedule_one.go:166] "scheduling algorithm completed" duration ="6.218468ms" pod="default/resnet-00001-deployment-5c95599d68-tr8h7"
I0630 08:10:15.247497       1 schedule_one.go:166] "scheduling algorithm completed" duration ="9.543536ms" pod="default/resnet-00001-deployment-5c95599d68-llh5d"
I0630 08:10:15.252348       1 schedule_one.go:166] "scheduling algorithm completed" duration ="8.799274ms" pod="default/resnet-00001-deployment-5c95599d68-h8mnn"
I0630 08:10:15.254885       1 schedule_one.go:166] "scheduling algorithm completed" duration ="12.029378ms" pod="default/resnet-00001-deployment-5c95599d68-qwtqn"
I0630 08:10:15.255169       1 schedule_one.go:67] === MON SCHEDULER MODIFIÉ EST EN TRAIN DE TOURNER ===
I0630 08:10:15.262050       1 schedule_one.go:166] "scheduling algorithm completed" duration ="8.259734ms" pod="default/resnet-00001-deployment-5c95599d68-vdgwd"
I0630 08:10:17.228507       1 schedule_one.go:67] === MON SCHEDULER MODIFIÉ EST EN TRAIN DE TOURNER ===
I0630 08:10:17.232707       1 schedule_one.go:67] === MON SCHEDULER MODIFIÉ EST EN TRAIN DE TOURNER ===
I0630 08:10:17.234245       1 schedule_one.go:166] "scheduling algorithm completed" duration ="6.864378ms" pod="default/resnet-00001-deployment-5c95599d68-t7mpz"
I0630 08:10:17.234464       1 schedule_one.go:67] === MON SCHEDULER MODIFIÉ EST EN TRAIN DE TOURNER ===
I0630 08:10:17.238635       1 schedule_one.go:67] === MON SCHEDULER MODIFIÉ EST EN TRAIN DE TOURNER ===
I0630 08:10:17.241319       1 schedule_one.go:67] === MON SCHEDULER MODIFIÉ EST EN TRAIN DE TOURNER ===
I0630 08:10:17.242691       1 schedule_one.go:67] === MON SCHEDULER MODIFIÉ EST EN TRAIN DE TOURNER ===
I0630 08:10:17.242814       1 schedule_one.go:166] "scheduling algorithm completed" duration ="9.739185ms" pod="default/resnet-00001-deployment-5c95599d68-8m6dn"
I0630 08:10:17.245002       1 schedule_one.go:166] "scheduling algorithm completed" duration ="13.226179ms" pod="default/resnet-00001-deployment-5c95599d68-r5c7b"
I0630 08:10:17.245564       1 schedule_one.go:67] === MON SCHEDULER MODIFIÉ EST EN TRAIN DE TOURNER ===
I0630 08:10:17.247100       1 schedule_one.go:166] "scheduling algorithm completed" duration ="10.305964ms" pod="default/resnet-00001-deployment-5c95599d68-vdxsc"
I0630 08:10:17.249462       1 schedule_one.go:67] === MON SCHEDULER MODIFIÉ EST EN TRAIN DE TOURNER ===
I0630 08:10:17.249844       1 schedule_one.go:166] "scheduling algorithm completed" duration ="9.341664ms" pod="default/resnet-00001-deployment-5c95599d68-phs6b"
I0630 08:10:17.250702       1 schedule_one.go:166] "scheduling algorithm completed" duration ="9.352739ms" pod="default/resnet-00001-deployment-5c95599d68-4sh7v"
I0630 08:10:17.252424       1 schedule_one.go:166] "scheduling algorithm completed" duration ="9.681444ms" pod="default/resnet-00001-deployment-5c95599d68-qhhsm"
I0630 08:10:17.254057       1 schedule_one.go:166] "scheduling algorithm completed" duration ="5.754114ms" pod="default/resnet-00001-deployment-5c95599d68-h7rkk"
I0630 08:10:19.249927       1 schedule_one.go:67] === MON SCHEDULER MODIFIÉ EST EN TRAIN DE TOURNER ===
I0630 08:10:19.253777       1 schedule_one.go:166] "scheduling algorithm completed" duration ="5.487187ms" pod="default/resnet-00001-deployment-5c95599d68-b6rm8"
I0630 08:10:19.256325       1 schedule_one.go:67] === MON SCHEDULER MODIFIÉ EST EN TRAIN DE TOURNER ===
I0630 08:10:19.257659       1 schedule_one.go:67] === MON SCHEDULER MODIFIÉ EST EN TRAIN DE TOURNER ===
I0630 08:10:19.262097       1 schedule_one.go:166] "scheduling algorithm completed" duration ="6.720303ms" pod="default/resnet-00001-deployment-5c95599d68-926cv"
I0630 08:10:19.262995       1 schedule_one.go:166] "scheduling algorithm completed" duration ="6.632469ms" pod="default/resnet-00001-deployment-5c95599d68-g6qmd"
I0630 08:20:16.508916       1 schedule_one.go:67] === MON SCHEDULER MODIFIÉ EST EN TRAIN DE TOURNER ===
I0630 08:20:16.510137       1 schedule_one.go:67] === MON SCHEDULER MODIFIÉ EST EN TRAIN DE TOURNER ===
I0630 08:20:16.515404       1 schedule_one.go:166] "scheduling algorithm completed" duration ="6.448374ms" pod="default/resnet-00001-deployment-5c95599d68-vn6b2"
I0630 08:20:16.517527       1 schedule_one.go:166] "scheduling algorithm completed" duration ="9.818672ms" pod="default/mobilenet-00001-deployment-76d95655d-glgbk"
I0630 08:20:17.232849       1 schedule_one.go:67] === MON SCHEDULER MODIFIÉ EST EN TRAIN DE TOURNER ===
I0630 08:20:17.234250       1 schedule_one.go:67] === MON SCHEDULER MODIFIÉ EST EN TRAIN DE TOURNER ===
I0630 08:20:17.237001       1 schedule_one.go:67] === MON SCHEDULER MODIFIÉ EST EN TRAIN DE TOURNER ===
I0630 08:20:17.237773       1 schedule_one.go:166] "scheduling algorithm completed" duration ="5.880059ms" pod="default/mobilenet-00001-deployment-76d95655d-gfdnb"
I0630 08:20:17.240120       1 schedule_one.go:166] "scheduling algorithm completed" duration ="7.23556ms" pod="default/resnet-00001-deployment-5c95599d68-c5flw"
I0630 08:20:17.241343       1 schedule_one.go:166] "scheduling algorithm completed" duration ="5.12941ms" pod="default/resnet-00001-deployment-5c95599d68-rn9wk"
I0630 08:20:17.253812       1 schedule_one.go:67] === MON SCHEDULER MODIFIÉ EST EN TRAIN DE TOURNER ===
I0630 08:20:17.265037       1 schedule_one.go:166] "scheduling algorithm completed" duration ="11.921988ms" pod="default/mobilenet-00001-deployment-76d95655d-7xrjp"
I0630 08:20:19.227412       1 schedule_one.go:67] === MON SCHEDULER MODIFIÉ EST EN TRAIN DE TOURNER ===
I0630 08:20:19.228237       1 schedule_one.go:67] === MON SCHEDULER MODIFIÉ EST EN TRAIN DE TOURNER ===
I0630 08:20:19.232417       1 schedule_one.go:67] === MON SCHEDULER MODIFIÉ EST EN TRAIN DE TOURNER ===
I0630 08:20:19.233396       1 schedule_one.go:67] === MON SCHEDULER MODIFIÉ EST EN TRAIN DE TOURNER ===
I0630 08:20:19.234747       1 schedule_one.go:67] === MON SCHEDULER MODIFIÉ EST EN TRAIN DE TOURNER ===
I0630 08:20:19.234992       1 schedule_one.go:166] "scheduling algorithm completed" duration ="8.497949ms" pod="default/mobilenet-00001-deployment-76d95655d-cqf5r"
I0630 08:20:19.236036       1 schedule_one.go:166] "scheduling algorithm completed" duration ="8.399949ms" pod="default/resnet-00001-deployment-5c95599d68-d8m8c"
I0630 08:20:19.236661       1 schedule_one.go:67] === MON SCHEDULER MODIFIÉ EST EN TRAIN DE TOURNER ===
I0630 08:20:19.239693       1 schedule_one.go:67] === MON SCHEDULER MODIFIÉ EST EN TRAIN DE TOURNER ===
I0630 08:20:19.240432       1 schedule_one.go:166] "scheduling algorithm completed" duration ="8.767079ms" pod="default/mobilenet-00001-deployment-76d95655d-5wj4w"
I0630 08:20:19.240677       1 schedule_one.go:67] === MON SCHEDULER MODIFIÉ EST EN TRAIN DE TOURNER ===
I0630 08:20:19.241190       1 schedule_one.go:166] "scheduling algorithm completed" duration ="8.718227ms" pod="default/mobilenet-00001-deployment-76d95655d-b9qx2"
I0630 08:20:19.242925       1 schedule_one.go:67] === MON SCHEDULER MODIFIÉ EST EN TRAIN DE TOURNER ===
I0630 08:20:19.244331       1 schedule_one.go:166] "scheduling algorithm completed" duration ="10.619024ms" pod="default/resnet-00001-deployment-5c95599d68-2vbcl"
I0630 08:20:19.252028       1 schedule_one.go:166] "scheduling algorithm completed" duration ="13.434045ms" pod="default/resnet-00001-deployment-5c95599d68-v59nj"
I0630 08:20:19.255989       1 schedule_one.go:166] "scheduling algorithm completed" duration ="16.048898ms" pod="default/resnet-00001-deployment-5c95599d68-sjvv9"
I0630 08:20:19.257287       1 schedule_one.go:166] "scheduling algorithm completed" duration ="21.971605ms" pod="default/resnet-00001-deployment-5c95599d68-w262j"
I0630 08:20:19.271088       1 schedule_one.go:67] === MON SCHEDULER MODIFIÉ EST EN TRAIN DE TOURNER ===
I0630 08:20:19.272662       1 schedule_one.go:67] === MON SCHEDULER MODIFIÉ EST EN TRAIN DE TOURNER ===
I0630 08:20:19.277313       1 schedule_one.go:67] === MON SCHEDULER MODIFIÉ EST EN TRAIN DE TOURNER ===
I0630 08:20:19.283525       1 schedule_one.go:166] "scheduling algorithm completed" duration ="8.554523ms" pod="default/mobilenet-00001-deployment-76d95655d-tx7pv"
I0630 08:20:19.284456       1 schedule_one.go:67] === MON SCHEDULER MODIFIÉ EST EN TRAIN DE TOURNER ===
I0630 08:20:19.286234       1 schedule_one.go:166] "scheduling algorithm completed" duration ="45.525285ms" pod="default/resnet-00001-deployment-5c95599d68-hbbk2"
I0630 08:20:19.297071       1 schedule_one.go:166] "scheduling algorithm completed" duration ="13.825563ms" pod="default/mobilenet-00001-deployment-76d95655d-9fmrb"
I0630 08:20:19.298423       1 schedule_one.go:166] "scheduling algorithm completed" duration ="28.18409ms" pod="default/mobilenet-00001-deployment-76d95655d-45m9q"
I0630 08:20:19.300740       1 schedule_one.go:166] "scheduling algorithm completed" duration ="29.263572ms" pod="default/mobilenet-00001-deployment-76d95655d-8wwkh"
I0630 08:20:21.235353       1 schedule_one.go:67] === MON SCHEDULER MODIFIÉ EST EN TRAIN DE TOURNER ===
I0630 08:20:21.236552       1 schedule_one.go:67] === MON SCHEDULER MODIFIÉ EST EN TRAIN DE TOURNER ===
I0630 08:20:21.240123       1 schedule_one.go:166] "scheduling algorithm completed" duration ="5.498781ms" pod="default/mobilenet-00001-deployment-76d95655d-q2njp"
I0630 08:20:21.243702       1 schedule_one.go:166] "scheduling algorithm completed" duration ="7.759338ms" pod="default/resnet-00001-deployment-5c95599d68-cns7c"
I0630 08:20:21.253094       1 schedule_one.go:67] === MON SCHEDULER MODIFIÉ EST EN TRAIN DE TOURNER ===
I0630 08:20:21.255703       1 schedule_one.go:67] === MON SCHEDULER MODIFIÉ EST EN TRAIN DE TOURNER ===
I0630 08:20:21.257588       1 schedule_one.go:166] "scheduling algorithm completed" duration ="5.307262ms" pod="default/resnet-00001-deployment-5c95599d68-ttb7c"
I0630 08:20:21.260474       1 schedule_one.go:67] === MON SCHEDULER MODIFIÉ EST EN TRAIN DE TOURNER ===
I0630 08:20:21.260761       1 schedule_one.go:166] "scheduling algorithm completed" duration ="7.627171ms" pod="default/resnet-00001-deployment-5c95599d68-8h8wb"
I0630 08:20:21.266992       1 schedule_one.go:166] "scheduling algorithm completed" duration ="7.023745ms" pod="default/resnet-00001-deployment-5c95599d68-knhl8"
I0630 08:20:23.228952       1 schedule_one.go:67] === MON SCHEDULER MODIFIÉ EST EN TRAIN DE TOURNER ===
I0630 08:20:23.230000       1 schedule_one.go:67] === MON SCHEDULER MODIFIÉ EST EN TRAIN DE TOURNER ===
I0630 08:20:23.231307       1 schedule_one.go:166] "scheduling algorithm completed" duration ="6.276522ms" pod="default/resnet-00001-deployment-5c95599d68-92mms"
I0630 08:20:23.232462       1 schedule_one.go:67] === MON SCHEDULER MODIFIÉ EST EN TRAIN DE TOURNER ===
I0630 08:20:23.234945       1 schedule_one.go:67] === MON SCHEDULER MODIFIÉ EST EN TRAIN DE TOURNER ===
I0630 08:20:23.237867       1 schedule_one.go:166] "scheduling algorithm completed" duration ="8.864171ms" pod="default/resnet-00001-deployment-5c95599d68-q2bcv"
I0630 08:20:23.238285       1 schedule_one.go:166] "scheduling algorithm completed" duration ="7.298912ms" pod="default/resnet-00001-deployment-5c95599d68-6df5z"
I0630 08:20:23.238569       1 schedule_one.go:67] === MON SCHEDULER MODIFIÉ EST EN TRAIN DE TOURNER ===
I0630 08:20:23.239991       1 schedule_one.go:67] === MON SCHEDULER MODIFIÉ EST EN TRAIN DE TOURNER ===
I0630 08:20:23.242273       1 schedule_one.go:166] "scheduling algorithm completed" duration ="7.995523ms" pod="default/resnet-00001-deployment-5c95599d68-r29dm"
I0630 08:20:23.242754       1 schedule_one.go:67] === MON SCHEDULER MODIFIÉ EST EN TRAIN DE TOURNER ===
I0630 08:20:23.243471       1 schedule_one.go:166] "scheduling algorithm completed" duration ="6.629615ms" pod="default/resnet-00001-deployment-5c95599d68-wlrpq"
I0630 08:20:23.245904       1 schedule_one.go:67] === MON SCHEDULER MODIFIÉ EST EN TRAIN DE TOURNER ===
I0630 08:20:23.246186       1 schedule_one.go:166] "scheduling algorithm completed" duration ="7.595689ms" pod="default/resnet-00001-deployment-5c95599d68-mjvlm"
I0630 08:20:23.247693       1 schedule_one.go:166] "scheduling algorithm completed" duration ="7.33356ms" pod="default/resnet-00001-deployment-5c95599d68-s29ln"
I0630 08:20:23.251157       1 schedule_one.go:166] "scheduling algorithm completed" duration ="7.629116ms" pod="default/resnet-00001-deployment-5c95599d68-7wxcd"
I0630 08:20:25.227192       1 schedule_one.go:67] === MON SCHEDULER MODIFIÉ EST EN TRAIN DE TOURNER ===
I0630 08:20:25.233261       1 schedule_one.go:67] === MON SCHEDULER MODIFIÉ EST EN TRAIN DE TOURNER ===
I0630 08:20:25.234135       1 schedule_one.go:67] === MON SCHEDULER MODIFIÉ EST EN TRAIN DE TOURNER ===
I0630 08:20:25.234753       1 schedule_one.go:166] "scheduling algorithm completed" duration ="8.65082ms" pod="default/resnet-00001-deployment-5c95599d68-65dsv"
I0630 08:20:25.235671       1 schedule_one.go:67] === MON SCHEDULER MODIFIÉ EST EN TRAIN DE TOURNER ===
I0630 08:20:25.237478       1 schedule_one.go:166] "scheduling algorithm completed" duration ="5.005152ms" pod="default/resnet-00001-deployment-5c95599d68-nncj4"
I0630 08:20:25.238446       1 schedule_one.go:166] "scheduling algorithm completed" duration ="5.141374ms" pod="default/resnet-00001-deployment-5c95599d68-59gl8"
I0630 08:20:25.241517       1 schedule_one.go:166] "scheduling algorithm completed" duration ="6.423301ms" pod="default/resnet-00001-deployment-5c95599d68-bnvk4"
I0630 08:20:25.251150       1 schedule_one.go:67] === MON SCHEDULER MODIFIÉ EST EN TRAIN DE TOURNER ===
I0630 08:20:25.257863       1 schedule_one.go:166] "scheduling algorithm completed" duration ="21.298587ms" pod="default/resnet-00001-deployment-5c95599d68-z2742"
I0630 08:20:25.258468       1 schedule_one.go:67] === MON SCHEDULER MODIFIÉ EST EN TRAIN DE TOURNER ===
I0630 08:20:25.267689       1 schedule_one.go:166] "scheduling algorithm completed" duration ="16.439936ms" pod="default/resnet-00001-deployment-5c95599d68-bc4cj"
I0630 08:20:27.223522       1 schedule_one.go:67] === MON SCHEDULER MODIFIÉ EST EN TRAIN DE TOURNER ===
I0630 08:20:27.230025       1 schedule_one.go:166] "scheduling algorithm completed" duration ="7.471597ms" pod="default/resnet-00001-deployment-5c95599d68-jqd5c"
I0630 08:30:12.753717       1 schedule_one.go:67] === MON SCHEDULER MODIFIÉ EST EN TRAIN DE TOURNER ===
I0630 08:30:12.754209       1 schedule_one.go:67] === MON SCHEDULER MODIFIÉ EST EN TRAIN DE TOURNER ===
I0630 08:30:12.757864       1 schedule_one.go:166] "scheduling algorithm completed" duration ="4.105714ms" pod="default/mobilenet-00001-deployment-76d95655d-78597"
I0630 08:30:12.760560       1 schedule_one.go:166] "scheduling algorithm completed" duration ="7.620814ms" pod="default/resnet-00001-deployment-5c95599d68-pnw4s"
I0630 08:30:15.225877       1 schedule_one.go:67] === MON SCHEDULER MODIFIÉ EST EN TRAIN DE TOURNER ===
I0630 08:30:15.229003       1 schedule_one.go:67] === MON SCHEDULER MODIFIÉ EST EN TRAIN DE TOURNER ===
I0630 08:30:15.230923       1 schedule_one.go:67] === MON SCHEDULER MODIFIÉ EST EN TRAIN DE TOURNER ===
I0630 08:30:15.231712       1 schedule_one.go:166] "scheduling algorithm completed" duration ="6.541756ms" pod="default/mobilenet-00001-deployment-76d95655d-jnslp"
I0630 08:30:15.232143       1 schedule_one.go:67] === MON SCHEDULER MODIFIÉ EST EN TRAIN DE TOURNER ===
I0630 08:30:15.234425       1 schedule_one.go:67] === MON SCHEDULER MODIFIÉ EST EN TRAIN DE TOURNER ===
I0630 08:30:15.235984       1 schedule_one.go:166] "scheduling algorithm completed" duration ="7.659277ms" pod="default/mobilenet-00001-deployment-76d95655d-2pndp"
I0630 08:30:15.238354       1 schedule_one.go:67] === MON SCHEDULER MODIFIÉ EST EN TRAIN DE TOURNER ===
I0630 08:30:15.239942       1 schedule_one.go:166] "scheduling algorithm completed" duration ="9.801338ms" pod="default/resnet-00001-deployment-5c95599d68-x2pgm"
I0630 08:30:15.247354       1 schedule_one.go:67] === MON SCHEDULER MODIFIÉ EST EN TRAIN DE TOURNER ===
I0630 08:30:15.250747       1 schedule_one.go:67] === MON SCHEDULER MODIFIÉ EST EN TRAIN DE TOURNER ===
I0630 08:30:15.252029       1 schedule_one.go:67] === MON SCHEDULER MODIFIÉ EST EN TRAIN DE TOURNER ===
I0630 08:30:15.252287       1 schedule_one.go:166] "scheduling algorithm completed" duration ="21.325161ms" pod="default/mobilenet-00001-deployment-76d95655d-lpwhs"
I0630 08:30:15.258303       1 schedule_one.go:67] === MON SCHEDULER MODIFIÉ EST EN TRAIN DE TOURNER ===
I0630 08:30:15.260069       1 schedule_one.go:166] "scheduling algorithm completed" duration ="22.51883ms" pod="default/resnet-00001-deployment-5c95599d68-zp992"
I0630 08:30:15.260278       1 schedule_one.go:67] === MON SCHEDULER MODIFIÉ EST EN TRAIN DE TOURNER ===
I0630 08:30:15.263182       1 schedule_one.go:67] === MON SCHEDULER MODIFIÉ EST EN TRAIN DE TOURNER ===
I0630 08:30:15.264764       1 schedule_one.go:67] === MON SCHEDULER MODIFIÉ EST EN TRAIN DE TOURNER ===
I0630 08:30:15.264989       1 schedule_one.go:166] "scheduling algorithm completed" duration ="18.645247ms" pod="default/mobilenet-00001-deployment-76d95655d-2kwql"
I0630 08:30:15.265190       1 schedule_one.go:166] "scheduling algorithm completed" duration ="31.721111ms" pod="default/resnet-00001-deployment-5c95599d68-gk6ph"
I0630 08:30:15.268089       1 schedule_one.go:67] === MON SCHEDULER MODIFIÉ EST EN TRAIN DE TOURNER ===
I0630 08:30:15.269469       1 schedule_one.go:166] "scheduling algorithm completed" duration ="19.489861ms" pod="default/mobilenet-00001-deployment-76d95655d-zsdst"
I0630 08:30:15.269469       1 schedule_one.go:166] "scheduling algorithm completed" duration ="18.470061ms" pod="default/mobilenet-00001-deployment-76d95655d-zsmnr"
I0630 08:30:15.271510       1 schedule_one.go:166] "scheduling algorithm completed" duration ="14.418423ms" pod="default/mobilenet-00001-deployment-76d95655d-rw5lt"
I0630 08:30:15.280258       1 schedule_one.go:166] "scheduling algorithm completed" duration ="20.772419ms" pod="default/resnet-00001-deployment-5c95599d68-489lv"
I0630 08:30:15.284156       1 schedule_one.go:166] "scheduling algorithm completed" duration ="20.320826ms" pod="default/resnet-00001-deployment-5c95599d68-6t956"
I0630 08:30:15.284721       1 schedule_one.go:166] "scheduling algorithm completed" duration ="22.461793ms" pod="default/resnet-00001-deployment-5c95599d68-sk6nm"
I0630 08:30:15.291704       1 schedule_one.go:166] "scheduling algorithm completed" duration ="24.88067ms" pod="default/resnet-00001-deployment-5c95599d68-q6hdf"
I0630 08:30:17.227214       1 schedule_one.go:67] === MON SCHEDULER MODIFIÉ EST EN TRAIN DE TOURNER ===
I0630 08:30:17.232044       1 schedule_one.go:67] === MON SCHEDULER MODIFIÉ EST EN TRAIN DE TOURNER ===
I0630 08:30:17.232822       1 schedule_one.go:67] === MON SCHEDULER MODIFIÉ EST EN TRAIN DE TOURNER ===
I0630 08:30:17.233611       1 schedule_one.go:67] === MON SCHEDULER MODIFIÉ EST EN TRAIN DE TOURNER ===
I0630 08:30:17.234059       1 schedule_one.go:166] "scheduling algorithm completed" duration ="7.481185ms" pod="default/resnet-00001-deployment-5c95599d68-4xtzp"
I0630 08:30:17.238295       1 schedule_one.go:166] "scheduling algorithm completed" duration ="6.894201ms" pod="default/mobilenet-00001-deployment-76d95655d-5qz2v"
I0630 08:30:17.239201       1 schedule_one.go:166] "scheduling algorithm completed" duration ="7.12835ms" pod="default/resnet-00001-deployment-5c95599d68-dm54b"
I0630 08:30:17.239641       1 schedule_one.go:166] "scheduling algorithm completed" duration ="6.676349ms" pod="default/resnet-00001-deployment-5c95599d68-bnljm"
I0630 08:30:17.244514       1 schedule_one.go:67] === MON SCHEDULER MODIFIÉ EST EN TRAIN DE TOURNER ===
I0630 08:30:17.246688       1 schedule_one.go:67] === MON SCHEDULER MODIFIÉ EST EN TRAIN DE TOURNER ===
I0630 08:30:17.249201       1 schedule_one.go:166] "scheduling algorithm completed" duration ="5.293179ms" pod="default/resnet-00001-deployment-5c95599d68-g76c2"
I0630 08:30:17.252242       1 schedule_one.go:166] "scheduling algorithm completed" duration ="6.180051ms" pod="default/mobilenet-00001-deployment-76d95655d-s69mj"
I0630 08:30:19.224141       1 schedule_one.go:67] === MON SCHEDULER MODIFIÉ EST EN TRAIN DE TOURNER ===
I0630 08:30:19.226423       1 schedule_one.go:67] === MON SCHEDULER MODIFIÉ EST EN TRAIN DE TOURNER ===
I0630 08:30:19.229150       1 schedule_one.go:166] "scheduling algorithm completed" duration ="5.697328ms" pod="default/resnet-00001-deployment-5c95599d68-n7dq4"
I0630 08:30:19.229561       1 schedule_one.go:67] === MON SCHEDULER MODIFIÉ EST EN TRAIN DE TOURNER ===
I0630 08:30:19.231139       1 schedule_one.go:166] "scheduling algorithm completed" duration ="5.289735ms" pod="default/resnet-00001-deployment-5c95599d68-znc8c"
I0630 08:30:19.235699       1 schedule_one.go:166] "scheduling algorithm completed" duration ="6.767423ms" pod="default/resnet-00001-deployment-5c95599d68-jdnt7"
I0630 08:30:19.239088       1 schedule_one.go:67] === MON SCHEDULER MODIFIÉ EST EN TRAIN DE TOURNER ===
I0630 08:30:19.242084       1 schedule_one.go:67] === MON SCHEDULER MODIFIÉ EST EN TRAIN DE TOURNER ===
I0630 08:30:19.242909       1 schedule_one.go:67] === MON SCHEDULER MODIFIÉ EST EN TRAIN DE TOURNER ===
I0630 08:30:19.243828       1 schedule_one.go:166] "scheduling algorithm completed" duration ="5.306476ms" pod="default/resnet-00001-deployment-5c95599d68-hws4z"
I0630 08:30:19.247173       1 schedule_one.go:67] === MON SCHEDULER MODIFIÉ EST EN TRAIN DE TOURNER ===
I0630 08:30:19.247238       1 schedule_one.go:166] "scheduling algorithm completed" duration ="5.85631ms" pod="default/resnet-00001-deployment-5c95599d68-j5cxv"
I0630 08:30:19.248154       1 schedule_one.go:166] "scheduling algorithm completed" duration ="6.040496ms" pod="default/resnet-00001-deployment-5c95599d68-8dcfx"
I0630 08:30:19.250638       1 schedule_one.go:166] "scheduling algorithm completed" duration ="4.070213ms" pod="default/resnet-00001-deployment-5c95599d68-bs7qd"
I0630 08:30:21.224030       1 schedule_one.go:67] === MON SCHEDULER MODIFIÉ EST EN TRAIN DE TOURNER ===
I0630 08:30:21.229503       1 schedule_one.go:67] === MON SCHEDULER MODIFIÉ EST EN TRAIN DE TOURNER ===
I0630 08:30:21.231592       1 schedule_one.go:67] === MON SCHEDULER MODIFIÉ EST EN TRAIN DE TOURNER ===
I0630 08:30:21.232495       1 schedule_one.go:166] "scheduling algorithm completed" duration ="9.473781ms" pod="default/resnet-00001-deployment-5c95599d68-j4qhd"
I0630 08:30:21.234719       1 schedule_one.go:166] "scheduling algorithm completed" duration ="7.467036ms" pod="default/resnet-00001-deployment-5c95599d68-j2xbf"
I0630 08:30:21.235178       1 schedule_one.go:67] === MON SCHEDULER MODIFIÉ EST EN TRAIN DE TOURNER ===
I0630 08:30:21.237305       1 schedule_one.go:166] "scheduling algorithm completed" duration ="7.717741ms" pod="default/resnet-00001-deployment-5c95599d68-tbcnk"
I0630 08:30:21.241560       1 schedule_one.go:67] === MON SCHEDULER MODIFIÉ EST EN TRAIN DE TOURNER ===
I0630 08:30:21.243534       1 schedule_one.go:166] "scheduling algorithm completed" duration ="10.941377ms" pod="default/resnet-00001-deployment-5c95599d68-f2v2h"
I0630 08:30:21.244866       1 schedule_one.go:67] === MON SCHEDULER MODIFIÉ EST EN TRAIN DE TOURNER ===
I0630 08:30:21.249133       1 schedule_one.go:166] "scheduling algorithm completed" duration ="13.923255ms" pod="default/resnet-00001-deployment-5c95599d68-86zdx"
I0630 08:30:21.250147       1 schedule_one.go:166] "scheduling algorithm completed" duration ="8.534038ms" pod="default/resnet-00001-deployment-5c95599d68-6trt7"
I0630 08:30:23.225846       1 schedule_one.go:67] === MON SCHEDULER MODIFIÉ EST EN TRAIN DE TOURNER ===
I0630 08:30:23.229807       1 schedule_one.go:67] === MON SCHEDULER MODIFIÉ EST EN TRAIN DE TOURNER ===
I0630 08:30:23.230816       1 schedule_one.go:166] "scheduling algorithm completed" duration ="5.830792ms" pod="default/resnet-00001-deployment-5c95599d68-9zspj"
I0630 08:30:23.234045       1 schedule_one.go:67] === MON SCHEDULER MODIFIÉ EST EN TRAIN DE TOURNER ===
I0630 08:30:23.234130       1 schedule_one.go:166] "scheduling algorithm completed" duration ="6.031533ms" pod="default/resnet-00001-deployment-5c95599d68-vmnbb"
I0630 08:30:23.240714       1 schedule_one.go:166] "scheduling algorithm completed" duration ="10.864803ms" pod="default/resnet-00001-deployment-5c95599d68-74b5z"
I0630 08:40:14.753573       1 schedule_one.go:67] === MON SCHEDULER MODIFIÉ EST EN TRAIN DE TOURNER ===
I0630 08:40:14.754291       1 schedule_one.go:67] === MON SCHEDULER MODIFIÉ EST EN TRAIN DE TOURNER ===
I0630 08:40:14.762736       1 schedule_one.go:166] "scheduling algorithm completed" duration ="9.914102ms" pod="default/mobilenet-00001-deployment-76d95655d-wqggq"
I0630 08:40:14.764374       1 schedule_one.go:166] "scheduling algorithm completed" duration ="10.766865ms" pod="default/resnet-00001-deployment-5c95599d68-chsp8"
I0630 08:40:17.223182       1 schedule_one.go:67] === MON SCHEDULER MODIFIÉ EST EN TRAIN DE TOURNER ===
I0630 08:40:17.224485       1 schedule_one.go:67] === MON SCHEDULER MODIFIÉ EST EN TRAIN DE TOURNER ===
I0630 08:40:17.225940       1 schedule_one.go:67] === MON SCHEDULER MODIFIÉ EST EN TRAIN DE TOURNER ===
I0630 08:40:17.227087       1 schedule_one.go:67] === MON SCHEDULER MODIFIÉ EST EN TRAIN DE TOURNER ===
I0630 08:40:17.228287       1 schedule_one.go:67] === MON SCHEDULER MODIFIÉ EST EN TRAIN DE TOURNER ===
I0630 08:40:17.228479       1 schedule_one.go:166] "scheduling algorithm completed" duration ="6.800631ms" pod="default/resnet-00001-deployment-5c95599d68-rmpgx"
I0630 08:40:17.231008       1 schedule_one.go:67] === MON SCHEDULER MODIFIÉ EST EN TRAIN DE TOURNER ===
I0630 08:40:17.233051       1 schedule_one.go:166] "scheduling algorithm completed" duration ="9.830622ms" pod="default/mobilenet-00001-deployment-76d95655d-4vs7x"
I0630 08:40:17.237167       1 schedule_one.go:166] "scheduling algorithm completed" duration ="12.37911ms" pod="default/resnet-00001-deployment-5c95599d68-sd26p"
I0630 08:40:17.239500       1 schedule_one.go:166] "scheduling algorithm completed" duration ="13.520169ms" pod="default/resnet-00001-deployment-5c95599d68-lff2d"
I0630 08:40:17.241624       1 schedule_one.go:166] "scheduling algorithm completed" duration ="14.340301ms" pod="default/mobilenet-00001-deployment-76d95655d-db54r"
I0630 08:40:17.242445       1 schedule_one.go:67] === MON SCHEDULER MODIFIÉ EST EN TRAIN DE TOURNER ===
I0630 08:40:17.243572       1 schedule_one.go:67] === MON SCHEDULER MODIFIÉ EST EN TRAIN DE TOURNER ===
I0630 08:40:17.244416       1 schedule_one.go:67] === MON SCHEDULER MODIFIÉ EST EN TRAIN DE TOURNER ===
I0630 08:40:17.246776       1 schedule_one.go:166] "scheduling algorithm completed" duration ="16.997624ms" pod="default/mobilenet-00001-deployment-76d95655d-bzt4g"
I0630 08:40:17.252079       1 schedule_one.go:67] === MON SCHEDULER MODIFIÉ EST EN TRAIN DE TOURNER ===
I0630 08:40:17.254329       1 schedule_one.go:67] === MON SCHEDULER MODIFIÉ EST EN TRAIN DE TOURNER ===
I0630 08:40:17.255713       1 schedule_one.go:166] "scheduling algorithm completed" duration ="13.233298ms" pod="default/resnet-00001-deployment-5c95599d68-kjnhw"
I0630 08:40:17.256811       1 schedule_one.go:67] === MON SCHEDULER MODIFIÉ EST EN TRAIN DE TOURNER ===
I0630 08:40:17.260932       1 schedule_one.go:166] "scheduling algorithm completed" duration ="17.324569ms" pod="default/resnet-00001-deployment-5c95599d68-zd7tk"
I0630 08:40:17.268871       1 schedule_one.go:166] "scheduling algorithm completed" duration ="29.458863ms" pod="default/resnet-00001-deployment-5c95599d68-2bvwk"
I0630 08:40:17.274868       1 schedule_one.go:166] "scheduling algorithm completed" duration ="23.713198ms" pod="default/mobilenet-00001-deployment-76d95655d-9h2gn"
I0630 08:40:17.282336       1 schedule_one.go:166] "scheduling algorithm completed" duration ="26.511077ms" pod="default/mobilenet-00001-deployment-76d95655d-q5v2h"
I0630 08:40:17.284442       1 schedule_one.go:166] "scheduling algorithm completed" duration ="31.193128ms" pod="default/mobilenet-00001-deployment-76d95655d-bmd5x"
I0630 08:40:19.221381       1 schedule_one.go:67] === MON SCHEDULER MODIFIÉ EST EN TRAIN DE TOURNER ===
I0630 08:40:19.225786       1 schedule_one.go:67] === MON SCHEDULER MODIFIÉ EST EN TRAIN DE TOURNER ===
I0630 08:40:19.227116       1 schedule_one.go:166] "scheduling algorithm completed" duration ="6.38876ms" pod="default/mobilenet-00001-deployment-76d95655d-225jz"
I0630 08:40:19.230690       1 schedule_one.go:67] === MON SCHEDULER MODIFIÉ EST EN TRAIN DE TOURNER ===
I0630 08:40:19.235318       1 schedule_one.go:166] "scheduling algorithm completed" duration ="10.109085ms" pod="default/mobilenet-00001-deployment-76d95655d-wjx5d"
I0630 08:40:19.238778       1 schedule_one.go:166] "scheduling algorithm completed" duration ="8.788748ms" pod="default/resnet-00001-deployment-5c95599d68-5l7kg"
I0630 08:40:19.243532       1 schedule_one.go:67] === MON SCHEDULER MODIFIÉ EST EN TRAIN DE TOURNER ===
I0630 08:40:19.244658       1 schedule_one.go:67] === MON SCHEDULER MODIFIÉ EST EN TRAIN DE TOURNER ===
I0630 08:40:19.248917       1 schedule_one.go:67] === MON SCHEDULER MODIFIÉ EST EN TRAIN DE TOURNER ===
I0630 08:40:19.251377       1 schedule_one.go:166] "scheduling algorithm completed" duration ="7.813208ms" pod="default/resnet-00001-deployment-5c95599d68-pns55"
I0630 08:40:19.252793       1 schedule_one.go:166] "scheduling algorithm completed" duration ="11.163718ms" pod="default/resnet-00001-deployment-5c95599d68-wrsrj"
I0630 08:40:19.259027       1 schedule_one.go:166] "scheduling algorithm completed" duration ="10.960735ms" pod="default/resnet-00001-deployment-5c95599d68-lnzx4"
I0630 08:40:21.223110       1 schedule_one.go:67] === MON SCHEDULER MODIFIÉ EST EN TRAIN DE TOURNER ===
I0630 08:40:21.227824       1 schedule_one.go:67] === MON SCHEDULER MODIFIÉ EST EN TRAIN DE TOURNER ===
I0630 08:40:21.228816       1 schedule_one.go:166] "scheduling algorithm completed" duration ="6.386852ms" pod="default/resnet-00001-deployment-5c95599d68-bnttj"
I0630 08:40:21.229721       1 schedule_one.go:67] === MON SCHEDULER MODIFIÉ EST EN TRAIN DE TOURNER ===
I0630 08:40:21.231873       1 schedule_one.go:67] === MON SCHEDULER MODIFIÉ EST EN TRAIN DE TOURNER ===
I0630 08:40:21.233393       1 schedule_one.go:67] === MON SCHEDULER MODIFIÉ EST EN TRAIN DE TOURNER ===
I0630 08:40:21.238045       1 schedule_one.go:67] === MON SCHEDULER MODIFIÉ EST EN TRAIN DE TOURNER ===
I0630 08:40:21.238601       1 schedule_one.go:166] "scheduling algorithm completed" duration ="11.657015ms" pod="default/resnet-00001-deployment-5c95599d68-sv9xp"
I0630 08:40:21.238699       1 schedule_one.go:166] "scheduling algorithm completed" duration ="10.652883ms" pod="default/resnet-00001-deployment-5c95599d68-gmdmk"
I0630 08:40:21.239989       1 schedule_one.go:67] === MON SCHEDULER MODIFIÉ EST EN TRAIN DE TOURNER ===
I0630 08:40:21.244694       1 schedule_one.go:166] "scheduling algorithm completed" duration ="13.571077ms" pod="default/resnet-00001-deployment-5c95599d68-gfrtm"
I0630 08:40:21.245083       1 schedule_one.go:166] "scheduling algorithm completed" duration ="12.489555ms" pod="default/resnet-00001-deployment-5c95599d68-5r55b"
I0630 08:40:21.247765       1 schedule_one.go:166] "scheduling algorithm completed" duration ="9.669639ms" pod="default/resnet-00001-deployment-5c95599d68-q767w"
I0630 08:40:21.249278       1 schedule_one.go:67] === MON SCHEDULER MODIFIÉ EST EN TRAIN DE TOURNER ===
I0630 08:40:21.251053       1 schedule_one.go:67] === MON SCHEDULER MODIFIÉ EST EN TRAIN DE TOURNER ===
I0630 08:40:21.258062       1 schedule_one.go:166] "scheduling algorithm completed" duration ="10.492698ms" pod="default/resnet-00001-deployment-5c95599d68-scrzg"
I0630 08:40:21.263935       1 schedule_one.go:166] "scheduling algorithm completed" duration ="26.756893ms" pod="default/resnet-00001-deployment-5c95599d68-jrf9b"
I0630 08:40:21.265379       1 schedule_one.go:166] "scheduling algorithm completed" duration ="16.068306ms" pod="default/resnet-00001-deployment-5c95599d68-2p9rf"
I0630 08:40:23.223715       1 schedule_one.go:67] === MON SCHEDULER MODIFIÉ EST EN TRAIN DE TOURNER ===
I0630 08:40:23.226743       1 schedule_one.go:67] === MON SCHEDULER MODIFIÉ EST EN TRAIN DE TOURNER ===
I0630 08:40:23.228545       1 schedule_one.go:166] "scheduling algorithm completed" duration ="5.820554ms" pod="default/resnet-00001-deployment-5c95599d68-h52gp"
I0630 08:40:23.229290       1 schedule_one.go:67] === MON SCHEDULER MODIFIÉ EST EN TRAIN DE TOURNER ===
I0630 08:40:23.234272       1 schedule_one.go:67] === MON SCHEDULER MODIFIÉ EST EN TRAIN DE TOURNER ===
I0630 08:40:23.235005       1 schedule_one.go:67] === MON SCHEDULER MODIFIÉ EST EN TRAIN DE TOURNER ===
I0630 08:40:23.236458       1 schedule_one.go:166] "scheduling algorithm completed" duration ="10.251215ms" pod="default/resnet-00001-deployment-5c95599d68-dxpb9"
I0630 08:40:23.236731       1 schedule_one.go:166] "scheduling algorithm completed" duration ="8.520265ms" pod="default/resnet-00001-deployment-5c95599d68-hg54q"
I0630 08:40:23.239236       1 schedule_one.go:166] "scheduling algorithm completed" duration ="5.71259ms" pod="default/resnet-00001-deployment-5c95599d68-m25cx"
I0630 08:40:23.240844       1 schedule_one.go:166] "scheduling algorithm completed" duration ="6.370148ms" pod="default/resnet-00001-deployment-5c95599d68-rgcsd"
I0630 08:40:25.227877       1 schedule_one.go:67] === MON SCHEDULER MODIFIÉ EST EN TRAIN DE TOURNER ===
I0630 08:40:25.234753       1 schedule_one.go:67] === MON SCHEDULER MODIFIÉ EST EN TRAIN DE TOURNER ===
I0630 08:40:25.236193       1 schedule_one.go:166] "scheduling algorithm completed" duration ="9.51575ms" pod="default/resnet-00001-deployment-5c95599d68-n25qq"
I0630 08:40:25.239750       1 schedule_one.go:67] === MON SCHEDULER MODIFIÉ EST EN TRAIN DE TOURNER ===
I0630 08:40:25.240897       1 schedule_one.go:166] "scheduling algorithm completed" duration ="6.886964ms" pod="default/resnet-00001-deployment-5c95599d68-kbjw4"
I0630 08:40:25.245040       1 schedule_one.go:166] "scheduling algorithm completed" duration ="6.212333ms" pod="default/resnet-00001-deployment-5c95599d68-2n4jm"
