I0630 07:52:24.199260       1 serving.go:386] Generated self-signed cert in-memory
W0630 07:52:24.199938       1 client_config.go:683] Neither --kubeconfig nor --master was specified.  Using the inClusterConfig.  This might not work.
I0630 07:52:24.224932       1 scheduler.go:283] ===  SCHEDULer New  ===
I0630 07:52:24.226714       1 scheduler.go:457] "fonction New() construit le scheduler, mais ne commence pas à scheduler les pods, c'est la fonction Run() qui commence le scheduling des pods." duration ="1.738544ms"
I0630 07:52:24.228798       1 server.go:175] "Starting Kubernetes Scheduler" version="v0.0.0-master+$Format:%H$"
I0630 07:52:24.228824       1 server.go:177] "Golang settings" GOGC="" GOMAXPROCS="" GOTRACEBACK=""
I0630 07:52:24.235778       1 requestheader_controller.go:180] Starting RequestHeaderAuthRequestController
I0630 07:52:24.235858       1 shared_informer.go:375] "Waiting for caches to sync"
I0630 07:52:24.235881       1 configmap_cafile_content.go:205] "Starting controller" name="client-ca::kube-system::extension-apiserver-authentication::requestheader-client-ca-file"
I0630 07:52:24.235899       1 shared_informer.go:375] "Waiting for caches to sync"
I0630 07:52:24.235894       1 configmap_cafile_content.go:205] "Starting controller" name="client-ca::kube-system::extension-apiserver-authentication::client-ca-file"
I0630 07:52:24.235933       1 shared_informer.go:375] "Waiting for caches to sync"
I0630 07:52:24.236164       1 secure_serving.go:211] Serving securely on [::]:10259
I0630 07:52:24.236415       1 tlsconfig.go:243] "Starting DynamicServingCertificateController"
I0630 07:52:24.336265       1 shared_informer.go:382] "Caches are synced"
I0630 07:52:24.336265       1 shared_informer.go:382] "Caches are synced"
I0630 07:52:24.336267       1 shared_informer.go:382] "Caches are synced"
I0630 07:52:24.437746       1 scheduler.go:542] ===  SCHEDULing RUN ===
I0630 07:52:24.437817       1 schedule_one.go:67] === MON SCHEDULER MODIFIÉ EST EN TRAIN DE TOURNER ===
I0630 08:00:58.756098       1 schedule_one.go:67] === MON SCHEDULER MODIFIÉ EST EN TRAIN DE TOURNER ===
I0630 08:00:58.757268       1 schedule_one.go:67] === MON SCHEDULER MODIFIÉ EST EN TRAIN DE TOURNER ===
I0630 08:00:58.761073       1 schedule_one.go:67] === MON SCHEDULER MODIFIÉ EST EN TRAIN DE TOURNER ===
I0630 08:00:58.764312       1 schedule_one.go:67] === MON SCHEDULER MODIFIÉ EST EN TRAIN DE TOURNER ===
I0630 08:00:58.764978       1 schedule_one.go:166] "scheduling algorithm completed" duration ="4.684454ms" pod="default/mobilenet-00001-deployment-76d95655d-s8s2w"
I0630 08:00:58.765823       1 schedule_one.go:166] "scheduling algorithm completed" duration ="11.942988ms" pod="default/mobilenet-00001-deployment-76d95655d-l2mfm"
I0630 08:00:58.765838       1 schedule_one.go:67] === MON SCHEDULER MODIFIÉ EST EN TRAIN DE TOURNER ===
I0630 08:00:58.766886       1 schedule_one.go:67] === MON SCHEDULER MODIFIÉ EST EN TRAIN DE TOURNER ===
I0630 08:00:58.768505       1 schedule_one.go:166] "scheduling algorithm completed" duration ="12.363934ms" pod="default/resnet-00001-deployment-5c95599d68-flgj7"
I0630 08:00:58.772114       1 schedule_one.go:166] "scheduling algorithm completed" duration ="8.84187ms" pod="default/resnet-00001-deployment-5c95599d68-2bx9b"
I0630 08:00:58.773920       1 schedule_one.go:166] "scheduling algorithm completed" duration ="9.570446ms" pod="default/mobilenet-00001-deployment-76d95655d-rfc5l"
I0630 08:00:58.777173       1 schedule_one.go:166] "scheduling algorithm completed" duration ="11.135023ms" pod="default/resnet-00001-deployment-5c95599d68-c6zfc"
I0630 08:00:59.231174       1 schedule_one.go:67] === MON SCHEDULER MODIFIÉ EST EN TRAIN DE TOURNER ===
I0630 08:00:59.233805       1 schedule_one.go:67] === MON SCHEDULER MODIFIÉ EST EN TRAIN DE TOURNER ===
I0630 08:00:59.236870       1 schedule_one.go:166] "scheduling algorithm completed" duration ="6.531791ms" pod="default/mobilenet-00001-deployment-76d95655d-657gs"
I0630 08:00:59.237247       1 schedule_one.go:67] === MON SCHEDULER MODIFIÉ EST EN TRAIN DE TOURNER ===
I0630 08:00:59.239667       1 schedule_one.go:67] === MON SCHEDULER MODIFIÉ EST EN TRAIN DE TOURNER ===
I0630 08:00:59.240506       1 schedule_one.go:166] "scheduling algorithm completed" duration ="7.873961ms" pod="default/resnet-00001-deployment-5c95599d68-77w8v"
I0630 08:00:59.243371       1 schedule_one.go:67] === MON SCHEDULER MODIFIÉ EST EN TRAIN DE TOURNER ===
I0630 08:00:59.246274       1 schedule_one.go:67] === MON SCHEDULER MODIFIÉ EST EN TRAIN DE TOURNER ===
I0630 08:00:59.247346       1 schedule_one.go:67] === MON SCHEDULER MODIFIÉ EST EN TRAIN DE TOURNER ===
I0630 08:00:59.248173       1 schedule_one.go:166] "scheduling algorithm completed" duration ="11.601006ms" pod="default/mobilenet-00001-deployment-76d95655d-t84qz"
I0630 08:00:59.251588       1 schedule_one.go:166] "scheduling algorithm completed" duration ="9.107112ms" pod="default/mobilenet-00001-deployment-76d95655d-xjpbq"
I0630 08:00:59.252057       1 schedule_one.go:166] "scheduling algorithm completed" duration ="14.782716ms" pod="default/mobilenet-00001-deployment-76d95655d-mmvtv"
I0630 08:00:59.256131       1 schedule_one.go:67] === MON SCHEDULER MODIFIÉ EST EN TRAIN DE TOURNER ===
I0630 08:00:59.257734       1 schedule_one.go:166] "scheduling algorithm completed" duration ="12.501842ms" pod="default/mobilenet-00001-deployment-76d95655d-49swb"
I0630 08:00:59.259513       1 schedule_one.go:166] "scheduling algorithm completed" duration ="13.202731ms" pod="default/mobilenet-00001-deployment-76d95655d-6qjqx"
I0630 08:00:59.259664       1 schedule_one.go:67] === MON SCHEDULER MODIFIÉ EST EN TRAIN DE TOURNER ===
I0630 08:00:59.265068       1 schedule_one.go:67] === MON SCHEDULER MODIFIÉ EST EN TRAIN DE TOURNER ===
I0630 08:00:59.267223       1 schedule_one.go:67] === MON SCHEDULER MODIFIÉ EST EN TRAIN DE TOURNER ===
I0630 08:00:59.270297       1 schedule_one.go:166] "scheduling algorithm completed" duration ="15.309088ms" pod="default/resnet-00001-deployment-5c95599d68-h6rnm"
I0630 08:00:59.273377       1 schedule_one.go:67] === MON SCHEDULER MODIFIÉ EST EN TRAIN DE TOURNER ===
I0630 08:00:59.274369       1 schedule_one.go:166] "scheduling algorithm completed" duration ="8.348425ms" pod="default/resnet-00001-deployment-5c95599d68-xknhr"
I0630 08:00:59.281092       1 schedule_one.go:166] "scheduling algorithm completed" duration ="17.169591ms" pod="default/resnet-00001-deployment-5c95599d68-z657c"
I0630 08:00:59.284675       1 schedule_one.go:166] "scheduling algorithm completed" duration ="14.194585ms" pod="default/resnet-00001-deployment-5c95599d68-dzrfk"
I0630 08:00:59.284928       1 schedule_one.go:166] "scheduling algorithm completed" duration ="26.619315ms" pod="default/resnet-00001-deployment-5c95599d68-q2g7q"
I0630 08:01:01.230108       1 schedule_one.go:67] === MON SCHEDULER MODIFIÉ EST EN TRAIN DE TOURNER ===
I0630 08:01:01.233648       1 schedule_one.go:67] === MON SCHEDULER MODIFIÉ EST EN TRAIN DE TOURNER ===
I0630 08:01:01.237528       1 schedule_one.go:67] === MON SCHEDULER MODIFIÉ EST EN TRAIN DE TOURNER ===
I0630 08:01:01.239065       1 schedule_one.go:166] "scheduling algorithm completed" duration ="9.729243ms" pod="default/resnet-00001-deployment-5c95599d68-2862z"
I0630 08:01:01.241174       1 schedule_one.go:67] === MON SCHEDULER MODIFIÉ EST EN TRAIN DE TOURNER ===
I0630 08:01:01.243061       1 schedule_one.go:166] "scheduling algorithm completed" duration ="9.997966ms" pod="default/mobilenet-00001-deployment-76d95655d-l8mb6"
I0630 08:01:01.244897       1 schedule_one.go:166] "scheduling algorithm completed" duration ="8.052128ms" pod="default/resnet-00001-deployment-5c95599d68-shdsb"
I0630 08:01:01.245149       1 schedule_one.go:67] === MON SCHEDULER MODIFIÉ EST EN TRAIN DE TOURNER ===
I0630 08:01:01.246889       1 schedule_one.go:166] "scheduling algorithm completed" duration ="6.653107ms" pod="default/resnet-00001-deployment-5c95599d68-sfjgz"
I0630 08:01:01.247663       1 schedule_one.go:67] === MON SCHEDULER MODIFIÉ EST EN TRAIN DE TOURNER ===
I0630 08:01:01.248407       1 schedule_one.go:67] === MON SCHEDULER MODIFIÉ EST EN TRAIN DE TOURNER ===
I0630 08:01:01.260612       1 schedule_one.go:166] "scheduling algorithm completed" duration ="13.722825ms" pod="default/mobilenet-00001-deployment-76d95655d-5m9mb"
I0630 08:01:01.261593       1 schedule_one.go:166] "scheduling algorithm completed" duration ="13.897567ms" pod="default/mobilenet-00001-deployment-76d95655d-cqpsn"
I0630 08:01:01.284730       1 schedule_one.go:166] "scheduling algorithm completed" duration ="42.837665ms" pod="default/mobilenet-00001-deployment-76d95655d-77b5z"
I0630 08:01:03.225845       1 schedule_one.go:67] === MON SCHEDULER MODIFIÉ EST EN TRAIN DE TOURNER ===
I0630 08:01:03.227664       1 schedule_one.go:67] === MON SCHEDULER MODIFIÉ EST EN TRAIN DE TOURNER ===
I0630 08:01:03.236309       1 schedule_one.go:67] === MON SCHEDULER MODIFIÉ EST EN TRAIN DE TOURNER ===
I0630 08:01:03.236935       1 schedule_one.go:166] "scheduling algorithm completed" duration ="11.693414ms" pod="default/mobilenet-00001-deployment-76d95655d-c6jqg"
I0630 08:01:03.237566       1 schedule_one.go:67] === MON SCHEDULER MODIFIÉ EST EN TRAIN DE TOURNER ===
I0630 08:01:03.238291       1 schedule_one.go:166] "scheduling algorithm completed" duration ="11.294931ms" pod="default/resnet-00001-deployment-5c95599d68-plxhv"
I0630 08:01:03.240673       1 schedule_one.go:166] "scheduling algorithm completed" duration ="5.222881ms" pod="default/resnet-00001-deployment-5c95599d68-tl27l"
I0630 08:01:03.241959       1 schedule_one.go:67] === MON SCHEDULER MODIFIÉ EST EN TRAIN DE TOURNER ===
I0630 08:01:03.243470       1 schedule_one.go:166] "scheduling algorithm completed" duration ="6.696106ms" pod="default/resnet-00001-deployment-5c95599d68-r9jgr"
I0630 08:01:03.248448       1 schedule_one.go:166] "scheduling algorithm completed" duration ="7.649535ms" pod="default/resnet-00001-deployment-5c95599d68-tmlk4"
I0630 08:01:05.231741       1 schedule_one.go:67] === MON SCHEDULER MODIFIÉ EST EN TRAIN DE TOURNER ===
I0630 08:01:05.236591       1 schedule_one.go:67] === MON SCHEDULER MODIFIÉ EST EN TRAIN DE TOURNER ===
I0630 08:01:05.237198       1 schedule_one.go:166] "scheduling algorithm completed" duration ="6.211272ms" pod="default/resnet-00001-deployment-5c95599d68-vhqxk"
I0630 08:01:05.239899       1 schedule_one.go:67] === MON SCHEDULER MODIFIÉ EST EN TRAIN DE TOURNER ===
I0630 08:01:05.242581       1 schedule_one.go:67] === MON SCHEDULER MODIFIÉ EST EN TRAIN DE TOURNER ===
I0630 08:01:05.242708       1 schedule_one.go:166] "scheduling algorithm completed" duration ="7.200348ms" pod="default/resnet-00001-deployment-5c95599d68-4d6v4"
I0630 08:01:05.244286       1 schedule_one.go:67] === MON SCHEDULER MODIFIÉ EST EN TRAIN DE TOURNER ===
I0630 08:01:05.245493       1 schedule_one.go:166] "scheduling algorithm completed" duration ="7.55246ms" pod="default/resnet-00001-deployment-5c95599d68-kxxgg"
I0630 08:01:05.248938       1 schedule_one.go:166] "scheduling algorithm completed" duration ="5.575697ms" pod="default/resnet-00001-deployment-5c95599d68-b2c8z"
I0630 08:01:05.251065       1 schedule_one.go:166] "scheduling algorithm completed" duration ="9.434298ms" pod="default/resnet-00001-deployment-5c95599d68-hb6h4"
I0630 08:01:07.221112       1 schedule_one.go:67] === MON SCHEDULER MODIFIÉ EST EN TRAIN DE TOURNER ===
I0630 08:01:07.226519       1 schedule_one.go:67] === MON SCHEDULER MODIFIÉ EST EN TRAIN DE TOURNER ===
I0630 08:01:07.227481       1 schedule_one.go:67] === MON SCHEDULER MODIFIÉ EST EN TRAIN DE TOURNER ===
I0630 08:01:07.228001       1 schedule_one.go:166] "scheduling algorithm completed" duration ="7.547979ms" pod="default/resnet-00001-deployment-5c95599d68-g4lck"
I0630 08:01:07.233352       1 schedule_one.go:67] === MON SCHEDULER MODIFIÉ EST EN TRAIN DE TOURNER ===
I0630 08:01:07.234343       1 schedule_one.go:67] === MON SCHEDULER MODIFIÉ EST EN TRAIN DE TOURNER ===
I0630 08:01:07.235426       1 schedule_one.go:166] "scheduling algorithm completed" duration ="8.871797ms" pod="default/resnet-00001-deployment-5c95599d68-8c5rl"
I0630 08:01:07.237463       1 schedule_one.go:166] "scheduling algorithm completed" duration ="11.9551ms" pod="default/resnet-00001-deployment-5c95599d68-d9wcp"
I0630 08:01:07.240292       1 schedule_one.go:67] === MON SCHEDULER MODIFIÉ EST EN TRAIN DE TOURNER ===
I0630 08:01:07.242165       1 schedule_one.go:166] "scheduling algorithm completed" duration ="11.231079ms" pod="default/resnet-00001-deployment-5c95599d68-48rbh"
I0630 08:01:07.242677       1 schedule_one.go:166] "scheduling algorithm completed" duration ="8.92ms" pod="default/resnet-00001-deployment-5c95599d68-4rwbn"
I0630 08:01:07.244631       1 schedule_one.go:166] "scheduling algorithm completed" duration ="5.402456ms" pod="default/resnet-00001-deployment-5c95599d68-kzjb6"
I0630 08:01:09.236046       1 schedule_one.go:67] === MON SCHEDULER MODIFIÉ EST EN TRAIN DE TOURNER ===
I0630 08:01:09.239215       1 schedule_one.go:67] === MON SCHEDULER MODIFIÉ EST EN TRAIN DE TOURNER ===
I0630 08:01:09.242858       1 schedule_one.go:166] "scheduling algorithm completed" duration ="14.245883ms" pod="default/resnet-00001-deployment-5c95599d68-tmc9t"
I0630 08:01:09.243659       1 schedule_one.go:166] "scheduling algorithm completed" duration ="7.551164ms" pod="default/resnet-00001-deployment-5c95599d68-gzw4t"
I0630 08:10:09.770045       1 schedule_one.go:67] === MON SCHEDULER MODIFIÉ EST EN TRAIN DE TOURNER ===
I0630 08:10:09.771370       1 schedule_one.go:67] === MON SCHEDULER MODIFIÉ EST EN TRAIN DE TOURNER ===
I0630 08:10:09.773880       1 schedule_one.go:166] "scheduling algorithm completed" duration ="4.931907ms" pod="default/resnet-00001-deployment-5c95599d68-55dxv"
I0630 08:10:09.775829       1 schedule_one.go:166] "scheduling algorithm completed" duration ="5.742818ms" pod="default/mobilenet-00001-deployment-76d95655d-qtv9h"
I0630 08:10:11.236984       1 schedule_one.go:67] === MON SCHEDULER MODIFIÉ EST EN TRAIN DE TOURNER ===
I0630 08:10:11.240915       1 schedule_one.go:67] === MON SCHEDULER MODIFIÉ EST EN TRAIN DE TOURNER ===
I0630 08:10:11.242118       1 schedule_one.go:67] === MON SCHEDULER MODIFIÉ EST EN TRAIN DE TOURNER ===
I0630 08:10:11.242545       1 schedule_one.go:166] "scheduling algorithm completed" duration ="6.357487ms" pod="default/mobilenet-00001-deployment-76d95655d-4fgd5"
I0630 08:10:11.245976       1 schedule_one.go:67] === MON SCHEDULER MODIFIÉ EST EN TRAIN DE TOURNER ===
I0630 08:10:11.247123       1 schedule_one.go:166] "scheduling algorithm completed" duration ="7.664287ms" pod="default/resnet-00001-deployment-5c95599d68-q7fps"
I0630 08:10:11.248771       1 schedule_one.go:166] "scheduling algorithm completed" duration ="7.817881ms" pod="default/mobilenet-00001-deployment-76d95655d-lzztj"
I0630 08:10:11.252139       1 schedule_one.go:166] "scheduling algorithm completed" duration ="6.935525ms" pod="default/resnet-00001-deployment-5c95599d68-5dt5k"
I0630 08:10:13.224522       1 schedule_one.go:67] === MON SCHEDULER MODIFIÉ EST EN TRAIN DE TOURNER ===
I0630 08:10:13.226386       1 schedule_one.go:67] === MON SCHEDULER MODIFIÉ EST EN TRAIN DE TOURNER ===
I0630 08:10:13.231072       1 schedule_one.go:166] "scheduling algorithm completed" duration ="8.000326ms" pod="default/resnet-00001-deployment-5c95599d68-75m5v"
I0630 08:10:13.232047       1 schedule_one.go:67] === MON SCHEDULER MODIFIÉ EST EN TRAIN DE TOURNER ===
I0630 08:10:13.232828       1 schedule_one.go:67] === MON SCHEDULER MODIFIÉ EST EN TRAIN DE TOURNER ===
I0630 08:10:13.234851       1 schedule_one.go:67] === MON SCHEDULER MODIFIÉ EST EN TRAIN DE TOURNER ===
I0630 08:10:13.235287       1 schedule_one.go:166] "scheduling algorithm completed" duration ="10.222964ms" pod="default/mobilenet-00001-deployment-76d95655d-7z7h7"
I0630 08:10:13.236745       1 schedule_one.go:67] === MON SCHEDULER MODIFIÉ EST EN TRAIN DE TOURNER ===
I0630 08:10:13.238622       1 schedule_one.go:67] === MON SCHEDULER MODIFIÉ EST EN TRAIN DE TOURNER ===
I0630 08:10:13.239435       1 schedule_one.go:67] === MON SCHEDULER MODIFIÉ EST EN TRAIN DE TOURNER ===
I0630 08:10:13.240970       1 schedule_one.go:166] "scheduling algorithm completed" duration ="8.839959ms" pod="default/resnet-00001-deployment-5c95599d68-ps8dv"
I0630 08:10:13.243183       1 schedule_one.go:166] "scheduling algorithm completed" duration ="12.395694ms" pod="default/resnet-00001-deployment-5c95599d68-g9wrn"
I0630 08:10:13.243482       1 schedule_one.go:67] === MON SCHEDULER MODIFIÉ EST EN TRAIN DE TOURNER ===
I0630 08:10:13.245178       1 schedule_one.go:67] === MON SCHEDULER MODIFIÉ EST EN TRAIN DE TOURNER ===
I0630 08:10:13.246086       1 schedule_one.go:166] "scheduling algorithm completed" duration ="12.29212ms" pod="default/mobilenet-00001-deployment-76d95655d-c7fhr"
I0630 08:10:13.246491       1 schedule_one.go:67] === MON SCHEDULER MODIFIÉ EST EN TRAIN DE TOURNER ===
I0630 08:10:13.247375       1 schedule_one.go:166] "scheduling algorithm completed" duration ="11.638729ms" pod="default/mobilenet-00001-deployment-76d95655d-4bbt8"
I0630 08:10:13.248212       1 schedule_one.go:166] "scheduling algorithm completed" duration ="10.527299ms" pod="default/resnet-00001-deployment-5c95599d68-xg5rp"
I0630 08:10:13.251013       1 schedule_one.go:166] "scheduling algorithm completed" duration ="12.222916ms" pod="default/resnet-00001-deployment-5c95599d68-9d7hx"
I0630 08:10:13.270885       1 schedule_one.go:166] "scheduling algorithm completed" duration ="29.088256ms" pod="default/resnet-00001-deployment-5c95599d68-ft4hn"
I0630 08:10:13.271564       1 schedule_one.go:166] "scheduling algorithm completed" duration ="28.049382ms" pod="default/mobilenet-00001-deployment-76d95655d-2fz24"
I0630 08:10:13.278631       1 schedule_one.go:166] "scheduling algorithm completed" duration ="33.372495ms" pod="default/mobilenet-00001-deployment-76d95655d-26qjm"
I0630 08:10:15.227135       1 schedule_one.go:67] === MON SCHEDULER MODIFIÉ EST EN TRAIN DE TOURNER ===
I0630 08:10:15.233563       1 schedule_one.go:67] === MON SCHEDULER MODIFIÉ EST EN TRAIN DE TOURNER ===
I0630 08:10:15.235531       1 schedule_one.go:166] "scheduling algorithm completed" duration ="9.090404ms" pod="default/resnet-00001-deployment-5c95599d68-7k22c"
I0630 08:10:15.235986       1 schedule_one.go:67] === MON SCHEDULER MODIFIÉ EST EN TRAIN DE TOURNER ===
I0630 08:10:15.238774       1 schedule_one.go:67] === MON SCHEDULER MODIFIÉ EST EN TRAIN DE TOURNER ===
I0630 08:10:15.242070       1 schedule_one.go:67] === MON SCHEDULER MODIFIÉ EST EN TRAIN DE TOURNER ===
I0630 08:10:15.243510       1 schedule_one.go:67] === MON SCHEDULER MODIFIÉ EST EN TRAIN DE TOURNER ===
I0630 08:10:15.244245       1 schedule_one.go:166] "scheduling algorithm completed" duration ="11.843692ms" pod="default/resnet-00001-deployment-5c95599d68-nftnj"
I0630 08:10:15.245618       1 schedule_one.go:166] "scheduling algorithm completed" duration ="12.023156ms" pod="default/resnet-00001-deployment-5c95599d68-ds6kc"
I0630 08:10:15.246350       1 schedule_one.go:67] === MON SCHEDULER MODIFIÉ EST EN TRAIN DE TOURNER ===
I0630 08:10:15.247427       1 schedule_one.go:166] "scheduling algorithm completed" duration ="6.218468ms" pod="default/resnet-00001-deployment-5c95599d68-tr8h7"
I0630 08:10:15.247497       1 schedule_one.go:166] "scheduling algorithm completed" duration ="9.543536ms" pod="default/resnet-00001-deployment-5c95599d68-llh5d"
I0630 08:10:15.252348       1 schedule_one.go:166] "scheduling algorithm completed" duration ="8.799274ms" pod="default/resnet-00001-deployment-5c95599d68-h8mnn"
I0630 08:10:15.254885       1 schedule_one.go:166] "scheduling algorithm completed" duration ="12.029378ms" pod="default/resnet-00001-deployment-5c95599d68-qwtqn"
I0630 08:10:15.255169       1 schedule_one.go:67] === MON SCHEDULER MODIFIÉ EST EN TRAIN DE TOURNER ===
I0630 08:10:15.262050       1 schedule_one.go:166] "scheduling algorithm completed" duration ="8.259734ms" pod="default/resnet-00001-deployment-5c95599d68-vdgwd"
I0630 08:10:17.228507       1 schedule_one.go:67] === MON SCHEDULER MODIFIÉ EST EN TRAIN DE TOURNER ===
I0630 08:10:17.232707       1 schedule_one.go:67] === MON SCHEDULER MODIFIÉ EST EN TRAIN DE TOURNER ===
I0630 08:10:17.234245       1 schedule_one.go:166] "scheduling algorithm completed" duration ="6.864378ms" pod="default/resnet-00001-deployment-5c95599d68-t7mpz"
I0630 08:10:17.234464       1 schedule_one.go:67] === MON SCHEDULER MODIFIÉ EST EN TRAIN DE TOURNER ===
I0630 08:10:17.238635       1 schedule_one.go:67] === MON SCHEDULER MODIFIÉ EST EN TRAIN DE TOURNER ===
I0630 08:10:17.241319       1 schedule_one.go:67] === MON SCHEDULER MODIFIÉ EST EN TRAIN DE TOURNER ===
I0630 08:10:17.242691       1 schedule_one.go:67] === MON SCHEDULER MODIFIÉ EST EN TRAIN DE TOURNER ===
I0630 08:10:17.242814       1 schedule_one.go:166] "scheduling algorithm completed" duration ="9.739185ms" pod="default/resnet-00001-deployment-5c95599d68-8m6dn"
I0630 08:10:17.245002       1 schedule_one.go:166] "scheduling algorithm completed" duration ="13.226179ms" pod="default/resnet-00001-deployment-5c95599d68-r5c7b"
I0630 08:10:17.245564       1 schedule_one.go:67] === MON SCHEDULER MODIFIÉ EST EN TRAIN DE TOURNER ===
I0630 08:10:17.247100       1 schedule_one.go:166] "scheduling algorithm completed" duration ="10.305964ms" pod="default/resnet-00001-deployment-5c95599d68-vdxsc"
I0630 08:10:17.249462       1 schedule_one.go:67] === MON SCHEDULER MODIFIÉ EST EN TRAIN DE TOURNER ===
I0630 08:10:17.249844       1 schedule_one.go:166] "scheduling algorithm completed" duration ="9.341664ms" pod="default/resnet-00001-deployment-5c95599d68-phs6b"
I0630 08:10:17.250702       1 schedule_one.go:166] "scheduling algorithm completed" duration ="9.352739ms" pod="default/resnet-00001-deployment-5c95599d68-4sh7v"
I0630 08:10:17.252424       1 schedule_one.go:166] "scheduling algorithm completed" duration ="9.681444ms" pod="default/resnet-00001-deployment-5c95599d68-qhhsm"
I0630 08:10:17.254057       1 schedule_one.go:166] "scheduling algorithm completed" duration ="5.754114ms" pod="default/resnet-00001-deployment-5c95599d68-h7rkk"
I0630 08:10:19.249927       1 schedule_one.go:67] === MON SCHEDULER MODIFIÉ EST EN TRAIN DE TOURNER ===
I0630 08:10:19.253777       1 schedule_one.go:166] "scheduling algorithm completed" duration ="5.487187ms" pod="default/resnet-00001-deployment-5c95599d68-b6rm8"
I0630 08:10:19.256325       1 schedule_one.go:67] === MON SCHEDULER MODIFIÉ EST EN TRAIN DE TOURNER ===
I0630 08:10:19.257659       1 schedule_one.go:67] === MON SCHEDULER MODIFIÉ EST EN TRAIN DE TOURNER ===
I0630 08:10:19.262097       1 schedule_one.go:166] "scheduling algorithm completed" duration ="6.720303ms" pod="default/resnet-00001-deployment-5c95599d68-926cv"
I0630 08:10:19.262995       1 schedule_one.go:166] "scheduling algorithm completed" duration ="6.632469ms" pod="default/resnet-00001-deployment-5c95599d68-g6qmd"
