I0422 10:20:13.444143       1 serving.go:386] Generated self-signed cert in-memory
W0422 10:20:13.444833       1 client_config.go:683] Neither --kubeconfig nor --master was specified.  Using the inClusterConfig.  This might not work.
I0422 10:20:13.466955       1 scheduler.go:283] ===  SCHEDULer New  ===
I0422 10:20:13.470529       1 scheduler.go:457] "fonction New() construit le scheduler, mais ne commence pas à scheduler les pods, c'est la fonction Run() qui commence le scheduling des pods." duration ="3.541663ms"
I0422 10:20:13.472477       1 server.go:175] "Starting Kubernetes Scheduler" version="v0.0.0-master+$Format:%H$"
I0422 10:20:13.472493       1 server.go:177] "Golang settings" GOGC="" GOMAXPROCS="" GOTRACEBACK=""
I0422 10:20:13.479368       1 requestheader_controller.go:180] Starting RequestHeaderAuthRequestController
I0422 10:20:13.479389       1 shared_informer.go:375] "Waiting for caches to sync"
I0422 10:20:13.479389       1 configmap_cafile_content.go:205] "Starting controller" name="client-ca::kube-system::extension-apiserver-authentication::client-ca-file"
I0422 10:20:13.479405       1 shared_informer.go:375] "Waiting for caches to sync"
I0422 10:20:13.479422       1 configmap_cafile_content.go:205] "Starting controller" name="client-ca::kube-system::extension-apiserver-authentication::requestheader-client-ca-file"
I0422 10:20:13.479430       1 shared_informer.go:375] "Waiting for caches to sync"
I0422 10:20:13.479594       1 secure_serving.go:211] Serving securely on [::]:10259
I0422 10:20:13.479668       1 tlsconfig.go:243] "Starting DynamicServingCertificateController"
I0422 10:20:14.179452       1 shared_informer.go:382] "Caches are synced"
I0422 10:20:14.179457       1 shared_informer.go:382] "Caches are synced"
I0422 10:20:14.179637       1 shared_informer.go:382] "Caches are synced"
I0422 10:20:14.280751       1 scheduler.go:542] ===  SCHEDULing RUN ===
I0422 10:20:14.280884       1 schedule_one.go:67] === MON SCHEDULER MODIFIÉ EST EN TRAIN DE TOURNER ===
I0422 10:23:23.106401       1 schedule_one.go:67] === MON SCHEDULER MODIFIÉ EST EN TRAIN DE TOURNER ===
I0422 10:23:23.107817       1 schedule_one.go:67] === MON SCHEDULER MODIFIÉ EST EN TRAIN DE TOURNER ===
I0422 10:23:23.109137       1 schedule_one.go:67] === MON SCHEDULER MODIFIÉ EST EN TRAIN DE TOURNER ===
I0422 10:23:23.110205       1 schedule_one.go:67] === MON SCHEDULER MODIFIÉ EST EN TRAIN DE TOURNER ===
I0422 10:23:23.117722       1 schedule_one.go:166] "scheduling algorithm completed" duration ="13.543894ms" pod="default/graphgen-00001-deployment-6f84b8d49c-hnpc6"
I0422 10:23:23.122014       1 schedule_one.go:166] "scheduling algorithm completed" duration ="14.159301ms" pod="default/grayscale-00001-deployment-5bdd67fc57-lgbz5"
I0422 10:23:23.125077       1 schedule_one.go:166] "scheduling algorithm completed" duration ="18.636945ms" pod="default/genmatrix-00001-deployment-5df4b84798-hthnt"
I0422 10:23:23.129603       1 schedule_one.go:166] "scheduling algorithm completed" duration ="20.425332ms" pod="default/pagerank-00001-deployment-5868dc586f-zdl94"
I0422 10:23:23.139695       1 schedule_one.go:67] === MON SCHEDULER MODIFIÉ EST EN TRAIN DE TOURNER ===
I0422 10:23:23.152900       1 schedule_one.go:166] "scheduling algorithm completed" duration ="13.960449ms" pod="default/resnet-00001-deployment-58d467dc88-25dc8"
I0422 10:23:23.704269       1 schedule_one.go:67] === MON SCHEDULER MODIFIÉ EST EN TRAIN DE TOURNER ===
I0422 10:23:23.709256       1 schedule_one.go:166] "scheduling algorithm completed" duration ="5.600606ms" pod="default/fastfouriertransform-00001-deployment-657cc65f49-8h7xl"
I0422 10:23:24.836266       1 schedule_one.go:67] === MON SCHEDULER MODIFIÉ EST EN TRAIN DE TOURNER ===
I0422 10:23:24.841294       1 schedule_one.go:166] "scheduling algorithm completed" duration ="5.772383ms" pod="default/linpack-00001-deployment-5786f975fd-pb6cf"
I0422 10:23:24.844201       1 schedule_one.go:67] === MON SCHEDULER MODIFIÉ EST EN TRAIN DE TOURNER ===
I0422 10:23:24.849177       1 schedule_one.go:166] "scheduling algorithm completed" duration ="5.724976ms" pod="default/matrixmul-00001-deployment-7bd6bb5956-llp5c"
I0422 10:23:25.003168       1 schedule_one.go:67] === MON SCHEDULER MODIFIÉ EST EN TRAIN DE TOURNER ===
I0422 10:23:25.007662       1 schedule_one.go:166] "scheduling algorithm completed" duration ="5.052106ms" pod="default/mobilenet-00001-deployment-799ff7446f-twfp2"
I0422 10:23:26.848667       1 schedule_one.go:67] === MON SCHEDULER MODIFIÉ EST EN TRAIN DE TOURNER ===
I0422 10:23:26.850143       1 schedule_one.go:67] === MON SCHEDULER MODIFIÉ EST EN TRAIN DE TOURNER ===
I0422 10:23:26.853077       1 schedule_one.go:166] "scheduling algorithm completed" duration ="5.199143ms" pod="default/fetchdata-00001-deployment-6f7fd5c6-gdvsw"
I0422 10:23:26.855325       1 schedule_one.go:166] "scheduling algorithm completed" duration ="5.893476ms" pod="default/fastfouriertransform-00001-deployment-657cc65f49-vbbbh"
I0422 10:23:28.843590       1 schedule_one.go:67] === MON SCHEDULER MODIFIÉ EST EN TRAIN DE TOURNER ===
I0422 10:23:28.849910       1 schedule_one.go:166] "scheduling algorithm completed" duration ="7.458715ms" pod="default/genmatrix-00001-deployment-5df4b84798-dflqc"
I0422 10:23:28.860640       1 schedule_one.go:67] === MON SCHEDULER MODIFIÉ EST EN TRAIN DE TOURNER ===
I0422 10:23:28.865220       1 schedule_one.go:166] "scheduling algorithm completed" duration ="5.964328ms" pod="default/fastfouriertransform-00001-deployment-657cc65f49-w4np9"
I0422 10:23:30.836076       1 schedule_one.go:67] === MON SCHEDULER MODIFIÉ EST EN TRAIN DE TOURNER ===
I0422 10:23:30.845763       1 schedule_one.go:67] === MON SCHEDULER MODIFIÉ EST EN TRAIN DE TOURNER ===
I0422 10:23:30.847499       1 schedule_one.go:166] "scheduling algorithm completed" duration ="12.2866ms" pod="default/grayscale-00001-deployment-5bdd67fc57-2zhdr"
I0422 10:23:30.858281       1 schedule_one.go:166] "scheduling algorithm completed" duration ="13.518098ms" pod="default/graphgen-00001-deployment-6f84b8d49c-9hwmm"
I0422 10:23:34.836204       1 schedule_one.go:67] === MON SCHEDULER MODIFIÉ EST EN TRAIN DE TOURNER ===
I0422 10:23:34.841841       1 schedule_one.go:166] "scheduling algorithm completed" duration ="6.239938ms" pod="default/grayscale-00001-deployment-5bdd67fc57-p84xw"
I0422 10:24:32.937433       1 schedule_one.go:67] === MON SCHEDULER MODIFIÉ EST EN TRAIN DE TOURNER ===
I0422 10:24:32.941242       1 schedule_one.go:166] "scheduling algorithm completed" duration ="4.993144ms" pod="default/grayscale-00001-deployment-5bdd67fc57-24r5v"
I0422 10:26:04.853883       1 schedule_one.go:67] === MON SCHEDULER MODIFIÉ EST EN TRAIN DE TOURNER ===
I0422 10:26:04.859110       1 schedule_one.go:166] "scheduling algorithm completed" duration ="5.859236ms" pod="default/grayscale-00001-deployment-5bdd67fc57-gszjz"
I0422 10:35:29.276532       1 schedule_one.go:67] === MON SCHEDULER MODIFIÉ EST EN TRAIN DE TOURNER ===
I0422 10:35:29.278444       1 schedule_one.go:67] === MON SCHEDULER MODIFIÉ EST EN TRAIN DE TOURNER ===
I0422 10:35:29.280009       1 schedule_one.go:166] "scheduling algorithm completed" duration ="4.138072ms" pod="default/fastfouriertransform-00001-deployment-657cc65f49-g5tn6"
I0422 10:35:29.284402       1 schedule_one.go:166] "scheduling algorithm completed" duration ="6.744829ms" pod="default/grayscale-00001-deployment-5bdd67fc57-h45b5"
I0422 10:35:29.366708       1 schedule_one.go:67] === MON SCHEDULER MODIFIÉ EST EN TRAIN DE TOURNER ===
I0422 10:35:29.371184       1 schedule_one.go:166] "scheduling algorithm completed" duration ="5.288182ms" pod="default/genmatrix-00001-deployment-5df4b84798-frsvc"
I0422 10:35:29.578722       1 schedule_one.go:67] === MON SCHEDULER MODIFIÉ EST EN TRAIN DE TOURNER ===
I0422 10:35:29.583716       1 schedule_one.go:166] "scheduling algorithm completed" duration ="5.613163ms" pod="default/pagerank-00001-deployment-5868dc586f-668vz"
I0422 10:35:29.689895       1 schedule_one.go:67] === MON SCHEDULER MODIFIÉ EST EN TRAIN DE TOURNER ===
I0422 10:35:29.694662       1 schedule_one.go:166] "scheduling algorithm completed" duration ="5.374181ms" pod="default/resnet-00001-deployment-58d467dc88-p6s76"
I0422 10:35:29.812069       1 schedule_one.go:67] === MON SCHEDULER MODIFIÉ EST EN TRAIN DE TOURNER ===
I0422 10:35:29.815614       1 schedule_one.go:166] "scheduling algorithm completed" duration ="4.20222ms" pod="default/graphgen-00001-deployment-6f84b8d49c-52tr4"
I0422 10:35:30.664729       1 schedule_one.go:67] === MON SCHEDULER MODIFIÉ EST EN TRAIN DE TOURNER ===
I0422 10:35:30.670235       1 schedule_one.go:166] "scheduling algorithm completed" duration ="6.397385ms" pod="default/matrixmul-00001-deployment-7bd6bb5956-xbs47"
I0422 10:35:31.164111       1 schedule_one.go:67] === MON SCHEDULER MODIFIÉ EST EN TRAIN DE TOURNER ===
I0422 10:35:31.167816       1 schedule_one.go:166] "scheduling algorithm completed" duration ="4.256109ms" pod="default/linpack-00001-deployment-5786f975fd-sfs25"
I0422 10:35:31.513542       1 schedule_one.go:67] === MON SCHEDULER MODIFIÉ EST EN TRAIN DE TOURNER ===
I0422 10:35:31.518069       1 schedule_one.go:166] "scheduling algorithm completed" duration ="5.6362ms" pod="default/mobilenet-00001-deployment-799ff7446f-4mzsf"
I0422 10:35:32.841416       1 schedule_one.go:67] === MON SCHEDULER MODIFIÉ EST EN TRAIN DE TOURNER ===
I0422 10:35:32.847379       1 schedule_one.go:166] "scheduling algorithm completed" duration ="6.838367ms" pod="default/fastfouriertransform-00001-deployment-657cc65f49-6xf6r"
I0422 10:35:33.062633       1 schedule_one.go:67] === MON SCHEDULER MODIFIÉ EST EN TRAIN DE TOURNER ===
I0422 10:35:33.067964       1 schedule_one.go:166] "scheduling algorithm completed" duration ="5.936126ms" pod="default/fetchdata-00001-deployment-6f7fd5c6-z86s5"
I0422 10:35:36.847860       1 schedule_one.go:67] === MON SCHEDULER MODIFIÉ EST EN TRAIN DE TOURNER ===
I0422 10:35:36.853189       1 schedule_one.go:166] "scheduling algorithm completed" duration ="5.990552ms" pod="default/fastfouriertransform-00001-deployment-657cc65f49-qsvcd"
I0422 10:35:38.840808       1 schedule_one.go:67] === MON SCHEDULER MODIFIÉ EST EN TRAIN DE TOURNER ===
I0422 10:35:38.845374       1 schedule_one.go:67] === MON SCHEDULER MODIFIÉ EST EN TRAIN DE TOURNER ===
I0422 10:35:38.847110       1 schedule_one.go:166] "scheduling algorithm completed" duration ="7.06244ms" pod="default/graphgen-00001-deployment-6f84b8d49c-qnvtd"
I0422 10:35:38.855086       1 schedule_one.go:166] "scheduling algorithm completed" duration ="10.27679ms" pod="default/grayscale-00001-deployment-5bdd67fc57-67jgn"
I0422 10:36:40.852527       1 schedule_one.go:67] === MON SCHEDULER MODIFIÉ EST EN TRAIN DE TOURNER ===
I0422 10:36:40.859223       1 schedule_one.go:166] "scheduling algorithm completed" duration ="7.539588ms" pod="default/grayscale-00001-deployment-5bdd67fc57-9r6m8"
I0422 10:36:46.843040       1 schedule_one.go:67] === MON SCHEDULER MODIFIÉ EST EN TRAIN DE TOURNER ===
I0422 10:36:46.848556       1 schedule_one.go:166] "scheduling algorithm completed" duration ="6.310978ms" pod="default/fastfouriertransform-00001-deployment-657cc65f49-tc69n"
I0422 10:38:13.174054       1 schedule_one.go:67] === MON SCHEDULER MODIFIÉ EST EN TRAIN DE TOURNER ===
I0422 10:38:13.179261       1 schedule_one.go:166] "scheduling algorithm completed" duration ="6.078978ms" pod="default/grayscale-00001-deployment-5bdd67fc57-fdmzz"
I0422 10:45:01.256301       1 schedule_one.go:67] === MON SCHEDULER MODIFIÉ EST EN TRAIN DE TOURNER ===
I0422 10:45:01.261832       1 schedule_one.go:166] "scheduling algorithm completed" duration ="6.223052ms" pod="default/fastfouriertransform-00001-deployment-657cc65f49-khdq4"
I0422 10:45:01.334001       1 schedule_one.go:67] === MON SCHEDULER MODIFIÉ EST EN TRAIN DE TOURNER ===
I0422 10:45:01.339863       1 schedule_one.go:166] "scheduling algorithm completed" duration ="6.4777ms" pod="default/grayscale-00001-deployment-5bdd67fc57-6gpqv"
I0422 10:45:01.447138       1 schedule_one.go:67] === MON SCHEDULER MODIFIÉ EST EN TRAIN DE TOURNER ===
I0422 10:45:01.453305       1 schedule_one.go:166] "scheduling algorithm completed" duration ="6.748367ms" pod="default/genmatrix-00001-deployment-5df4b84798-h6kpj"
I0422 10:45:01.635427       1 schedule_one.go:67] === MON SCHEDULER MODIFIÉ EST EN TRAIN DE TOURNER ===
I0422 10:45:01.640048       1 schedule_one.go:166] "scheduling algorithm completed" duration ="5.188534ms" pod="default/pagerank-00001-deployment-5868dc586f-lbhsv"
I0422 10:45:01.739028       1 schedule_one.go:67] === MON SCHEDULER MODIFIÉ EST EN TRAIN DE TOURNER ===
I0422 10:45:01.744854       1 schedule_one.go:166] "scheduling algorithm completed" duration ="6.688126ms" pod="default/resnet-00001-deployment-58d467dc88-4mjpt"
I0422 10:45:01.841826       1 schedule_one.go:67] === MON SCHEDULER MODIFIÉ EST EN TRAIN DE TOURNER ===
I0422 10:45:01.846344       1 schedule_one.go:166] "scheduling algorithm completed" duration ="5.07396ms" pod="default/graphgen-00001-deployment-6f84b8d49c-2vlvj"
I0422 10:45:02.736151       1 schedule_one.go:67] === MON SCHEDULER MODIFIÉ EST EN TRAIN DE TOURNER ===
I0422 10:45:02.742420       1 schedule_one.go:166] "scheduling algorithm completed" duration ="7.087423ms" pod="default/matrixmul-00001-deployment-7bd6bb5956-5sxq9"
I0422 10:45:03.237221       1 schedule_one.go:67] === MON SCHEDULER MODIFIÉ EST EN TRAIN DE TOURNER ===
I0422 10:45:03.240638       1 schedule_one.go:166] "scheduling algorithm completed" duration ="4.055479ms" pod="default/linpack-00001-deployment-5786f975fd-mh58m"
I0422 10:45:03.534907       1 schedule_one.go:67] === MON SCHEDULER MODIFIÉ EST EN TRAIN DE TOURNER ===
I0422 10:45:03.539963       1 schedule_one.go:166] "scheduling algorithm completed" duration ="5.615516ms" pod="default/mobilenet-00001-deployment-799ff7446f-9tzdh"
I0422 10:45:05.133755       1 schedule_one.go:67] === MON SCHEDULER MODIFIÉ EST EN TRAIN DE TOURNER ===
I0422 10:45:05.138380       1 schedule_one.go:166] "scheduling algorithm completed" duration ="5.489256ms" pod="default/fetchdata-00001-deployment-6f7fd5c6-466bn"
I0422 10:45:06.840612       1 schedule_one.go:67] === MON SCHEDULER MODIFIÉ EST EN TRAIN DE TOURNER ===
I0422 10:45:06.841947       1 schedule_one.go:67] === MON SCHEDULER MODIFIÉ EST EN TRAIN DE TOURNER ===
I0422 10:45:06.847490       1 schedule_one.go:166] "scheduling algorithm completed" duration ="12.838048ms" pod="default/genmatrix-00001-deployment-5df4b84798-pd8hg"
I0422 10:45:06.849752       1 schedule_one.go:166] "scheduling algorithm completed" duration ="9.098199ms" pod="default/resnet-00001-deployment-58d467dc88-cp9lw"
I0422 10:45:10.832566       1 schedule_one.go:67] === MON SCHEDULER MODIFIÉ EST EN TRAIN DE TOURNER ===
I0422 10:45:10.838685       1 schedule_one.go:166] "scheduling algorithm completed" duration ="7.1442ms" pod="default/grayscale-00001-deployment-5bdd67fc57-6wn27"
I0422 10:45:10.847039       1 schedule_one.go:67] === MON SCHEDULER MODIFIÉ EST EN TRAIN DE TOURNER ===
I0422 10:45:10.851787       1 schedule_one.go:166] "scheduling algorithm completed" duration ="5.623923ms" pod="default/resnet-00001-deployment-58d467dc88-fmzqx"
I0422 10:46:09.067994       1 schedule_one.go:67] === MON SCHEDULER MODIFIÉ EST EN TRAIN DE TOURNER ===
I0422 10:46:09.071661       1 schedule_one.go:166] "scheduling algorithm completed" duration ="4.323164ms" pod="default/grayscale-00001-deployment-5bdd67fc57-hln2t"
I0422 10:47:09.174704       1 schedule_one.go:67] === MON SCHEDULER MODIFIÉ EST EN TRAIN DE TOURNER ===
I0422 10:47:09.180248       1 schedule_one.go:166] "scheduling algorithm completed" duration ="6.111293ms" pod="default/grayscale-00001-deployment-5bdd67fc57-rdzsc"
I0422 10:47:12.840215       1 schedule_one.go:67] === MON SCHEDULER MODIFIÉ EST EN TRAIN DE TOURNER ===
I0422 10:47:12.845285       1 schedule_one.go:166] "scheduling algorithm completed" duration ="5.601387ms" pod="default/grayscale-00001-deployment-5bdd67fc57-7htz2"
I0422 10:56:41.338686       1 schedule_one.go:67] === MON SCHEDULER MODIFIÉ EST EN TRAIN DE TOURNER ===
I0422 10:56:41.344654       1 schedule_one.go:166] "scheduling algorithm completed" duration ="6.933641ms" pod="default/fastfouriertransform-00001-deployment-657cc65f49-x46bw"
I0422 10:56:41.348554       1 schedule_one.go:67] === MON SCHEDULER MODIFIÉ EST EN TRAIN DE TOURNER ===
I0422 10:56:41.355337       1 schedule_one.go:166] "scheduling algorithm completed" duration ="7.554125ms" pod="default/grayscale-00001-deployment-5bdd67fc57-wr48b"
I0422 10:56:41.446341       1 schedule_one.go:67] === MON SCHEDULER MODIFIÉ EST EN TRAIN DE TOURNER ===
I0422 10:56:41.451823       1 schedule_one.go:166] "scheduling algorithm completed" duration ="6.638066ms" pod="default/genmatrix-00001-deployment-5df4b84798-wbrt5"
I0422 10:56:41.647860       1 schedule_one.go:67] === MON SCHEDULER MODIFIÉ EST EN TRAIN DE TOURNER ===
I0422 10:56:41.652079       1 schedule_one.go:166] "scheduling algorithm completed" duration ="5.024725ms" pod="default/pagerank-00001-deployment-5868dc586f-vbbpp"
I0422 10:56:41.802085       1 schedule_one.go:67] === MON SCHEDULER MODIFIÉ EST EN TRAIN DE TOURNER ===
I0422 10:56:41.806209       1 schedule_one.go:166] "scheduling algorithm completed" duration ="5.584542ms" pod="default/resnet-00001-deployment-58d467dc88-k5gc9"
I0422 10:56:41.845981       1 schedule_one.go:67] === MON SCHEDULER MODIFIÉ EST EN TRAIN DE TOURNER ===
I0422 10:56:41.850605       1 schedule_one.go:166] "scheduling algorithm completed" duration ="5.761118ms" pod="default/graphgen-00001-deployment-6f84b8d49c-xp6gp"
I0422 10:56:42.748237       1 schedule_one.go:67] === MON SCHEDULER MODIFIÉ EST EN TRAIN DE TOURNER ===
I0422 10:56:42.752201       1 schedule_one.go:166] "scheduling algorithm completed" duration ="4.728058ms" pod="default/matrixmul-00001-deployment-7bd6bb5956-bpz8r"
I0422 10:56:43.243994       1 schedule_one.go:67] === MON SCHEDULER MODIFIÉ EST EN TRAIN DE TOURNER ===
I0422 10:56:43.249931       1 schedule_one.go:166] "scheduling algorithm completed" duration ="6.621157ms" pod="default/linpack-00001-deployment-5786f975fd-wpxzc"
I0422 10:56:43.544950       1 schedule_one.go:67] === MON SCHEDULER MODIFIÉ EST EN TRAIN DE TOURNER ===
I0422 10:56:43.549652       1 schedule_one.go:166] "scheduling algorithm completed" duration ="5.34893ms" pod="default/mobilenet-00001-deployment-799ff7446f-5bml5"
I0422 10:56:45.144458       1 schedule_one.go:67] === MON SCHEDULER MODIFIÉ EST EN TRAIN DE TOURNER ===
I0422 10:56:45.149937       1 schedule_one.go:166] "scheduling algorithm completed" duration ="6.133785ms" pod="default/fetchdata-00001-deployment-6f7fd5c6-b9dmh"
I0422 10:56:50.837938       1 schedule_one.go:67] === MON SCHEDULER MODIFIÉ EST EN TRAIN DE TOURNER ===
I0422 10:56:50.842096       1 schedule_one.go:166] "scheduling algorithm completed" duration ="5.025799ms" pod="default/grayscale-00001-deployment-5bdd67fc57-7vmkr"
I0422 10:57:55.105939       1 schedule_one.go:67] === MON SCHEDULER MODIFIÉ EST EN TRAIN DE TOURNER ===
I0422 10:57:55.110188       1 schedule_one.go:166] "scheduling algorithm completed" duration ="5.098982ms" pod="default/grayscale-00001-deployment-5bdd67fc57-qplbj"
I0422 10:58:58.966283       1 schedule_one.go:67] === MON SCHEDULER MODIFIÉ EST EN TRAIN DE TOURNER ===
I0422 10:58:58.971473       1 schedule_one.go:166] "scheduling algorithm completed" duration ="6.940782ms" pod="default/grayscale-00001-deployment-5bdd67fc57-jptxc"
I0422 11:07:40.824375       1 schedule_one.go:67] === MON SCHEDULER MODIFIÉ EST EN TRAIN DE TOURNER ===
I0422 11:07:40.825802       1 schedule_one.go:67] === MON SCHEDULER MODIFIÉ EST EN TRAIN DE TOURNER ===
I0422 11:07:40.828812       1 schedule_one.go:166] "scheduling algorithm completed" duration ="5.575823ms" pod="default/fastfouriertransform-00001-deployment-657cc65f49-n5pcm"
I0422 11:07:40.836057       1 schedule_one.go:166] "scheduling algorithm completed" duration ="10.982349ms" pod="default/grayscale-00001-deployment-5bdd67fc57-sfpjm"
I0422 11:07:40.841404       1 schedule_one.go:67] === MON SCHEDULER MODIFIÉ EST EN TRAIN DE TOURNER ===
I0422 11:07:40.845369       1 schedule_one.go:166] "scheduling algorithm completed" duration ="4.633802ms" pod="default/genmatrix-00001-deployment-5df4b84798-br9fb"
I0422 11:07:41.028071       1 schedule_one.go:67] === MON SCHEDULER MODIFIÉ EST EN TRAIN DE TOURNER ===
I0422 11:07:41.032585       1 schedule_one.go:166] "scheduling algorithm completed" duration ="5.169137ms" pod="default/pagerank-00001-deployment-5868dc586f-qxh6p"
I0422 11:07:41.127071       1 schedule_one.go:67] === MON SCHEDULER MODIFIÉ EST EN TRAIN DE TOURNER ===
I0422 11:07:41.131374       1 schedule_one.go:166] "scheduling algorithm completed" duration ="5.041655ms" pod="default/resnet-00001-deployment-58d467dc88-k95jn"
I0422 11:07:41.278388       1 schedule_one.go:67] === MON SCHEDULER MODIFIÉ EST EN TRAIN DE TOURNER ===
I0422 11:07:41.282035       1 schedule_one.go:166] "scheduling algorithm completed" duration ="4.668525ms" pod="default/graphgen-00001-deployment-6f84b8d49c-54n2c"
I0422 11:07:42.123020       1 schedule_one.go:67] === MON SCHEDULER MODIFIÉ EST EN TRAIN DE TOURNER ===
I0422 11:07:42.126910       1 schedule_one.go:166] "scheduling algorithm completed" duration ="4.740543ms" pod="default/matrixmul-00001-deployment-7bd6bb5956-chbcj"
I0422 11:07:42.626384       1 schedule_one.go:67] === MON SCHEDULER MODIFIÉ EST EN TRAIN DE TOURNER ===
I0422 11:07:42.632648       1 schedule_one.go:166] "scheduling algorithm completed" duration ="7.793122ms" pod="default/linpack-00001-deployment-5786f975fd-ql6sz"
I0422 11:07:42.978656       1 schedule_one.go:67] === MON SCHEDULER MODIFIÉ EST EN TRAIN DE TOURNER ===
I0422 11:07:42.983067       1 schedule_one.go:166] "scheduling algorithm completed" duration ="5.375804ms" pod="default/mobilenet-00001-deployment-799ff7446f-nn86h"
I0422 11:07:44.523475       1 schedule_one.go:67] === MON SCHEDULER MODIFIÉ EST EN TRAIN DE TOURNER ===
I0422 11:07:44.528777       1 schedule_one.go:166] "scheduling algorithm completed" duration ="6.079268ms" pod="default/fetchdata-00001-deployment-6f7fd5c6-drmjz"
I0422 11:07:48.834150       1 schedule_one.go:67] === MON SCHEDULER MODIFIÉ EST EN TRAIN DE TOURNER ===
I0422 11:07:48.839108       1 schedule_one.go:166] "scheduling algorithm completed" duration ="5.65597ms" pod="default/pagerank-00001-deployment-5868dc586f-zdnh9"
I0422 11:07:50.839387       1 schedule_one.go:67] === MON SCHEDULER MODIFIÉ EST EN TRAIN DE TOURNER ===
I0422 11:07:50.870083       1 schedule_one.go:166] "scheduling algorithm completed" duration ="31.533747ms" pod="default/grayscale-00001-deployment-5bdd67fc57-dwljc"
I0422 11:07:52.843740       1 schedule_one.go:67] === MON SCHEDULER MODIFIÉ EST EN TRAIN DE TOURNER ===
I0422 11:07:52.847918       1 schedule_one.go:166] "scheduling algorithm completed" duration ="6.363934ms" pod="default/pagerank-00001-deployment-5868dc586f-mqklr"
I0422 11:08:46.863391       1 schedule_one.go:67] === MON SCHEDULER MODIFIÉ EST EN TRAIN DE TOURNER ===
I0422 11:08:46.875341       1 schedule_one.go:166] "scheduling algorithm completed" duration ="12.532312ms" pod="default/grayscale-00001-deployment-5bdd67fc57-4dqfx"
I0422 11:08:48.838009       1 schedule_one.go:67] === MON SCHEDULER MODIFIÉ EST EN TRAIN DE TOURNER ===
I0422 11:08:48.841757       1 schedule_one.go:166] "scheduling algorithm completed" duration ="4.342172ms" pod="default/grayscale-00001-deployment-5bdd67fc57-xgjfh"
I0422 11:09:48.856563       1 schedule_one.go:67] === MON SCHEDULER MODIFIÉ EST EN TRAIN DE TOURNER ===
I0422 11:09:48.861521       1 schedule_one.go:166] "scheduling algorithm completed" duration ="6.455877ms" pod="default/grayscale-00001-deployment-5bdd67fc57-97cnd"
I0422 11:09:50.833545       1 schedule_one.go:67] === MON SCHEDULER MODIFIÉ EST EN TRAIN DE TOURNER ===
I0422 11:09:50.838302       1 schedule_one.go:166] "scheduling algorithm completed" duration ="5.531377ms" pod="default/grayscale-00001-deployment-5bdd67fc57-zbvl4"
I0422 11:18:21.260753       1 schedule_one.go:67] === MON SCHEDULER MODIFIÉ EST EN TRAIN DE TOURNER ===
I0422 11:18:21.266851       1 schedule_one.go:67] === MON SCHEDULER MODIFIÉ EST EN TRAIN DE TOURNER ===
I0422 11:18:21.270088       1 schedule_one.go:166] "scheduling algorithm completed" duration ="10.350229ms" pod="default/fastfouriertransform-00001-deployment-657cc65f49-5f552"
I0422 11:18:21.272459       1 schedule_one.go:166] "scheduling algorithm completed" duration ="6.288948ms" pod="default/grayscale-00001-deployment-5bdd67fc57-9v95l"
I0422 11:18:21.369849       1 schedule_one.go:67] === MON SCHEDULER MODIFIÉ EST EN TRAIN DE TOURNER ===
I0422 11:18:21.373500       1 schedule_one.go:166] "scheduling algorithm completed" duration ="4.553947ms" pod="default/genmatrix-00001-deployment-5df4b84798-l22nx"
I0422 11:18:21.570514       1 schedule_one.go:67] === MON SCHEDULER MODIFIÉ EST EN TRAIN DE TOURNER ===
I0422 11:18:21.574669       1 schedule_one.go:166] "scheduling algorithm completed" duration ="4.866744ms" pod="default/pagerank-00001-deployment-5868dc586f-b5h5x"
I0422 11:18:21.670214       1 schedule_one.go:67] === MON SCHEDULER MODIFIÉ EST EN TRAIN DE TOURNER ===
I0422 11:18:21.675011       1 schedule_one.go:166] "scheduling algorithm completed" duration ="5.518688ms" pod="default/resnet-00001-deployment-58d467dc88-4h5pb"
I0422 11:18:21.809160       1 schedule_one.go:67] === MON SCHEDULER MODIFIÉ EST EN TRAIN DE TOURNER ===
I0422 11:18:21.814191       1 schedule_one.go:166] "scheduling algorithm completed" duration ="5.80404ms" pod="default/graphgen-00001-deployment-6f84b8d49c-68jp6"
I0422 11:18:22.671586       1 schedule_one.go:67] === MON SCHEDULER MODIFIÉ EST EN TRAIN DE TOURNER ===
I0422 11:18:22.676617       1 schedule_one.go:166] "scheduling algorithm completed" duration ="5.964152ms" pod="default/matrixmul-00001-deployment-7bd6bb5956-828dk"
I0422 11:18:23.171358       1 schedule_one.go:67] === MON SCHEDULER MODIFIÉ EST EN TRAIN DE TOURNER ===
I0422 11:18:23.177145       1 schedule_one.go:166] "scheduling algorithm completed" duration ="5.864948ms" pod="default/linpack-00001-deployment-5786f975fd-csbw7"
I0422 11:18:23.467703       1 schedule_one.go:67] === MON SCHEDULER MODIFIÉ EST EN TRAIN DE TOURNER ===
I0422 11:18:23.472846       1 schedule_one.go:166] "scheduling algorithm completed" duration ="5.76817ms" pod="default/mobilenet-00001-deployment-799ff7446f-2d4ht"
I0422 11:18:25.069763       1 schedule_one.go:67] === MON SCHEDULER MODIFIÉ EST EN TRAIN DE TOURNER ===
I0422 11:18:25.074893       1 schedule_one.go:166] "scheduling algorithm completed" duration ="5.694596ms" pod="default/fetchdata-00001-deployment-6f7fd5c6-gn4bz"
I0422 11:18:30.842585       1 schedule_one.go:67] === MON SCHEDULER MODIFIÉ EST EN TRAIN DE TOURNER ===
I0422 11:18:30.847204       1 schedule_one.go:166] "scheduling algorithm completed" duration ="5.4693ms" pod="default/grayscale-00001-deployment-5bdd67fc57-w6wlq"
I0422 11:19:32.999363       1 schedule_one.go:67] === MON SCHEDULER MODIFIÉ EST EN TRAIN DE TOURNER ===
I0422 11:19:33.003807       1 schedule_one.go:166] "scheduling algorithm completed" duration ="5.10204ms" pod="default/grayscale-00001-deployment-5bdd67fc57-rwmxj"
I0422 11:20:37.179993       1 schedule_one.go:67] === MON SCHEDULER MODIFIÉ EST EN TRAIN DE TOURNER ===
I0422 11:20:37.184543       1 schedule_one.go:166] "scheduling algorithm completed" duration ="5.366503ms" pod="default/grayscale-00001-deployment-5bdd67fc57-l5nkd"
I0422 11:28:27.275541       1 schedule_one.go:67] === MON SCHEDULER MODIFIÉ EST EN TRAIN DE TOURNER ===
I0422 11:28:27.279844       1 schedule_one.go:166] "scheduling algorithm completed" duration ="5.309857ms" pod="default/fastfouriertransform-00001-deployment-657cc65f49-t6d9p"
I0422 11:28:27.282992       1 schedule_one.go:67] === MON SCHEDULER MODIFIÉ EST EN TRAIN DE TOURNER ===
I0422 11:28:27.292069       1 schedule_one.go:166] "scheduling algorithm completed" duration ="10.01142ms" pod="default/grayscale-00001-deployment-5bdd67fc57-57qnv"
I0422 11:28:27.379343       1 schedule_one.go:67] === MON SCHEDULER MODIFIÉ EST EN TRAIN DE TOURNER ===
I0422 11:28:27.388876       1 schedule_one.go:166] "scheduling algorithm completed" duration ="10.854342ms" pod="default/genmatrix-00001-deployment-5df4b84798-k52j2"
I0422 11:28:27.579930       1 schedule_one.go:67] === MON SCHEDULER MODIFIÉ EST EN TRAIN DE TOURNER ===
I0422 11:28:27.584800       1 schedule_one.go:166] "scheduling algorithm completed" duration ="5.711484ms" pod="default/pagerank-00001-deployment-5868dc586f-4gkkd"
I0422 11:28:27.689429       1 schedule_one.go:67] === MON SCHEDULER MODIFIÉ EST EN TRAIN DE TOURNER ===
I0422 11:28:27.693390       1 schedule_one.go:166] "scheduling algorithm completed" duration ="4.676417ms" pod="default/resnet-00001-deployment-58d467dc88-kff8k"
I0422 11:28:27.877880       1 schedule_one.go:67] === MON SCHEDULER MODIFIÉ EST EN TRAIN DE TOURNER ===
I0422 11:28:27.882274       1 schedule_one.go:166] "scheduling algorithm completed" duration ="5.09958ms" pod="default/graphgen-00001-deployment-6f84b8d49c-6nfxc"
I0422 11:28:28.681634       1 schedule_one.go:67] === MON SCHEDULER MODIFIÉ EST EN TRAIN DE TOURNER ===
I0422 11:28:28.686261       1 schedule_one.go:166] "scheduling algorithm completed" duration ="5.24595ms" pod="default/matrixmul-00001-deployment-7bd6bb5956-hbz2s"
I0422 11:28:29.185080       1 schedule_one.go:67] === MON SCHEDULER MODIFIÉ EST EN TRAIN DE TOURNER ===
I0422 11:28:29.188912       1 schedule_one.go:166] "scheduling algorithm completed" duration ="4.387937ms" pod="default/linpack-00001-deployment-5786f975fd-rk2rz"
I0422 11:28:29.529118       1 schedule_one.go:67] === MON SCHEDULER MODIFIÉ EST EN TRAIN DE TOURNER ===
I0422 11:28:29.533069       1 schedule_one.go:166] "scheduling algorithm completed" duration ="4.589621ms" pod="default/mobilenet-00001-deployment-799ff7446f-rjjrp"
I0422 11:28:31.109550       1 schedule_one.go:67] === MON SCHEDULER MODIFIÉ EST EN TRAIN DE TOURNER ===
I0422 11:28:31.114238       1 schedule_one.go:166] "scheduling algorithm completed" duration ="5.374079ms" pod="default/fetchdata-00001-deployment-6f7fd5c6-444jz"
I0422 11:28:36.834035       1 schedule_one.go:67] === MON SCHEDULER MODIFIÉ EST EN TRAIN DE TOURNER ===
I0422 11:28:36.838933       1 schedule_one.go:166] "scheduling algorithm completed" duration ="5.730688ms" pod="default/grayscale-00001-deployment-5bdd67fc57-jnhwv"
I0422 11:29:41.178949       1 schedule_one.go:67] === MON SCHEDULER MODIFIÉ EST EN TRAIN DE TOURNER ===
I0422 11:29:41.185192       1 schedule_one.go:166] "scheduling algorithm completed" duration ="7.004278ms" pod="default/grayscale-00001-deployment-5bdd67fc57-m2v2b"
I0422 11:31:10.920667       1 schedule_one.go:67] === MON SCHEDULER MODIFIÉ EST EN TRAIN DE TOURNER ===
I0422 11:31:10.926302       1 schedule_one.go:166] "scheduling algorithm completed" duration ="6.539266ms" pod="default/grayscale-00001-deployment-5bdd67fc57-zk2jt"
I0422 11:40:34.362906       1 schedule_one.go:67] === MON SCHEDULER MODIFIÉ EST EN TRAIN DE TOURNER ===
I0422 11:40:34.363824       1 schedule_one.go:67] === MON SCHEDULER MODIFIÉ EST EN TRAIN DE TOURNER ===
I0422 11:40:34.369495       1 schedule_one.go:166] "scheduling algorithm completed" duration ="6.547265ms" pod="default/grayscale-00001-deployment-5bdd67fc57-jhv9d"
I0422 11:40:34.371204       1 schedule_one.go:166] "scheduling algorithm completed" duration ="9.159409ms" pod="default/fastfouriertransform-00001-deployment-657cc65f49-krjlr"
I0422 11:40:34.445504       1 schedule_one.go:67] === MON SCHEDULER MODIFIÉ EST EN TRAIN DE TOURNER ===
I0422 11:40:34.450280       1 schedule_one.go:166] "scheduling algorithm completed" duration ="5.763082ms" pod="default/genmatrix-00001-deployment-5df4b84798-wmgb5"
I0422 11:40:34.658028       1 schedule_one.go:67] === MON SCHEDULER MODIFIÉ EST EN TRAIN DE TOURNER ===
I0422 11:40:34.662372       1 schedule_one.go:166] "scheduling algorithm completed" duration ="5.084528ms" pod="default/pagerank-00001-deployment-5868dc586f-w9mfb"
I0422 11:40:34.745734       1 schedule_one.go:67] === MON SCHEDULER MODIFIÉ EST EN TRAIN DE TOURNER ===
I0422 11:40:34.750359       1 schedule_one.go:166] "scheduling algorithm completed" duration ="5.476767ms" pod="default/resnet-00001-deployment-58d467dc88-b7cnd"
I0422 11:40:34.897787       1 schedule_one.go:67] === MON SCHEDULER MODIFIÉ EST EN TRAIN DE TOURNER ===
I0422 11:40:34.901853       1 schedule_one.go:166] "scheduling algorithm completed" duration ="5.205286ms" pod="default/graphgen-00001-deployment-6f84b8d49c-c7m2h"
I0422 11:40:35.743760       1 schedule_one.go:67] === MON SCHEDULER MODIFIÉ EST EN TRAIN DE TOURNER ===
I0422 11:40:35.748393       1 schedule_one.go:166] "scheduling algorithm completed" duration ="5.396546ms" pod="default/matrixmul-00001-deployment-7bd6bb5956-l7lwq"
I0422 11:40:36.245895       1 schedule_one.go:67] === MON SCHEDULER MODIFIÉ EST EN TRAIN DE TOURNER ===
I0422 11:40:36.251517       1 schedule_one.go:166] "scheduling algorithm completed" duration ="6.623654ms" pod="default/linpack-00001-deployment-5786f975fd-xv9hz"
I0422 11:40:36.594638       1 schedule_one.go:67] === MON SCHEDULER MODIFIÉ EST EN TRAIN DE TOURNER ===
I0422 11:40:36.598630       1 schedule_one.go:166] "scheduling algorithm completed" duration ="4.55664ms" pod="default/mobilenet-00001-deployment-799ff7446f-66sh4"
I0422 11:40:38.140650       1 schedule_one.go:67] === MON SCHEDULER MODIFIÉ EST EN TRAIN DE TOURNER ===
I0422 11:40:38.146193       1 schedule_one.go:166] "scheduling algorithm completed" duration ="6.268544ms" pod="default/fetchdata-00001-deployment-6f7fd5c6-rk4kf"
I0422 11:40:44.834459       1 schedule_one.go:67] === MON SCHEDULER MODIFIÉ EST EN TRAIN DE TOURNER ===
I0422 11:40:44.839861       1 schedule_one.go:166] "scheduling algorithm completed" duration ="6.368452ms" pod="default/grayscale-00001-deployment-5bdd67fc57-gvbwf"
I0422 11:42:41.176962       1 schedule_one.go:67] === MON SCHEDULER MODIFIÉ EST EN TRAIN DE TOURNER ===
I0422 11:42:41.182686       1 schedule_one.go:166] "scheduling algorithm completed" duration ="6.613434ms" pod="default/grayscale-00001-deployment-5bdd67fc57-98xzl"
I0422 11:42:44.835099       1 schedule_one.go:67] === MON SCHEDULER MODIFIÉ EST EN TRAIN DE TOURNER ===
I0422 11:42:44.839371       1 schedule_one.go:166] "scheduling algorithm completed" duration ="4.857363ms" pod="default/grayscale-00001-deployment-5bdd67fc57-n9h24"
I0422 11:49:08.346383       1 schedule_one.go:67] === MON SCHEDULER MODIFIÉ EST EN TRAIN DE TOURNER ===
I0422 11:49:08.351311       1 schedule_one.go:166] "scheduling algorithm completed" duration ="5.619198ms" pod="default/fastfouriertransform-00001-deployment-657cc65f49-vr5h4"
I0422 11:49:08.422494       1 schedule_one.go:67] === MON SCHEDULER MODIFIÉ EST EN TRAIN DE TOURNER ===
I0422 11:49:08.426685       1 schedule_one.go:166] "scheduling algorithm completed" duration ="4.740476ms" pod="default/grayscale-00001-deployment-5bdd67fc57-n8z2g"
I0422 11:49:08.544195       1 schedule_one.go:67] === MON SCHEDULER MODIFIÉ EST EN TRAIN DE TOURNER ===
I0422 11:49:08.548071       1 schedule_one.go:166] "scheduling algorithm completed" duration ="4.417903ms" pod="default/genmatrix-00001-deployment-5df4b84798-s8z6z"
I0422 11:49:08.724606       1 schedule_one.go:67] === MON SCHEDULER MODIFIÉ EST EN TRAIN DE TOURNER ===
I0422 11:49:08.728959       1 schedule_one.go:166] "scheduling algorithm completed" duration ="4.932995ms" pod="default/pagerank-00001-deployment-5868dc586f-8khs5"
I0422 11:49:08.823456       1 schedule_one.go:67] === MON SCHEDULER MODIFIÉ EST EN TRAIN DE TOURNER ===
I0422 11:49:08.827586       1 schedule_one.go:166] "scheduling algorithm completed" duration ="4.699699ms" pod="default/resnet-00001-deployment-58d467dc88-tjrl7"
I0422 11:49:08.928596       1 schedule_one.go:67] === MON SCHEDULER MODIFIÉ EST EN TRAIN DE TOURNER ===
I0422 11:49:08.933098       1 schedule_one.go:166] "scheduling algorithm completed" duration ="5.088717ms" pod="default/graphgen-00001-deployment-6f84b8d49c-btv2m"
I0422 11:49:09.824622       1 schedule_one.go:67] === MON SCHEDULER MODIFIÉ EST EN TRAIN DE TOURNER ===
I0422 11:49:09.830933       1 schedule_one.go:166] "scheduling algorithm completed" duration ="6.93603ms" pod="default/matrixmul-00001-deployment-7bd6bb5956-mjdxv"
I0422 11:49:10.324589       1 schedule_one.go:67] === MON SCHEDULER MODIFIÉ EST EN TRAIN DE TOURNER ===
I0422 11:49:10.329744       1 schedule_one.go:166] "scheduling algorithm completed" duration ="5.771327ms" pod="default/linpack-00001-deployment-5786f975fd-tt9fb"
I0422 11:49:10.620613       1 schedule_one.go:67] === MON SCHEDULER MODIFIÉ EST EN TRAIN DE TOURNER ===
I0422 11:49:10.625677       1 schedule_one.go:166] "scheduling algorithm completed" duration ="5.726049ms" pod="default/mobilenet-00001-deployment-799ff7446f-dtn27"
I0422 11:49:12.232192       1 schedule_one.go:67] === MON SCHEDULER MODIFIÉ EST EN TRAIN DE TOURNER ===
I0422 11:49:12.236829       1 schedule_one.go:166] "scheduling algorithm completed" duration ="5.244032ms" pod="default/fetchdata-00001-deployment-6f7fd5c6-7bw4m"
I0422 11:49:18.835912       1 schedule_one.go:67] === MON SCHEDULER MODIFIÉ EST EN TRAIN DE TOURNER ===
I0422 11:49:18.840833       1 schedule_one.go:166] "scheduling algorithm completed" duration ="5.771328ms" pod="default/grayscale-00001-deployment-5bdd67fc57-lcglz"
I0422 11:50:14.906910       1 schedule_one.go:67] === MON SCHEDULER MODIFIÉ EST EN TRAIN DE TOURNER ===
I0422 11:50:14.910912       1 schedule_one.go:166] "scheduling algorithm completed" duration ="4.752681ms" pod="default/grayscale-00001-deployment-5bdd67fc57-69bfg"
I0422 11:51:14.858283       1 schedule_one.go:67] === MON SCHEDULER MODIFIÉ EST EN TRAIN DE TOURNER ===
I0422 11:51:14.864013       1 schedule_one.go:166] "scheduling algorithm completed" duration ="6.572828ms" pod="default/grayscale-00001-deployment-5bdd67fc57-mwpn5"
I0422 11:51:18.840404       1 schedule_one.go:67] === MON SCHEDULER MODIFIÉ EST EN TRAIN DE TOURNER ===
I0422 11:51:18.845073       1 schedule_one.go:166] "scheduling algorithm completed" duration ="5.313106ms" pod="default/grayscale-00001-deployment-5bdd67fc57-qzj7g"
I0422 12:00:43.358217       1 schedule_one.go:67] === MON SCHEDULER MODIFIÉ EST EN TRAIN DE TOURNER ===
I0422 12:00:43.364223       1 schedule_one.go:166] "scheduling algorithm completed" duration ="7.132292ms" pod="default/fastfouriertransform-00001-deployment-657cc65f49-rlwrv"
I0422 12:00:43.369595       1 schedule_one.go:67] === MON SCHEDULER MODIFIÉ EST EN TRAIN DE TOURNER ===
I0422 12:00:43.374221       1 schedule_one.go:166] "scheduling algorithm completed" duration ="5.401923ms" pod="default/grayscale-00001-deployment-5bdd67fc57-nmhmt"
I0422 12:00:43.473212       1 schedule_one.go:67] === MON SCHEDULER MODIFIÉ EST EN TRAIN DE TOURNER ===
I0422 12:00:43.491491       1 schedule_one.go:166] "scheduling algorithm completed" duration ="19.092673ms" pod="default/genmatrix-00001-deployment-5df4b84798-lbld6"
I0422 12:00:43.665683       1 schedule_one.go:67] === MON SCHEDULER MODIFIÉ EST EN TRAIN DE TOURNER ===
I0422 12:00:43.670693       1 schedule_one.go:166] "scheduling algorithm completed" duration ="5.883626ms" pod="default/pagerank-00001-deployment-5868dc586f-g97mn"
I0422 12:00:43.765295       1 schedule_one.go:67] === MON SCHEDULER MODIFIÉ EST EN TRAIN DE TOURNER ===
I0422 12:00:43.769766       1 schedule_one.go:166] "scheduling algorithm completed" duration ="5.244108ms" pod="default/resnet-00001-deployment-58d467dc88-z5mwb"
I0422 12:00:43.911501       1 schedule_one.go:67] === MON SCHEDULER MODIFIÉ EST EN TRAIN DE TOURNER ===
I0422 12:00:43.916085       1 schedule_one.go:166] "scheduling algorithm completed" duration ="5.213256ms" pod="default/graphgen-00001-deployment-6f84b8d49c-bvxlq"
I0422 12:00:44.779547       1 schedule_one.go:67] === MON SCHEDULER MODIFIÉ EST EN TRAIN DE TOURNER ===
I0422 12:00:44.784231       1 schedule_one.go:166] "scheduling algorithm completed" duration ="5.379589ms" pod="default/matrixmul-00001-deployment-7bd6bb5956-xdvx2"
I0422 12:00:45.268224       1 schedule_one.go:67] === MON SCHEDULER MODIFIÉ EST EN TRAIN DE TOURNER ===
I0422 12:00:45.271692       1 schedule_one.go:166] "scheduling algorithm completed" duration ="4.13922ms" pod="default/linpack-00001-deployment-5786f975fd-r9sp4"
I0422 12:00:45.559460       1 schedule_one.go:67] === MON SCHEDULER MODIFIÉ EST EN TRAIN DE TOURNER ===
I0422 12:00:45.564284       1 schedule_one.go:166] "scheduling algorithm completed" duration ="5.442959ms" pod="default/mobilenet-00001-deployment-799ff7446f-ppdkd"
I0422 12:00:47.163420       1 schedule_one.go:67] === MON SCHEDULER MODIFIÉ EST EN TRAIN DE TOURNER ===
I0422 12:00:47.170271       1 schedule_one.go:166] "scheduling algorithm completed" duration ="7.460588ms" pod="default/fetchdata-00001-deployment-6f7fd5c6-lcxf8"
I0422 12:00:52.837090       1 schedule_one.go:67] === MON SCHEDULER MODIFIÉ EST EN TRAIN DE TOURNER ===
I0422 12:00:52.843686       1 schedule_one.go:166] "scheduling algorithm completed" duration ="7.964013ms" pod="default/mobilenet-00001-deployment-799ff7446f-gjm7v"
I0422 12:00:52.845354       1 schedule_one.go:67] === MON SCHEDULER MODIFIÉ EST EN TRAIN DE TOURNER ===
I0422 12:00:52.853260       1 schedule_one.go:166] "scheduling algorithm completed" duration ="10.080123ms" pod="default/grayscale-00001-deployment-5bdd67fc57-dqbjc"
I0422 12:01:51.152176       1 schedule_one.go:67] === MON SCHEDULER MODIFIÉ EST EN TRAIN DE TOURNER ===
I0422 12:01:51.156666       1 schedule_one.go:166] "scheduling algorithm completed" duration ="5.201084ms" pod="default/grayscale-00001-deployment-5bdd67fc57-mjgcq"
I0422 12:02:50.903497       1 schedule_one.go:67] === MON SCHEDULER MODIFIÉ EST EN TRAIN DE TOURNER ===
I0422 12:02:50.908353       1 schedule_one.go:166] "scheduling algorithm completed" duration ="5.687584ms" pod="default/grayscale-00001-deployment-5bdd67fc57-c2rpc"
I0422 12:02:54.835118       1 schedule_one.go:67] === MON SCHEDULER MODIFIÉ EST EN TRAIN DE TOURNER ===
I0422 12:02:54.839529       1 schedule_one.go:166] "scheduling algorithm completed" duration ="5.0979ms" pod="default/grayscale-00001-deployment-5bdd67fc57-6ptt4"
