I0422 10:20:13.444143       1 serving.go:386] Generated self-signed cert in-memory
W0422 10:20:13.444833       1 client_config.go:683] Neither --kubeconfig nor --master was specified.  Using the inClusterConfig.  This might not work.
I0422 10:20:13.466955       1 scheduler.go:283] ===  SCHEDULer New  ===
I0422 10:20:13.470529       1 scheduler.go:457] "fonction New() construit le scheduler, mais ne commence pas à scheduler les pods, c'est la fonction Run() qui commence le scheduling des pods." duration ="3.541663ms"
I0422 10:20:13.472477       1 server.go:175] "Starting Kubernetes Scheduler" version="v0.0.0-master+$Format:%H$"
I0422 10:20:13.472493       1 server.go:177] "Golang settings" GOGC="" GOMAXPROCS="" GOTRACEBACK=""
I0422 10:20:13.479368       1 requestheader_controller.go:180] Starting RequestHeaderAuthRequestController
I0422 10:20:13.479389       1 shared_informer.go:375] "Waiting for caches to sync"
I0422 10:20:13.479389       1 configmap_cafile_content.go:205] "Starting controller" name="client-ca::kube-system::extension-apiserver-authentication::client-ca-file"
I0422 10:20:13.479405       1 shared_informer.go:375] "Waiting for caches to sync"
I0422 10:20:13.479422       1 configmap_cafile_content.go:205] "Starting controller" name="client-ca::kube-system::extension-apiserver-authentication::requestheader-client-ca-file"
I0422 10:20:13.479430       1 shared_informer.go:375] "Waiting for caches to sync"
I0422 10:20:13.479594       1 secure_serving.go:211] Serving securely on [::]:10259
I0422 10:20:13.479668       1 tlsconfig.go:243] "Starting DynamicServingCertificateController"
I0422 10:20:14.179452       1 shared_informer.go:382] "Caches are synced"
I0422 10:20:14.179457       1 shared_informer.go:382] "Caches are synced"
I0422 10:20:14.179637       1 shared_informer.go:382] "Caches are synced"
I0422 10:20:14.280751       1 scheduler.go:542] ===  SCHEDULing RUN ===
I0422 10:20:14.280884       1 schedule_one.go:67] === MON SCHEDULER MODIFIÉ EST EN TRAIN DE TOURNER ===
I0422 10:23:23.106401       1 schedule_one.go:67] === MON SCHEDULER MODIFIÉ EST EN TRAIN DE TOURNER ===
I0422 10:23:23.107817       1 schedule_one.go:67] === MON SCHEDULER MODIFIÉ EST EN TRAIN DE TOURNER ===
I0422 10:23:23.109137       1 schedule_one.go:67] === MON SCHEDULER MODIFIÉ EST EN TRAIN DE TOURNER ===
I0422 10:23:23.110205       1 schedule_one.go:67] === MON SCHEDULER MODIFIÉ EST EN TRAIN DE TOURNER ===
I0422 10:23:23.117722       1 schedule_one.go:166] "scheduling algorithm completed" duration ="13.543894ms" pod="default/graphgen-00001-deployment-6f84b8d49c-hnpc6"
I0422 10:23:23.122014       1 schedule_one.go:166] "scheduling algorithm completed" duration ="14.159301ms" pod="default/grayscale-00001-deployment-5bdd67fc57-lgbz5"
I0422 10:23:23.125077       1 schedule_one.go:166] "scheduling algorithm completed" duration ="18.636945ms" pod="default/genmatrix-00001-deployment-5df4b84798-hthnt"
I0422 10:23:23.129603       1 schedule_one.go:166] "scheduling algorithm completed" duration ="20.425332ms" pod="default/pagerank-00001-deployment-5868dc586f-zdl94"
I0422 10:23:23.139695       1 schedule_one.go:67] === MON SCHEDULER MODIFIÉ EST EN TRAIN DE TOURNER ===
I0422 10:23:23.152900       1 schedule_one.go:166] "scheduling algorithm completed" duration ="13.960449ms" pod="default/resnet-00001-deployment-58d467dc88-25dc8"
I0422 10:23:23.704269       1 schedule_one.go:67] === MON SCHEDULER MODIFIÉ EST EN TRAIN DE TOURNER ===
I0422 10:23:23.709256       1 schedule_one.go:166] "scheduling algorithm completed" duration ="5.600606ms" pod="default/fastfouriertransform-00001-deployment-657cc65f49-8h7xl"
I0422 10:23:24.836266       1 schedule_one.go:67] === MON SCHEDULER MODIFIÉ EST EN TRAIN DE TOURNER ===
I0422 10:23:24.841294       1 schedule_one.go:166] "scheduling algorithm completed" duration ="5.772383ms" pod="default/linpack-00001-deployment-5786f975fd-pb6cf"
I0422 10:23:24.844201       1 schedule_one.go:67] === MON SCHEDULER MODIFIÉ EST EN TRAIN DE TOURNER ===
I0422 10:23:24.849177       1 schedule_one.go:166] "scheduling algorithm completed" duration ="5.724976ms" pod="default/matrixmul-00001-deployment-7bd6bb5956-llp5c"
I0422 10:23:25.003168       1 schedule_one.go:67] === MON SCHEDULER MODIFIÉ EST EN TRAIN DE TOURNER ===
I0422 10:23:25.007662       1 schedule_one.go:166] "scheduling algorithm completed" duration ="5.052106ms" pod="default/mobilenet-00001-deployment-799ff7446f-twfp2"
I0422 10:23:26.848667       1 schedule_one.go:67] === MON SCHEDULER MODIFIÉ EST EN TRAIN DE TOURNER ===
I0422 10:23:26.850143       1 schedule_one.go:67] === MON SCHEDULER MODIFIÉ EST EN TRAIN DE TOURNER ===
I0422 10:23:26.853077       1 schedule_one.go:166] "scheduling algorithm completed" duration ="5.199143ms" pod="default/fetchdata-00001-deployment-6f7fd5c6-gdvsw"
I0422 10:23:26.855325       1 schedule_one.go:166] "scheduling algorithm completed" duration ="5.893476ms" pod="default/fastfouriertransform-00001-deployment-657cc65f49-vbbbh"
I0422 10:23:28.843590       1 schedule_one.go:67] === MON SCHEDULER MODIFIÉ EST EN TRAIN DE TOURNER ===
I0422 10:23:28.849910       1 schedule_one.go:166] "scheduling algorithm completed" duration ="7.458715ms" pod="default/genmatrix-00001-deployment-5df4b84798-dflqc"
I0422 10:23:28.860640       1 schedule_one.go:67] === MON SCHEDULER MODIFIÉ EST EN TRAIN DE TOURNER ===
I0422 10:23:28.865220       1 schedule_one.go:166] "scheduling algorithm completed" duration ="5.964328ms" pod="default/fastfouriertransform-00001-deployment-657cc65f49-w4np9"
I0422 10:23:30.836076       1 schedule_one.go:67] === MON SCHEDULER MODIFIÉ EST EN TRAIN DE TOURNER ===
I0422 10:23:30.845763       1 schedule_one.go:67] === MON SCHEDULER MODIFIÉ EST EN TRAIN DE TOURNER ===
I0422 10:23:30.847499       1 schedule_one.go:166] "scheduling algorithm completed" duration ="12.2866ms" pod="default/grayscale-00001-deployment-5bdd67fc57-2zhdr"
I0422 10:23:30.858281       1 schedule_one.go:166] "scheduling algorithm completed" duration ="13.518098ms" pod="default/graphgen-00001-deployment-6f84b8d49c-9hwmm"
I0422 10:23:34.836204       1 schedule_one.go:67] === MON SCHEDULER MODIFIÉ EST EN TRAIN DE TOURNER ===
I0422 10:23:34.841841       1 schedule_one.go:166] "scheduling algorithm completed" duration ="6.239938ms" pod="default/grayscale-00001-deployment-5bdd67fc57-p84xw"
I0422 10:24:32.937433       1 schedule_one.go:67] === MON SCHEDULER MODIFIÉ EST EN TRAIN DE TOURNER ===
I0422 10:24:32.941242       1 schedule_one.go:166] "scheduling algorithm completed" duration ="4.993144ms" pod="default/grayscale-00001-deployment-5bdd67fc57-24r5v"
I0422 10:26:04.853883       1 schedule_one.go:67] === MON SCHEDULER MODIFIÉ EST EN TRAIN DE TOURNER ===
I0422 10:26:04.859110       1 schedule_one.go:166] "scheduling algorithm completed" duration ="5.859236ms" pod="default/grayscale-00001-deployment-5bdd67fc57-gszjz"
I0422 10:35:29.276532       1 schedule_one.go:67] === MON SCHEDULER MODIFIÉ EST EN TRAIN DE TOURNER ===
I0422 10:35:29.278444       1 schedule_one.go:67] === MON SCHEDULER MODIFIÉ EST EN TRAIN DE TOURNER ===
I0422 10:35:29.280009       1 schedule_one.go:166] "scheduling algorithm completed" duration ="4.138072ms" pod="default/fastfouriertransform-00001-deployment-657cc65f49-g5tn6"
I0422 10:35:29.284402       1 schedule_one.go:166] "scheduling algorithm completed" duration ="6.744829ms" pod="default/grayscale-00001-deployment-5bdd67fc57-h45b5"
I0422 10:35:29.366708       1 schedule_one.go:67] === MON SCHEDULER MODIFIÉ EST EN TRAIN DE TOURNER ===
I0422 10:35:29.371184       1 schedule_one.go:166] "scheduling algorithm completed" duration ="5.288182ms" pod="default/genmatrix-00001-deployment-5df4b84798-frsvc"
I0422 10:35:29.578722       1 schedule_one.go:67] === MON SCHEDULER MODIFIÉ EST EN TRAIN DE TOURNER ===
I0422 10:35:29.583716       1 schedule_one.go:166] "scheduling algorithm completed" duration ="5.613163ms" pod="default/pagerank-00001-deployment-5868dc586f-668vz"
I0422 10:35:29.689895       1 schedule_one.go:67] === MON SCHEDULER MODIFIÉ EST EN TRAIN DE TOURNER ===
I0422 10:35:29.694662       1 schedule_one.go:166] "scheduling algorithm completed" duration ="5.374181ms" pod="default/resnet-00001-deployment-58d467dc88-p6s76"
I0422 10:35:29.812069       1 schedule_one.go:67] === MON SCHEDULER MODIFIÉ EST EN TRAIN DE TOURNER ===
I0422 10:35:29.815614       1 schedule_one.go:166] "scheduling algorithm completed" duration ="4.20222ms" pod="default/graphgen-00001-deployment-6f84b8d49c-52tr4"
I0422 10:35:30.664729       1 schedule_one.go:67] === MON SCHEDULER MODIFIÉ EST EN TRAIN DE TOURNER ===
I0422 10:35:30.670235       1 schedule_one.go:166] "scheduling algorithm completed" duration ="6.397385ms" pod="default/matrixmul-00001-deployment-7bd6bb5956-xbs47"
I0422 10:35:31.164111       1 schedule_one.go:67] === MON SCHEDULER MODIFIÉ EST EN TRAIN DE TOURNER ===
I0422 10:35:31.167816       1 schedule_one.go:166] "scheduling algorithm completed" duration ="4.256109ms" pod="default/linpack-00001-deployment-5786f975fd-sfs25"
I0422 10:35:31.513542       1 schedule_one.go:67] === MON SCHEDULER MODIFIÉ EST EN TRAIN DE TOURNER ===
I0422 10:35:31.518069       1 schedule_one.go:166] "scheduling algorithm completed" duration ="5.6362ms" pod="default/mobilenet-00001-deployment-799ff7446f-4mzsf"
I0422 10:35:32.841416       1 schedule_one.go:67] === MON SCHEDULER MODIFIÉ EST EN TRAIN DE TOURNER ===
I0422 10:35:32.847379       1 schedule_one.go:166] "scheduling algorithm completed" duration ="6.838367ms" pod="default/fastfouriertransform-00001-deployment-657cc65f49-6xf6r"
I0422 10:35:33.062633       1 schedule_one.go:67] === MON SCHEDULER MODIFIÉ EST EN TRAIN DE TOURNER ===
I0422 10:35:33.067964       1 schedule_one.go:166] "scheduling algorithm completed" duration ="5.936126ms" pod="default/fetchdata-00001-deployment-6f7fd5c6-z86s5"
I0422 10:35:36.847860       1 schedule_one.go:67] === MON SCHEDULER MODIFIÉ EST EN TRAIN DE TOURNER ===
I0422 10:35:36.853189       1 schedule_one.go:166] "scheduling algorithm completed" duration ="5.990552ms" pod="default/fastfouriertransform-00001-deployment-657cc65f49-qsvcd"
I0422 10:35:38.840808       1 schedule_one.go:67] === MON SCHEDULER MODIFIÉ EST EN TRAIN DE TOURNER ===
I0422 10:35:38.845374       1 schedule_one.go:67] === MON SCHEDULER MODIFIÉ EST EN TRAIN DE TOURNER ===
I0422 10:35:38.847110       1 schedule_one.go:166] "scheduling algorithm completed" duration ="7.06244ms" pod="default/graphgen-00001-deployment-6f84b8d49c-qnvtd"
I0422 10:35:38.855086       1 schedule_one.go:166] "scheduling algorithm completed" duration ="10.27679ms" pod="default/grayscale-00001-deployment-5bdd67fc57-67jgn"
I0422 10:36:40.852527       1 schedule_one.go:67] === MON SCHEDULER MODIFIÉ EST EN TRAIN DE TOURNER ===
I0422 10:36:40.859223       1 schedule_one.go:166] "scheduling algorithm completed" duration ="7.539588ms" pod="default/grayscale-00001-deployment-5bdd67fc57-9r6m8"
I0422 10:36:46.843040       1 schedule_one.go:67] === MON SCHEDULER MODIFIÉ EST EN TRAIN DE TOURNER ===
I0422 10:36:46.848556       1 schedule_one.go:166] "scheduling algorithm completed" duration ="6.310978ms" pod="default/fastfouriertransform-00001-deployment-657cc65f49-tc69n"
I0422 10:38:13.174054       1 schedule_one.go:67] === MON SCHEDULER MODIFIÉ EST EN TRAIN DE TOURNER ===
I0422 10:38:13.179261       1 schedule_one.go:166] "scheduling algorithm completed" duration ="6.078978ms" pod="default/grayscale-00001-deployment-5bdd67fc57-fdmzz"
