I0630 15:53:05.437617       1 serving.go:386] Generated self-signed cert in-memory
W0630 15:53:05.438247       1 client_config.go:683] Neither --kubeconfig nor --master was specified.  Using the inClusterConfig.  This might not work.
I0630 15:53:05.460244       1 scheduler.go:283] ===  SCHEDULer New  ===
I0630 15:53:05.462592       1 scheduler.go:457] "fonction New() construit le scheduler, mais ne commence pas à scheduler les pods, c'est la fonction Run() qui commence le scheduling des pods." duration ="2.311042ms"
I0630 15:53:05.464914       1 server.go:175] "Starting Kubernetes Scheduler" version="v0.0.0-master+$Format:%H$"
I0630 15:53:05.464936       1 server.go:177] "Golang settings" GOGC="" GOMAXPROCS="" GOTRACEBACK=""
I0630 15:53:05.471396       1 secure_serving.go:211] Serving securely on [::]:10259
I0630 15:53:05.471505       1 configmap_cafile_content.go:205] "Starting controller" name="client-ca::kube-system::extension-apiserver-authentication::requestheader-client-ca-file"
I0630 15:53:05.471515       1 tlsconfig.go:243] "Starting DynamicServingCertificateController"
I0630 15:53:05.471524       1 shared_informer.go:375] "Waiting for caches to sync"
I0630 15:53:05.471490       1 configmap_cafile_content.go:205] "Starting controller" name="client-ca::kube-system::extension-apiserver-authentication::client-ca-file"
I0630 15:53:05.471638       1 shared_informer.go:375] "Waiting for caches to sync"
I0630 15:53:05.471469       1 requestheader_controller.go:180] Starting RequestHeaderAuthRequestController
I0630 15:53:05.471661       1 shared_informer.go:375] "Waiting for caches to sync"
I0630 15:53:05.572532       1 shared_informer.go:382] "Caches are synced"
I0630 15:53:05.572556       1 shared_informer.go:382] "Caches are synced"
I0630 15:53:05.573652       1 shared_informer.go:382] "Caches are synced"
I0630 15:53:05.772700       1 scheduler.go:542] ===  SCHEDULing RUN ===
I0630 15:53:05.772742       1 schedule_one.go:67] === MON SCHEDULER MODIFIÉ EST EN TRAIN DE TOURNER ===
I0630 16:00:03.713376       1 schedule_one.go:67] === MON SCHEDULER MODIFIÉ EST EN TRAIN DE TOURNER ===
I0630 16:00:03.714251       1 schedule_one.go:67] === MON SCHEDULER MODIFIÉ EST EN TRAIN DE TOURNER ===
I0630 16:00:03.723933       1 schedule_one.go:166] "scheduling algorithm completed" duration ="10.525372ms" pod="default/resnet-00001-deployment-5c95599d68-8tpk8"
I0630 16:00:03.724379       1 schedule_one.go:166] "scheduling algorithm completed" duration ="12.702117ms" pod="default/mobilenet-00001-deployment-76d95655d-mzclm"
I0701 07:42:10.084631       1 schedule_one.go:67] === MON SCHEDULER MODIFIÉ EST EN TRAIN DE TOURNER ===
I0701 07:42:10.096150       1 schedule_one.go:166] "scheduling algorithm completed" duration ="12.164091ms" pod="default/mobilenet-00001-deployment-76d95655d-jq7lm"
I0701 07:42:10.958252       1 schedule_one.go:67] === MON SCHEDULER MODIFIÉ EST EN TRAIN DE TOURNER ===
I0701 07:42:10.963137       1 schedule_one.go:166] "scheduling algorithm completed" duration ="5.44147ms" pod="default/resnet-00001-deployment-5c95599d68-5kcwt"
I0701 08:22:25.763540       1 schedule_one.go:67] === MON SCHEDULER MODIFIÉ EST EN TRAIN DE TOURNER ===
I0701 08:22:25.768463       1 schedule_one.go:166] "scheduling algorithm completed" duration ="5.777621ms" pod="default/mobilenet-00001-deployment-76d95655d-rvrxs"
I0701 08:22:26.424209       1 schedule_one.go:67] === MON SCHEDULER MODIFIÉ EST EN TRAIN DE TOURNER ===
I0701 08:22:26.429750       1 schedule_one.go:166] "scheduling algorithm completed" duration ="6.255456ms" pod="default/resnet-00001-deployment-5c95599d68-mm76g"
I0701 09:00:16.764273       1 schedule_one.go:67] === MON SCHEDULER MODIFIÉ EST EN TRAIN DE TOURNER ===
I0701 09:00:16.769913       1 schedule_one.go:166] "scheduling algorithm completed" duration ="6.397769ms" pod="default/mobilenet-00001-deployment-76d95655d-zwndj"
I0701 09:00:17.308791       1 schedule_one.go:67] === MON SCHEDULER MODIFIÉ EST EN TRAIN DE TOURNER ===
I0701 09:00:17.312948       1 schedule_one.go:166] "scheduling algorithm completed" duration ="4.759951ms" pod="default/resnet-00001-deployment-5c95599d68-ltxcw"
I0701 09:42:01.756860       1 schedule_one.go:67] === MON SCHEDULER MODIFIÉ EST EN TRAIN DE TOURNER ===
I0701 09:42:01.761046       1 schedule_one.go:166] "scheduling algorithm completed" duration ="5.136546ms" pod="default/mobilenet-00001-deployment-76d95655d-4tkj4"
I0701 09:42:02.671159       1 schedule_one.go:67] === MON SCHEDULER MODIFIÉ EST EN TRAIN DE TOURNER ===
I0701 09:42:02.675110       1 schedule_one.go:166] "scheduling algorithm completed" duration ="4.67747ms" pod="default/resnet-00001-deployment-5c95599d68-nt6tt"
I0701 10:21:49.333882       1 schedule_one.go:67] === MON SCHEDULER MODIFIÉ EST EN TRAIN DE TOURNER ===
I0701 10:21:49.339469       1 schedule_one.go:166] "scheduling algorithm completed" duration ="6.527864ms" pod="default/mobilenet-00001-deployment-76d95655d-nmt4m"
I0701 10:21:50.222877       1 schedule_one.go:67] === MON SCHEDULER MODIFIÉ EST EN TRAIN DE TOURNER ===
I0701 10:21:50.227864       1 schedule_one.go:166] "scheduling algorithm completed" duration ="5.845918ms" pod="default/resnet-00001-deployment-5c95599d68-w6b5k"
I0701 10:59:34.500580       1 schedule_one.go:67] === MON SCHEDULER MODIFIÉ EST EN TRAIN DE TOURNER ===
I0701 10:59:34.518982       1 schedule_one.go:166] "scheduling algorithm completed" duration ="19.012905ms" pod="default/mobilenet-00001-deployment-76d95655d-zvcfw"
I0701 10:59:35.448561       1 schedule_one.go:67] === MON SCHEDULER MODIFIÉ EST EN TRAIN DE TOURNER ===
I0701 10:59:35.453558       1 schedule_one.go:166] "scheduling algorithm completed" duration ="5.613121ms" pod="default/resnet-00001-deployment-5c95599d68-g9rcd"
