I0619 12:06:55.399181       1 serving.go:386] Generated self-signed cert in-memory
W0619 12:06:55.402031       1 client_config.go:683] Neither --kubeconfig nor --master was specified.  Using the inClusterConfig.  This might not work.
I0619 12:06:55.487857       1 scheduler.go:283] ===  SCHEDULer New  ===
I0619 12:06:55.499072       1 scheduler.go:457] "fonction New() construit le scheduler, mais ne commence pas à scheduler les pods, c'est la fonction Run() qui commence le scheduling des pods." duration ="11.180846ms"
I0619 12:06:55.501035       1 server.go:175] "Starting Kubernetes Scheduler" version="v0.0.0-master+$Format:%H$"
I0619 12:06:55.501050       1 server.go:177] "Golang settings" GOGC="" GOMAXPROCS="" GOTRACEBACK=""
I0619 12:06:55.508448       1 requestheader_controller.go:180] Starting RequestHeaderAuthRequestController
I0619 12:06:55.508468       1 shared_informer.go:375] "Waiting for caches to sync"
I0619 12:06:55.508505       1 configmap_cafile_content.go:205] "Starting controller" name="client-ca::kube-system::extension-apiserver-authentication::client-ca-file"
I0619 12:06:55.508513       1 shared_informer.go:375] "Waiting for caches to sync"
I0619 12:06:55.508632       1 configmap_cafile_content.go:205] "Starting controller" name="client-ca::kube-system::extension-apiserver-authentication::requestheader-client-ca-file"
I0619 12:06:55.508646       1 shared_informer.go:375] "Waiting for caches to sync"
I0619 12:06:55.508704       1 secure_serving.go:211] Serving securely on [::]:10259
I0619 12:06:55.508779       1 tlsconfig.go:243] "Starting DynamicServingCertificateController"
I0619 12:06:55.608954       1 shared_informer.go:382] "Caches are synced"
I0619 12:06:55.608957       1 shared_informer.go:382] "Caches are synced"
I0619 12:06:55.608959       1 shared_informer.go:382] "Caches are synced"
I0619 12:06:55.709630       1 scheduler.go:542] ===  SCHEDULing RUN ===
I0619 12:06:55.709661       1 schedule_one.go:67] === MON SCHEDULER MODIFIÉ EST EN TRAIN DE TOURNER ===
I0619 12:19:27.996207       1 schedule_one.go:67] === MON SCHEDULER MODIFIÉ EST EN TRAIN DE TOURNER ===
I0619 12:19:27.997635       1 schedule_one.go:67] === MON SCHEDULER MODIFIÉ EST EN TRAIN DE TOURNER ===
I0619 12:19:27.999444       1 schedule_one.go:67] === MON SCHEDULER MODIFIÉ EST EN TRAIN DE TOURNER ===
I0619 12:19:28.011728       1 schedule_one.go:67] === MON SCHEDULER MODIFIÉ EST EN TRAIN DE TOURNER ===
I0619 12:19:28.022179       1 schedule_one.go:166] "scheduling algorithm completed" duration ="25.204011ms" pod="default/linpack-00001-deployment-5fcdf8b7f7-ffj8c"
I0619 12:19:28.026096       1 schedule_one.go:166] "scheduling algorithm completed" duration ="27.122681ms" pod="default/matrixmul-00001-deployment-5cb8b76cf6-zr482"
I0619 12:19:28.026504       1 schedule_one.go:166] "scheduling algorithm completed" duration ="31.913242ms" pod="default/fastfouriertransform-00001-deployment-5bb577bc85-qhchg"
I0619 12:19:28.050885       1 schedule_one.go:166] "scheduling algorithm completed" duration ="39.731121ms" pod="default/fetchdata-00001-deployment-66f645596-sszzt"
I0619 12:19:28.177997       1 schedule_one.go:67] === MON SCHEDULER MODIFIÉ EST EN TRAIN DE TOURNER ===
I0619 12:19:28.209218       1 schedule_one.go:166] "scheduling algorithm completed" duration ="32.034538ms" pod="default/genmatrix-00001-deployment-6774b76f77-vmzbw"
I0619 12:19:29.772324       1 schedule_one.go:67] === MON SCHEDULER MODIFIÉ EST EN TRAIN DE TOURNER ===
I0619 12:19:29.789401       1 schedule_one.go:67] === MON SCHEDULER MODIFIÉ EST EN TRAIN DE TOURNER ===
I0619 12:19:29.800802       1 schedule_one.go:166] "scheduling algorithm completed" duration ="29.099238ms" pod="default/linpack-00001-deployment-5fcdf8b7f7-k96ch"
I0619 12:19:29.890024       1 schedule_one.go:166] "scheduling algorithm completed" duration ="104.938772ms" pod="default/fastfouriertransform-00001-deployment-5bb577bc85-kz2vl"
I0619 12:19:31.750485       1 schedule_one.go:67] === MON SCHEDULER MODIFIÉ EST EN TRAIN DE TOURNER ===
I0619 12:19:31.764643       1 schedule_one.go:67] === MON SCHEDULER MODIFIÉ EST EN TRAIN DE TOURNER ===
I0619 12:19:31.765165       1 schedule_one.go:166] "scheduling algorithm completed" duration ="15.315611ms" pod="default/matrixmul-00001-deployment-5cb8b76cf6-52jj8"
I0619 12:19:31.784648       1 schedule_one.go:166] "scheduling algorithm completed" duration ="20.554357ms" pod="default/fastfouriertransform-00001-deployment-5bb577bc85-rtcjc"
I0619 12:19:31.876444       1 schedule_one.go:67] === MON SCHEDULER MODIFIÉ EST EN TRAIN DE TOURNER ===
I0619 12:19:31.886875       1 schedule_one.go:67] === MON SCHEDULER MODIFIÉ EST EN TRAIN DE TOURNER ===
I0619 12:19:31.899684       1 schedule_one.go:166] "scheduling algorithm completed" duration ="24.068861ms" pod="default/linpack-00001-deployment-5fcdf8b7f7-44ndm"
I0619 12:19:31.911409       1 schedule_one.go:67] === MON SCHEDULER MODIFIÉ EST EN TRAIN DE TOURNER ===
I0619 12:19:31.931112       1 schedule_one.go:166] "scheduling algorithm completed" duration ="44.867201ms" pod="default/genmatrix-00001-deployment-6774b76f77-66sxw"
I0619 12:19:31.943045       1 schedule_one.go:166] "scheduling algorithm completed" duration ="32.197112ms" pod="default/fetchdata-00001-deployment-66f645596-d9btr"
I0619 12:19:33.772982       1 schedule_one.go:67] === MON SCHEDULER MODIFIÉ EST EN TRAIN DE TOURNER ===
I0619 12:19:33.793305       1 schedule_one.go:166] "scheduling algorithm completed" duration ="20.904913ms" pod="default/linpack-00001-deployment-5fcdf8b7f7-5tdtf"
I0619 12:20:38.014039       1 schedule_one.go:67] === MON SCHEDULER MODIFIÉ EST EN TRAIN DE TOURNER ===
I0619 12:20:38.021734       1 schedule_one.go:166] "scheduling algorithm completed" duration ="8.656103ms" pod="default/linpack-00001-deployment-5fcdf8b7f7-n6lsm"
I0619 12:20:45.762365       1 schedule_one.go:67] === MON SCHEDULER MODIFIÉ EST EN TRAIN DE TOURNER ===
I0619 12:20:45.774403       1 schedule_one.go:166] "scheduling algorithm completed" duration ="12.714793ms" pod="default/matrixmul-00001-deployment-5cb8b76cf6-bwbkn"
I0619 12:20:47.740830       1 schedule_one.go:67] === MON SCHEDULER MODIFIÉ EST EN TRAIN DE TOURNER ===
I0619 12:20:47.746862       1 schedule_one.go:166] "scheduling algorithm completed" duration ="6.547878ms" pod="default/matrixmul-00001-deployment-5cb8b76cf6-zdbmm"
I0619 12:20:49.801320       1 schedule_one.go:67] === MON SCHEDULER MODIFIÉ EST EN TRAIN DE TOURNER ===
I0619 12:20:49.823678       1 schedule_one.go:166] "scheduling algorithm completed" duration ="22.903342ms" pod="default/matrixmul-00001-deployment-5cb8b76cf6-clnxg"
I0619 12:20:55.780942       1 schedule_one.go:67] === MON SCHEDULER MODIFIÉ EST EN TRAIN DE TOURNER ===
I0619 12:20:55.787390       1 schedule_one.go:166] "scheduling algorithm completed" duration ="7.062638ms" pod="default/fastfouriertransform-00001-deployment-5bb577bc85-9gtfq"
