I0626 09:35:35.635503       1 serving.go:386] Generated self-signed cert in-memory
W0626 09:35:35.637320       1 client_config.go:683] Neither --kubeconfig nor --master was specified.  Using the inClusterConfig.  This might not work.
I0626 09:35:35.721296       1 scheduler.go:283] ===  SCHEDULer New  ===
I0626 09:35:35.730521       1 scheduler.go:457] "fonction New() construit le scheduler, mais ne commence pas à scheduler les pods, c'est la fonction Run() qui commence le scheduling des pods." duration ="9.193655ms"
I0626 09:35:35.733999       1 server.go:175] "Starting Kubernetes Scheduler" version="v0.0.0-master+$Format:%H$"
I0626 09:35:35.734040       1 server.go:177] "Golang settings" GOGC="" GOMAXPROCS="" GOTRACEBACK=""
I0626 09:35:35.743301       1 requestheader_controller.go:180] Starting RequestHeaderAuthRequestController
I0626 09:35:35.743371       1 shared_informer.go:375] "Waiting for caches to sync"
I0626 09:35:35.743310       1 configmap_cafile_content.go:205] "Starting controller" name="client-ca::kube-system::extension-apiserver-authentication::requestheader-client-ca-file"
I0626 09:35:35.743421       1 shared_informer.go:375] "Waiting for caches to sync"
I0626 09:35:35.743305       1 configmap_cafile_content.go:205] "Starting controller" name="client-ca::kube-system::extension-apiserver-authentication::client-ca-file"
I0626 09:35:35.743457       1 shared_informer.go:375] "Waiting for caches to sync"
I0626 09:35:35.743822       1 secure_serving.go:211] Serving securely on [::]:10259
I0626 09:35:35.743875       1 tlsconfig.go:243] "Starting DynamicServingCertificateController"
I0626 09:35:36.344471       1 shared_informer.go:382] "Caches are synced"
I0626 09:35:36.344491       1 scheduler.go:542] ===  SCHEDULing RUN ===
I0626 09:35:36.344516       1 schedule_one.go:67] === MON SCHEDULER MODIFIÉ EST EN TRAIN DE TOURNER ===
I0626 09:35:36.344544       1 shared_informer.go:382] "Caches are synced"
I0626 09:35:36.344562       1 shared_informer.go:382] "Caches are synced"
I0626 09:40:28.476289       1 schedule_one.go:67] === MON SCHEDULER MODIFIÉ EST EN TRAIN DE TOURNER ===
I0626 09:40:28.477280       1 schedule_one.go:67] === MON SCHEDULER MODIFIÉ EST EN TRAIN DE TOURNER ===
I0626 09:40:28.478856       1 schedule_one.go:67] === MON SCHEDULER MODIFIÉ EST EN TRAIN DE TOURNER ===
I0626 09:40:28.480908       1 schedule_one.go:67] === MON SCHEDULER MODIFIÉ EST EN TRAIN DE TOURNER ===
I0626 09:40:28.481945       1 schedule_one.go:67] === MON SCHEDULER MODIFIÉ EST EN TRAIN DE TOURNER ===
I0626 09:40:28.489715       1 schedule_one.go:166] "scheduling algorithm completed" duration ="13.394953ms" pod="default/linpack-00001-deployment-65fff5d977-m8cpb"
I0626 09:40:28.500799       1 schedule_one.go:166] "scheduling algorithm completed" duration ="26.056366ms" pod="default/matrixmul-00001-deployment-55fdf86969-gm6wd"
I0626 09:40:28.504639       1 schedule_one.go:166] "scheduling algorithm completed" duration ="26.465497ms" pod="default/genmatrix-00001-deployment-9c875447c-ndh65"
I0626 09:40:28.505933       1 schedule_one.go:166] "scheduling algorithm completed" duration ="26.641109ms" pod="default/fetchdata-00001-deployment-7849f4674f-f64dl"
I0626 09:40:28.523819       1 schedule_one.go:166] "scheduling algorithm completed" duration ="42.874946ms" pod="default/fastfouriertransform-00001-deployment-5d7bc9c94d-gpt8v"
I0626 09:40:30.276082       1 schedule_one.go:67] === MON SCHEDULER MODIFIÉ EST EN TRAIN DE TOURNER ===
I0626 09:40:30.278237       1 schedule_one.go:67] === MON SCHEDULER MODIFIÉ EST EN TRAIN DE TOURNER ===
I0626 09:40:30.281825       1 schedule_one.go:166] "scheduling algorithm completed" duration ="6.363604ms" pod="default/genmatrix-00001-deployment-9c875447c-m9rbb"
I0626 09:40:30.286030       1 schedule_one.go:166] "scheduling algorithm completed" duration ="8.401336ms" pod="default/linpack-00001-deployment-65fff5d977-v8r2d"
I0626 09:40:30.312786       1 schedule_one.go:67] === MON SCHEDULER MODIFIÉ EST EN TRAIN DE TOURNER ===
I0626 09:40:30.320874       1 schedule_one.go:166] "scheduling algorithm completed" duration ="8.684023ms" pod="default/fastfouriertransform-00001-deployment-5d7bc9c94d-4ht5h"
I0626 09:40:30.335433       1 schedule_one.go:67] === MON SCHEDULER MODIFIÉ EST EN TRAIN DE TOURNER ===
I0626 09:40:30.344510       1 schedule_one.go:166] "scheduling algorithm completed" duration ="9.832584ms" pod="default/fetchdata-00001-deployment-7849f4674f-vh75c"
I0626 09:40:32.281628       1 schedule_one.go:67] === MON SCHEDULER MODIFIÉ EST EN TRAIN DE TOURNER ===
I0626 09:40:32.284300       1 schedule_one.go:67] === MON SCHEDULER MODIFIÉ EST EN TRAIN DE TOURNER ===
I0626 09:40:32.285187       1 schedule_one.go:166] "scheduling algorithm completed" duration ="4.208354ms" pod="default/fastfouriertransform-00001-deployment-5d7bc9c94d-fjqlj"
I0626 09:40:32.290350       1 schedule_one.go:166] "scheduling algorithm completed" duration ="6.626809ms" pod="default/linpack-00001-deployment-65fff5d977-kpcbx"
I0626 09:40:32.315064       1 schedule_one.go:67] === MON SCHEDULER MODIFIÉ EST EN TRAIN DE TOURNER ===
I0626 09:40:32.319954       1 schedule_one.go:166] "scheduling algorithm completed" duration ="5.848936ms" pod="default/matrixmul-00001-deployment-55fdf86969-8wc47"
I0626 09:40:34.280547       1 schedule_one.go:67] === MON SCHEDULER MODIFIÉ EST EN TRAIN DE TOURNER ===
I0626 09:40:34.284775       1 schedule_one.go:166] "scheduling algorithm completed" duration ="5.016024ms" pod="default/linpack-00001-deployment-65fff5d977-xrkwj"
I0626 09:41:38.372220       1 schedule_one.go:67] === MON SCHEDULER MODIFIÉ EST EN TRAIN DE TOURNER ===
I0626 09:41:38.373370       1 schedule_one.go:67] === MON SCHEDULER MODIFIÉ EST EN TRAIN DE TOURNER ===
I0626 09:41:38.378549       1 schedule_one.go:166] "scheduling algorithm completed" duration ="6.289464ms" pod="default/linpack-00001-deployment-65fff5d977-85sjb"
I0626 09:41:38.379468       1 schedule_one.go:166] "scheduling algorithm completed" duration ="8.587923ms" pod="default/matrixmul-00001-deployment-55fdf86969-txqk8"
I0626 09:42:04.277673       1 schedule_one.go:67] === MON SCHEDULER MODIFIÉ EST EN TRAIN DE TOURNER ===
I0626 09:42:04.285704       1 schedule_one.go:166] "scheduling algorithm completed" duration ="8.783887ms" pod="default/fastfouriertransform-00001-deployment-5d7bc9c94d-v8gvf"
