I0702 12:06:01.922113       1 serving.go:386] Generated self-signed cert in-memory
W0702 12:06:01.922743       1 client_config.go:683] Neither --kubeconfig nor --master was specified.  Using the inClusterConfig.  This might not work.
I0702 12:06:01.942994       1 scheduler.go:283] ===  SCHEDULer New  ===
I0702 12:06:01.944531       1 scheduler.go:457] "fonction New() construit le scheduler, mais ne commence pas à scheduler les pods, c'est la fonction Run() qui commence le scheduling des pods." duration ="1.507404ms"
I0702 12:06:01.946470       1 server.go:175] "Starting Kubernetes Scheduler" version="v0.0.0-master+$Format:%H$"
I0702 12:06:01.946489       1 server.go:177] "Golang settings" GOGC="" GOMAXPROCS="" GOTRACEBACK=""
I0702 12:06:01.951384       1 requestheader_controller.go:180] Starting RequestHeaderAuthRequestController
I0702 12:06:01.951390       1 configmap_cafile_content.go:205] "Starting controller" name="client-ca::kube-system::extension-apiserver-authentication::requestheader-client-ca-file"
I0702 12:06:01.951408       1 shared_informer.go:375] "Waiting for caches to sync"
I0702 12:06:01.951410       1 shared_informer.go:375] "Waiting for caches to sync"
I0702 12:06:01.951390       1 configmap_cafile_content.go:205] "Starting controller" name="client-ca::kube-system::extension-apiserver-authentication::client-ca-file"
I0702 12:06:01.951447       1 shared_informer.go:375] "Waiting for caches to sync"
I0702 12:06:01.951613       1 secure_serving.go:211] Serving securely on [::]:10259
I0702 12:06:01.951670       1 tlsconfig.go:243] "Starting DynamicServingCertificateController"
I0702 12:06:02.151926       1 shared_informer.go:382] "Caches are synced"
I0702 12:06:02.151929       1 shared_informer.go:382] "Caches are synced"
I0702 12:06:02.152074       1 scheduler.go:542] ===  SCHEDULing RUN ===
I0702 12:06:02.152104       1 schedule_one.go:67] === MON SCHEDULER MODIFIÉ EST EN TRAIN DE TOURNER ===
I0702 12:06:02.152120       1 shared_informer.go:382] "Caches are synced"
I0702 12:11:29.061788       1 schedule_one.go:67] === MON SCHEDULER MODIFIÉ EST EN TRAIN DE TOURNER ===
I0702 12:11:29.069300       1 schedule_one.go:67] === MON SCHEDULER MODIFIÉ EST EN TRAIN DE TOURNER ===
I0702 12:11:29.075185       1 schedule_one.go:166] "scheduling algorithm completed" duration ="14.841537ms" pod="default/mobilenet-00001-deployment-855b8bc6bc-qmmn9"
I0702 12:11:29.087578       1 schedule_one.go:166] "scheduling algorithm completed" duration ="18.753503ms" pod="default/resnet-00001-deployment-5687dd4f7c-h5smh"
I0702 12:11:32.609464       1 schedule_one.go:67] === MON SCHEDULER MODIFIÉ EST EN TRAIN DE TOURNER ===
I0702 12:11:32.621123       1 schedule_one.go:166] "scheduling algorithm completed" duration ="12.485533ms" pod="default/mobilenet-00001-deployment-855b8bc6bc-zxfr6"
I0702 12:11:34.584864       1 schedule_one.go:67] === MON SCHEDULER MODIFIÉ EST EN TRAIN DE TOURNER ===
I0702 12:11:34.589859       1 schedule_one.go:166] "scheduling algorithm completed" duration ="5.542778ms" pod="default/resnet-00001-deployment-5687dd4f7c-prwm2"
I0702 12:11:36.628928       1 schedule_one.go:67] === MON SCHEDULER MODIFIÉ EST EN TRAIN DE TOURNER ===
I0702 12:11:36.633911       1 schedule_one.go:166] "scheduling algorithm completed" duration ="5.546167ms" pod="default/resnet-00001-deployment-5687dd4f7c-tht5d"
I0702 12:13:08.774014       1 schedule_one.go:67] === MON SCHEDULER MODIFIÉ EST EN TRAIN DE TOURNER ===
I0702 12:13:08.780180       1 schedule_one.go:166] "scheduling algorithm completed" duration ="7.071571ms" pod="default/resnet-00001-deployment-5687dd4f7c-2lgz7"
I0702 12:13:12.784762       1 schedule_one.go:67] === MON SCHEDULER MODIFIÉ EST EN TRAIN DE TOURNER ===
I0702 12:13:12.791069       1 schedule_one.go:166] "scheduling algorithm completed" duration ="6.785179ms" pod="default/resnet-00001-deployment-5687dd4f7c-tw64f"
I0702 12:14:30.962341       1 schedule_one.go:67] === MON SCHEDULER MODIFIÉ EST EN TRAIN DE TOURNER ===
I0702 12:14:30.965810       1 schedule_one.go:166] "scheduling algorithm completed" duration ="4.02617ms" pod="default/resnet-00001-deployment-5687dd4f7c-mkcv8"
I0702 12:15:56.723689       1 schedule_one.go:67] === MON SCHEDULER MODIFIÉ EST EN TRAIN DE TOURNER ===
I0702 12:15:56.727692       1 schedule_one.go:166] "scheduling algorithm completed" duration ="4.588335ms" pod="default/resnet-00001-deployment-5687dd4f7c-hnsl6"
I0702 12:17:40.701078       1 schedule_one.go:67] === MON SCHEDULER MODIFIÉ EST EN TRAIN DE TOURNER ===
I0702 12:17:40.705596       1 schedule_one.go:166] "scheduling algorithm completed" duration ="5.063951ms" pod="default/resnet-00001-deployment-5687dd4f7c-vr9wt"
