I0505 16:38:01.055480       1 serving.go:386] Generated self-signed cert in-memory
W0505 16:38:01.056102       1 client_config.go:683] Neither --kubeconfig nor --master was specified.  Using the inClusterConfig.  This might not work.
I0505 16:38:01.073770       1 scheduler.go:283] ===  SCHEDULer New  ===
I0505 16:38:01.076209       1 scheduler.go:457] "fonction New() construit le scheduler, mais ne commence pas à scheduler les pods, c'est la fonction Run() qui commence le scheduling des pods." duration ="2.407887ms"
I0505 16:38:01.078174       1 server.go:175] "Starting Kubernetes Scheduler" version="v0.0.0-master+$Format:%H$"
I0505 16:38:01.078242       1 server.go:177] "Golang settings" GOGC="" GOMAXPROCS="" GOTRACEBACK=""
I0505 16:38:01.083150       1 requestheader_controller.go:180] Starting RequestHeaderAuthRequestController
I0505 16:38:01.083153       1 configmap_cafile_content.go:205] "Starting controller" name="client-ca::kube-system::extension-apiserver-authentication::client-ca-file"
I0505 16:38:01.083173       1 shared_informer.go:375] "Waiting for caches to sync"
I0505 16:38:01.083177       1 shared_informer.go:375] "Waiting for caches to sync"
I0505 16:38:01.083207       1 configmap_cafile_content.go:205] "Starting controller" name="client-ca::kube-system::extension-apiserver-authentication::requestheader-client-ca-file"
I0505 16:38:01.083217       1 shared_informer.go:375] "Waiting for caches to sync"
I0505 16:38:01.083618       1 secure_serving.go:211] Serving securely on [::]:10259
I0505 16:38:01.083684       1 tlsconfig.go:243] "Starting DynamicServingCertificateController"
I0505 16:38:01.283661       1 shared_informer.go:382] "Caches are synced"
I0505 16:38:01.283661       1 shared_informer.go:382] "Caches are synced"
I0505 16:38:01.283670       1 shared_informer.go:382] "Caches are synced"
I0505 16:38:01.284460       1 scheduler.go:542] ===  SCHEDULing RUN ===
I0505 16:38:01.284524       1 schedule_one.go:67] === MON SCHEDULER MODIFIÉ EST EN TRAIN DE TOURNER ===
I0506 07:45:50.183460       1 schedule_one.go:67] === MON SCHEDULER MODIFIÉ EST EN TRAIN DE TOURNER ===
I0506 07:45:50.184926       1 schedule_one.go:67] === MON SCHEDULER MODIFIÉ EST EN TRAIN DE TOURNER ===
I0506 07:45:50.186150       1 schedule_one.go:67] === MON SCHEDULER MODIFIÉ EST EN TRAIN DE TOURNER ===
I0506 07:45:50.188771       1 schedule_one.go:67] === MON SCHEDULER MODIFIÉ EST EN TRAIN DE TOURNER ===
I0506 07:45:50.215232       1 schedule_one.go:166] "scheduling algorithm completed" duration ="33.875393ms" pod="default/fastfouriertransform-00001-deployment-5f7f4bb84b-x5xdt"
I0506 07:45:50.216569       1 schedule_one.go:67] === MON SCHEDULER MODIFIÉ EST EN TRAIN DE TOURNER ===
I0506 07:45:50.241880       1 schedule_one.go:166] "scheduling algorithm completed" duration ="53.807927ms" pod="default/graphgen-00001-deployment-778bbfcf48-g6lmj"
I0506 07:45:50.243481       1 schedule_one.go:166] "scheduling algorithm completed" duration ="57.836752ms" pod="default/resnet-00001-deployment-57c4bfb987-nxlk8"
I0506 07:45:50.305746       1 schedule_one.go:166] "scheduling algorithm completed" duration ="122.243083ms" pod="default/matrixmul-00001-deployment-7dc7847b4f-8wzpl"
I0506 07:45:50.347360       1 schedule_one.go:166] "scheduling algorithm completed" duration ="131.613582ms" pod="default/matrixmul-00001-deployment-7dc7847b4f-5plm5"
I0506 07:45:50.499530       1 schedule_one.go:67] === MON SCHEDULER MODIFIÉ EST EN TRAIN DE TOURNER ===
I0506 07:45:50.536158       1 schedule_one.go:67] === MON SCHEDULER MODIFIÉ EST EN TRAIN DE TOURNER ===
I0506 07:45:50.539477       1 schedule_one.go:67] === MON SCHEDULER MODIFIÉ EST EN TRAIN DE TOURNER ===
I0506 07:45:50.581612       1 schedule_one.go:166] "scheduling algorithm completed" duration ="82.650571ms" pod="default/graphgen-00001-deployment-778bbfcf48-4mv2l"
I0506 07:45:50.590513       1 schedule_one.go:166] "scheduling algorithm completed" duration ="55.047999ms" pod="default/genmatrix-00001-deployment-7dbddd585-95vgw"
I0506 07:45:50.617197       1 schedule_one.go:67] === MON SCHEDULER MODIFIÉ EST EN TRAIN DE TOURNER ===
I0506 07:45:50.663687       1 schedule_one.go:166] "scheduling algorithm completed" duration ="47.301625ms" pod="default/mobilenet-00001-deployment-59bbf999b6-6z5wj"
I0506 07:45:50.703072       1 schedule_one.go:166] "scheduling algorithm completed" duration ="164.188312ms" pod="default/resnet-00001-deployment-57c4bfb987-mq5p9"
I0506 07:45:50.726440       1 schedule_one.go:67] === MON SCHEDULER MODIFIÉ EST EN TRAIN DE TOURNER ===
I0506 07:45:50.727795       1 schedule_one.go:67] === MON SCHEDULER MODIFIÉ EST EN TRAIN DE TOURNER ===
I0506 07:45:50.772771       1 schedule_one.go:166] "scheduling algorithm completed" duration ="47.493532ms" pod="default/fetchdata-00001-deployment-99f85775b-ffqrr"
I0506 07:45:50.772879       1 schedule_one.go:166] "scheduling algorithm completed" duration ="46.187257ms" pod="default/genmatrix-00001-deployment-7dbddd585-wmt92"
I0506 07:45:50.809984       1 schedule_one.go:67] === MON SCHEDULER MODIFIÉ EST EN TRAIN DE TOURNER ===
I0506 07:45:50.815130       1 schedule_one.go:67] === MON SCHEDULER MODIFIÉ EST EN TRAIN DE TOURNER ===
I0506 07:45:50.843574       1 schedule_one.go:166] "scheduling algorithm completed" duration ="29.077793ms" pod="default/fetchdata-00001-deployment-99f85775b-6vlh9"
I0506 07:45:50.878244       1 schedule_one.go:166] "scheduling algorithm completed" duration ="68.807174ms" pod="default/grayscale-00001-deployment-94d4646fd-l2n7l"
I0506 07:45:50.887476       1 schedule_one.go:67] === MON SCHEDULER MODIFIÉ EST EN TRAIN DE TOURNER ===
I0506 07:45:50.906376       1 schedule_one.go:166] "scheduling algorithm completed" duration ="19.949478ms" pod="default/grayscale-00001-deployment-94d4646fd-2d9xh"
I0506 07:45:50.945847       1 schedule_one.go:67] === MON SCHEDULER MODIFIÉ EST EN TRAIN DE TOURNER ===
I0506 07:45:50.948214       1 schedule_one.go:67] === MON SCHEDULER MODIFIÉ EST EN TRAIN DE TOURNER ===
I0506 07:45:50.981975       1 schedule_one.go:166] "scheduling algorithm completed" duration ="36.872239ms" pod="default/linpack-00001-deployment-5f6694d7c6-4sjr4"
I0506 07:45:51.010191       1 schedule_one.go:166] "scheduling algorithm completed" duration ="63.551092ms" pod="default/pagerank-00001-deployment-7d5555f8bb-ng8fb"
I0506 07:45:51.048573       1 schedule_one.go:67] === MON SCHEDULER MODIFIÉ EST EN TRAIN DE TOURNER ===
I0506 07:45:51.051662       1 schedule_one.go:67] === MON SCHEDULER MODIFIÉ EST EN TRAIN DE TOURNER ===
I0506 07:45:51.088894       1 schedule_one.go:166] "scheduling algorithm completed" duration ="41.363693ms" pod="default/pagerank-00001-deployment-7d5555f8bb-pvs5k"
I0506 07:45:51.110805       1 schedule_one.go:166] "scheduling algorithm completed" duration ="60.953356ms" pod="default/linpack-00001-deployment-5f6694d7c6-dvkt7"
I0506 07:45:51.955730       1 schedule_one.go:67] === MON SCHEDULER MODIFIÉ EST EN TRAIN DE TOURNER ===
I0506 07:45:52.016654       1 schedule_one.go:166] "scheduling algorithm completed" duration ="61.556319ms" pod="default/fastfouriertransform-00001-deployment-5f7f4bb84b-5blvv"
I0506 07:45:52.036690       1 schedule_one.go:67] === MON SCHEDULER MODIFIÉ EST EN TRAIN DE TOURNER ===
I0506 07:45:52.082003       1 schedule_one.go:166] "scheduling algorithm completed" duration ="45.955036ms" pod="default/fetchdata-00001-deployment-99f85775b-s8rfp"
I0506 07:45:52.175562       1 schedule_one.go:67] === MON SCHEDULER MODIFIÉ EST EN TRAIN DE TOURNER ===
I0506 07:45:52.236564       1 schedule_one.go:166] "scheduling algorithm completed" duration ="61.767707ms" pod="default/grayscale-00001-deployment-94d4646fd-9cbn7"
I0506 07:45:52.309409       1 schedule_one.go:67] === MON SCHEDULER MODIFIÉ EST EN TRAIN DE TOURNER ===
I0506 07:45:52.316265       1 schedule_one.go:67] === MON SCHEDULER MODIFIÉ EST EN TRAIN DE TOURNER ===
I0506 07:45:52.339362       1 schedule_one.go:166] "scheduling algorithm completed" duration ="30.617326ms" pod="default/linpack-00001-deployment-5f6694d7c6-4xkrw"
I0506 07:45:52.394098       1 schedule_one.go:166] "scheduling algorithm completed" duration ="78.569135ms" pod="default/matrixmul-00001-deployment-7dc7847b4f-jw5w7"
I0506 07:45:54.365707       1 schedule_one.go:67] === MON SCHEDULER MODIFIÉ EST EN TRAIN DE TOURNER ===
I0506 07:45:54.399655       1 schedule_one.go:166] "scheduling algorithm completed" duration ="34.777391ms" pod="default/grayscale-00001-deployment-94d4646fd-qvtlq"
I0506 07:45:54.472396       1 schedule_one.go:67] === MON SCHEDULER MODIFIÉ EST EN TRAIN DE TOURNER ===
I0506 07:45:54.483409       1 schedule_one.go:166] "scheduling algorithm completed" duration ="11.89642ms" pod="default/graphgen-00001-deployment-778bbfcf48-flpqq"
I0506 07:45:54.657562       1 schedule_one.go:67] === MON SCHEDULER MODIFIÉ EST EN TRAIN DE TOURNER ===
I0506 07:45:54.702267       1 schedule_one.go:166] "scheduling algorithm completed" duration ="45.731351ms" pod="default/linpack-00001-deployment-5f6694d7c6-mlgg9"
I0506 07:45:55.002862       1 schedule_one.go:67] === MON SCHEDULER MODIFIÉ EST EN TRAIN DE TOURNER ===
I0506 07:45:55.009880       1 schedule_one.go:166] "scheduling algorithm completed" duration ="7.747743ms" pod="default/mobilenet-00001-deployment-59bbf999b6-skbms"
I0506 07:45:55.123893       1 schedule_one.go:67] === MON SCHEDULER MODIFIÉ EST EN TRAIN DE TOURNER ===
I0506 07:45:55.132439       1 schedule_one.go:166] "scheduling algorithm completed" duration ="9.803054ms" pod="default/pagerank-00001-deployment-7d5555f8bb-p4wzm"
I0506 07:45:55.242835       1 schedule_one.go:67] === MON SCHEDULER MODIFIÉ EST EN TRAIN DE TOURNER ===
I0506 07:45:55.248985       1 schedule_one.go:166] "scheduling algorithm completed" duration ="6.985486ms" pod="default/resnet-00001-deployment-57c4bfb987-tfs4s"
I0506 07:45:55.399476       1 schedule_one.go:67] === MON SCHEDULER MODIFIÉ EST EN TRAIN DE TOURNER ===
I0506 07:45:55.530968       1 schedule_one.go:166] "scheduling algorithm completed" duration ="134.111058ms" pod="default/fetchdata-00001-deployment-99f85775b-j9xb7"
I0506 07:45:56.315319       1 schedule_one.go:67] === MON SCHEDULER MODIFIÉ EST EN TRAIN DE TOURNER ===
I0506 07:45:56.329946       1 schedule_one.go:166] "scheduling algorithm completed" duration ="19.565367ms" pod="default/matrixmul-00001-deployment-7dc7847b4f-447mj"
I0506 07:45:56.441607       1 schedule_one.go:67] === MON SCHEDULER MODIFIÉ EST EN TRAIN DE TOURNER ===
I0506 07:45:56.535313       1 schedule_one.go:166] "scheduling algorithm completed" duration ="94.380325ms" pod="default/resnet-00001-deployment-57c4bfb987-s7kl9"
I0506 07:45:56.587052       1 schedule_one.go:67] === MON SCHEDULER MODIFIÉ EST EN TRAIN DE TOURNER ===
I0506 07:45:56.677447       1 schedule_one.go:166] "scheduling algorithm completed" duration ="91.191091ms" pod="default/fetchdata-00001-deployment-99f85775b-c5dmm"
I0506 07:45:56.983331       1 schedule_one.go:67] === MON SCHEDULER MODIFIÉ EST EN TRAIN DE TOURNER ===
I0506 07:45:57.068415       1 schedule_one.go:166] "scheduling algorithm completed" duration ="85.849916ms" pod="default/grayscale-00001-deployment-94d4646fd-g58xx"
I0506 07:45:58.107632       1 schedule_one.go:67] === MON SCHEDULER MODIFIÉ EST EN TRAIN DE TOURNER ===
I0506 07:45:58.143074       1 schedule_one.go:166] "scheduling algorithm completed" duration ="37.457738ms" pod="default/grayscale-00001-deployment-94d4646fd-fmcxl"
I0506 07:45:58.296590       1 schedule_one.go:67] === MON SCHEDULER MODIFIÉ EST EN TRAIN DE TOURNER ===
I0506 07:45:58.321023       1 schedule_one.go:166] "scheduling algorithm completed" duration ="26.573075ms" pod="default/linpack-00001-deployment-5f6694d7c6-s4qfs"
I0506 07:45:58.361950       1 schedule_one.go:67] === MON SCHEDULER MODIFIÉ EST EN TRAIN DE TOURNER ===
I0506 07:45:58.415146       1 schedule_one.go:166] "scheduling algorithm completed" duration ="53.804445ms" pod="default/resnet-00001-deployment-57c4bfb987-w6sjg"
I0506 07:46:00.023737       1 schedule_one.go:67] === MON SCHEDULER MODIFIÉ EST EN TRAIN DE TOURNER ===
I0506 07:46:00.045558       1 schedule_one.go:67] === MON SCHEDULER MODIFIÉ EST EN TRAIN DE TOURNER ===
I0506 07:46:00.081795       1 schedule_one.go:166] "scheduling algorithm completed" duration ="61.411059ms" pod="default/resnet-00001-deployment-57c4bfb987-qvz4r"
I0506 07:46:00.121445       1 schedule_one.go:67] === MON SCHEDULER MODIFIÉ EST EN TRAIN DE TOURNER ===
I0506 07:46:00.127111       1 schedule_one.go:166] "scheduling algorithm completed" duration ="83.979476ms" pod="default/graphgen-00001-deployment-778bbfcf48-8gw5b"
I0506 07:46:00.192790       1 schedule_one.go:166] "scheduling algorithm completed" duration ="72.585518ms" pod="default/resnet-00001-deployment-57c4bfb987-xbv4r"
I0506 07:46:00.211570       1 schedule_one.go:67] === MON SCHEDULER MODIFIÉ EST EN TRAIN DE TOURNER ===
I0506 07:46:00.314190       1 schedule_one.go:166] "scheduling algorithm completed" duration ="103.806899ms" pod="default/grayscale-00001-deployment-94d4646fd-h2pqw"
I0506 07:46:00.412614       1 schedule_one.go:67] === MON SCHEDULER MODIFIÉ EST EN TRAIN DE TOURNER ===
I0506 07:46:00.470730       1 schedule_one.go:166] "scheduling algorithm completed" duration ="58.899249ms" pod="default/grayscale-00001-deployment-94d4646fd-thvvd"
I0506 07:46:01.901394       1 schedule_one.go:67] === MON SCHEDULER MODIFIÉ EST EN TRAIN DE TOURNER ===
I0506 07:46:01.941296       1 schedule_one.go:166] "scheduling algorithm completed" duration ="41.039787ms" pod="default/grayscale-00001-deployment-94d4646fd-bgqqw"
I0506 07:46:01.949207       1 schedule_one.go:67] === MON SCHEDULER MODIFIÉ EST EN TRAIN DE TOURNER ===
I0506 07:46:01.983275       1 schedule_one.go:166] "scheduling algorithm completed" duration ="34.708373ms" pod="default/resnet-00001-deployment-57c4bfb987-qksbq"
I0506 07:46:03.919508       1 schedule_one.go:67] === MON SCHEDULER MODIFIÉ EST EN TRAIN DE TOURNER ===
I0506 07:46:03.935654       1 schedule_one.go:166] "scheduling algorithm completed" duration ="17.124298ms" pod="default/grayscale-00001-deployment-94d4646fd-f8ngp"
I0506 07:46:03.977223       1 schedule_one.go:67] === MON SCHEDULER MODIFIÉ EST EN TRAIN DE TOURNER ===
I0506 07:46:04.001202       1 schedule_one.go:166] "scheduling algorithm completed" duration ="24.82769ms" pod="default/grayscale-00001-deployment-94d4646fd-p7lw6"
I0506 07:46:05.899571       1 schedule_one.go:67] === MON SCHEDULER MODIFIÉ EST EN TRAIN DE TOURNER ===
I0506 07:46:05.910767       1 schedule_one.go:166] "scheduling algorithm completed" duration ="12.050068ms" pod="default/fastfouriertransform-00001-deployment-5f7f4bb84b-kd9mk"
I0506 07:46:05.999217       1 schedule_one.go:67] === MON SCHEDULER MODIFIÉ EST EN TRAIN DE TOURNER ===
I0506 07:46:06.028655       1 schedule_one.go:166] "scheduling algorithm completed" duration ="33.236802ms" pod="default/grayscale-00001-deployment-94d4646fd-mwkm5"
I0506 07:46:07.897858       1 schedule_one.go:67] === MON SCHEDULER MODIFIÉ EST EN TRAIN DE TOURNER ===
I0506 07:46:07.926398       1 schedule_one.go:166] "scheduling algorithm completed" duration ="29.672051ms" pod="default/fastfouriertransform-00001-deployment-5f7f4bb84b-tbcwj"
I0506 07:46:08.041158       1 schedule_one.go:67] === MON SCHEDULER MODIFIÉ EST EN TRAIN DE TOURNER ===
I0506 07:46:08.101918       1 schedule_one.go:166] "scheduling algorithm completed" duration ="61.670577ms" pod="default/grayscale-00001-deployment-94d4646fd-rh464"
I0506 07:46:09.856692       1 schedule_one.go:67] === MON SCHEDULER MODIFIÉ EST EN TRAIN DE TOURNER ===
I0506 07:46:09.869973       1 schedule_one.go:166] "scheduling algorithm completed" duration ="14.033694ms" pod="default/grayscale-00001-deployment-94d4646fd-sjc8j"
I0506 07:46:11.904623       1 schedule_one.go:67] === MON SCHEDULER MODIFIÉ EST EN TRAIN DE TOURNER ===
I0506 07:46:11.905610       1 schedule_one.go:67] === MON SCHEDULER MODIFIÉ EST EN TRAIN DE TOURNER ===
I0506 07:46:11.940765       1 schedule_one.go:166] "scheduling algorithm completed" duration ="36.04ms" pod="default/grayscale-00001-deployment-94d4646fd-xgfgk"
I0506 07:46:11.942056       1 schedule_one.go:166] "scheduling algorithm completed" duration ="38.509495ms" pod="default/fastfouriertransform-00001-deployment-5f7f4bb84b-7wzc6"
