I0701 14:04:35.176432       1 serving.go:386] Generated self-signed cert in-memory
W0701 14:04:35.178526       1 client_config.go:683] Neither --kubeconfig nor --master was specified.  Using the inClusterConfig.  This might not work.
I0701 14:04:35.257893       1 scheduler.go:283] ===  SCHEDULer New  ===
I0701 14:04:35.268743       1 scheduler.go:457] "fonction New() construit le scheduler, mais ne commence pas à scheduler les pods, c'est la fonction Run() qui commence le scheduling des pods." duration ="10.81713ms"
I0701 14:04:35.270699       1 server.go:175] "Starting Kubernetes Scheduler" version="v0.0.0-master+$Format:%H$"
I0701 14:04:35.270715       1 server.go:177] "Golang settings" GOGC="" GOMAXPROCS="" GOTRACEBACK=""
I0701 14:04:35.275964       1 configmap_cafile_content.go:205] "Starting controller" name="client-ca::kube-system::extension-apiserver-authentication::client-ca-file"
I0701 14:04:35.275987       1 shared_informer.go:375] "Waiting for caches to sync"
I0701 14:04:35.275988       1 configmap_cafile_content.go:205] "Starting controller" name="client-ca::kube-system::extension-apiserver-authentication::requestheader-client-ca-file"
I0701 14:04:35.276001       1 shared_informer.go:375] "Waiting for caches to sync"
I0701 14:04:35.275960       1 requestheader_controller.go:180] Starting RequestHeaderAuthRequestController
I0701 14:04:35.276025       1 shared_informer.go:375] "Waiting for caches to sync"
I0701 14:04:35.276191       1 secure_serving.go:211] Serving securely on [::]:10259
I0701 14:04:35.276258       1 tlsconfig.go:243] "Starting DynamicServingCertificateController"
I0701 14:04:35.376892       1 shared_informer.go:382] "Caches are synced"
I0701 14:04:35.376907       1 shared_informer.go:382] "Caches are synced"
I0701 14:04:35.376929       1 shared_informer.go:382] "Caches are synced"
I0701 14:04:35.477399       1 scheduler.go:542] ===  SCHEDULing RUN ===
I0701 14:04:35.477439       1 schedule_one.go:67] === MON SCHEDULER MODIFIÉ EST EN TRAIN DE TOURNER ===
I0701 14:17:47.097010       1 schedule_one.go:67] === MON SCHEDULER MODIFIÉ EST EN TRAIN DE TOURNER ===
I0701 14:17:47.101959       1 schedule_one.go:67] === MON SCHEDULER MODIFIÉ EST EN TRAIN DE TOURNER ===
I0701 14:17:47.113976       1 schedule_one.go:166] "scheduling algorithm completed" duration ="12.488789ms" pod="default/mobilenet-00001-deployment-855b8bc6bc-qmvvg"
I0701 14:17:47.115810       1 schedule_one.go:166] "scheduling algorithm completed" duration ="21.005821ms" pod="default/resnet-00001-deployment-5687dd4f7c-z97mp"
I0701 14:17:48.699914       1 schedule_one.go:67] === MON SCHEDULER MODIFIÉ EST EN TRAIN DE TOURNER ===
I0701 14:17:48.714573       1 schedule_one.go:67] === MON SCHEDULER MODIFIÉ EST EN TRAIN DE TOURNER ===
I0701 14:17:48.716208       1 schedule_one.go:166] "scheduling algorithm completed" duration ="16.965916ms" pod="default/resnet-00001-deployment-5687dd4f7c-rz998"
I0701 14:17:48.732783       1 schedule_one.go:166] "scheduling algorithm completed" duration ="19.161451ms" pod="default/mobilenet-00001-deployment-855b8bc6bc-j857f"
I0701 14:17:48.747519       1 schedule_one.go:67] === MON SCHEDULER MODIFIÉ EST EN TRAIN DE TOURNER ===
I0701 14:17:48.749866       1 schedule_one.go:67] === MON SCHEDULER MODIFIÉ EST EN TRAIN DE TOURNER ===
I0701 14:17:48.751788       1 schedule_one.go:67] === MON SCHEDULER MODIFIÉ EST EN TRAIN DE TOURNER ===
I0701 14:17:48.758509       1 schedule_one.go:67] === MON SCHEDULER MODIFIÉ EST EN TRAIN DE TOURNER ===
I0701 14:17:48.776159       1 schedule_one.go:166] "scheduling algorithm completed" duration ="27.337187ms" pod="default/resnet-00001-deployment-5687dd4f7c-bhdzh"
I0701 14:17:48.776160       1 schedule_one.go:166] "scheduling algorithm completed" duration ="30.087649ms" pod="default/resnet-00001-deployment-5687dd4f7c-vwxk9"
I0701 14:17:48.785867       1 schedule_one.go:166] "scheduling algorithm completed" duration ="28.285946ms" pod="default/mobilenet-00001-deployment-855b8bc6bc-gzlkn"
I0701 14:17:48.836761       1 schedule_one.go:67] === MON SCHEDULER MODIFIÉ EST EN TRAIN DE TOURNER ===
I0701 14:17:48.848657       1 schedule_one.go:166] "scheduling algorithm completed" duration ="97.8487ms" pod="default/mobilenet-00001-deployment-855b8bc6bc-6p2gl"
I0701 14:17:48.867336       1 schedule_one.go:166] "scheduling algorithm completed" duration ="31.141462ms" pod="default/resnet-00001-deployment-5687dd4f7c-hf7bf"
I0701 14:17:48.874447       1 schedule_one.go:67] === MON SCHEDULER MODIFIÉ EST EN TRAIN DE TOURNER ===
I0701 14:17:48.875272       1 schedule_one.go:67] === MON SCHEDULER MODIFIÉ EST EN TRAIN DE TOURNER ===
I0701 14:17:48.876435       1 schedule_one.go:67] === MON SCHEDULER MODIFIÉ EST EN TRAIN DE TOURNER ===
I0701 14:17:48.891468       1 schedule_one.go:67] === MON SCHEDULER MODIFIÉ EST EN TRAIN DE TOURNER ===
I0701 14:17:48.896033       1 schedule_one.go:67] === MON SCHEDULER MODIFIÉ EST EN TRAIN DE TOURNER ===
I0701 14:17:48.896724       1 schedule_one.go:67] === MON SCHEDULER MODIFIÉ EST EN TRAIN DE TOURNER ===
I0701 14:17:48.897752       1 schedule_one.go:67] === MON SCHEDULER MODIFIÉ EST EN TRAIN DE TOURNER ===
I0701 14:17:48.928497       1 schedule_one.go:166] "scheduling algorithm completed" duration ="31.747017ms" pod="default/mobilenet-00001-deployment-855b8bc6bc-n8w2v"
I0701 14:17:48.932537       1 schedule_one.go:166] "scheduling algorithm completed" duration ="58.050742ms" pod="default/resnet-00001-deployment-5687dd4f7c-5vsp2"
I0701 14:17:48.933359       1 schedule_one.go:166] "scheduling algorithm completed" duration ="61.483018ms" pod="default/mobilenet-00001-deployment-855b8bc6bc-shkq8"
I0701 14:17:48.933908       1 schedule_one.go:166] "scheduling algorithm completed" duration ="38.387421ms" pod="default/mobilenet-00001-deployment-855b8bc6bc-dd9fh"
I0701 14:17:48.938757       1 schedule_one.go:166] "scheduling algorithm completed" duration ="42.687122ms" pod="default/resnet-00001-deployment-5687dd4f7c-w5l2k"
I0701 14:17:48.947181       1 schedule_one.go:166] "scheduling algorithm completed" duration ="71.870216ms" pod="default/mobilenet-00001-deployment-855b8bc6bc-ngj4f"
I0701 14:17:48.960045       1 schedule_one.go:166] "scheduling algorithm completed" duration ="69.472754ms" pod="default/resnet-00001-deployment-5687dd4f7c-ffr88"
I0701 14:17:48.973441       1 schedule_one.go:67] === MON SCHEDULER MODIFIÉ EST EN TRAIN DE TOURNER ===
I0701 14:17:49.006259       1 schedule_one.go:166] "scheduling algorithm completed" duration ="33.414424ms" pod="default/mobilenet-00001-deployment-855b8bc6bc-x4bgv"
I0701 14:17:50.700002       1 schedule_one.go:67] === MON SCHEDULER MODIFIÉ EST EN TRAIN DE TOURNER ===
I0701 14:17:50.706059       1 schedule_one.go:67] === MON SCHEDULER MODIFIÉ EST EN TRAIN DE TOURNER ===
I0701 14:17:50.723532       1 schedule_one.go:166] "scheduling algorithm completed" duration ="18.162156ms" pod="default/mobilenet-00001-deployment-855b8bc6bc-tr4tj"
I0701 14:17:50.732317       1 schedule_one.go:166] "scheduling algorithm completed" duration ="32.395091ms" pod="default/resnet-00001-deployment-5687dd4f7c-lwxgr"
I0701 14:17:50.752504       1 schedule_one.go:67] === MON SCHEDULER MODIFIÉ EST EN TRAIN DE TOURNER ===
I0701 14:17:50.753641       1 schedule_one.go:67] === MON SCHEDULER MODIFIÉ EST EN TRAIN DE TOURNER ===
I0701 14:17:50.767689       1 schedule_one.go:166] "scheduling algorithm completed" duration ="16.477638ms" pod="default/mobilenet-00001-deployment-855b8bc6bc-rdtfl"
I0701 14:17:50.768114       1 schedule_one.go:166] "scheduling algorithm completed" duration ="15.385121ms" pod="default/resnet-00001-deployment-5687dd4f7c-h4zzs"
I0701 14:17:52.700087       1 schedule_one.go:67] === MON SCHEDULER MODIFIÉ EST EN TRAIN DE TOURNER ===
I0701 14:17:52.709087       1 schedule_one.go:67] === MON SCHEDULER MODIFIÉ EST EN TRAIN DE TOURNER ===
I0701 14:17:52.713843       1 schedule_one.go:166] "scheduling algorithm completed" duration ="14.414047ms" pod="default/mobilenet-00001-deployment-855b8bc6bc-6vlg4"
I0701 14:17:52.718491       1 schedule_one.go:67] === MON SCHEDULER MODIFIÉ EST EN TRAIN DE TOURNER ===
I0701 14:17:52.727259       1 schedule_one.go:166] "scheduling algorithm completed" duration ="18.689006ms" pod="default/resnet-00001-deployment-5687dd4f7c-v79jd"
I0701 14:17:52.737221       1 schedule_one.go:166] "scheduling algorithm completed" duration ="19.356932ms" pod="default/resnet-00001-deployment-5687dd4f7c-r5nhr"
I0701 14:17:52.756424       1 schedule_one.go:67] === MON SCHEDULER MODIFIÉ EST EN TRAIN DE TOURNER ===
I0701 14:17:52.758367       1 schedule_one.go:67] === MON SCHEDULER MODIFIÉ EST EN TRAIN DE TOURNER ===
I0701 14:17:52.774688       1 schedule_one.go:67] === MON SCHEDULER MODIFIÉ EST EN TRAIN DE TOURNER ===
I0701 14:17:52.781329       1 schedule_one.go:166] "scheduling algorithm completed" duration ="23.886226ms" pod="default/resnet-00001-deployment-5687dd4f7c-q27vw"
I0701 14:17:52.783224       1 schedule_one.go:166] "scheduling algorithm completed" duration ="27.349501ms" pod="default/mobilenet-00001-deployment-855b8bc6bc-2w5pd"
I0701 14:17:52.799093       1 schedule_one.go:166] "scheduling algorithm completed" duration ="25.306354ms" pod="default/resnet-00001-deployment-5687dd4f7c-k6m6f"
I0701 14:17:54.721865       1 schedule_one.go:67] === MON SCHEDULER MODIFIÉ EST EN TRAIN DE TOURNER ===
I0701 14:17:54.777938       1 schedule_one.go:67] === MON SCHEDULER MODIFIÉ EST EN TRAIN DE TOURNER ===
I0701 14:17:54.778781       1 schedule_one.go:166] "scheduling algorithm completed" duration ="57.494925ms" pod="default/resnet-00001-deployment-5687dd4f7c-74gkq"
I0701 14:17:54.805134       1 schedule_one.go:166] "scheduling algorithm completed" duration ="27.842723ms" pod="default/resnet-00001-deployment-5687dd4f7c-w9c2f"
I0701 14:17:54.806851       1 schedule_one.go:67] === MON SCHEDULER MODIFIÉ EST EN TRAIN DE TOURNER ===
I0701 14:17:54.818745       1 schedule_one.go:166] "scheduling algorithm completed" duration ="13.276473ms" pod="default/resnet-00001-deployment-5687dd4f7c-wlkld"
I0701 14:17:54.829090       1 schedule_one.go:67] === MON SCHEDULER MODIFIÉ EST EN TRAIN DE TOURNER ===
I0701 14:17:54.841393       1 schedule_one.go:166] "scheduling algorithm completed" duration ="12.880029ms" pod="default/resnet-00001-deployment-5687dd4f7c-9q8fd"
I0701 14:17:56.698649       1 schedule_one.go:67] === MON SCHEDULER MODIFIÉ EST EN TRAIN DE TOURNER ===
I0701 14:17:56.706899       1 schedule_one.go:67] === MON SCHEDULER MODIFIÉ EST EN TRAIN DE TOURNER ===
I0701 14:17:56.707035       1 schedule_one.go:166] "scheduling algorithm completed" duration ="9.197698ms" pod="default/resnet-00001-deployment-5687dd4f7c-pzr6m"
I0701 14:17:56.709395       1 schedule_one.go:67] === MON SCHEDULER MODIFIÉ EST EN TRAIN DE TOURNER ===
I0701 14:17:56.719715       1 schedule_one.go:166] "scheduling algorithm completed" duration ="10.907475ms" pod="default/resnet-00001-deployment-5687dd4f7c-gj2qv"
I0701 14:17:56.729202       1 schedule_one.go:166] "scheduling algorithm completed" duration ="22.933707ms" pod="default/resnet-00001-deployment-5687dd4f7c-2mxd7"
I0701 14:17:56.745131       1 schedule_one.go:67] === MON SCHEDULER MODIFIÉ EST EN TRAIN DE TOURNER ===
I0701 14:17:56.745783       1 schedule_one.go:67] === MON SCHEDULER MODIFIÉ EST EN TRAIN DE TOURNER ===
I0701 14:17:56.760703       1 schedule_one.go:166] "scheduling algorithm completed" duration ="15.506934ms" pod="default/resnet-00001-deployment-5687dd4f7c-qzzqt"
I0701 14:17:56.760800       1 schedule_one.go:166] "scheduling algorithm completed" duration ="16.682082ms" pod="default/resnet-00001-deployment-5687dd4f7c-lb69j"
I0701 14:17:58.695177       1 schedule_one.go:67] === MON SCHEDULER MODIFIÉ EST EN TRAIN DE TOURNER ===
I0701 14:17:58.704947       1 schedule_one.go:166] "scheduling algorithm completed" duration ="10.632438ms" pod="default/resnet-00001-deployment-5687dd4f7c-zxhc4"
I0701 14:17:58.705385       1 schedule_one.go:67] === MON SCHEDULER MODIFIÉ EST EN TRAIN DE TOURNER ===
I0701 14:17:58.710779       1 schedule_one.go:67] === MON SCHEDULER MODIFIÉ EST EN TRAIN DE TOURNER ===
I0701 14:17:58.718963       1 schedule_one.go:166] "scheduling algorithm completed" duration ="14.324083ms" pod="default/resnet-00001-deployment-5687dd4f7c-q6srs"
I0701 14:17:58.719744       1 schedule_one.go:166] "scheduling algorithm completed" duration ="9.680623ms" pod="default/resnet-00001-deployment-5687dd4f7c-vdv4k"
I0701 14:17:58.732119       1 schedule_one.go:67] === MON SCHEDULER MODIFIÉ EST EN TRAIN DE TOURNER ===
I0701 14:17:58.737433       1 schedule_one.go:166] "scheduling algorithm completed" duration ="5.98294ms" pod="default/resnet-00001-deployment-5687dd4f7c-6njsg"
I0701 14:18:00.715393       1 schedule_one.go:67] === MON SCHEDULER MODIFIÉ EST EN TRAIN DE TOURNER ===
I0701 14:18:00.728470       1 schedule_one.go:166] "scheduling algorithm completed" duration ="13.830416ms" pod="default/resnet-00001-deployment-5687dd4f7c-5zj7h"
I0701 14:18:00.743026       1 schedule_one.go:67] === MON SCHEDULER MODIFIÉ EST EN TRAIN DE TOURNER ===
I0701 14:18:00.755509       1 schedule_one.go:166] "scheduling algorithm completed" duration ="13.186102ms" pod="default/resnet-00001-deployment-5687dd4f7c-6rrjv"
I0701 14:30:45.096893       1 schedule_one.go:67] === MON SCHEDULER MODIFIÉ EST EN TRAIN DE TOURNER ===
I0701 14:30:45.107828       1 schedule_one.go:67] === MON SCHEDULER MODIFIÉ EST EN TRAIN DE TOURNER ===
I0701 14:30:45.109811       1 schedule_one.go:166] "scheduling algorithm completed" duration ="13.47621ms" pod="default/resnet-00001-deployment-5687dd4f7c-bqcnc"
I0701 14:30:45.124987       1 schedule_one.go:166] "scheduling algorithm completed" duration ="17.629503ms" pod="default/mobilenet-00001-deployment-855b8bc6bc-6pq9s"
I0701 14:30:46.740091       1 schedule_one.go:67] === MON SCHEDULER MODIFIÉ EST EN TRAIN DE TOURNER ===
I0701 14:30:46.827024       1 schedule_one.go:67] === MON SCHEDULER MODIFIÉ EST EN TRAIN DE TOURNER ===
I0701 14:30:46.855188       1 schedule_one.go:166] "scheduling algorithm completed" duration ="115.753084ms" pod="default/mobilenet-00001-deployment-855b8bc6bc-zpkd5"
I0701 14:30:46.873496       1 schedule_one.go:166] "scheduling algorithm completed" duration ="47.040607ms" pod="default/resnet-00001-deployment-5687dd4f7c-674nn"
I0701 14:30:46.874358       1 schedule_one.go:67] === MON SCHEDULER MODIFIÉ EST EN TRAIN DE TOURNER ===
I0701 14:30:46.875480       1 schedule_one.go:67] === MON SCHEDULER MODIFIÉ EST EN TRAIN DE TOURNER ===
I0701 14:30:46.890891       1 schedule_one.go:67] === MON SCHEDULER MODIFIÉ EST EN TRAIN DE TOURNER ===
I0701 14:30:46.892902       1 schedule_one.go:67] === MON SCHEDULER MODIFIÉ EST EN TRAIN DE TOURNER ===
I0701 14:30:46.899513       1 schedule_one.go:166] "scheduling algorithm completed" duration ="25.129256ms" pod="default/mobilenet-00001-deployment-855b8bc6bc-x4z9q"
I0701 14:30:46.900833       1 schedule_one.go:166] "scheduling algorithm completed" duration ="27.227606ms" pod="default/mobilenet-00001-deployment-855b8bc6bc-g4772"
I0701 14:30:46.918605       1 schedule_one.go:166] "scheduling algorithm completed" duration ="26.325199ms" pod="default/resnet-00001-deployment-5687dd4f7c-nq8zs"
I0701 14:30:46.918793       1 schedule_one.go:166] "scheduling algorithm completed" duration ="28.513531ms" pod="default/resnet-00001-deployment-5687dd4f7c-5lkrh"
I0701 14:30:46.928355       1 schedule_one.go:67] === MON SCHEDULER MODIFIÉ EST EN TRAIN DE TOURNER ===
I0701 14:30:46.931965       1 schedule_one.go:67] === MON SCHEDULER MODIFIÉ EST EN TRAIN DE TOURNER ===
I0701 14:30:46.933835       1 schedule_one.go:67] === MON SCHEDULER MODIFIÉ EST EN TRAIN DE TOURNER ===
I0701 14:30:46.941060       1 schedule_one.go:166] "scheduling algorithm completed" duration ="13.641896ms" pod="default/mobilenet-00001-deployment-855b8bc6bc-ff95g"
I0701 14:30:46.953964       1 schedule_one.go:166] "scheduling algorithm completed" duration ="23.306332ms" pod="default/mobilenet-00001-deployment-855b8bc6bc-xdxl2"
I0701 14:30:46.953964       1 schedule_one.go:166] "scheduling algorithm completed" duration ="21.961814ms" pod="default/resnet-00001-deployment-5687dd4f7c-9h4gn"
I0701 14:30:48.730647       1 schedule_one.go:67] === MON SCHEDULER MODIFIÉ EST EN TRAIN DE TOURNER ===
I0701 14:30:48.736827       1 schedule_one.go:67] === MON SCHEDULER MODIFIÉ EST EN TRAIN DE TOURNER ===
I0701 14:30:48.742206       1 schedule_one.go:166] "scheduling algorithm completed" duration ="14.782579ms" pod="default/mobilenet-00001-deployment-855b8bc6bc-26fh9"
I0701 14:30:48.750075       1 schedule_one.go:166] "scheduling algorithm completed" duration ="13.697858ms" pod="default/mobilenet-00001-deployment-855b8bc6bc-8n4q9"
I0701 14:30:48.753128       1 schedule_one.go:67] === MON SCHEDULER MODIFIÉ EST EN TRAIN DE TOURNER ===
I0701 14:30:48.761394       1 schedule_one.go:166] "scheduling algorithm completed" duration ="9.340029ms" pod="default/mobilenet-00001-deployment-855b8bc6bc-5p7qk"
I0701 14:30:48.790025       1 schedule_one.go:67] === MON SCHEDULER MODIFIÉ EST EN TRAIN DE TOURNER ===
I0701 14:30:48.807451       1 schedule_one.go:166] "scheduling algorithm completed" duration ="18.322725ms" pod="default/mobilenet-00001-deployment-855b8bc6bc-4gnp8"
I0701 14:30:48.818033       1 schedule_one.go:67] === MON SCHEDULER MODIFIÉ EST EN TRAIN DE TOURNER ===
I0701 14:30:48.834855       1 schedule_one.go:166] "scheduling algorithm completed" duration ="17.902576ms" pod="default/resnet-00001-deployment-5687dd4f7c-ccbpk"
I0701 14:30:48.850463       1 schedule_one.go:67] === MON SCHEDULER MODIFIÉ EST EN TRAIN DE TOURNER ===
I0701 14:30:48.856092       1 schedule_one.go:67] === MON SCHEDULER MODIFIÉ EST EN TRAIN DE TOURNER ===
I0701 14:30:48.869395       1 schedule_one.go:166] "scheduling algorithm completed" duration ="20.294353ms" pod="default/resnet-00001-deployment-5687dd4f7c-bdl4r"
I0701 14:30:48.881367       1 schedule_one.go:166] "scheduling algorithm completed" duration ="29.420178ms" pod="default/resnet-00001-deployment-5687dd4f7c-h5bjf"
I0701 14:30:48.888661       1 schedule_one.go:67] === MON SCHEDULER MODIFIÉ EST EN TRAIN DE TOURNER ===
I0701 14:30:48.911823       1 schedule_one.go:166] "scheduling algorithm completed" duration ="25.226793ms" pod="default/resnet-00001-deployment-5687dd4f7c-f4vdp"
I0701 14:30:50.809074       1 schedule_one.go:67] === MON SCHEDULER MODIFIÉ EST EN TRAIN DE TOURNER ===
I0701 14:30:50.846936       1 schedule_one.go:166] "scheduling algorithm completed" duration ="38.815189ms" pod="default/resnet-00001-deployment-5687dd4f7c-nlw6w"
I0701 14:30:50.852918       1 schedule_one.go:67] === MON SCHEDULER MODIFIÉ EST EN TRAIN DE TOURNER ===
I0701 14:30:50.863224       1 schedule_one.go:67] === MON SCHEDULER MODIFIÉ EST EN TRAIN DE TOURNER ===
I0701 14:30:50.879027       1 schedule_one.go:166] "scheduling algorithm completed" duration ="26.778865ms" pod="default/resnet-00001-deployment-5687dd4f7c-x6s9s"
I0701 14:30:50.899531       1 schedule_one.go:67] === MON SCHEDULER MODIFIÉ EST EN TRAIN DE TOURNER ===
I0701 14:30:50.909295       1 schedule_one.go:166] "scheduling algorithm completed" duration ="46.614755ms" pod="default/resnet-00001-deployment-5687dd4f7c-p5hrs"
I0701 14:30:50.919392       1 schedule_one.go:67] === MON SCHEDULER MODIFIÉ EST EN TRAIN DE TOURNER ===
I0701 14:30:50.922299       1 schedule_one.go:166] "scheduling algorithm completed" duration ="23.533405ms" pod="default/mobilenet-00001-deployment-855b8bc6bc-hwzws"
I0701 14:30:50.923121       1 schedule_one.go:67] === MON SCHEDULER MODIFIÉ EST EN TRAIN DE TOURNER ===
I0701 14:30:50.933574       1 schedule_one.go:166] "scheduling algorithm completed" duration ="15.083042ms" pod="default/resnet-00001-deployment-5687dd4f7c-6nplf"
I0701 14:30:50.952802       1 schedule_one.go:166] "scheduling algorithm completed" duration ="30.23927ms" pod="default/resnet-00001-deployment-5687dd4f7c-n9rvv"
I0701 14:30:52.697935       1 schedule_one.go:67] === MON SCHEDULER MODIFIÉ EST EN TRAIN DE TOURNER ===
I0701 14:30:52.705329       1 schedule_one.go:166] "scheduling algorithm completed" duration ="8.099419ms" pod="default/resnet-00001-deployment-5687dd4f7c-qkxjc"
I0701 14:30:52.721352       1 schedule_one.go:67] === MON SCHEDULER MODIFIÉ EST EN TRAIN DE TOURNER ===
I0701 14:30:52.722350       1 schedule_one.go:67] === MON SCHEDULER MODIFIÉ EST EN TRAIN DE TOURNER ===
I0701 14:30:52.731117       1 schedule_one.go:166] "scheduling algorithm completed" duration ="15.368857ms" pod="default/resnet-00001-deployment-5687dd4f7c-bp8fk"
I0701 14:30:52.732564       1 schedule_one.go:166] "scheduling algorithm completed" duration ="11.143083ms" pod="default/resnet-00001-deployment-5687dd4f7c-sfh6q"
I0701 14:30:52.736774       1 schedule_one.go:67] === MON SCHEDULER MODIFIÉ EST EN TRAIN DE TOURNER ===
I0701 14:30:52.740158       1 schedule_one.go:67] === MON SCHEDULER MODIFIÉ EST EN TRAIN DE TOURNER ===
I0701 14:30:52.758897       1 schedule_one.go:166] "scheduling algorithm completed" duration ="19.428816ms" pod="default/resnet-00001-deployment-5687dd4f7c-xmjnc"
I0701 14:30:52.762098       1 schedule_one.go:166] "scheduling algorithm completed" duration ="26.079144ms" pod="default/resnet-00001-deployment-5687dd4f7c-dsxpn"
I0701 14:30:54.724668       1 schedule_one.go:67] === MON SCHEDULER MODIFIÉ EST EN TRAIN DE TOURNER ===
I0701 14:30:54.731064       1 schedule_one.go:166] "scheduling algorithm completed" duration ="7.028271ms" pod="default/resnet-00001-deployment-5687dd4f7c-fpfrm"
I0701 14:30:54.746151       1 schedule_one.go:67] === MON SCHEDULER MODIFIÉ EST EN TRAIN DE TOURNER ===
I0701 14:30:54.749279       1 schedule_one.go:67] === MON SCHEDULER MODIFIÉ EST EN TRAIN DE TOURNER ===
I0701 14:30:54.765688       1 schedule_one.go:166] "scheduling algorithm completed" duration ="17.150522ms" pod="default/resnet-00001-deployment-5687dd4f7c-xnh42"
I0701 14:30:54.771454       1 schedule_one.go:166] "scheduling algorithm completed" duration ="26.464161ms" pod="default/resnet-00001-deployment-5687dd4f7c-b2d27"
I0701 14:30:54.781576       1 schedule_one.go:67] === MON SCHEDULER MODIFIÉ EST EN TRAIN DE TOURNER ===
I0701 14:30:54.789001       1 schedule_one.go:67] === MON SCHEDULER MODIFIÉ EST EN TRAIN DE TOURNER ===
I0701 14:30:54.791302       1 schedule_one.go:166] "scheduling algorithm completed" duration ="9.828362ms" pod="default/resnet-00001-deployment-5687dd4f7c-xf2sq"
I0701 14:30:54.833829       1 schedule_one.go:166] "scheduling algorithm completed" duration ="46.028792ms" pod="default/resnet-00001-deployment-5687dd4f7c-4pwwm"
I0701 14:30:56.694718       1 schedule_one.go:67] === MON SCHEDULER MODIFIÉ EST EN TRAIN DE TOURNER ===
I0701 14:30:56.701154       1 schedule_one.go:166] "scheduling algorithm completed" duration ="7.506049ms" pod="default/resnet-00001-deployment-5687dd4f7c-txrxx"
I0701 14:30:56.705623       1 schedule_one.go:67] === MON SCHEDULER MODIFIÉ EST EN TRAIN DE TOURNER ===
I0701 14:30:56.712729       1 schedule_one.go:67] === MON SCHEDULER MODIFIÉ EST EN TRAIN DE TOURNER ===
I0701 14:30:56.716561       1 schedule_one.go:166] "scheduling algorithm completed" duration ="11.859045ms" pod="default/resnet-00001-deployment-5687dd4f7c-lstjx"
I0701 14:30:56.726119       1 schedule_one.go:166] "scheduling algorithm completed" duration ="14.637321ms" pod="default/resnet-00001-deployment-5687dd4f7c-s5ntf"
I0701 14:30:58.699804       1 schedule_one.go:67] === MON SCHEDULER MODIFIÉ EST EN TRAIN DE TOURNER ===
I0701 14:30:58.706018       1 schedule_one.go:166] "scheduling algorithm completed" duration ="7.35055ms" pod="default/resnet-00001-deployment-5687dd4f7c-f2t6g"
