I0602 16:09:02.272036       1 serving.go:386] Generated self-signed cert in-memory
W0602 16:09:02.272653       1 client_config.go:683] Neither --kubeconfig nor --master was specified.  Using the inClusterConfig.  This might not work.
I0602 16:09:02.298644       1 scheduler.go:283] ===  SCHEDULer New  ===
I0602 16:09:02.300173       1 scheduler.go:457] "fonction New() construit le scheduler, mais ne commence pas à scheduler les pods, c'est la fonction Run() qui commence le scheduling des pods." duration ="1.500682ms"
I0602 16:09:02.302104       1 server.go:175] "Starting Kubernetes Scheduler" version="v0.0.0-master+$Format:%H$"
I0602 16:09:02.302133       1 server.go:177] "Golang settings" GOGC="" GOMAXPROCS="" GOTRACEBACK=""
I0602 16:09:02.309295       1 requestheader_controller.go:180] Starting RequestHeaderAuthRequestController
I0602 16:09:02.309314       1 shared_informer.go:375] "Waiting for caches to sync"
I0602 16:09:02.309352       1 configmap_cafile_content.go:205] "Starting controller" name="client-ca::kube-system::extension-apiserver-authentication::client-ca-file"
I0602 16:09:02.309361       1 shared_informer.go:375] "Waiting for caches to sync"
I0602 16:09:02.309362       1 configmap_cafile_content.go:205] "Starting controller" name="client-ca::kube-system::extension-apiserver-authentication::requestheader-client-ca-file"
I0602 16:09:02.309378       1 shared_informer.go:375] "Waiting for caches to sync"
I0602 16:09:02.309531       1 secure_serving.go:211] Serving securely on [::]:10259
I0602 16:09:02.309600       1 tlsconfig.go:243] "Starting DynamicServingCertificateController"
I0602 16:09:02.609859       1 shared_informer.go:382] "Caches are synced"
I0602 16:09:02.609869       1 shared_informer.go:382] "Caches are synced"
I0602 16:09:02.609900       1 scheduler.go:542] ===  SCHEDULing RUN ===
I0602 16:09:02.609880       1 shared_informer.go:382] "Caches are synced"
I0602 16:09:02.609965       1 schedule_one.go:67] === MON SCHEDULER MODIFIÉ EST EN TRAIN DE TOURNER ===
I0603 07:16:39.955581       1 schedule_one.go:67] === MON SCHEDULER MODIFIÉ EST EN TRAIN DE TOURNER ===
I0603 07:16:39.956983       1 schedule_one.go:67] === MON SCHEDULER MODIFIÉ EST EN TRAIN DE TOURNER ===
I0603 07:16:39.957760       1 schedule_one.go:67] === MON SCHEDULER MODIFIÉ EST EN TRAIN DE TOURNER ===
I0603 07:16:39.959548       1 schedule_one.go:67] === MON SCHEDULER MODIFIÉ EST EN TRAIN DE TOURNER ===
I0603 07:16:39.961597       1 schedule_one.go:166] "scheduling algorithm completed" duration ="8.305467ms" pod="default/genmatrix-00001-deployment-5444456b78-8257w"
I0603 07:16:39.963184       1 schedule_one.go:166] "scheduling algorithm completed" duration ="6.165132ms" pod="default/linpack-00001-deployment-6d74694468-cc5jt"
I0603 07:16:39.968000       1 schedule_one.go:166] "scheduling algorithm completed" duration ="9.362792ms" pod="default/fastfouriertransform-00001-deployment-78d877fd9c-rl4c4"
I0603 07:16:39.968161       1 schedule_one.go:166] "scheduling algorithm completed" duration ="12.543155ms" pod="default/fetchdata-00001-deployment-759f5b8c55-l6pms"
I0603 07:16:41.438047       1 schedule_one.go:67] === MON SCHEDULER MODIFIÉ EST EN TRAIN DE TOURNER ===
I0603 07:16:41.444188       1 schedule_one.go:166] "scheduling algorithm completed" duration ="6.691841ms" pod="default/linpack-00001-deployment-6d74694468-wmhpq"
I0603 07:16:41.453175       1 schedule_one.go:67] === MON SCHEDULER MODIFIÉ EST EN TRAIN DE TOURNER ===
I0603 07:16:41.484143       1 schedule_one.go:166] "scheduling algorithm completed" duration ="31.538629ms" pod="default/fastfouriertransform-00001-deployment-78d877fd9c-59hst"
I0603 07:16:41.487198       1 schedule_one.go:67] === MON SCHEDULER MODIFIÉ EST EN TRAIN DE TOURNER ===
I0603 07:16:41.493610       1 schedule_one.go:166] "scheduling algorithm completed" duration ="7.116752ms" pod="default/matrixmul-00001-deployment-78f7668cf4-px4px"
I0603 07:18:37.483285       1 schedule_one.go:67] === MON SCHEDULER MODIFIÉ EST EN TRAIN DE TOURNER ===
I0603 07:18:37.487196       1 schedule_one.go:166] "scheduling algorithm completed" duration ="4.498617ms" pod="default/linpack-00001-deployment-6d74694468-njnzm"
