I0415 10:13:23.587192       1 serving.go:386] Generated self-signed cert in-memory
W0415 10:13:23.587891       1 client_config.go:683] Neither --kubeconfig nor --master was specified.  Using the inClusterConfig.  This might not work.
I0415 10:13:23.608034       1 scheduler.go:283] ===  SCHEDULer New  ===
I0415 10:13:23.609460       1 scheduler.go:457] "fonction New() construit le scheduler, mais ne commence pas à scheduler les pods, c'est la fonction Run() qui commence le scheduling des pods." duration ="1.397537ms"
I0415 10:13:23.611372       1 server.go:175] "Starting Kubernetes Scheduler" version="v0.0.0-master+$Format:%H$"
I0415 10:13:23.611387       1 server.go:177] "Golang settings" GOGC="" GOMAXPROCS="" GOTRACEBACK=""
I0415 10:13:23.616348       1 requestheader_controller.go:180] Starting RequestHeaderAuthRequestController
I0415 10:13:23.616397       1 shared_informer.go:375] "Waiting for caches to sync"
I0415 10:13:23.616472       1 configmap_cafile_content.go:205] "Starting controller" name="client-ca::kube-system::extension-apiserver-authentication::requestheader-client-ca-file"
I0415 10:13:23.616489       1 shared_informer.go:375] "Waiting for caches to sync"
I0415 10:13:23.616473       1 configmap_cafile_content.go:205] "Starting controller" name="client-ca::kube-system::extension-apiserver-authentication::client-ca-file"
I0415 10:13:23.616503       1 shared_informer.go:375] "Waiting for caches to sync"
I0415 10:13:23.616859       1 secure_serving.go:211] Serving securely on [::]:10259
I0415 10:13:23.616890       1 tlsconfig.go:243] "Starting DynamicServingCertificateController"
I0415 10:13:23.817022       1 shared_informer.go:382] "Caches are synced"
I0415 10:13:23.817161       1 shared_informer.go:382] "Caches are synced"
I0415 10:13:23.817177       1 scheduler.go:542] ===  SCHEDULing RUN ===
I0415 10:13:23.817231       1 schedule_one.go:67] === MON SCHEDULER MODIFIÉ EST EN TRAIN DE TOURNER ===
I0415 10:13:23.817261       1 shared_informer.go:382] "Caches are synced"
I0415 10:19:17.065573       1 schedule_one.go:67] === MON SCHEDULER MODIFIÉ EST EN TRAIN DE TOURNER ===
I0415 10:19:17.066371       1 schedule_one.go:67] === MON SCHEDULER MODIFIÉ EST EN TRAIN DE TOURNER ===
I0415 10:19:17.080415       1 schedule_one.go:166] "scheduling algorithm completed" duration ="16.326182ms" pod="default/grayscale-00001-deployment-5875667469-brssx"
I0415 10:19:17.081036       1 schedule_one.go:166] "scheduling algorithm completed" duration ="15.433368ms" pod="default/fastfouriertransform-00001-deployment-7f6c4dd4f-62bq4"
I0415 10:19:18.589667       1 schedule_one.go:67] === MON SCHEDULER MODIFIÉ EST EN TRAIN DE TOURNER ===
I0415 10:19:18.603645       1 schedule_one.go:166] "scheduling algorithm completed" duration ="14.763904ms" pod="default/genmatrix-00001-deployment-57fdd67855-jccwn"
I0415 10:19:20.553662       1 schedule_one.go:67] === MON SCHEDULER MODIFIÉ EST EN TRAIN DE TOURNER ===
I0415 10:19:20.561056       1 schedule_one.go:67] === MON SCHEDULER MODIFIÉ EST EN TRAIN DE TOURNER ===
I0415 10:19:20.570240       1 schedule_one.go:166] "scheduling algorithm completed" duration ="16.965608ms" pod="default/resnet-00001-deployment-5ccbb786c-7xhv5"
I0415 10:19:20.580778       1 schedule_one.go:166] "scheduling algorithm completed" duration ="25.033347ms" pod="default/pagerank-00001-deployment-669c956d7d-k4vl4"
I0415 10:19:22.544104       1 schedule_one.go:67] === MON SCHEDULER MODIFIÉ EST EN TRAIN DE TOURNER ===
I0415 10:19:22.553872       1 schedule_one.go:166] "scheduling algorithm completed" duration ="10.515572ms" pod="default/graphgen-00001-deployment-f5bfdc858-wfw7d"
I0415 10:19:30.544483       1 schedule_one.go:67] === MON SCHEDULER MODIFIÉ EST EN TRAIN DE TOURNER ===
I0415 10:19:30.552213       1 schedule_one.go:166] "scheduling algorithm completed" duration ="8.443461ms" pod="default/matrixmul-00001-deployment-5975545bc-5qlh9"
I0415 10:19:36.544992       1 schedule_one.go:67] === MON SCHEDULER MODIFIÉ EST EN TRAIN DE TOURNER ===
I0415 10:19:36.558135       1 schedule_one.go:166] "scheduling algorithm completed" duration ="13.681182ms" pod="default/linpack-00001-deployment-59cb5bb6f4-thq8f"
I0415 10:19:38.542310       1 schedule_one.go:67] === MON SCHEDULER MODIFIÉ EST EN TRAIN DE TOURNER ===
I0415 10:19:38.551565       1 schedule_one.go:166] "scheduling algorithm completed" duration ="9.879831ms" pod="default/mobilenet-00001-deployment-69d9c64d47-96crw"
I0415 10:19:54.658410       1 schedule_one.go:67] === MON SCHEDULER MODIFIÉ EST EN TRAIN DE TOURNER ===
I0415 10:19:54.667938       1 schedule_one.go:166] "scheduling algorithm completed" duration ="10.168553ms" pod="default/fetchdata-00001-deployment-95bdf5d98-5kgjg"
I0415 10:34:45.200322       1 schedule_one.go:67] === MON SCHEDULER MODIFIÉ EST EN TRAIN DE TOURNER ===
I0415 10:34:45.211618       1 schedule_one.go:166] "scheduling algorithm completed" duration ="11.966658ms" pod="default/graphgen-00001-deployment-f5bfdc858-7rjhl"
I0415 10:36:36.235043       1 schedule_one.go:67] === MON SCHEDULER MODIFIÉ EST EN TRAIN DE TOURNER ===
I0415 10:36:36.246380       1 schedule_one.go:166] "scheduling algorithm completed" duration ="12.267214ms" pod="default/resnet-00001-deployment-5ccbb786c-vp8n8"
I0415 10:37:28.235455       1 schedule_one.go:67] === MON SCHEDULER MODIFIÉ EST EN TRAIN DE TOURNER ===
I0415 10:37:28.243085       1 schedule_one.go:166] "scheduling algorithm completed" duration ="8.805939ms" pod="default/graphgen-00001-deployment-f5bfdc858-2sh4c"
