I0616 15:20:26.836246       1 serving.go:386] Generated self-signed cert in-memory
W0616 15:20:26.838037       1 client_config.go:683] Neither --kubeconfig nor --master was specified.  Using the inClusterConfig.  This might not work.
I0616 15:20:26.919391       1 scheduler.go:283] ===  SCHEDULer New  ===
I0616 15:20:26.930552       1 scheduler.go:457] "fonction New() construit le scheduler, mais ne commence pas à scheduler les pods, c'est la fonction Run() qui commence le scheduling des pods." duration ="11.126351ms"
I0616 15:20:26.932493       1 server.go:175] "Starting Kubernetes Scheduler" version="v0.0.0-master+$Format:%H$"
I0616 15:20:26.932510       1 server.go:177] "Golang settings" GOGC="" GOMAXPROCS="" GOTRACEBACK=""
I0616 15:20:26.939856       1 secure_serving.go:211] Serving securely on [::]:10259
I0616 15:20:26.939925       1 requestheader_controller.go:180] Starting RequestHeaderAuthRequestController
I0616 15:20:26.939935       1 shared_informer.go:375] "Waiting for caches to sync"
I0616 15:20:26.947584       1 tlsconfig.go:243] "Starting DynamicServingCertificateController"
I0616 15:20:26.947817       1 configmap_cafile_content.go:205] "Starting controller" name="client-ca::kube-system::extension-apiserver-authentication::client-ca-file"
I0616 15:20:26.948166       1 shared_informer.go:375] "Waiting for caches to sync"
I0616 15:20:26.948211       1 configmap_cafile_content.go:205] "Starting controller" name="client-ca::kube-system::extension-apiserver-authentication::requestheader-client-ca-file"
I0616 15:20:26.948236       1 shared_informer.go:375] "Waiting for caches to sync"
I0616 15:20:27.140152       1 shared_informer.go:382] "Caches are synced"
I0616 15:20:27.148270       1 shared_informer.go:382] "Caches are synced"
I0616 15:20:27.240691       1 scheduler.go:542] ===  SCHEDULing RUN ===
I0616 15:20:27.240745       1 schedule_one.go:67] === MON SCHEDULER MODIFIÉ EST EN TRAIN DE TOURNER ===
I0616 15:20:27.348790       1 shared_informer.go:382] "Caches are synced"
I0616 15:26:24.796113       1 schedule_one.go:67] === MON SCHEDULER MODIFIÉ EST EN TRAIN DE TOURNER ===
I0616 15:26:24.805352       1 schedule_one.go:166] "scheduling algorithm completed" duration ="10.950596ms" pod="default/fastfouriertransform-00001-deployment-5bb577bc85-jfbdp"
I0616 15:26:25.958296       1 schedule_one.go:67] === MON SCHEDULER MODIFIÉ EST EN TRAIN DE TOURNER ===
I0616 15:26:25.970296       1 schedule_one.go:166] "scheduling algorithm completed" duration ="12.674822ms" pod="default/fetchdata-00001-deployment-66f645596-dgqtj"
I0616 15:26:25.973140       1 schedule_one.go:67] === MON SCHEDULER MODIFIÉ EST EN TRAIN DE TOURNER ===
I0616 15:26:25.988160       1 schedule_one.go:166] "scheduling algorithm completed" duration ="15.499401ms" pod="default/genmatrix-00001-deployment-6774b76f77-2mm2x"
I0616 15:26:27.965618       1 schedule_one.go:67] === MON SCHEDULER MODIFIÉ EST EN TRAIN DE TOURNER ===
I0616 15:26:27.978571       1 schedule_one.go:166] "scheduling algorithm completed" duration ="13.563656ms" pod="default/linpack-00001-deployment-5fcdf8b7f7-f5ntr"
I0616 15:26:39.961088       1 schedule_one.go:67] === MON SCHEDULER MODIFIÉ EST EN TRAIN DE TOURNER ===
I0616 15:26:39.966596       1 schedule_one.go:166] "scheduling algorithm completed" duration ="6.047271ms" pod="default/matrixmul-00001-deployment-5cb8b76cf6-bp52c"
