I0622 11:04:27.818212       1 serving.go:386] Generated self-signed cert in-memory
W0622 11:04:27.820904       1 client_config.go:683] Neither --kubeconfig nor --master was specified.  Using the inClusterConfig.  This might not work.
I0622 11:04:27.925509       1 scheduler.go:283] ===  SCHEDULer New  ===
I0622 11:04:27.942469       1 scheduler.go:457] "fonction New() construit le scheduler, mais ne commence pas à scheduler les pods, c'est la fonction Run() qui commence le scheduling des pods." duration ="16.925277ms"
I0622 11:04:27.944330       1 server.go:175] "Starting Kubernetes Scheduler" version="v0.0.0-master+$Format:%H$"
I0622 11:04:27.944344       1 server.go:177] "Golang settings" GOGC="" GOMAXPROCS="" GOTRACEBACK=""
I0622 11:04:27.952068       1 requestheader_controller.go:180] Starting RequestHeaderAuthRequestController
I0622 11:04:27.952084       1 shared_informer.go:375] "Waiting for caches to sync"
I0622 11:04:27.952116       1 configmap_cafile_content.go:205] "Starting controller" name="client-ca::kube-system::extension-apiserver-authentication::client-ca-file"
I0622 11:04:27.952127       1 shared_informer.go:375] "Waiting for caches to sync"
I0622 11:04:27.952133       1 configmap_cafile_content.go:205] "Starting controller" name="client-ca::kube-system::extension-apiserver-authentication::requestheader-client-ca-file"
I0622 11:04:27.952255       1 shared_informer.go:375] "Waiting for caches to sync"
I0622 11:04:27.952319       1 secure_serving.go:211] Serving securely on [::]:10259
I0622 11:04:27.952573       1 tlsconfig.go:243] "Starting DynamicServingCertificateController"
I0622 11:04:28.252783       1 shared_informer.go:382] "Caches are synced"
I0622 11:04:28.252783       1 shared_informer.go:382] "Caches are synced"
I0622 11:04:28.252792       1 shared_informer.go:382] "Caches are synced"
I0622 11:04:28.255079       1 scheduler.go:542] ===  SCHEDULing RUN ===
I0622 11:04:28.258423       1 schedule_one.go:67] === MON SCHEDULER MODIFIÉ EST EN TRAIN DE TOURNER ===
I0622 11:10:03.426167       1 schedule_one.go:67] === MON SCHEDULER MODIFIÉ EST EN TRAIN DE TOURNER ===
I0622 11:10:03.426931       1 schedule_one.go:67] === MON SCHEDULER MODIFIÉ EST EN TRAIN DE TOURNER ===
I0622 11:10:03.446968       1 schedule_one.go:166] "scheduling algorithm completed" duration ="22.492433ms" pod="default/fastfouriertransform-00001-deployment-5bb577bc85-ndxh7"
I0622 11:10:03.446998       1 schedule_one.go:166] "scheduling algorithm completed" duration ="20.78399ms" pod="default/genmatrix-00001-deployment-6774b76f77-fs58b"
I0622 11:10:04.999741       1 schedule_one.go:67] === MON SCHEDULER MODIFIÉ EST EN TRAIN DE TOURNER ===
I0622 11:10:05.003790       1 schedule_one.go:67] === MON SCHEDULER MODIFIÉ EST EN TRAIN DE TOURNER ===
I0622 11:10:05.020529       1 schedule_one.go:166] "scheduling algorithm completed" duration ="17.31929ms" pod="default/matrixmul-00001-deployment-5cb8b76cf6-ss2qn"
I0622 11:10:05.033321       1 schedule_one.go:166] "scheduling algorithm completed" duration ="34.132334ms" pod="default/linpack-00001-deployment-5fcdf8b7f7-lvzdm"
I0622 11:10:05.122135       1 schedule_one.go:67] === MON SCHEDULER MODIFIÉ EST EN TRAIN DE TOURNER ===
I0622 11:10:05.156308       1 schedule_one.go:166] "scheduling algorithm completed" duration ="34.721728ms" pod="default/fetchdata-00001-deployment-66f645596-gg7cl"
I0622 11:10:07.007807       1 schedule_one.go:67] === MON SCHEDULER MODIFIÉ EST EN TRAIN DE TOURNER ===
I0622 11:10:07.020363       1 schedule_one.go:67] === MON SCHEDULER MODIFIÉ EST EN TRAIN DE TOURNER ===
I0622 11:10:07.037272       1 schedule_one.go:166] "scheduling algorithm completed" duration ="30.168442ms" pod="default/fastfouriertransform-00001-deployment-5bb577bc85-hg7mb"
I0622 11:10:07.061298       1 schedule_one.go:166] "scheduling algorithm completed" duration ="41.624195ms" pod="default/linpack-00001-deployment-5fcdf8b7f7-k8xcj"
I0622 11:10:08.979856       1 schedule_one.go:67] === MON SCHEDULER MODIFIÉ EST EN TRAIN DE TOURNER ===
I0622 11:10:08.987616       1 schedule_one.go:166] "scheduling algorithm completed" duration ="8.327761ms" pod="default/fetchdata-00001-deployment-66f645596-sxj9q"
I0622 11:10:10.979239       1 schedule_one.go:67] === MON SCHEDULER MODIFIÉ EST EN TRAIN DE TOURNER ===
I0622 11:10:10.985842       1 schedule_one.go:166] "scheduling algorithm completed" duration ="7.349215ms" pod="default/linpack-00001-deployment-5fcdf8b7f7-482jd"
I0622 11:12:03.006318       1 schedule_one.go:67] === MON SCHEDULER MODIFIÉ EST EN TRAIN DE TOURNER ===
I0622 11:12:03.015204       1 schedule_one.go:166] "scheduling algorithm completed" duration ="9.572562ms" pod="default/linpack-00001-deployment-5fcdf8b7f7-h47d8"
