I0506 10:25:42.371932       1 serving.go:386] Generated self-signed cert in-memory
W0506 10:25:42.372541       1 client_config.go:683] Neither --kubeconfig nor --master was specified.  Using the inClusterConfig.  This might not work.
I0506 10:25:42.392707       1 scheduler.go:283] ===  SCHEDULer New  ===
I0506 10:25:42.394310       1 scheduler.go:457] "fonction New() construit le scheduler, mais ne commence pas à scheduler les pods, c'est la fonction Run() qui commence le scheduling des pods." duration ="1.528298ms"
I0506 10:25:42.396337       1 server.go:175] "Starting Kubernetes Scheduler" version="v0.0.0-master+$Format:%H$"
I0506 10:25:42.396398       1 server.go:177] "Golang settings" GOGC="" GOMAXPROCS="" GOTRACEBACK=""
I0506 10:25:42.401588       1 requestheader_controller.go:180] Starting RequestHeaderAuthRequestController
I0506 10:25:42.401609       1 shared_informer.go:375] "Waiting for caches to sync"
I0506 10:25:42.401646       1 configmap_cafile_content.go:205] "Starting controller" name="client-ca::kube-system::extension-apiserver-authentication::requestheader-client-ca-file"
I0506 10:25:42.401657       1 shared_informer.go:375] "Waiting for caches to sync"
I0506 10:25:42.401636       1 configmap_cafile_content.go:205] "Starting controller" name="client-ca::kube-system::extension-apiserver-authentication::client-ca-file"
I0506 10:25:42.401680       1 shared_informer.go:375] "Waiting for caches to sync"
I0506 10:25:42.402016       1 secure_serving.go:211] Serving securely on [::]:10259
I0506 10:25:42.402105       1 tlsconfig.go:243] "Starting DynamicServingCertificateController"
I0506 10:25:42.502345       1 shared_informer.go:382] "Caches are synced"
I0506 10:25:42.502449       1 shared_informer.go:382] "Caches are synced"
I0506 10:25:42.502951       1 shared_informer.go:382] "Caches are synced"
I0506 10:25:42.603070       1 scheduler.go:542] ===  SCHEDULing RUN ===
I0506 10:25:42.603113       1 schedule_one.go:67] === MON SCHEDULER MODIFIÉ EST EN TRAIN DE TOURNER ===
I0506 10:43:41.569167       1 schedule_one.go:67] === MON SCHEDULER MODIFIÉ EST EN TRAIN DE TOURNER ===
I0506 10:43:41.571690       1 schedule_one.go:67] === MON SCHEDULER MODIFIÉ EST EN TRAIN DE TOURNER ===
I0506 10:43:41.584299       1 schedule_one.go:166] "scheduling algorithm completed" duration ="17.127388ms" pod="default/fetchdata-00001-deployment-99f85775b-8dt5p"
I0506 10:43:41.616015       1 schedule_one.go:166] "scheduling algorithm completed" duration ="45.785275ms" pod="default/grayscale-00001-deployment-94d4646fd-rc2gq"
I0506 10:43:41.686632       1 schedule_one.go:67] === MON SCHEDULER MODIFIÉ EST EN TRAIN DE TOURNER ===
I0506 10:43:41.725450       1 schedule_one.go:166] "scheduling algorithm completed" duration ="39.491516ms" pod="default/linpack-00001-deployment-5f6694d7c6-p7rnr"
I0506 10:43:43.152980       1 schedule_one.go:67] === MON SCHEDULER MODIFIÉ EST EN TRAIN DE TOURNER ===
I0506 10:43:43.179129       1 schedule_one.go:67] === MON SCHEDULER MODIFIÉ EST EN TRAIN DE TOURNER ===
I0506 10:43:43.186620       1 schedule_one.go:166] "scheduling algorithm completed" duration ="36.389683ms" pod="default/graphgen-00001-deployment-778bbfcf48-pr49m"
I0506 10:43:43.248426       1 schedule_one.go:166] "scheduling algorithm completed" duration ="70.195162ms" pod="default/fastfouriertransform-00001-deployment-5f7f4bb84b-cf6db"
I0506 10:43:43.281193       1 schedule_one.go:67] === MON SCHEDULER MODIFIÉ EST EN TRAIN DE TOURNER ===
I0506 10:43:43.304503       1 schedule_one.go:166] "scheduling algorithm completed" duration ="24.165573ms" pod="default/matrixmul-00001-deployment-7dc7847b4f-jl55p"
I0506 10:43:43.379714       1 schedule_one.go:67] === MON SCHEDULER MODIFIÉ EST EN TRAIN DE TOURNER ===
I0506 10:43:43.426117       1 schedule_one.go:166] "scheduling algorithm completed" duration ="47.124311ms" pod="default/mobilenet-00001-deployment-59bbf999b6-mps48"
I0506 10:43:43.447159       1 schedule_one.go:67] === MON SCHEDULER MODIFIÉ EST EN TRAIN DE TOURNER ===
I0506 10:43:43.482360       1 schedule_one.go:166] "scheduling algorithm completed" duration ="35.936961ms" pod="default/resnet-00001-deployment-57c4bfb987-chszp"
I0506 10:43:45.128303       1 schedule_one.go:67] === MON SCHEDULER MODIFIÉ EST EN TRAIN DE TOURNER ===
I0506 10:43:45.144085       1 schedule_one.go:166] "scheduling algorithm completed" duration ="16.39261ms" pod="default/genmatrix-00001-deployment-7dbddd585-2zhfq"
I0506 10:43:45.178817       1 schedule_one.go:67] === MON SCHEDULER MODIFIÉ EST EN TRAIN DE TOURNER ===
I0506 10:43:45.202247       1 schedule_one.go:166] "scheduling algorithm completed" duration ="24.16298ms" pod="default/pagerank-00001-deployment-7d5555f8bb-rwtxs"
I0506 10:43:47.138449       1 schedule_one.go:67] === MON SCHEDULER MODIFIÉ EST EN TRAIN DE TOURNER ===
I0506 10:43:47.152414       1 schedule_one.go:166] "scheduling algorithm completed" duration ="14.627332ms" pod="default/grayscale-00001-deployment-94d4646fd-lcldx"
I0506 10:45:45.136455       1 schedule_one.go:67] === MON SCHEDULER MODIFIÉ EST EN TRAIN DE TOURNER ===
I0506 10:45:45.151576       1 schedule_one.go:166] "scheduling algorithm completed" duration ="15.862426ms" pod="default/grayscale-00001-deployment-94d4646fd-bdnrf"
I0506 10:46:53.178328       1 schedule_one.go:67] === MON SCHEDULER MODIFIÉ EST EN TRAIN DE TOURNER ===
I0506 10:46:53.185159       1 schedule_one.go:166] "scheduling algorithm completed" duration ="7.597463ms" pod="default/grayscale-00001-deployment-94d4646fd-8phvc"
I0506 10:46:57.112636       1 schedule_one.go:67] === MON SCHEDULER MODIFIÉ EST EN TRAIN DE TOURNER ===
I0506 10:46:57.121531       1 schedule_one.go:166] "scheduling algorithm completed" duration ="9.476574ms" pod="default/grayscale-00001-deployment-94d4646fd-l825c"
