I0506 10:25:42.371932       1 serving.go:386] Generated self-signed cert in-memory
W0506 10:25:42.372541       1 client_config.go:683] Neither --kubeconfig nor --master was specified.  Using the inClusterConfig.  This might not work.
I0506 10:25:42.392707       1 scheduler.go:283] ===  SCHEDULer New  ===
I0506 10:25:42.394310       1 scheduler.go:457] "fonction New() construit le scheduler, mais ne commence pas à scheduler les pods, c'est la fonction Run() qui commence le scheduling des pods." duration ="1.528298ms"
I0506 10:25:42.396337       1 server.go:175] "Starting Kubernetes Scheduler" version="v0.0.0-master+$Format:%H$"
I0506 10:25:42.396398       1 server.go:177] "Golang settings" GOGC="" GOMAXPROCS="" GOTRACEBACK=""
I0506 10:25:42.401588       1 requestheader_controller.go:180] Starting RequestHeaderAuthRequestController
I0506 10:25:42.401609       1 shared_informer.go:375] "Waiting for caches to sync"
I0506 10:25:42.401646       1 configmap_cafile_content.go:205] "Starting controller" name="client-ca::kube-system::extension-apiserver-authentication::requestheader-client-ca-file"
I0506 10:25:42.401657       1 shared_informer.go:375] "Waiting for caches to sync"
I0506 10:25:42.401636       1 configmap_cafile_content.go:205] "Starting controller" name="client-ca::kube-system::extension-apiserver-authentication::client-ca-file"
I0506 10:25:42.401680       1 shared_informer.go:375] "Waiting for caches to sync"
I0506 10:25:42.402016       1 secure_serving.go:211] Serving securely on [::]:10259
I0506 10:25:42.402105       1 tlsconfig.go:243] "Starting DynamicServingCertificateController"
I0506 10:25:42.502345       1 shared_informer.go:382] "Caches are synced"
I0506 10:25:42.502449       1 shared_informer.go:382] "Caches are synced"
I0506 10:25:42.502951       1 shared_informer.go:382] "Caches are synced"
I0506 10:25:42.603070       1 scheduler.go:542] ===  SCHEDULing RUN ===
I0506 10:25:42.603113       1 schedule_one.go:67] === MON SCHEDULER MODIFIÉ EST EN TRAIN DE TOURNER ===
I0506 10:43:41.569167       1 schedule_one.go:67] === MON SCHEDULER MODIFIÉ EST EN TRAIN DE TOURNER ===
I0506 10:43:41.571690       1 schedule_one.go:67] === MON SCHEDULER MODIFIÉ EST EN TRAIN DE TOURNER ===
I0506 10:43:41.584299       1 schedule_one.go:166] "scheduling algorithm completed" duration ="17.127388ms" pod="default/fetchdata-00001-deployment-99f85775b-8dt5p"
I0506 10:43:41.616015       1 schedule_one.go:166] "scheduling algorithm completed" duration ="45.785275ms" pod="default/grayscale-00001-deployment-94d4646fd-rc2gq"
I0506 10:43:41.686632       1 schedule_one.go:67] === MON SCHEDULER MODIFIÉ EST EN TRAIN DE TOURNER ===
I0506 10:43:41.725450       1 schedule_one.go:166] "scheduling algorithm completed" duration ="39.491516ms" pod="default/linpack-00001-deployment-5f6694d7c6-p7rnr"
I0506 10:43:43.152980       1 schedule_one.go:67] === MON SCHEDULER MODIFIÉ EST EN TRAIN DE TOURNER ===
I0506 10:43:43.179129       1 schedule_one.go:67] === MON SCHEDULER MODIFIÉ EST EN TRAIN DE TOURNER ===
I0506 10:43:43.186620       1 schedule_one.go:166] "scheduling algorithm completed" duration ="36.389683ms" pod="default/graphgen-00001-deployment-778bbfcf48-pr49m"
I0506 10:43:43.248426       1 schedule_one.go:166] "scheduling algorithm completed" duration ="70.195162ms" pod="default/fastfouriertransform-00001-deployment-5f7f4bb84b-cf6db"
I0506 10:43:43.281193       1 schedule_one.go:67] === MON SCHEDULER MODIFIÉ EST EN TRAIN DE TOURNER ===
I0506 10:43:43.304503       1 schedule_one.go:166] "scheduling algorithm completed" duration ="24.165573ms" pod="default/matrixmul-00001-deployment-7dc7847b4f-jl55p"
I0506 10:43:43.379714       1 schedule_one.go:67] === MON SCHEDULER MODIFIÉ EST EN TRAIN DE TOURNER ===
I0506 10:43:43.426117       1 schedule_one.go:166] "scheduling algorithm completed" duration ="47.124311ms" pod="default/mobilenet-00001-deployment-59bbf999b6-mps48"
I0506 10:43:43.447159       1 schedule_one.go:67] === MON SCHEDULER MODIFIÉ EST EN TRAIN DE TOURNER ===
I0506 10:43:43.482360       1 schedule_one.go:166] "scheduling algorithm completed" duration ="35.936961ms" pod="default/resnet-00001-deployment-57c4bfb987-chszp"
I0506 10:43:45.128303       1 schedule_one.go:67] === MON SCHEDULER MODIFIÉ EST EN TRAIN DE TOURNER ===
I0506 10:43:45.144085       1 schedule_one.go:166] "scheduling algorithm completed" duration ="16.39261ms" pod="default/genmatrix-00001-deployment-7dbddd585-2zhfq"
I0506 10:43:45.178817       1 schedule_one.go:67] === MON SCHEDULER MODIFIÉ EST EN TRAIN DE TOURNER ===
I0506 10:43:45.202247       1 schedule_one.go:166] "scheduling algorithm completed" duration ="24.16298ms" pod="default/pagerank-00001-deployment-7d5555f8bb-rwtxs"
I0506 10:43:47.138449       1 schedule_one.go:67] === MON SCHEDULER MODIFIÉ EST EN TRAIN DE TOURNER ===
I0506 10:43:47.152414       1 schedule_one.go:166] "scheduling algorithm completed" duration ="14.627332ms" pod="default/grayscale-00001-deployment-94d4646fd-lcldx"
I0506 10:45:45.136455       1 schedule_one.go:67] === MON SCHEDULER MODIFIÉ EST EN TRAIN DE TOURNER ===
I0506 10:45:45.151576       1 schedule_one.go:166] "scheduling algorithm completed" duration ="15.862426ms" pod="default/grayscale-00001-deployment-94d4646fd-bdnrf"
I0506 10:46:53.178328       1 schedule_one.go:67] === MON SCHEDULER MODIFIÉ EST EN TRAIN DE TOURNER ===
I0506 10:46:53.185159       1 schedule_one.go:166] "scheduling algorithm completed" duration ="7.597463ms" pod="default/grayscale-00001-deployment-94d4646fd-8phvc"
I0506 10:46:57.112636       1 schedule_one.go:67] === MON SCHEDULER MODIFIÉ EST EN TRAIN DE TOURNER ===
I0506 10:46:57.121531       1 schedule_one.go:166] "scheduling algorithm completed" duration ="9.476574ms" pod="default/grayscale-00001-deployment-94d4646fd-l825c"
I0506 10:56:59.269019       1 schedule_one.go:67] === MON SCHEDULER MODIFIÉ EST EN TRAIN DE TOURNER ===
I0506 10:56:59.271057       1 schedule_one.go:67] === MON SCHEDULER MODIFIÉ EST EN TRAIN DE TOURNER ===
I0506 10:56:59.285160       1 schedule_one.go:166] "scheduling algorithm completed" duration ="14.91165ms" pod="default/linpack-00001-deployment-5f6694d7c6-9m8z4"
I0506 10:56:59.297618       1 schedule_one.go:166] "scheduling algorithm completed" duration ="29.342967ms" pod="default/fetchdata-00001-deployment-99f85775b-b858w"
I0506 10:56:59.383258       1 schedule_one.go:67] === MON SCHEDULER MODIFIÉ EST EN TRAIN DE TOURNER ===
I0506 10:56:59.561534       1 schedule_one.go:166] "scheduling algorithm completed" duration ="178.933818ms" pod="default/grayscale-00001-deployment-94d4646fd-jclxt"
I0506 10:56:59.698693       1 schedule_one.go:67] === MON SCHEDULER MODIFIÉ EST EN TRAIN DE TOURNER ===
I0506 10:56:59.728115       1 schedule_one.go:166] "scheduling algorithm completed" duration ="30.134966ms" pod="default/resnet-00001-deployment-57c4bfb987-vw45m"
I0506 10:56:59.791026       1 schedule_one.go:67] === MON SCHEDULER MODIFIÉ EST EN TRAIN DE TOURNER ===
I0506 10:56:59.841764       1 schedule_one.go:166] "scheduling algorithm completed" duration ="51.345081ms" pod="default/graphgen-00001-deployment-778bbfcf48-zvbpm"
I0506 10:56:59.933683       1 schedule_one.go:67] === MON SCHEDULER MODIFIÉ EST EN TRAIN DE TOURNER ===
I0506 10:56:59.971357       1 schedule_one.go:166] "scheduling algorithm completed" duration ="38.697561ms" pod="default/fastfouriertransform-00001-deployment-5f7f4bb84b-2bz6l"
I0506 10:57:00.668009       1 schedule_one.go:67] === MON SCHEDULER MODIFIÉ EST EN TRAIN DE TOURNER ===
I0506 10:57:00.677459       1 schedule_one.go:166] "scheduling algorithm completed" duration ="10.003353ms" pod="default/mobilenet-00001-deployment-59bbf999b6-q5nrx"
I0506 10:57:01.222614       1 schedule_one.go:67] === MON SCHEDULER MODIFIÉ EST EN TRAIN DE TOURNER ===
I0506 10:57:01.234461       1 schedule_one.go:166] "scheduling algorithm completed" duration ="12.643001ms" pod="default/matrixmul-00001-deployment-7dc7847b4f-fm4q5"
I0506 10:57:01.494299       1 schedule_one.go:67] === MON SCHEDULER MODIFIÉ EST EN TRAIN DE TOURNER ===
I0506 10:57:01.513359       1 schedule_one.go:166] "scheduling algorithm completed" duration ="19.637965ms" pod="default/pagerank-00001-deployment-7d5555f8bb-t55vd"
I0506 10:57:03.064807       1 schedule_one.go:67] === MON SCHEDULER MODIFIÉ EST EN TRAIN DE TOURNER ===
I0506 10:57:03.074840       1 schedule_one.go:166] "scheduling algorithm completed" duration ="11.217872ms" pod="default/genmatrix-00001-deployment-7dbddd585-2plqw"
I0506 10:57:09.109838       1 schedule_one.go:67] === MON SCHEDULER MODIFIÉ EST EN TRAIN DE TOURNER ===
I0506 10:57:09.121056       1 schedule_one.go:166] "scheduling algorithm completed" duration ="11.899502ms" pod="default/grayscale-00001-deployment-94d4646fd-8pbcs"
I0506 10:57:17.140820       1 schedule_one.go:67] === MON SCHEDULER MODIFIÉ EST EN TRAIN DE TOURNER ===
I0506 10:57:17.150789       1 schedule_one.go:166] "scheduling algorithm completed" duration ="10.545353ms" pod="default/grayscale-00001-deployment-94d4646fd-qsmc9"
I0506 10:58:57.279985       1 schedule_one.go:67] === MON SCHEDULER MODIFIÉ EST EN TRAIN DE TOURNER ===
I0506 10:58:57.285276       1 schedule_one.go:166] "scheduling algorithm completed" duration ="6.539464ms" pod="default/grayscale-00001-deployment-94d4646fd-nwrzg"
I0506 11:00:13.219088       1 schedule_one.go:67] === MON SCHEDULER MODIFIÉ EST EN TRAIN DE TOURNER ===
I0506 11:00:13.224688       1 schedule_one.go:166] "scheduling algorithm completed" duration ="6.297467ms" pod="default/grayscale-00001-deployment-94d4646fd-hvl2t"
I0506 11:00:17.120694       1 schedule_one.go:67] === MON SCHEDULER MODIFIÉ EST EN TRAIN DE TOURNER ===
I0506 11:00:17.126689       1 schedule_one.go:166] "scheduling algorithm completed" duration ="7.367723ms" pod="default/grayscale-00001-deployment-94d4646fd-dhpwx"
I0506 11:06:48.385228       1 schedule_one.go:67] === MON SCHEDULER MODIFIÉ EST EN TRAIN DE TOURNER ===
I0506 11:06:48.386538       1 schedule_one.go:67] === MON SCHEDULER MODIFIÉ EST EN TRAIN DE TOURNER ===
I0506 11:06:48.396692       1 schedule_one.go:166] "scheduling algorithm completed" duration ="12.196189ms" pod="default/fetchdata-00001-deployment-99f85775b-mst9k"
I0506 11:06:48.402169       1 schedule_one.go:166] "scheduling algorithm completed" duration ="16.20713ms" pod="default/linpack-00001-deployment-5f6694d7c6-q8zg8"
I0506 11:06:48.516258       1 schedule_one.go:67] === MON SCHEDULER MODIFIÉ EST EN TRAIN DE TOURNER ===
I0506 11:06:48.537683       1 schedule_one.go:166] "scheduling algorithm completed" duration ="22.314919ms" pod="default/grayscale-00001-deployment-94d4646fd-m7zzw"
I0506 11:06:48.723319       1 schedule_one.go:67] === MON SCHEDULER MODIFIÉ EST EN TRAIN DE TOURNER ===
I0506 11:06:48.742102       1 schedule_one.go:166] "scheduling algorithm completed" duration ="19.477181ms" pod="default/resnet-00001-deployment-57c4bfb987-xmzdw"
I0506 11:06:48.825825       1 schedule_one.go:67] === MON SCHEDULER MODIFIÉ EST EN TRAIN DE TOURNER ===
I0506 11:06:48.879743       1 schedule_one.go:166] "scheduling algorithm completed" duration ="54.650678ms" pod="default/graphgen-00001-deployment-778bbfcf48-kh9k4"
I0506 11:06:48.959144       1 schedule_one.go:67] === MON SCHEDULER MODIFIÉ EST EN TRAIN DE TOURNER ===
I0506 11:06:48.976772       1 schedule_one.go:166] "scheduling algorithm completed" duration ="18.210868ms" pod="default/fastfouriertransform-00001-deployment-5f7f4bb84b-mcxh9"
I0506 11:06:49.813744       1 schedule_one.go:67] === MON SCHEDULER MODIFIÉ EST EN TRAIN DE TOURNER ===
I0506 11:06:49.833920       1 schedule_one.go:166] "scheduling algorithm completed" duration ="20.748624ms" pod="default/mobilenet-00001-deployment-59bbf999b6-xxbjd"
I0506 11:06:50.353708       1 schedule_one.go:67] === MON SCHEDULER MODIFIÉ EST EN TRAIN DE TOURNER ===
I0506 11:06:50.414339       1 schedule_one.go:166] "scheduling algorithm completed" duration ="61.305263ms" pod="default/matrixmul-00001-deployment-7dc7847b4f-x7d26"
I0506 11:06:50.748377       1 schedule_one.go:67] === MON SCHEDULER MODIFIÉ EST EN TRAIN DE TOURNER ===
I0506 11:06:50.779519       1 schedule_one.go:166] "scheduling algorithm completed" duration ="32.104722ms" pod="default/pagerank-00001-deployment-7d5555f8bb-wzq6p"
I0506 11:06:52.174845       1 schedule_one.go:67] === MON SCHEDULER MODIFIÉ EST EN TRAIN DE TOURNER ===
I0506 11:06:52.184146       1 schedule_one.go:166] "scheduling algorithm completed" duration ="10.174803ms" pod="default/genmatrix-00001-deployment-7dbddd585-ctc2l"
I0506 11:06:57.115693       1 schedule_one.go:67] === MON SCHEDULER MODIFIÉ EST EN TRAIN DE TOURNER ===
I0506 11:06:57.125873       1 schedule_one.go:166] "scheduling algorithm completed" duration ="10.771025ms" pod="default/grayscale-00001-deployment-94d4646fd-z6qns"
I0506 11:08:45.367725       1 schedule_one.go:67] === MON SCHEDULER MODIFIÉ EST EN TRAIN DE TOURNER ===
I0506 11:08:45.386184       1 schedule_one.go:166] "scheduling algorithm completed" duration ="17.687909ms" pod="default/grayscale-00001-deployment-94d4646fd-cqg6z"
I0506 11:10:01.232680       1 schedule_one.go:67] === MON SCHEDULER MODIFIÉ EST EN TRAIN DE TOURNER ===
I0506 11:10:01.239332       1 schedule_one.go:166] "scheduling algorithm completed" duration ="7.268994ms" pod="default/grayscale-00001-deployment-94d4646fd-v9ml6"
I0506 11:10:05.118692       1 schedule_one.go:67] === MON SCHEDULER MODIFIÉ EST EN TRAIN DE TOURNER ===
I0506 11:10:05.129119       1 schedule_one.go:166] "scheduling algorithm completed" duration ="11.136917ms" pod="default/grayscale-00001-deployment-94d4646fd-vt9ck"
I0506 11:14:24.694024       1 schedule_one.go:67] === MON SCHEDULER MODIFIÉ EST EN TRAIN DE TOURNER ===
I0506 11:14:24.703202       1 schedule_one.go:166] "scheduling algorithm completed" duration ="9.933921ms" pod="default/fetchdata-00001-deployment-99f85775b-xtfk4"
I0506 11:14:24.800945       1 schedule_one.go:67] === MON SCHEDULER MODIFIÉ EST EN TRAIN DE TOURNER ===
I0506 11:14:24.826940       1 schedule_one.go:166] "scheduling algorithm completed" duration ="26.549727ms" pod="default/linpack-00001-deployment-5f6694d7c6-fgf2w"
I0506 11:14:25.034726       1 schedule_one.go:67] === MON SCHEDULER MODIFIÉ EST EN TRAIN DE TOURNER ===
I0506 11:14:25.065582       1 schedule_one.go:166] "scheduling algorithm completed" duration ="31.575632ms" pod="default/grayscale-00001-deployment-94d4646fd-bhq5h"
I0506 11:14:25.204212       1 schedule_one.go:67] === MON SCHEDULER MODIFIÉ EST EN TRAIN DE TOURNER ===
I0506 11:14:25.236228       1 schedule_one.go:166] "scheduling algorithm completed" duration ="32.691482ms" pod="default/resnet-00001-deployment-57c4bfb987-7m625"
I0506 11:14:25.320017       1 schedule_one.go:67] === MON SCHEDULER MODIFIÉ EST EN TRAIN DE TOURNER ===
I0506 11:14:25.342622       1 schedule_one.go:166] "scheduling algorithm completed" duration ="23.21145ms" pod="default/graphgen-00001-deployment-778bbfcf48-dkhqt"
I0506 11:14:25.432088       1 schedule_one.go:67] === MON SCHEDULER MODIFIÉ EST EN TRAIN DE TOURNER ===
I0506 11:14:25.497701       1 schedule_one.go:166] "scheduling algorithm completed" duration ="66.327927ms" pod="default/fastfouriertransform-00001-deployment-5f7f4bb84b-wtjrd"
I0506 11:14:26.190147       1 schedule_one.go:67] === MON SCHEDULER MODIFIÉ EST EN TRAIN DE TOURNER ===
I0506 11:14:26.208015       1 schedule_one.go:166] "scheduling algorithm completed" duration ="18.58099ms" pod="default/mobilenet-00001-deployment-59bbf999b6-w7w6t"
I0506 11:14:26.692677       1 schedule_one.go:67] === MON SCHEDULER MODIFIÉ EST EN TRAIN DE TOURNER ===
I0506 11:14:26.703535       1 schedule_one.go:166] "scheduling algorithm completed" duration ="11.472679ms" pod="default/matrixmul-00001-deployment-7dc7847b4f-nlghv"
I0506 11:14:27.054517       1 schedule_one.go:67] === MON SCHEDULER MODIFIÉ EST EN TRAIN DE TOURNER ===
I0506 11:14:27.069956       1 schedule_one.go:166] "scheduling algorithm completed" duration ="16.16351ms" pod="default/pagerank-00001-deployment-7d5555f8bb-vb66v"
I0506 11:14:28.639349       1 schedule_one.go:67] === MON SCHEDULER MODIFIÉ EST EN TRAIN DE TOURNER ===
I0506 11:14:28.685442       1 schedule_one.go:166] "scheduling algorithm completed" duration ="46.928253ms" pod="default/genmatrix-00001-deployment-7dbddd585-6vlcl"
I0506 11:14:35.124092       1 schedule_one.go:67] === MON SCHEDULER MODIFIÉ EST EN TRAIN DE TOURNER ===
I0506 11:14:35.137464       1 schedule_one.go:166] "scheduling algorithm completed" duration ="14.124271ms" pod="default/grayscale-00001-deployment-94d4646fd-46vg5"
I0506 11:16:21.358539       1 schedule_one.go:67] === MON SCHEDULER MODIFIÉ EST EN TRAIN DE TOURNER ===
I0506 11:16:21.370444       1 schedule_one.go:166] "scheduling algorithm completed" duration ="12.632957ms" pod="default/grayscale-00001-deployment-94d4646fd-mqd5r"
I0506 11:17:37.354260       1 schedule_one.go:67] === MON SCHEDULER MODIFIÉ EST EN TRAIN DE TOURNER ===
I0506 11:17:37.360235       1 schedule_one.go:166] "scheduling algorithm completed" duration ="6.745923ms" pod="default/grayscale-00001-deployment-94d4646fd-h8j2g"
I0506 11:17:41.110086       1 schedule_one.go:67] === MON SCHEDULER MODIFIÉ EST EN TRAIN DE TOURNER ===
I0506 11:17:41.167531       1 schedule_one.go:166] "scheduling algorithm completed" duration ="58.021625ms" pod="default/grayscale-00001-deployment-94d4646fd-kbrpw"
I0506 11:22:20.209772       1 schedule_one.go:67] === MON SCHEDULER MODIFIÉ EST EN TRAIN DE TOURNER ===
I0506 11:22:20.223721       1 schedule_one.go:166] "scheduling algorithm completed" duration ="14.757162ms" pod="default/fetchdata-00001-deployment-99f85775b-rkgwl"
I0506 11:22:20.269358       1 schedule_one.go:67] === MON SCHEDULER MODIFIÉ EST EN TRAIN DE TOURNER ===
I0506 11:22:20.289766       1 schedule_one.go:166] "scheduling algorithm completed" duration ="21.177716ms" pod="default/linpack-00001-deployment-5f6694d7c6-rxxtm"
I0506 11:22:20.402717       1 schedule_one.go:67] === MON SCHEDULER MODIFIÉ EST EN TRAIN DE TOURNER ===
I0506 11:22:20.431556       1 schedule_one.go:166] "scheduling algorithm completed" duration ="29.513918ms" pod="default/grayscale-00001-deployment-94d4646fd-clp7t"
I0506 11:22:20.556618       1 schedule_one.go:67] === MON SCHEDULER MODIFIÉ EST EN TRAIN DE TOURNER ===
I0506 11:22:20.574617       1 schedule_one.go:166] "scheduling algorithm completed" duration ="18.973717ms" pod="default/resnet-00001-deployment-57c4bfb987-cjg8m"
I0506 11:22:20.658499       1 schedule_one.go:67] === MON SCHEDULER MODIFIÉ EST EN TRAIN DE TOURNER ===
I0506 11:22:20.683733       1 schedule_one.go:166] "scheduling algorithm completed" duration ="25.843938ms" pod="default/graphgen-00001-deployment-778bbfcf48-pmqgz"
I0506 11:22:20.789505       1 schedule_one.go:67] === MON SCHEDULER MODIFIÉ EST EN TRAIN DE TOURNER ===
I0506 11:22:20.830876       1 schedule_one.go:166] "scheduling algorithm completed" duration ="42.081562ms" pod="default/fastfouriertransform-00001-deployment-5f7f4bb84b-xzp9f"
I0506 11:22:21.624425       1 schedule_one.go:67] === MON SCHEDULER MODIFIÉ EST EN TRAIN DE TOURNER ===
I0506 11:22:21.633383       1 schedule_one.go:166] "scheduling algorithm completed" duration ="9.60572ms" pod="default/mobilenet-00001-deployment-59bbf999b6-98jjk"
I0506 11:22:22.153409       1 schedule_one.go:67] === MON SCHEDULER MODIFIÉ EST EN TRAIN DE TOURNER ===
I0506 11:22:22.160915       1 schedule_one.go:166] "scheduling algorithm completed" duration ="8.094035ms" pod="default/matrixmul-00001-deployment-7dc7847b4f-pk7wg"
I0506 11:22:22.540832       1 schedule_one.go:67] === MON SCHEDULER MODIFIÉ EST EN TRAIN DE TOURNER ===
I0506 11:22:22.573805       1 schedule_one.go:166] "scheduling algorithm completed" duration ="33.525065ms" pod="default/pagerank-00001-deployment-7d5555f8bb-qcs6g"
I0506 11:22:24.046072       1 schedule_one.go:67] === MON SCHEDULER MODIFIÉ EST EN TRAIN DE TOURNER ===
I0506 11:22:24.060037       1 schedule_one.go:166] "scheduling algorithm completed" duration ="14.642867ms" pod="default/genmatrix-00001-deployment-7dbddd585-v9nvp"
I0506 11:22:29.138559       1 schedule_one.go:67] === MON SCHEDULER MODIFIÉ EST EN TRAIN DE TOURNER ===
I0506 11:22:29.150574       1 schedule_one.go:166] "scheduling algorithm completed" duration ="12.804312ms" pod="default/grayscale-00001-deployment-94d4646fd-sl9pk"
I0506 11:24:17.281600       1 schedule_one.go:67] === MON SCHEDULER MODIFIÉ EST EN TRAIN DE TOURNER ===
I0506 11:24:17.330526       1 schedule_one.go:166] "scheduling algorithm completed" duration ="49.620265ms" pod="default/grayscale-00001-deployment-94d4646fd-d6f7j"
I0506 11:25:33.354174       1 schedule_one.go:67] === MON SCHEDULER MODIFIÉ EST EN TRAIN DE TOURNER ===
I0506 11:25:33.359450       1 schedule_one.go:166] "scheduling algorithm completed" duration ="5.883388ms" pod="default/grayscale-00001-deployment-94d4646fd-pkc5r"
I0506 11:25:37.110600       1 schedule_one.go:67] === MON SCHEDULER MODIFIÉ EST EN TRAIN DE TOURNER ===
I0506 11:25:37.127783       1 schedule_one.go:166] "scheduling algorithm completed" duration ="17.744255ms" pod="default/grayscale-00001-deployment-94d4646fd-kqqgr"
I0506 11:34:16.738652       1 schedule_one.go:67] === MON SCHEDULER MODIFIÉ EST EN TRAIN DE TOURNER ===
I0506 11:34:16.749711       1 schedule_one.go:166] "scheduling algorithm completed" duration ="12.173369ms" pod="default/fetchdata-00001-deployment-99f85775b-2mgxj"
I0506 11:34:16.879849       1 schedule_one.go:67] === MON SCHEDULER MODIFIÉ EST EN TRAIN DE TOURNER ===
I0506 11:34:16.892025       1 schedule_one.go:166] "scheduling algorithm completed" duration ="12.742183ms" pod="default/linpack-00001-deployment-5f6694d7c6-28g4g"
I0506 11:34:17.006804       1 schedule_one.go:67] === MON SCHEDULER MODIFIÉ EST EN TRAIN DE TOURNER ===
I0506 11:34:17.014055       1 schedule_one.go:166] "scheduling algorithm completed" duration ="8.176536ms" pod="default/grayscale-00001-deployment-94d4646fd-65xg7"
I0506 11:34:17.146475       1 schedule_one.go:67] === MON SCHEDULER MODIFIÉ EST EN TRAIN DE TOURNER ===
I0506 11:34:17.162989       1 schedule_one.go:166] "scheduling algorithm completed" duration ="17.196997ms" pod="default/resnet-00001-deployment-57c4bfb987-zz42p"
I0506 11:34:17.481211       1 schedule_one.go:67] === MON SCHEDULER MODIFIÉ EST EN TRAIN DE TOURNER ===
I0506 11:34:17.515461       1 schedule_one.go:166] "scheduling algorithm completed" duration ="34.952976ms" pod="default/fastfouriertransform-00001-deployment-5f7f4bb84b-rcf2f"
I0506 11:34:17.538202       1 schedule_one.go:67] === MON SCHEDULER MODIFIÉ EST EN TRAIN DE TOURNER ===
I0506 11:34:17.588487       1 schedule_one.go:166] "scheduling algorithm completed" duration ="50.838863ms" pod="default/graphgen-00001-deployment-778bbfcf48-wh5p2"
I0506 11:34:18.244490       1 schedule_one.go:67] === MON SCHEDULER MODIFIÉ EST EN TRAIN DE TOURNER ===
I0506 11:34:18.268151       1 schedule_one.go:166] "scheduling algorithm completed" duration ="24.498607ms" pod="default/mobilenet-00001-deployment-59bbf999b6-k6rcj"
I0506 11:34:18.715833       1 schedule_one.go:67] === MON SCHEDULER MODIFIÉ EST EN TRAIN DE TOURNER ===
I0506 11:34:18.742112       1 schedule_one.go:166] "scheduling algorithm completed" duration ="26.853107ms" pod="default/matrixmul-00001-deployment-7dc7847b4f-p84mf"
I0506 11:34:19.084899       1 schedule_one.go:67] === MON SCHEDULER MODIFIÉ EST EN TRAIN DE TOURNER ===
I0506 11:34:19.137705       1 schedule_one.go:166] "scheduling algorithm completed" duration ="53.486251ms" pod="default/pagerank-00001-deployment-7d5555f8bb-ww4l6"
I0506 11:34:20.617261       1 schedule_one.go:67] === MON SCHEDULER MODIFIÉ EST EN TRAIN DE TOURNER ===
I0506 11:34:20.623329       1 schedule_one.go:166] "scheduling algorithm completed" duration ="7.188819ms" pod="default/genmatrix-00001-deployment-7dbddd585-9qczd"
I0506 11:34:29.141889       1 schedule_one.go:67] === MON SCHEDULER MODIFIÉ EST EN TRAIN DE TOURNER ===
I0506 11:34:29.165015       1 schedule_one.go:166] "scheduling algorithm completed" duration ="23.817348ms" pod="default/grayscale-00001-deployment-94d4646fd-gtr92"
I0506 11:36:13.118278       1 schedule_one.go:67] === MON SCHEDULER MODIFIÉ EST EN TRAIN DE TOURNER ===
I0506 11:36:13.132434       1 schedule_one.go:166] "scheduling algorithm completed" duration ="14.750139ms" pod="default/grayscale-00001-deployment-94d4646fd-9zptb"
I0506 11:37:29.290039       1 schedule_one.go:67] === MON SCHEDULER MODIFIÉ EST EN TRAIN DE TOURNER ===
I0506 11:37:29.297150       1 schedule_one.go:166] "scheduling algorithm completed" duration ="7.732604ms" pod="default/grayscale-00001-deployment-94d4646fd-nfhhs"
I0506 11:37:33.111093       1 schedule_one.go:67] === MON SCHEDULER MODIFIÉ EST EN TRAIN DE TOURNER ===
I0506 11:37:33.120941       1 schedule_one.go:166] "scheduling algorithm completed" duration ="10.475114ms" pod="default/grayscale-00001-deployment-94d4646fd-x6vmk"
I0506 11:43:19.441371       1 schedule_one.go:67] === MON SCHEDULER MODIFIÉ EST EN TRAIN DE TOURNER ===
I0506 11:43:19.451666       1 schedule_one.go:166] "scheduling algorithm completed" duration ="11.246951ms" pod="default/fetchdata-00001-deployment-99f85775b-jsn79"
I0506 11:43:19.456689       1 schedule_one.go:67] === MON SCHEDULER MODIFIÉ EST EN TRAIN DE TOURNER ===
I0506 11:43:19.473621       1 schedule_one.go:166] "scheduling algorithm completed" duration ="17.430223ms" pod="default/linpack-00001-deployment-5f6694d7c6-l2l96"
I0506 11:43:19.585990       1 schedule_one.go:67] === MON SCHEDULER MODIFIÉ EST EN TRAIN DE TOURNER ===
I0506 11:43:19.640245       1 schedule_one.go:166] "scheduling algorithm completed" duration ="55.208583ms" pod="default/grayscale-00001-deployment-94d4646fd-g58r7"
I0506 11:43:19.954426       1 schedule_one.go:67] === MON SCHEDULER MODIFIÉ EST EN TRAIN DE TOURNER ===
I0506 11:43:19.981371       1 schedule_one.go:166] "scheduling algorithm completed" duration ="27.600061ms" pod="default/resnet-00001-deployment-57c4bfb987-mzqjs"
I0506 11:43:20.026929       1 schedule_one.go:67] === MON SCHEDULER MODIFIÉ EST EN TRAIN DE TOURNER ===
I0506 11:43:20.083992       1 schedule_one.go:166] "scheduling algorithm completed" duration ="57.569385ms" pod="default/graphgen-00001-deployment-778bbfcf48-crts9"
I0506 11:43:20.127587       1 schedule_one.go:67] === MON SCHEDULER MODIFIÉ EST EN TRAIN DE TOURNER ===
I0506 11:43:20.213658       1 schedule_one.go:166] "scheduling algorithm completed" duration ="86.937209ms" pod="default/fastfouriertransform-00001-deployment-5f7f4bb84b-nrnr5"
I0506 11:43:20.863121       1 schedule_one.go:67] === MON SCHEDULER MODIFIÉ EST EN TRAIN DE TOURNER ===
I0506 11:43:20.874927       1 schedule_one.go:166] "scheduling algorithm completed" duration ="12.547935ms" pod="default/mobilenet-00001-deployment-59bbf999b6-zsdds"
I0506 11:43:21.388493       1 schedule_one.go:67] === MON SCHEDULER MODIFIÉ EST EN TRAIN DE TOURNER ===
I0506 11:43:21.407124       1 schedule_one.go:166] "scheduling algorithm completed" duration ="19.52819ms" pod="default/matrixmul-00001-deployment-7dc7847b4f-smvp2"
I0506 11:43:21.674907       1 schedule_one.go:67] === MON SCHEDULER MODIFIÉ EST EN TRAIN DE TOURNER ===
I0506 11:43:21.687649       1 schedule_one.go:166] "scheduling algorithm completed" duration ="13.566826ms" pod="default/pagerank-00001-deployment-7d5555f8bb-cz89r"
I0506 11:43:23.243508       1 schedule_one.go:67] === MON SCHEDULER MODIFIÉ EST EN TRAIN DE TOURNER ===
I0506 11:43:23.254711       1 schedule_one.go:166] "scheduling algorithm completed" duration ="13.10238ms" pod="default/genmatrix-00001-deployment-7dbddd585-tvmbj"
I0506 11:43:31.133901       1 schedule_one.go:67] === MON SCHEDULER MODIFIÉ EST EN TRAIN DE TOURNER ===
I0506 11:43:31.151588       1 schedule_one.go:166] "scheduling algorithm completed" duration ="24.377478ms" pod="default/grayscale-00001-deployment-94d4646fd-vf496"
I0506 11:45:15.356796       1 schedule_one.go:67] === MON SCHEDULER MODIFIÉ EST EN TRAIN DE TOURNER ===
I0506 11:45:15.360937       1 schedule_one.go:166] "scheduling algorithm completed" duration ="5.059343ms" pod="default/grayscale-00001-deployment-94d4646fd-fxddl"
I0506 11:46:33.359790       1 schedule_one.go:67] === MON SCHEDULER MODIFIÉ EST EN TRAIN DE TOURNER ===
I0506 11:46:33.368882       1 schedule_one.go:166] "scheduling algorithm completed" duration ="10.568036ms" pod="default/grayscale-00001-deployment-94d4646fd-498m8"
I0506 11:46:37.127643       1 schedule_one.go:67] === MON SCHEDULER MODIFIÉ EST EN TRAIN DE TOURNER ===
I0506 11:46:37.146370       1 schedule_one.go:166] "scheduling algorithm completed" duration ="19.584866ms" pod="default/grayscale-00001-deployment-94d4646fd-l6pl2"
I0506 11:54:21.160826       1 schedule_one.go:67] === MON SCHEDULER MODIFIÉ EST EN TRAIN DE TOURNER ===
I0506 11:54:21.176464       1 schedule_one.go:166] "scheduling algorithm completed" duration ="17.73311ms" pod="default/fetchdata-00001-deployment-99f85775b-hnnl7"
I0506 11:54:21.191337       1 schedule_one.go:67] === MON SCHEDULER MODIFIÉ EST EN TRAIN DE TOURNER ===
I0506 11:54:21.227375       1 schedule_one.go:166] "scheduling algorithm completed" duration ="37.370721ms" pod="default/linpack-00001-deployment-5f6694d7c6-mhkw5"
I0506 11:54:21.323301       1 schedule_one.go:67] === MON SCHEDULER MODIFIÉ EST EN TRAIN DE TOURNER ===
I0506 11:54:21.358006       1 schedule_one.go:166] "scheduling algorithm completed" duration ="35.569682ms" pod="default/grayscale-00001-deployment-94d4646fd-ck2wq"
I0506 11:54:21.492402       1 schedule_one.go:67] === MON SCHEDULER MODIFIÉ EST EN TRAIN DE TOURNER ===
I0506 11:54:21.514444       1 schedule_one.go:166] "scheduling algorithm completed" duration ="22.773281ms" pod="default/resnet-00001-deployment-57c4bfb987-8ctqk"
I0506 11:54:21.614454       1 schedule_one.go:67] === MON SCHEDULER MODIFIÉ EST EN TRAIN DE TOURNER ===
I0506 11:54:21.626633       1 schedule_one.go:166] "scheduling algorithm completed" duration ="13.03592ms" pod="default/graphgen-00001-deployment-778bbfcf48-8q8nx"
I0506 11:54:21.751437       1 schedule_one.go:67] === MON SCHEDULER MODIFIÉ EST EN TRAIN DE TOURNER ===
I0506 11:54:21.768323       1 schedule_one.go:166] "scheduling algorithm completed" duration ="17.728183ms" pod="default/fastfouriertransform-00001-deployment-5f7f4bb84b-8lhcb"
I0506 11:54:22.557109       1 schedule_one.go:67] === MON SCHEDULER MODIFIÉ EST EN TRAIN DE TOURNER ===
I0506 11:54:22.565695       1 schedule_one.go:166] "scheduling algorithm completed" duration ="9.578528ms" pod="default/mobilenet-00001-deployment-59bbf999b6-nx2jh"
I0506 11:54:23.069217       1 schedule_one.go:67] === MON SCHEDULER MODIFIÉ EST EN TRAIN DE TOURNER ===
I0506 11:54:23.082972       1 schedule_one.go:166] "scheduling algorithm completed" duration ="14.926663ms" pod="default/matrixmul-00001-deployment-7dc7847b4f-gpgjw"
I0506 11:54:23.574274       1 schedule_one.go:67] === MON SCHEDULER MODIFIÉ EST EN TRAIN DE TOURNER ===
I0506 11:54:23.590192       1 schedule_one.go:166] "scheduling algorithm completed" duration ="16.661571ms" pod="default/pagerank-00001-deployment-7d5555f8bb-fkgjc"
I0506 11:54:24.976759       1 schedule_one.go:67] === MON SCHEDULER MODIFIÉ EST EN TRAIN DE TOURNER ===
I0506 11:54:24.988463       1 schedule_one.go:166] "scheduling algorithm completed" duration ="12.371549ms" pod="default/genmatrix-00001-deployment-7dbddd585-2kbvg"
I0506 11:54:31.114556       1 schedule_one.go:67] === MON SCHEDULER MODIFIÉ EST EN TRAIN DE TOURNER ===
I0506 11:54:31.126454       1 schedule_one.go:166] "scheduling algorithm completed" duration ="12.493808ms" pod="default/grayscale-00001-deployment-94d4646fd-t486x"
I0506 11:54:37.110685       1 schedule_one.go:67] === MON SCHEDULER MODIFIÉ EST EN TRAIN DE TOURNER ===
I0506 11:54:37.121685       1 schedule_one.go:166] "scheduling algorithm completed" duration ="11.631714ms" pod="default/grayscale-00001-deployment-94d4646fd-ft8c2"
I0506 11:56:19.346576       1 schedule_one.go:67] === MON SCHEDULER MODIFIÉ EST EN TRAIN DE TOURNER ===
I0506 11:56:19.355262       1 schedule_one.go:166] "scheduling algorithm completed" duration ="9.398897ms" pod="default/grayscale-00001-deployment-94d4646fd-5582k"
I0506 11:57:35.357358       1 schedule_one.go:67] === MON SCHEDULER MODIFIÉ EST EN TRAIN DE TOURNER ===
I0506 11:57:35.362124       1 schedule_one.go:166] "scheduling algorithm completed" duration ="5.434134ms" pod="default/grayscale-00001-deployment-94d4646fd-5svn4"
I0506 11:57:39.128428       1 schedule_one.go:67] === MON SCHEDULER MODIFIÉ EST EN TRAIN DE TOURNER ===
I0506 11:57:39.139569       1 schedule_one.go:166] "scheduling algorithm completed" duration ="11.715639ms" pod="default/grayscale-00001-deployment-94d4646fd-2psnp"
I0506 12:03:50.820187       1 schedule_one.go:67] === MON SCHEDULER MODIFIÉ EST EN TRAIN DE TOURNER ===
I0506 12:03:50.831100       1 schedule_one.go:166] "scheduling algorithm completed" duration ="12.116619ms" pod="default/fetchdata-00001-deployment-99f85775b-lvs5f"
I0506 12:03:50.897743       1 schedule_one.go:67] === MON SCHEDULER MODIFIÉ EST EN TRAIN DE TOURNER ===
I0506 12:03:50.910272       1 schedule_one.go:166] "scheduling algorithm completed" duration ="14.055769ms" pod="default/linpack-00001-deployment-5f6694d7c6-bzflj"
I0506 12:03:51.061087       1 schedule_one.go:67] === MON SCHEDULER MODIFIÉ EST EN TRAIN DE TOURNER ===
I0506 12:03:51.085792       1 schedule_one.go:166] "scheduling algorithm completed" duration ="25.647202ms" pod="default/grayscale-00001-deployment-94d4646fd-fc4f4"
I0506 12:03:51.212273       1 schedule_one.go:67] === MON SCHEDULER MODIFIÉ EST EN TRAIN DE TOURNER ===
I0506 12:03:51.231300       1 schedule_one.go:166] "scheduling algorithm completed" duration ="19.782698ms" pod="default/resnet-00001-deployment-57c4bfb987-7ctvt"
I0506 12:03:51.319733       1 schedule_one.go:67] === MON SCHEDULER MODIFIÉ EST EN TRAIN DE TOURNER ===
I0506 12:03:51.342908       1 schedule_one.go:166] "scheduling algorithm completed" duration ="23.870552ms" pod="default/graphgen-00001-deployment-778bbfcf48-7fkdl"
I0506 12:03:51.441011       1 schedule_one.go:67] === MON SCHEDULER MODIFIÉ EST EN TRAIN DE TOURNER ===
I0506 12:03:51.457772       1 schedule_one.go:166] "scheduling algorithm completed" duration ="17.4194ms" pod="default/fastfouriertransform-00001-deployment-5f7f4bb84b-7pd8v"
I0506 12:03:52.312679       1 schedule_one.go:67] === MON SCHEDULER MODIFIÉ EST EN TRAIN DE TOURNER ===
I0506 12:03:52.323615       1 schedule_one.go:166] "scheduling algorithm completed" duration ="11.813026ms" pod="default/mobilenet-00001-deployment-59bbf999b6-h9msn"
I0506 12:03:52.843319       1 schedule_one.go:67] === MON SCHEDULER MODIFIÉ EST EN TRAIN DE TOURNER ===
I0506 12:03:52.866142       1 schedule_one.go:166] "scheduling algorithm completed" duration ="25.076294ms" pod="default/matrixmul-00001-deployment-7dc7847b4f-mj2cd"
I0506 12:03:53.127410       1 schedule_one.go:67] === MON SCHEDULER MODIFIÉ EST EN TRAIN DE TOURNER ===
I0506 12:03:53.136940       1 schedule_one.go:166] "scheduling algorithm completed" duration ="10.121155ms" pod="default/pagerank-00001-deployment-7d5555f8bb-h5tp9"
I0506 12:03:54.689051       1 schedule_one.go:67] === MON SCHEDULER MODIFIÉ EST EN TRAIN DE TOURNER ===
I0506 12:03:54.694812       1 schedule_one.go:166] "scheduling algorithm completed" duration ="6.564448ms" pod="default/genmatrix-00001-deployment-7dbddd585-9ntz6"
I0506 12:04:01.138499       1 schedule_one.go:67] === MON SCHEDULER MODIFIÉ EST EN TRAIN DE TOURNER ===
I0506 12:04:01.146076       1 schedule_one.go:166] "scheduling algorithm completed" duration ="8.495284ms" pod="default/grayscale-00001-deployment-94d4646fd-svdch"
I0506 12:05:55.243576       1 schedule_one.go:67] === MON SCHEDULER MODIFIÉ EST EN TRAIN DE TOURNER ===
I0506 12:05:55.258414       1 schedule_one.go:166] "scheduling algorithm completed" duration ="15.584657ms" pod="default/grayscale-00001-deployment-94d4646fd-zxkdr"
I0506 12:07:03.242138       1 schedule_one.go:67] === MON SCHEDULER MODIFIÉ EST EN TRAIN DE TOURNER ===
I0506 12:07:03.250210       1 schedule_one.go:166] "scheduling algorithm completed" duration ="8.67882ms" pod="default/grayscale-00001-deployment-94d4646fd-k4spj"
I0506 12:07:07.112959       1 schedule_one.go:67] === MON SCHEDULER MODIFIÉ EST EN TRAIN DE TOURNER ===
I0506 12:07:07.130647       1 schedule_one.go:166] "scheduling algorithm completed" duration ="18.425641ms" pod="default/grayscale-00001-deployment-94d4646fd-c9n8b"
I0506 12:12:31.998961       1 schedule_one.go:67] === MON SCHEDULER MODIFIÉ EST EN TRAIN DE TOURNER ===
I0506 12:12:32.013001       1 schedule_one.go:166] "scheduling algorithm completed" duration ="14.731963ms" pod="default/fetchdata-00001-deployment-99f85775b-5hvtp"
I0506 12:12:32.110988       1 schedule_one.go:67] === MON SCHEDULER MODIFIÉ EST EN TRAIN DE TOURNER ===
I0506 12:12:32.133598       1 schedule_one.go:166] "scheduling algorithm completed" duration ="23.263704ms" pod="default/linpack-00001-deployment-5f6694d7c6-25vb4"
I0506 12:12:32.283090       1 schedule_one.go:67] === MON SCHEDULER MODIFIÉ EST EN TRAIN DE TOURNER ===
I0506 12:12:32.308800       1 schedule_one.go:166] "scheduling algorithm completed" duration ="26.533906ms" pod="default/grayscale-00001-deployment-94d4646fd-758ls"
I0506 12:12:32.458111       1 schedule_one.go:67] === MON SCHEDULER MODIFIÉ EST EN TRAIN DE TOURNER ===
I0506 12:12:32.492158       1 schedule_one.go:166] "scheduling algorithm completed" duration ="34.446425ms" pod="default/resnet-00001-deployment-57c4bfb987-hz9b6"
I0506 12:12:32.583248       1 schedule_one.go:67] === MON SCHEDULER MODIFIÉ EST EN TRAIN DE TOURNER ===
I0506 12:12:32.604318       1 schedule_one.go:166] "scheduling algorithm completed" duration ="21.636722ms" pod="default/graphgen-00001-deployment-778bbfcf48-jf5f4"
I0506 12:12:32.670871       1 schedule_one.go:67] === MON SCHEDULER MODIFIÉ EST EN TRAIN DE TOURNER ===
I0506 12:12:32.692854       1 schedule_one.go:166] "scheduling algorithm completed" duration ="22.620629ms" pod="default/fastfouriertransform-00001-deployment-5f7f4bb84b-j5h4p"
I0506 12:12:33.569444       1 schedule_one.go:67] === MON SCHEDULER MODIFIÉ EST EN TRAIN DE TOURNER ===
I0506 12:12:33.590113       1 schedule_one.go:166] "scheduling algorithm completed" duration ="21.388221ms" pod="default/mobilenet-00001-deployment-59bbf999b6-x6k2h"
I0506 12:12:34.016863       1 schedule_one.go:67] === MON SCHEDULER MODIFIÉ EST EN TRAIN DE TOURNER ===
I0506 12:12:34.042651       1 schedule_one.go:166] "scheduling algorithm completed" duration ="26.707277ms" pod="default/matrixmul-00001-deployment-7dc7847b4f-8vw7z"
I0506 12:12:34.334518       1 schedule_one.go:67] === MON SCHEDULER MODIFIÉ EST EN TRAIN DE TOURNER ===
I0506 12:12:34.347872       1 schedule_one.go:166] "scheduling algorithm completed" duration ="14.052185ms" pod="default/pagerank-00001-deployment-7d5555f8bb-7dphr"
I0506 12:12:35.886880       1 schedule_one.go:67] === MON SCHEDULER MODIFIÉ EST EN TRAIN DE TOURNER ===
I0506 12:12:35.899685       1 schedule_one.go:166] "scheduling algorithm completed" duration ="13.950407ms" pod="default/genmatrix-00001-deployment-7dbddd585-7zwvh"
I0506 12:12:39.125145       1 schedule_one.go:67] === MON SCHEDULER MODIFIÉ EST EN TRAIN DE TOURNER ===
I0506 12:12:39.134213       1 schedule_one.go:166] "scheduling algorithm completed" duration ="9.908388ms" pod="default/grayscale-00001-deployment-94d4646fd-5kpcw"
I0506 12:12:47.128488       1 schedule_one.go:67] === MON SCHEDULER MODIFIÉ EST EN TRAIN DE TOURNER ===
I0506 12:12:47.136338       1 schedule_one.go:166] "scheduling algorithm completed" duration ="13.32624ms" pod="default/grayscale-00001-deployment-94d4646fd-qm8cb"
I0506 12:14:29.223119       1 schedule_one.go:67] === MON SCHEDULER MODIFIÉ EST EN TRAIN DE TOURNER ===
I0506 12:14:29.270631       1 schedule_one.go:166] "scheduling algorithm completed" duration ="48.295114ms" pod="default/grayscale-00001-deployment-94d4646fd-hkkq8"
I0506 12:15:45.123325       1 schedule_one.go:67] === MON SCHEDULER MODIFIÉ EST EN TRAIN DE TOURNER ===
I0506 12:15:45.129929       1 schedule_one.go:166] "scheduling algorithm completed" duration ="7.297742ms" pod="default/grayscale-00001-deployment-94d4646fd-rqwnq"
