I0520 14:18:07.222230       1 serving.go:386] Generated self-signed cert in-memory
W0520 14:18:07.222920       1 client_config.go:683] Neither --kubeconfig nor --master was specified.  Using the inClusterConfig.  This might not work.
I0520 14:18:07.249639       1 scheduler.go:283] ===  SCHEDULer New  ===
I0520 14:18:07.251594       1 scheduler.go:457] "fonction New() construit le scheduler, mais ne commence pas à scheduler les pods, c'est la fonction Run() qui commence le scheduling des pods." duration ="1.923157ms"
I0520 14:18:07.254777       1 server.go:175] "Starting Kubernetes Scheduler" version="v0.0.0-master+$Format:%H$"
I0520 14:18:07.254840       1 server.go:177] "Golang settings" GOGC="" GOMAXPROCS="" GOTRACEBACK=""
I0520 14:18:07.261249       1 requestheader_controller.go:180] Starting RequestHeaderAuthRequestController
I0520 14:18:07.261272       1 shared_informer.go:375] "Waiting for caches to sync"
I0520 14:18:07.261311       1 configmap_cafile_content.go:205] "Starting controller" name="client-ca::kube-system::extension-apiserver-authentication::client-ca-file"
I0520 14:18:07.261320       1 shared_informer.go:375] "Waiting for caches to sync"
I0520 14:18:07.261339       1 configmap_cafile_content.go:205] "Starting controller" name="client-ca::kube-system::extension-apiserver-authentication::requestheader-client-ca-file"
I0520 14:18:07.261366       1 shared_informer.go:375] "Waiting for caches to sync"
I0520 14:18:07.261474       1 secure_serving.go:211] Serving securely on [::]:10259
I0520 14:18:07.261535       1 tlsconfig.go:243] "Starting DynamicServingCertificateController"
I0520 14:18:07.661327       1 shared_informer.go:382] "Caches are synced"
I0520 14:18:07.661365       1 shared_informer.go:382] "Caches are synced"
I0520 14:18:07.661458       1 shared_informer.go:382] "Caches are synced"
I0520 14:18:07.761798       1 scheduler.go:542] ===  SCHEDULing RUN ===
I0520 14:18:07.761852       1 schedule_one.go:67] === MON SCHEDULER MODIFIÉ EST EN TRAIN DE TOURNER ===
I0520 14:21:23.742802       1 schedule_one.go:67] === MON SCHEDULER MODIFIÉ EST EN TRAIN DE TOURNER ===
I0520 14:21:23.743979       1 schedule_one.go:67] === MON SCHEDULER MODIFIÉ EST EN TRAIN DE TOURNER ===
I0520 14:21:23.748887       1 schedule_one.go:166] "scheduling algorithm completed" duration ="8.259965ms" pod="default/mobilenet-00001-deployment-84db65c7f9-vxsnq"
I0520 14:21:23.749771       1 schedule_one.go:166] "scheduling algorithm completed" duration ="6.93233ms" pod="default/resnet-00001-deployment-5697b6d685-4tc6j"
I0520 14:21:24.730687       1 schedule_one.go:67] === MON SCHEDULER MODIFIÉ EST EN TRAIN DE TOURNER ===
I0520 14:21:24.739185       1 schedule_one.go:67] === MON SCHEDULER MODIFIÉ EST EN TRAIN DE TOURNER ===
I0520 14:21:24.739970       1 schedule_one.go:166] "scheduling algorithm completed" duration ="9.891028ms" pod="default/resnet-00001-deployment-5697b6d685-xk8cc"
I0520 14:21:24.743374       1 schedule_one.go:166] "scheduling algorithm completed" duration ="4.782837ms" pod="default/mobilenet-00001-deployment-84db65c7f9-x2z7c"
I0520 14:21:26.733464       1 schedule_one.go:67] === MON SCHEDULER MODIFIÉ EST EN TRAIN DE TOURNER ===
I0520 14:21:26.738864       1 schedule_one.go:166] "scheduling algorithm completed" duration ="6.049399ms" pod="default/resnet-00001-deployment-5697b6d685-9phk8"
I0520 14:21:28.738443       1 schedule_one.go:67] === MON SCHEDULER MODIFIÉ EST EN TRAIN DE TOURNER ===
I0520 14:21:28.744256       1 schedule_one.go:166] "scheduling algorithm completed" duration ="6.366827ms" pod="default/resnet-00001-deployment-5697b6d685-2x5r7"
I0520 14:22:52.737955       1 schedule_one.go:67] === MON SCHEDULER MODIFIÉ EST EN TRAIN DE TOURNER ===
I0520 14:22:52.743333       1 schedule_one.go:166] "scheduling algorithm completed" duration ="6.285992ms" pod="default/resnet-00001-deployment-5697b6d685-fx8v2"
I0520 14:24:32.822125       1 schedule_one.go:67] === MON SCHEDULER MODIFIÉ EST EN TRAIN DE TOURNER ===
I0520 14:24:32.826014       1 schedule_one.go:166] "scheduling algorithm completed" duration ="4.797431ms" pod="default/resnet-00001-deployment-5697b6d685-22fs8"
