I0629 07:28:10.229258       1 serving.go:386] Generated self-signed cert in-memory
W0629 07:28:10.232588       1 client_config.go:683] Neither --kubeconfig nor --master was specified.  Using the inClusterConfig.  This might not work.
I0629 07:28:10.320304       1 scheduler.go:283] ===  SCHEDULer New  ===
I0629 07:28:10.331274       1 scheduler.go:457] "fonction New() construit le scheduler, mais ne commence pas à scheduler les pods, c'est la fonction Run() qui commence le scheduling des pods." duration ="10.939686ms"
I0629 07:28:10.333257       1 server.go:175] "Starting Kubernetes Scheduler" version="v0.0.0-master+$Format:%H$"
I0629 07:28:10.333271       1 server.go:177] "Golang settings" GOGC="" GOMAXPROCS="" GOTRACEBACK=""
I0629 07:28:10.345181       1 requestheader_controller.go:180] Starting RequestHeaderAuthRequestController
I0629 07:28:10.345272       1 shared_informer.go:375] "Waiting for caches to sync"
I0629 07:28:10.345251       1 configmap_cafile_content.go:205] "Starting controller" name="client-ca::kube-system::extension-apiserver-authentication::requestheader-client-ca-file"
I0629 07:28:10.345321       1 shared_informer.go:375] "Waiting for caches to sync"
I0629 07:28:10.345245       1 configmap_cafile_content.go:205] "Starting controller" name="client-ca::kube-system::extension-apiserver-authentication::client-ca-file"
I0629 07:28:10.345878       1 shared_informer.go:375] "Waiting for caches to sync"
I0629 07:28:10.345746       1 secure_serving.go:211] Serving securely on [::]:10259
I0629 07:28:10.345770       1 tlsconfig.go:243] "Starting DynamicServingCertificateController"
I0629 07:28:10.545790       1 shared_informer.go:382] "Caches are synced"
I0629 07:28:10.546132       1 shared_informer.go:382] "Caches are synced"
I0629 07:28:10.549431       1 shared_informer.go:382] "Caches are synced"
I0629 07:28:10.646637       1 scheduler.go:542] ===  SCHEDULing RUN ===
I0629 07:28:10.648324       1 schedule_one.go:67] === MON SCHEDULER MODIFIÉ EST EN TRAIN DE TOURNER ===
I0629 08:04:20.577797       1 schedule_one.go:67] === MON SCHEDULER MODIFIÉ EST EN TRAIN DE TOURNER ===
I0629 08:04:20.578436       1 schedule_one.go:67] === MON SCHEDULER MODIFIÉ EST EN TRAIN DE TOURNER ===
I0629 08:04:20.586357       1 schedule_one.go:166] "scheduling algorithm completed" duration ="10.107493ms" pod="default/fastfouriertransform-00001-deployment-5d7bc9c94d-4cz4k"
I0629 08:04:20.587372       1 schedule_one.go:166] "scheduling algorithm completed" duration ="9.541477ms" pod="default/genmatrix-00001-deployment-9c875447c-mdqc4"
I0629 08:04:22.136758       1 schedule_one.go:67] === MON SCHEDULER MODIFIÉ EST EN TRAIN DE TOURNER ===
I0629 08:04:22.141960       1 schedule_one.go:166] "scheduling algorithm completed" duration ="5.859189ms" pod="default/fetchdata-00001-deployment-7849f4674f-x4hqp"
I0629 08:04:24.127487       1 schedule_one.go:67] === MON SCHEDULER MODIFIÉ EST EN TRAIN DE TOURNER ===
I0629 08:04:24.132778       1 schedule_one.go:166] "scheduling algorithm completed" duration ="6.194447ms" pod="default/linpack-00001-deployment-65fff5d977-mcxzr"
I0629 08:04:34.129778       1 schedule_one.go:67] === MON SCHEDULER MODIFIÉ EST EN TRAIN DE TOURNER ===
I0629 08:04:34.135080       1 schedule_one.go:166] "scheduling algorithm completed" duration ="5.806356ms" pod="default/matrixmul-00001-deployment-55fdf86969-rgnb6"
