I0612 10:32:45.856912       1 serving.go:386] Generated self-signed cert in-memory
W0612 10:32:45.857625       1 client_config.go:683] Neither --kubeconfig nor --master was specified.  Using the inClusterConfig.  This might not work.
I0612 10:32:45.877406       1 scheduler.go:283] ===  SCHEDULer New  ===
I0612 10:32:45.880601       1 scheduler.go:457] "fonction New() construit le scheduler, mais ne commence pas à scheduler les pods, c'est la fonction Run() qui commence le scheduling des pods." duration ="3.160238ms"
I0612 10:32:45.882586       1 server.go:175] "Starting Kubernetes Scheduler" version="v0.0.0-master+$Format:%H$"
I0612 10:32:45.882649       1 server.go:177] "Golang settings" GOGC="" GOMAXPROCS="" GOTRACEBACK=""
I0612 10:32:45.888170       1 requestheader_controller.go:180] Starting RequestHeaderAuthRequestController
I0612 10:32:45.888193       1 shared_informer.go:375] "Waiting for caches to sync"
I0612 10:32:45.888228       1 configmap_cafile_content.go:205] "Starting controller" name="client-ca::kube-system::extension-apiserver-authentication::client-ca-file"
I0612 10:32:45.888232       1 configmap_cafile_content.go:205] "Starting controller" name="client-ca::kube-system::extension-apiserver-authentication::requestheader-client-ca-file"
I0612 10:32:45.888243       1 shared_informer.go:375] "Waiting for caches to sync"
I0612 10:32:45.888246       1 shared_informer.go:375] "Waiting for caches to sync"
I0612 10:32:45.888481       1 secure_serving.go:211] Serving securely on [::]:10259
I0612 10:32:45.888595       1 tlsconfig.go:243] "Starting DynamicServingCertificateController"
I0612 10:32:46.089298       1 scheduler.go:542] ===  SCHEDULing RUN ===
I0612 10:32:46.089349       1 schedule_one.go:67] === MON SCHEDULER MODIFIÉ EST EN TRAIN DE TOURNER ===
I0612 10:32:46.089459       1 shared_informer.go:382] "Caches are synced"
I0612 10:32:46.089463       1 shared_informer.go:382] "Caches are synced"
I0612 10:32:46.089480       1 shared_informer.go:382] "Caches are synced"
I0612 10:50:08.540483       1 schedule_one.go:67] === MON SCHEDULER MODIFIÉ EST EN TRAIN DE TOURNER ===
I0612 10:50:08.541608       1 schedule_one.go:67] === MON SCHEDULER MODIFIÉ EST EN TRAIN DE TOURNER ===
I0612 10:50:08.569333       1 schedule_one.go:166] "scheduling algorithm completed" duration ="31.328805ms" pod="default/fastfouriertransform-00001-deployment-5bb577bc85-ht2q2"
I0612 10:50:08.582029       1 schedule_one.go:166] "scheduling algorithm completed" duration ="41.497179ms" pod="default/fetchdata-00001-deployment-66f645596-jqk8q"
I0612 10:50:08.629693       1 schedule_one.go:67] === MON SCHEDULER MODIFIÉ EST EN TRAIN DE TOURNER ===
I0612 10:50:08.658460       1 schedule_one.go:166] "scheduling algorithm completed" duration ="29.47507ms" pod="default/genmatrix-00001-deployment-6774b76f77-st5p6"
I0612 10:50:10.333204       1 schedule_one.go:67] === MON SCHEDULER MODIFIÉ EST EN TRAIN DE TOURNER ===
I0612 10:50:10.359445       1 schedule_one.go:166] "scheduling algorithm completed" duration ="26.948967ms" pod="default/linpack-00001-deployment-5fcdf8b7f7-njk55"
I0612 10:50:10.416761       1 schedule_one.go:67] === MON SCHEDULER MODIFIÉ EST EN TRAIN DE TOURNER ===
I0612 10:50:10.537879       1 schedule_one.go:166] "scheduling algorithm completed" duration ="122.476136ms" pod="default/matrixmul-00001-deployment-5cb8b76cf6-bq5vp"
I0612 10:50:12.275472       1 schedule_one.go:67] === MON SCHEDULER MODIFIÉ EST EN TRAIN DE TOURNER ===
I0612 10:50:12.281406       1 schedule_one.go:166] "scheduling algorithm completed" duration ="6.528683ms" pod="default/linpack-00001-deployment-5fcdf8b7f7-5cqn6"
I0612 10:50:14.267371       1 schedule_one.go:67] === MON SCHEDULER MODIFIÉ EST EN TRAIN DE TOURNER ===
I0612 10:50:14.368463       1 schedule_one.go:166] "scheduling algorithm completed" duration ="101.733798ms" pod="default/linpack-00001-deployment-5fcdf8b7f7-2rwkr"
I0612 10:52:06.576733       1 schedule_one.go:67] === MON SCHEDULER MODIFIÉ EST EN TRAIN DE TOURNER ===
I0612 10:52:06.583481       1 schedule_one.go:166] "scheduling algorithm completed" duration ="7.82244ms" pod="default/linpack-00001-deployment-5fcdf8b7f7-7g5nm"
I0612 11:30:49.134525       1 schedule_one.go:67] === MON SCHEDULER MODIFIÉ EST EN TRAIN DE TOURNER ===
I0612 11:30:49.148582       1 schedule_one.go:166] "scheduling algorithm completed" duration ="14.808744ms" pod="default/fastfouriertransform-00001-deployment-5bb577bc85-tnzbv"
I0612 11:30:49.177314       1 schedule_one.go:67] === MON SCHEDULER MODIFIÉ EST EN TRAIN DE TOURNER ===
I0612 11:30:49.255947       1 schedule_one.go:166] "scheduling algorithm completed" duration ="79.274498ms" pod="default/genmatrix-00001-deployment-6774b76f77-g7lqj"
I0612 11:30:49.324913       1 schedule_one.go:67] === MON SCHEDULER MODIFIÉ EST EN TRAIN DE TOURNER ===
I0612 11:30:49.366590       1 schedule_one.go:166] "scheduling algorithm completed" duration ="42.424823ms" pod="default/fetchdata-00001-deployment-66f645596-pwpv5"
I0612 11:30:49.470042       1 schedule_one.go:67] === MON SCHEDULER MODIFIÉ EST EN TRAIN DE TOURNER ===
I0612 11:30:49.502687       1 schedule_one.go:166] "scheduling algorithm completed" duration ="33.37147ms" pod="default/linpack-00001-deployment-5fcdf8b7f7-gh98d"
I0612 11:30:50.544989       1 schedule_one.go:67] === MON SCHEDULER MODIFIÉ EST EN TRAIN DE TOURNER ===
I0612 11:30:50.554926       1 schedule_one.go:166] "scheduling algorithm completed" duration ="10.54152ms" pod="default/matrixmul-00001-deployment-5cb8b76cf6-2rhsd"
I0612 11:30:52.273757       1 schedule_one.go:67] === MON SCHEDULER MODIFIÉ EST EN TRAIN DE TOURNER ===
I0612 11:30:52.279187       1 schedule_one.go:166] "scheduling algorithm completed" duration ="6.005557ms" pod="default/linpack-00001-deployment-5fcdf8b7f7-g9fx2"
I0612 11:32:46.946183       1 schedule_one.go:67] === MON SCHEDULER MODIFIÉ EST EN TRAIN DE TOURNER ===
I0612 11:32:46.952079       1 schedule_one.go:166] "scheduling algorithm completed" duration ="6.516388ms" pod="default/linpack-00001-deployment-5fcdf8b7f7-vnc8v"
I0612 11:41:35.014734       1 schedule_one.go:67] === MON SCHEDULER MODIFIÉ EST EN TRAIN DE TOURNER ===
I0612 11:41:35.024515       1 schedule_one.go:166] "scheduling algorithm completed" duration ="10.508788ms" pod="default/fastfouriertransform-00001-deployment-5bb577bc85-x9x7r"
I0612 11:41:35.074821       1 schedule_one.go:67] === MON SCHEDULER MODIFIÉ EST EN TRAIN DE TOURNER ===
I0612 11:41:35.088441       1 schedule_one.go:166] "scheduling algorithm completed" duration ="14.201952ms" pod="default/genmatrix-00001-deployment-6774b76f77-v47wz"
I0612 11:41:35.204721       1 schedule_one.go:67] === MON SCHEDULER MODIFIÉ EST EN TRAIN DE TOURNER ===
I0612 11:41:35.221127       1 schedule_one.go:166] "scheduling algorithm completed" duration ="17.229191ms" pod="default/fetchdata-00001-deployment-66f645596-k6kn8"
I0612 11:41:35.346360       1 schedule_one.go:67] === MON SCHEDULER MODIFIÉ EST EN TRAIN DE TOURNER ===
I0612 11:41:35.358807       1 schedule_one.go:166] "scheduling algorithm completed" duration ="13.043416ms" pod="default/linpack-00001-deployment-5fcdf8b7f7-42xgs"
I0612 11:41:36.422636       1 schedule_one.go:67] === MON SCHEDULER MODIFIÉ EST EN TRAIN DE TOURNER ===
I0612 11:41:36.429871       1 schedule_one.go:166] "scheduling algorithm completed" duration ="7.758717ms" pod="default/matrixmul-00001-deployment-5cb8b76cf6-hc8gz"
I0612 11:43:30.789599       1 schedule_one.go:67] === MON SCHEDULER MODIFIÉ EST EN TRAIN DE TOURNER ===
I0612 11:43:30.794542       1 schedule_one.go:166] "scheduling algorithm completed" duration ="5.694643ms" pod="default/linpack-00001-deployment-5fcdf8b7f7-7kh28"
