I0506 08:54:06.841191       1 serving.go:386] Generated self-signed cert in-memory
W0506 08:54:06.841809       1 client_config.go:683] Neither --kubeconfig nor --master was specified.  Using the inClusterConfig.  This might not work.
I0506 08:54:06.861772       1 scheduler.go:283] ===  SCHEDULer New  ===
I0506 08:54:06.863401       1 scheduler.go:457] "fonction New() construit le scheduler, mais ne commence pas à scheduler les pods, c'est la fonction Run() qui commence le scheduling des pods." duration ="1.46052ms"
I0506 08:54:06.865453       1 server.go:175] "Starting Kubernetes Scheduler" version="v0.0.0-master+$Format:%H$"
I0506 08:54:06.865582       1 server.go:177] "Golang settings" GOGC="" GOMAXPROCS="" GOTRACEBACK=""
I0506 08:54:06.871380       1 requestheader_controller.go:180] Starting RequestHeaderAuthRequestController
I0506 08:54:06.871402       1 shared_informer.go:375] "Waiting for caches to sync"
I0506 08:54:06.871451       1 configmap_cafile_content.go:205] "Starting controller" name="client-ca::kube-system::extension-apiserver-authentication::client-ca-file"
I0506 08:54:06.871460       1 shared_informer.go:375] "Waiting for caches to sync"
I0506 08:54:06.871463       1 configmap_cafile_content.go:205] "Starting controller" name="client-ca::kube-system::extension-apiserver-authentication::requestheader-client-ca-file"
I0506 08:54:06.871477       1 shared_informer.go:375] "Waiting for caches to sync"
I0506 08:54:06.871602       1 secure_serving.go:211] Serving securely on [::]:10259
I0506 08:54:06.871670       1 tlsconfig.go:243] "Starting DynamicServingCertificateController"
I0506 08:54:07.072105       1 shared_informer.go:382] "Caches are synced"
I0506 08:54:07.072105       1 shared_informer.go:382] "Caches are synced"
I0506 08:54:07.072113       1 shared_informer.go:382] "Caches are synced"
I0506 08:54:07.373072       1 scheduler.go:542] ===  SCHEDULing RUN ===
I0506 08:54:07.373117       1 schedule_one.go:67] === MON SCHEDULER MODIFIÉ EST EN TRAIN DE TOURNER ===
I0506 09:10:21.549179       1 schedule_one.go:67] === MON SCHEDULER MODIFIÉ EST EN TRAIN DE TOURNER ===
I0506 09:10:21.555956       1 schedule_one.go:67] === MON SCHEDULER MODIFIÉ EST EN TRAIN DE TOURNER ===
I0506 09:10:21.557341       1 schedule_one.go:67] === MON SCHEDULER MODIFIÉ EST EN TRAIN DE TOURNER ===
I0506 09:10:21.557927       1 schedule_one.go:67] === MON SCHEDULER MODIFIÉ EST EN TRAIN DE TOURNER ===
I0506 09:10:21.594576       1 schedule_one.go:166] "scheduling algorithm completed" duration ="49.456656ms" pod="default/grayscale-00001-deployment-94d4646fd-9xlr9"
I0506 09:10:21.618486       1 schedule_one.go:166] "scheduling algorithm completed" duration ="63.500666ms" pod="default/matrixmul-00001-deployment-7dc7847b4f-gq47k"
I0506 09:10:21.619088       1 schedule_one.go:166] "scheduling algorithm completed" duration ="61.715889ms" pod="default/fastfouriertransform-00001-deployment-5f7f4bb84b-cwqtp"
I0506 09:10:21.658582       1 schedule_one.go:166] "scheduling algorithm completed" duration ="102.593069ms" pod="default/fetchdata-00001-deployment-99f85775b-l9h5q"
I0506 09:10:21.721159       1 schedule_one.go:67] === MON SCHEDULER MODIFIÉ EST EN TRAIN DE TOURNER ===
I0506 09:10:21.790996       1 schedule_one.go:166] "scheduling algorithm completed" duration ="70.703643ms" pod="default/pagerank-00001-deployment-7d5555f8bb-7xrmb"
I0506 09:10:21.851667       1 schedule_one.go:67] === MON SCHEDULER MODIFIÉ EST EN TRAIN DE TOURNER ===
I0506 09:10:21.981974       1 schedule_one.go:166] "scheduling algorithm completed" duration ="131.080886ms" pod="default/resnet-00001-deployment-57c4bfb987-h2dlg"
I0506 09:10:22.213625       1 schedule_one.go:67] === MON SCHEDULER MODIFIÉ EST EN TRAIN DE TOURNER ===
I0506 09:10:22.232843       1 schedule_one.go:67] === MON SCHEDULER MODIFIÉ EST EN TRAIN DE TOURNER ===
I0506 09:10:22.306052       1 schedule_one.go:166] "scheduling algorithm completed" duration ="93.101037ms" pod="default/linpack-00001-deployment-5f6694d7c6-8nw5t"
I0506 09:10:22.306885       1 schedule_one.go:166] "scheduling algorithm completed" duration ="74.849604ms" pod="default/graphgen-00001-deployment-778bbfcf48-q6q7v"
I0506 09:10:22.343355       1 schedule_one.go:67] === MON SCHEDULER MODIFIÉ EST EN TRAIN DE TOURNER ===
I0506 09:10:22.382395       1 schedule_one.go:166] "scheduling algorithm completed" duration ="39.744272ms" pod="default/mobilenet-00001-deployment-59bbf999b6-h2vvg"
I0506 09:10:23.002127       1 schedule_one.go:67] === MON SCHEDULER MODIFIÉ EST EN TRAIN DE TOURNER ===
I0506 09:10:23.037141       1 schedule_one.go:67] === MON SCHEDULER MODIFIÉ EST EN TRAIN DE TOURNER ===
I0506 09:10:23.038834       1 schedule_one.go:166] "scheduling algorithm completed" duration ="37.285571ms" pod="default/linpack-00001-deployment-5f6694d7c6-wm4xp"
I0506 09:10:23.062246       1 schedule_one.go:166] "scheduling algorithm completed" duration ="25.815614ms" pod="default/fetchdata-00001-deployment-99f85775b-n85bf"
I0506 09:10:23.097039       1 schedule_one.go:67] === MON SCHEDULER MODIFIÉ EST EN TRAIN DE TOURNER ===
I0506 09:10:23.215791       1 schedule_one.go:166] "scheduling algorithm completed" duration ="119.5688ms" pod="default/genmatrix-00001-deployment-7dbddd585-v5b6f"
I0506 09:10:23.232044       1 schedule_one.go:67] === MON SCHEDULER MODIFIÉ EST EN TRAIN DE TOURNER ===
I0506 09:10:23.313519       1 schedule_one.go:67] === MON SCHEDULER MODIFIÉ EST EN TRAIN DE TOURNER ===
I0506 09:10:23.337361       1 schedule_one.go:166] "scheduling algorithm completed" duration ="106.037123ms" pod="default/graphgen-00001-deployment-778bbfcf48-w47gk"
I0506 09:10:23.426053       1 schedule_one.go:166] "scheduling algorithm completed" duration ="113.144896ms" pod="default/grayscale-00001-deployment-94d4646fd-gk99k"
I0506 09:10:23.451738       1 schedule_one.go:67] === MON SCHEDULER MODIFIÉ EST EN TRAIN DE TOURNER ===
I0506 09:10:23.529755       1 schedule_one.go:166] "scheduling algorithm completed" duration ="78.709305ms" pod="default/matrixmul-00001-deployment-7dc7847b4f-xt7nw"
I0506 09:10:25.020339       1 schedule_one.go:67] === MON SCHEDULER MODIFIÉ EST EN TRAIN DE TOURNER ===
I0506 09:10:25.067135       1 schedule_one.go:166] "scheduling algorithm completed" duration ="47.658583ms" pod="default/fetchdata-00001-deployment-99f85775b-9gd4g"
I0506 09:10:25.088677       1 schedule_one.go:67] === MON SCHEDULER MODIFIÉ EST EN TRAIN DE TOURNER ===
I0506 09:10:25.148522       1 schedule_one.go:166] "scheduling algorithm completed" duration ="60.903186ms" pod="default/genmatrix-00001-deployment-7dbddd585-x4vdj"
I0506 09:10:25.230678       1 schedule_one.go:67] === MON SCHEDULER MODIFIÉ EST EN TRAIN DE TOURNER ===
I0506 09:10:25.289096       1 schedule_one.go:166] "scheduling algorithm completed" duration ="59.12615ms" pod="default/pagerank-00001-deployment-7d5555f8bb-x86jq"
I0506 09:10:25.415367       1 schedule_one.go:67] === MON SCHEDULER MODIFIÉ EST EN TRAIN DE TOURNER ===
I0506 09:10:25.548169       1 schedule_one.go:67] === MON SCHEDULER MODIFIÉ EST EN TRAIN DE TOURNER ===
I0506 09:10:25.619708       1 schedule_one.go:166] "scheduling algorithm completed" duration ="205.353249ms" pod="default/resnet-00001-deployment-57c4bfb987-6f298"
I0506 09:10:25.668247       1 schedule_one.go:166] "scheduling algorithm completed" duration ="120.73841ms" pod="default/grayscale-00001-deployment-94d4646fd-5fkb2"
I0506 09:10:26.998896       1 schedule_one.go:67] === MON SCHEDULER MODIFIÉ EST EN TRAIN DE TOURNER ===
I0506 09:10:27.029476       1 schedule_one.go:166] "scheduling algorithm completed" duration ="31.679574ms" pod="default/linpack-00001-deployment-5f6694d7c6-lrcnq"
I0506 09:10:27.096149       1 schedule_one.go:67] === MON SCHEDULER MODIFIÉ EST EN TRAIN DE TOURNER ===
I0506 09:10:27.118545       1 schedule_one.go:166] "scheduling algorithm completed" duration ="23.124338ms" pod="default/resnet-00001-deployment-57c4bfb987-w5khl"
I0506 09:10:27.205328       1 schedule_one.go:67] === MON SCHEDULER MODIFIÉ EST EN TRAIN DE TOURNER ===
I0506 09:10:27.243405       1 schedule_one.go:166] "scheduling algorithm completed" duration ="39.187125ms" pod="default/matrixmul-00001-deployment-7dc7847b4f-qmwqt"
I0506 09:10:29.062259       1 schedule_one.go:67] === MON SCHEDULER MODIFIÉ EST EN TRAIN DE TOURNER ===
I0506 09:10:29.103134       1 schedule_one.go:166] "scheduling algorithm completed" duration ="41.622939ms" pod="default/grayscale-00001-deployment-94d4646fd-9s5ww"
I0506 09:10:33.045478       1 schedule_one.go:67] === MON SCHEDULER MODIFIÉ EST EN TRAIN DE TOURNER ===
I0506 09:10:33.067378       1 schedule_one.go:166] "scheduling algorithm completed" duration ="22.529376ms" pod="default/grayscale-00001-deployment-94d4646fd-5n8g5"
I0506 09:11:37.133931       1 schedule_one.go:67] === MON SCHEDULER MODIFIÉ EST EN TRAIN DE TOURNER ===
I0506 09:11:37.141110       1 schedule_one.go:166] "scheduling algorithm completed" duration ="8.049884ms" pod="default/grayscale-00001-deployment-94d4646fd-kg5ck"
I0506 09:18:14.682624       1 schedule_one.go:67] === MON SCHEDULER MODIFIÉ EST EN TRAIN DE TOURNER ===
I0506 09:18:14.691890       1 schedule_one.go:67] === MON SCHEDULER MODIFIÉ EST EN TRAIN DE TOURNER ===
I0506 09:18:14.703009       1 schedule_one.go:166] "scheduling algorithm completed" duration ="21.08454ms" pod="default/fetchdata-00001-deployment-99f85775b-gg4vs"
I0506 09:18:14.720252       1 schedule_one.go:166] "scheduling algorithm completed" duration ="29.077811ms" pod="default/linpack-00001-deployment-5f6694d7c6-j8lx6"
I0506 09:18:14.829497       1 schedule_one.go:67] === MON SCHEDULER MODIFIÉ EST EN TRAIN DE TOURNER ===
I0506 09:18:14.914987       1 schedule_one.go:166] "scheduling algorithm completed" duration ="86.020917ms" pod="default/grayscale-00001-deployment-94d4646fd-vbb4g"
I0506 09:18:15.151696       1 schedule_one.go:67] === MON SCHEDULER MODIFIÉ EST EN TRAIN DE TOURNER ===
I0506 09:18:15.226417       1 schedule_one.go:166] "scheduling algorithm completed" duration ="75.272629ms" pod="default/resnet-00001-deployment-57c4bfb987-xbdlh"
I0506 09:18:15.339479       1 schedule_one.go:67] === MON SCHEDULER MODIFIÉ EST EN TRAIN DE TOURNER ===
I0506 09:18:15.398882       1 schedule_one.go:166] "scheduling algorithm completed" duration ="60.091066ms" pod="default/graphgen-00001-deployment-778bbfcf48-8788b"
I0506 09:18:15.404445       1 schedule_one.go:67] === MON SCHEDULER MODIFIÉ EST EN TRAIN DE TOURNER ===
I0506 09:18:15.448326       1 schedule_one.go:166] "scheduling algorithm completed" duration ="45.282873ms" pod="default/fastfouriertransform-00001-deployment-5f7f4bb84b-mtfhm"
I0506 09:18:15.595870       1 schedule_one.go:67] === MON SCHEDULER MODIFIÉ EST EN TRAIN DE TOURNER ===
I0506 09:18:15.626789       1 schedule_one.go:166] "scheduling algorithm completed" duration ="31.707902ms" pod="default/mobilenet-00001-deployment-59bbf999b6-5q9mk"
I0506 09:18:15.768899       1 schedule_one.go:67] === MON SCHEDULER MODIFIÉ EST EN TRAIN DE TOURNER ===
I0506 09:18:15.850068       1 schedule_one.go:166] "scheduling algorithm completed" duration ="81.850401ms" pod="default/matrixmul-00001-deployment-7dc7847b4f-pttmj"
I0506 09:18:15.911850       1 schedule_one.go:67] === MON SCHEDULER MODIFIÉ EST EN TRAIN DE TOURNER ===
I0506 09:18:15.931745       1 schedule_one.go:166] "scheduling algorithm completed" duration ="20.519707ms" pod="default/pagerank-00001-deployment-7d5555f8bb-658bc"
I0506 09:18:16.557099       1 schedule_one.go:67] === MON SCHEDULER MODIFIÉ EST EN TRAIN DE TOURNER ===
I0506 09:18:16.565633       1 schedule_one.go:166] "scheduling algorithm completed" duration ="9.300696ms" pod="default/genmatrix-00001-deployment-7dbddd585-w874g"
I0506 09:18:17.128429       1 schedule_one.go:67] === MON SCHEDULER MODIFIÉ EST EN TRAIN DE TOURNER ===
I0506 09:18:17.230172       1 schedule_one.go:166] "scheduling algorithm completed" duration ="102.697312ms" pod="default/fetchdata-00001-deployment-99f85775b-2cjmj"
I0506 09:18:19.062923       1 schedule_one.go:67] === MON SCHEDULER MODIFIÉ EST EN TRAIN DE TOURNER ===
I0506 09:18:19.065658       1 schedule_one.go:67] === MON SCHEDULER MODIFIÉ EST EN TRAIN DE TOURNER ===
I0506 09:18:19.086719       1 schedule_one.go:166] "scheduling algorithm completed" duration ="21.721095ms" pod="default/linpack-00001-deployment-5f6694d7c6-h48xx"
I0506 09:18:19.104595       1 schedule_one.go:166] "scheduling algorithm completed" duration ="42.387635ms" pod="default/grayscale-00001-deployment-94d4646fd-wvck4"
I0506 09:18:19.138438       1 schedule_one.go:67] === MON SCHEDULER MODIFIÉ EST EN TRAIN DE TOURNER ===
I0506 09:18:19.154836       1 schedule_one.go:166] "scheduling algorithm completed" duration ="17.458616ms" pod="default/matrixmul-00001-deployment-7dc7847b4f-sl6c6"
I0506 09:18:21.030529       1 schedule_one.go:67] === MON SCHEDULER MODIFIÉ EST EN TRAIN DE TOURNER ===
I0506 09:18:21.054090       1 schedule_one.go:166] "scheduling algorithm completed" duration ="24.174296ms" pod="default/resnet-00001-deployment-57c4bfb987-8v5rn"
I0506 09:18:22.992276       1 schedule_one.go:67] === MON SCHEDULER MODIFIÉ EST EN TRAIN DE TOURNER ===
I0506 09:18:22.998764       1 schedule_one.go:166] "scheduling algorithm completed" duration ="7.076847ms" pod="default/grayscale-00001-deployment-94d4646fd-7wr5f"
I0506 09:18:24.986656       1 schedule_one.go:67] === MON SCHEDULER MODIFIÉ EST EN TRAIN DE TOURNER ===
I0506 09:18:25.001326       1 schedule_one.go:166] "scheduling algorithm completed" duration ="15.328877ms" pod="default/grayscale-00001-deployment-94d4646fd-8s8xk"
I0506 09:19:29.172327       1 schedule_one.go:67] === MON SCHEDULER MODIFIÉ EST EN TRAIN DE TOURNER ===
I0506 09:19:29.188867       1 schedule_one.go:166] "scheduling algorithm completed" duration ="17.187024ms" pod="default/resnet-00001-deployment-57c4bfb987-zn9hr"
I0506 09:19:30.983246       1 schedule_one.go:67] === MON SCHEDULER MODIFIÉ EST EN TRAIN DE TOURNER ===
I0506 09:19:30.994841       1 schedule_one.go:166] "scheduling algorithm completed" duration ="12.577157ms" pod="default/grayscale-00001-deployment-94d4646fd-wxvsr"
I0506 09:19:30.994952       1 schedule_one.go:67] === MON SCHEDULER MODIFIÉ EST EN TRAIN DE TOURNER ===
I0506 09:19:31.006762       1 schedule_one.go:166] "scheduling algorithm completed" duration ="12.44799ms" pod="default/grayscale-00001-deployment-94d4646fd-x4rk7"
I0506 09:26:36.727718       1 schedule_one.go:67] === MON SCHEDULER MODIFIÉ EST EN TRAIN DE TOURNER ===
I0506 09:26:36.728869       1 schedule_one.go:67] === MON SCHEDULER MODIFIÉ EST EN TRAIN DE TOURNER ===
I0506 09:26:36.730702       1 schedule_one.go:67] === MON SCHEDULER MODIFIÉ EST EN TRAIN DE TOURNER ===
I0506 09:26:36.756532       1 schedule_one.go:166] "scheduling algorithm completed" duration ="30.669382ms" pod="default/grayscale-00001-deployment-94d4646fd-lff6x"
I0506 09:26:36.772062       1 schedule_one.go:166] "scheduling algorithm completed" duration ="44.202668ms" pod="default/fetchdata-00001-deployment-99f85775b-j5p2m"
I0506 09:26:36.773006       1 schedule_one.go:166] "scheduling algorithm completed" duration ="44.104946ms" pod="default/linpack-00001-deployment-5f6694d7c6-shcz2"
I0506 09:26:36.966192       1 schedule_one.go:67] === MON SCHEDULER MODIFIÉ EST EN TRAIN DE TOURNER ===
I0506 09:26:37.017446       1 schedule_one.go:166] "scheduling algorithm completed" duration ="51.990421ms" pod="default/resnet-00001-deployment-57c4bfb987-fbj6c"
I0506 09:26:37.123695       1 schedule_one.go:67] === MON SCHEDULER MODIFIÉ EST EN TRAIN DE TOURNER ===
I0506 09:26:37.167770       1 schedule_one.go:67] === MON SCHEDULER MODIFIÉ EST EN TRAIN DE TOURNER ===
I0506 09:26:37.176702       1 schedule_one.go:166] "scheduling algorithm completed" duration ="54.204549ms" pod="default/graphgen-00001-deployment-778bbfcf48-rws4z"
I0506 09:26:37.224503       1 schedule_one.go:166] "scheduling algorithm completed" duration ="57.351824ms" pod="default/fastfouriertransform-00001-deployment-5f7f4bb84b-sbmsf"
I0506 09:26:37.369628       1 schedule_one.go:67] === MON SCHEDULER MODIFIÉ EST EN TRAIN DE TOURNER ===
I0506 09:26:37.389044       1 schedule_one.go:166] "scheduling algorithm completed" duration ="20.066984ms" pod="default/mobilenet-00001-deployment-59bbf999b6-tb8bd"
I0506 09:26:37.760410       1 schedule_one.go:67] === MON SCHEDULER MODIFIÉ EST EN TRAIN DE TOURNER ===
I0506 09:26:37.789589       1 schedule_one.go:166] "scheduling algorithm completed" duration ="29.75442ms" pod="default/matrixmul-00001-deployment-7dc7847b4f-tvxn7"
I0506 09:26:37.859947       1 schedule_one.go:67] === MON SCHEDULER MODIFIÉ EST EN TRAIN DE TOURNER ===
I0506 09:26:37.902395       1 schedule_one.go:166] "scheduling algorithm completed" duration ="43.096853ms" pod="default/pagerank-00001-deployment-7d5555f8bb-nsvcg"
I0506 09:26:38.521358       1 schedule_one.go:67] === MON SCHEDULER MODIFIÉ EST EN TRAIN DE TOURNER ===
I0506 09:26:38.531957       1 schedule_one.go:166] "scheduling algorithm completed" duration ="11.173195ms" pod="default/genmatrix-00001-deployment-7dbddd585-n5l72"
I0506 09:26:39.294059       1 schedule_one.go:67] === MON SCHEDULER MODIFIÉ EST EN TRAIN DE TOURNER ===
I0506 09:26:39.329043       1 schedule_one.go:166] "scheduling algorithm completed" duration ="35.837378ms" pod="default/fetchdata-00001-deployment-99f85775b-xc4bp"
I0506 09:26:40.976359       1 schedule_one.go:67] === MON SCHEDULER MODIFIÉ EST EN TRAIN DE TOURNER ===
I0506 09:26:40.987001       1 schedule_one.go:166] "scheduling algorithm completed" duration ="11.449602ms" pod="default/grayscale-00001-deployment-94d4646fd-d5xtf"
I0506 09:26:42.984889       1 schedule_one.go:67] === MON SCHEDULER MODIFIÉ EST EN TRAIN DE TOURNER ===
I0506 09:26:43.004866       1 schedule_one.go:166] "scheduling algorithm completed" duration ="20.636391ms" pod="default/fetchdata-00001-deployment-99f85775b-fkq7v"
I0506 09:26:44.981261       1 schedule_one.go:67] === MON SCHEDULER MODIFIÉ EST EN TRAIN DE TOURNER ===
I0506 09:26:44.988842       1 schedule_one.go:166] "scheduling algorithm completed" duration ="8.22779ms" pod="default/grayscale-00001-deployment-94d4646fd-ntcq4"
I0506 09:26:46.980488       1 schedule_one.go:67] === MON SCHEDULER MODIFIÉ EST EN TRAIN DE TOURNER ===
I0506 09:26:46.993147       1 schedule_one.go:166] "scheduling algorithm completed" duration ="13.226434ms" pod="default/grayscale-00001-deployment-94d4646fd-x7bn9"
I0506 09:26:48.980630       1 schedule_one.go:67] === MON SCHEDULER MODIFIÉ EST EN TRAIN DE TOURNER ===
I0506 09:26:48.990156       1 schedule_one.go:166] "scheduling algorithm completed" duration ="10.17277ms" pod="default/grayscale-00001-deployment-94d4646fd-mmxfg"
I0506 09:27:49.007659       1 schedule_one.go:67] === MON SCHEDULER MODIFIÉ EST EN TRAIN DE TOURNER ===
I0506 09:27:49.015822       1 schedule_one.go:166] "scheduling algorithm completed" duration ="9.110437ms" pod="default/grayscale-00001-deployment-94d4646fd-zjp2d"
I0506 09:27:52.977551       1 schedule_one.go:67] === MON SCHEDULER MODIFIÉ EST EN TRAIN DE TOURNER ===
I0506 09:27:52.995521       1 schedule_one.go:166] "scheduling algorithm completed" duration ="18.570577ms" pod="default/grayscale-00001-deployment-94d4646fd-j46nb"
