I0506 08:54:06.841191       1 serving.go:386] Generated self-signed cert in-memory
W0506 08:54:06.841809       1 client_config.go:683] Neither --kubeconfig nor --master was specified.  Using the inClusterConfig.  This might not work.
I0506 08:54:06.861772       1 scheduler.go:283] ===  SCHEDULer New  ===
I0506 08:54:06.863401       1 scheduler.go:457] "fonction New() construit le scheduler, mais ne commence pas à scheduler les pods, c'est la fonction Run() qui commence le scheduling des pods." duration ="1.46052ms"
I0506 08:54:06.865453       1 server.go:175] "Starting Kubernetes Scheduler" version="v0.0.0-master+$Format:%H$"
I0506 08:54:06.865582       1 server.go:177] "Golang settings" GOGC="" GOMAXPROCS="" GOTRACEBACK=""
I0506 08:54:06.871380       1 requestheader_controller.go:180] Starting RequestHeaderAuthRequestController
I0506 08:54:06.871402       1 shared_informer.go:375] "Waiting for caches to sync"
I0506 08:54:06.871451       1 configmap_cafile_content.go:205] "Starting controller" name="client-ca::kube-system::extension-apiserver-authentication::client-ca-file"
I0506 08:54:06.871460       1 shared_informer.go:375] "Waiting for caches to sync"
I0506 08:54:06.871463       1 configmap_cafile_content.go:205] "Starting controller" name="client-ca::kube-system::extension-apiserver-authentication::requestheader-client-ca-file"
I0506 08:54:06.871477       1 shared_informer.go:375] "Waiting for caches to sync"
I0506 08:54:06.871602       1 secure_serving.go:211] Serving securely on [::]:10259
I0506 08:54:06.871670       1 tlsconfig.go:243] "Starting DynamicServingCertificateController"
I0506 08:54:07.072105       1 shared_informer.go:382] "Caches are synced"
I0506 08:54:07.072105       1 shared_informer.go:382] "Caches are synced"
I0506 08:54:07.072113       1 shared_informer.go:382] "Caches are synced"
I0506 08:54:07.373072       1 scheduler.go:542] ===  SCHEDULing RUN ===
I0506 08:54:07.373117       1 schedule_one.go:67] === MON SCHEDULER MODIFIÉ EST EN TRAIN DE TOURNER ===
I0506 09:10:21.549179       1 schedule_one.go:67] === MON SCHEDULER MODIFIÉ EST EN TRAIN DE TOURNER ===
I0506 09:10:21.555956       1 schedule_one.go:67] === MON SCHEDULER MODIFIÉ EST EN TRAIN DE TOURNER ===
I0506 09:10:21.557341       1 schedule_one.go:67] === MON SCHEDULER MODIFIÉ EST EN TRAIN DE TOURNER ===
I0506 09:10:21.557927       1 schedule_one.go:67] === MON SCHEDULER MODIFIÉ EST EN TRAIN DE TOURNER ===
I0506 09:10:21.594576       1 schedule_one.go:166] "scheduling algorithm completed" duration ="49.456656ms" pod="default/grayscale-00001-deployment-94d4646fd-9xlr9"
I0506 09:10:21.618486       1 schedule_one.go:166] "scheduling algorithm completed" duration ="63.500666ms" pod="default/matrixmul-00001-deployment-7dc7847b4f-gq47k"
I0506 09:10:21.619088       1 schedule_one.go:166] "scheduling algorithm completed" duration ="61.715889ms" pod="default/fastfouriertransform-00001-deployment-5f7f4bb84b-cwqtp"
I0506 09:10:21.658582       1 schedule_one.go:166] "scheduling algorithm completed" duration ="102.593069ms" pod="default/fetchdata-00001-deployment-99f85775b-l9h5q"
I0506 09:10:21.721159       1 schedule_one.go:67] === MON SCHEDULER MODIFIÉ EST EN TRAIN DE TOURNER ===
I0506 09:10:21.790996       1 schedule_one.go:166] "scheduling algorithm completed" duration ="70.703643ms" pod="default/pagerank-00001-deployment-7d5555f8bb-7xrmb"
I0506 09:10:21.851667       1 schedule_one.go:67] === MON SCHEDULER MODIFIÉ EST EN TRAIN DE TOURNER ===
I0506 09:10:21.981974       1 schedule_one.go:166] "scheduling algorithm completed" duration ="131.080886ms" pod="default/resnet-00001-deployment-57c4bfb987-h2dlg"
I0506 09:10:22.213625       1 schedule_one.go:67] === MON SCHEDULER MODIFIÉ EST EN TRAIN DE TOURNER ===
I0506 09:10:22.232843       1 schedule_one.go:67] === MON SCHEDULER MODIFIÉ EST EN TRAIN DE TOURNER ===
I0506 09:10:22.306052       1 schedule_one.go:166] "scheduling algorithm completed" duration ="93.101037ms" pod="default/linpack-00001-deployment-5f6694d7c6-8nw5t"
I0506 09:10:22.306885       1 schedule_one.go:166] "scheduling algorithm completed" duration ="74.849604ms" pod="default/graphgen-00001-deployment-778bbfcf48-q6q7v"
I0506 09:10:22.343355       1 schedule_one.go:67] === MON SCHEDULER MODIFIÉ EST EN TRAIN DE TOURNER ===
I0506 09:10:22.382395       1 schedule_one.go:166] "scheduling algorithm completed" duration ="39.744272ms" pod="default/mobilenet-00001-deployment-59bbf999b6-h2vvg"
I0506 09:10:23.002127       1 schedule_one.go:67] === MON SCHEDULER MODIFIÉ EST EN TRAIN DE TOURNER ===
I0506 09:10:23.037141       1 schedule_one.go:67] === MON SCHEDULER MODIFIÉ EST EN TRAIN DE TOURNER ===
I0506 09:10:23.038834       1 schedule_one.go:166] "scheduling algorithm completed" duration ="37.285571ms" pod="default/linpack-00001-deployment-5f6694d7c6-wm4xp"
I0506 09:10:23.062246       1 schedule_one.go:166] "scheduling algorithm completed" duration ="25.815614ms" pod="default/fetchdata-00001-deployment-99f85775b-n85bf"
I0506 09:10:23.097039       1 schedule_one.go:67] === MON SCHEDULER MODIFIÉ EST EN TRAIN DE TOURNER ===
I0506 09:10:23.215791       1 schedule_one.go:166] "scheduling algorithm completed" duration ="119.5688ms" pod="default/genmatrix-00001-deployment-7dbddd585-v5b6f"
I0506 09:10:23.232044       1 schedule_one.go:67] === MON SCHEDULER MODIFIÉ EST EN TRAIN DE TOURNER ===
I0506 09:10:23.313519       1 schedule_one.go:67] === MON SCHEDULER MODIFIÉ EST EN TRAIN DE TOURNER ===
I0506 09:10:23.337361       1 schedule_one.go:166] "scheduling algorithm completed" duration ="106.037123ms" pod="default/graphgen-00001-deployment-778bbfcf48-w47gk"
I0506 09:10:23.426053       1 schedule_one.go:166] "scheduling algorithm completed" duration ="113.144896ms" pod="default/grayscale-00001-deployment-94d4646fd-gk99k"
I0506 09:10:23.451738       1 schedule_one.go:67] === MON SCHEDULER MODIFIÉ EST EN TRAIN DE TOURNER ===
I0506 09:10:23.529755       1 schedule_one.go:166] "scheduling algorithm completed" duration ="78.709305ms" pod="default/matrixmul-00001-deployment-7dc7847b4f-xt7nw"
I0506 09:10:25.020339       1 schedule_one.go:67] === MON SCHEDULER MODIFIÉ EST EN TRAIN DE TOURNER ===
I0506 09:10:25.067135       1 schedule_one.go:166] "scheduling algorithm completed" duration ="47.658583ms" pod="default/fetchdata-00001-deployment-99f85775b-9gd4g"
I0506 09:10:25.088677       1 schedule_one.go:67] === MON SCHEDULER MODIFIÉ EST EN TRAIN DE TOURNER ===
I0506 09:10:25.148522       1 schedule_one.go:166] "scheduling algorithm completed" duration ="60.903186ms" pod="default/genmatrix-00001-deployment-7dbddd585-x4vdj"
I0506 09:10:25.230678       1 schedule_one.go:67] === MON SCHEDULER MODIFIÉ EST EN TRAIN DE TOURNER ===
I0506 09:10:25.289096       1 schedule_one.go:166] "scheduling algorithm completed" duration ="59.12615ms" pod="default/pagerank-00001-deployment-7d5555f8bb-x86jq"
I0506 09:10:25.415367       1 schedule_one.go:67] === MON SCHEDULER MODIFIÉ EST EN TRAIN DE TOURNER ===
I0506 09:10:25.548169       1 schedule_one.go:67] === MON SCHEDULER MODIFIÉ EST EN TRAIN DE TOURNER ===
I0506 09:10:25.619708       1 schedule_one.go:166] "scheduling algorithm completed" duration ="205.353249ms" pod="default/resnet-00001-deployment-57c4bfb987-6f298"
I0506 09:10:25.668247       1 schedule_one.go:166] "scheduling algorithm completed" duration ="120.73841ms" pod="default/grayscale-00001-deployment-94d4646fd-5fkb2"
I0506 09:10:26.998896       1 schedule_one.go:67] === MON SCHEDULER MODIFIÉ EST EN TRAIN DE TOURNER ===
I0506 09:10:27.029476       1 schedule_one.go:166] "scheduling algorithm completed" duration ="31.679574ms" pod="default/linpack-00001-deployment-5f6694d7c6-lrcnq"
I0506 09:10:27.096149       1 schedule_one.go:67] === MON SCHEDULER MODIFIÉ EST EN TRAIN DE TOURNER ===
I0506 09:10:27.118545       1 schedule_one.go:166] "scheduling algorithm completed" duration ="23.124338ms" pod="default/resnet-00001-deployment-57c4bfb987-w5khl"
I0506 09:10:27.205328       1 schedule_one.go:67] === MON SCHEDULER MODIFIÉ EST EN TRAIN DE TOURNER ===
I0506 09:10:27.243405       1 schedule_one.go:166] "scheduling algorithm completed" duration ="39.187125ms" pod="default/matrixmul-00001-deployment-7dc7847b4f-qmwqt"
I0506 09:10:29.062259       1 schedule_one.go:67] === MON SCHEDULER MODIFIÉ EST EN TRAIN DE TOURNER ===
I0506 09:10:29.103134       1 schedule_one.go:166] "scheduling algorithm completed" duration ="41.622939ms" pod="default/grayscale-00001-deployment-94d4646fd-9s5ww"
I0506 09:10:33.045478       1 schedule_one.go:67] === MON SCHEDULER MODIFIÉ EST EN TRAIN DE TOURNER ===
I0506 09:10:33.067378       1 schedule_one.go:166] "scheduling algorithm completed" duration ="22.529376ms" pod="default/grayscale-00001-deployment-94d4646fd-5n8g5"
I0506 09:11:37.133931       1 schedule_one.go:67] === MON SCHEDULER MODIFIÉ EST EN TRAIN DE TOURNER ===
I0506 09:11:37.141110       1 schedule_one.go:166] "scheduling algorithm completed" duration ="8.049884ms" pod="default/grayscale-00001-deployment-94d4646fd-kg5ck"
