I0702 10:25:09.840178       1 serving.go:386] Generated self-signed cert in-memory
W0702 10:25:09.840840       1 client_config.go:683] Neither --kubeconfig nor --master was specified.  Using the inClusterConfig.  This might not work.
I0702 10:25:09.859076       1 scheduler.go:283] ===  SCHEDULer New  ===
I0702 10:25:09.861915       1 scheduler.go:457] "fonction New() construit le scheduler, mais ne commence pas à scheduler les pods, c'est la fonction Run() qui commence le scheduling des pods." duration ="2.598762ms"
I0702 10:25:09.863969       1 server.go:175] "Starting Kubernetes Scheduler" version="v0.0.0-master+$Format:%H$"
I0702 10:25:09.863987       1 server.go:177] "Golang settings" GOGC="" GOMAXPROCS="" GOTRACEBACK=""
I0702 10:25:09.868890       1 secure_serving.go:211] Serving securely on [::]:10259
I0702 10:25:09.868974       1 tlsconfig.go:243] "Starting DynamicServingCertificateController"
I0702 10:25:09.868974       1 requestheader_controller.go:180] Starting RequestHeaderAuthRequestController
I0702 10:25:09.868999       1 shared_informer.go:375] "Waiting for caches to sync"
I0702 10:25:09.869021       1 configmap_cafile_content.go:205] "Starting controller" name="client-ca::kube-system::extension-apiserver-authentication::client-ca-file"
I0702 10:25:09.869037       1 configmap_cafile_content.go:205] "Starting controller" name="client-ca::kube-system::extension-apiserver-authentication::requestheader-client-ca-file"
I0702 10:25:09.869041       1 shared_informer.go:375] "Waiting for caches to sync"
I0702 10:25:09.869045       1 shared_informer.go:375] "Waiting for caches to sync"
I0702 10:25:09.970118       1 shared_informer.go:382] "Caches are synced"
I0702 10:25:09.970148       1 shared_informer.go:382] "Caches are synced"
I0702 10:25:09.970122       1 shared_informer.go:382] "Caches are synced"
I0702 10:25:10.171218       1 scheduler.go:542] ===  SCHEDULing RUN ===
I0702 10:25:10.171310       1 schedule_one.go:67] === MON SCHEDULER MODIFIÉ EST EN TRAIN DE TOURNER ===
I0702 10:30:14.099460       1 schedule_one.go:67] === MON SCHEDULER MODIFIÉ EST EN TRAIN DE TOURNER ===
I0702 10:30:14.105999       1 schedule_one.go:67] === MON SCHEDULER MODIFIÉ EST EN TRAIN DE TOURNER ===
I0702 10:30:14.111127       1 schedule_one.go:166] "scheduling algorithm completed" duration ="13.204348ms" pod="default/resnet-00001-deployment-5687dd4f7c-tt68g"
I0702 10:30:14.116542       1 schedule_one.go:67] === MON SCHEDULER MODIFIÉ EST EN TRAIN DE TOURNER ===
I0702 10:30:14.135837       1 schedule_one.go:166] "scheduling algorithm completed" duration ="19.95591ms" pod="default/mobilenet-00001-deployment-855b8bc6bc-xm58s"
I0702 10:30:14.142031       1 schedule_one.go:166] "scheduling algorithm completed" duration ="36.574001ms" pod="default/mobilenet-00001-deployment-855b8bc6bc-9nzbh"
I0702 10:30:15.611700       1 schedule_one.go:67] === MON SCHEDULER MODIFIÉ EST EN TRAIN DE TOURNER ===
I0702 10:30:15.618159       1 schedule_one.go:166] "scheduling algorithm completed" duration ="7.453637ms" pod="default/mobilenet-00001-deployment-855b8bc6bc-4ztlh"
I0702 10:30:15.627981       1 schedule_one.go:67] === MON SCHEDULER MODIFIÉ EST EN TRAIN DE TOURNER ===
I0702 10:30:15.635687       1 schedule_one.go:166] "scheduling algorithm completed" duration ="8.258934ms" pod="default/resnet-00001-deployment-5687dd4f7c-npw7d"
I0702 10:30:17.611929       1 schedule_one.go:67] === MON SCHEDULER MODIFIÉ EST EN TRAIN DE TOURNER ===
I0702 10:30:17.619033       1 schedule_one.go:166] "scheduling algorithm completed" duration ="7.731082ms" pod="default/resnet-00001-deployment-5687dd4f7c-dwgs6"
I0702 10:30:17.645429       1 schedule_one.go:67] === MON SCHEDULER MODIFIÉ EST EN TRAIN DE TOURNER ===
I0702 10:30:17.667339       1 schedule_one.go:166] "scheduling algorithm completed" duration ="22.473338ms" pod="default/resnet-00001-deployment-5687dd4f7c-mpdmc"
I0702 10:30:19.617652       1 schedule_one.go:67] === MON SCHEDULER MODIFIÉ EST EN TRAIN DE TOURNER ===
I0702 10:30:19.629470       1 schedule_one.go:67] === MON SCHEDULER MODIFIÉ EST EN TRAIN DE TOURNER ===
I0702 10:30:19.636060       1 schedule_one.go:166] "scheduling algorithm completed" duration ="19.141983ms" pod="default/resnet-00001-deployment-5687dd4f7c-g4nd4"
I0702 10:30:19.651953       1 schedule_one.go:166] "scheduling algorithm completed" duration ="23.250061ms" pod="default/resnet-00001-deployment-5687dd4f7c-w92sr"
I0702 10:30:21.626377       1 schedule_one.go:67] === MON SCHEDULER MODIFIÉ EST EN TRAIN DE TOURNER ===
I0702 10:30:21.634034       1 schedule_one.go:166] "scheduling algorithm completed" duration ="8.366176ms" pod="default/resnet-00001-deployment-5687dd4f7c-tqt9r"
I0702 10:31:23.707639       1 schedule_one.go:67] === MON SCHEDULER MODIFIÉ EST EN TRAIN DE TOURNER ===
I0702 10:31:23.712176       1 schedule_one.go:166] "scheduling algorithm completed" duration ="5.701913ms" pod="default/resnet-00001-deployment-5687dd4f7c-lt79d"
I0702 10:31:25.605987       1 schedule_one.go:67] === MON SCHEDULER MODIFIÉ EST EN TRAIN DE TOURNER ===
I0702 10:31:25.612226       1 schedule_one.go:166] "scheduling algorithm completed" duration ="6.794211ms" pod="default/resnet-00001-deployment-5687dd4f7c-xksr6"
I0702 10:31:27.603267       1 schedule_one.go:67] === MON SCHEDULER MODIFIÉ EST EN TRAIN DE TOURNER ===
I0702 10:31:27.609810       1 schedule_one.go:166] "scheduling algorithm completed" duration ="7.059304ms" pod="default/resnet-00001-deployment-5687dd4f7c-cvrnb"
I0702 10:31:29.611104       1 schedule_one.go:67] === MON SCHEDULER MODIFIÉ EST EN TRAIN DE TOURNER ===
I0702 10:31:29.618078       1 schedule_one.go:166] "scheduling algorithm completed" duration ="7.654674ms" pod="default/resnet-00001-deployment-5687dd4f7c-jwjnk"
I0702 10:32:33.663594       1 schedule_one.go:67] === MON SCHEDULER MODIFIÉ EST EN TRAIN DE TOURNER ===
I0702 10:32:33.667313       1 schedule_one.go:166] "scheduling algorithm completed" duration ="4.351838ms" pod="default/resnet-00001-deployment-5687dd4f7c-hdbl2"
I0702 10:32:35.619896       1 schedule_one.go:67] === MON SCHEDULER MODIFIÉ EST EN TRAIN DE TOURNER ===
I0702 10:32:35.625374       1 schedule_one.go:166] "scheduling algorithm completed" duration ="6.176932ms" pod="default/resnet-00001-deployment-5687dd4f7c-x8lpm"
I0702 10:32:37.604116       1 schedule_one.go:67] === MON SCHEDULER MODIFIÉ EST EN TRAIN DE TOURNER ===
I0702 10:32:37.614276       1 schedule_one.go:166] "scheduling algorithm completed" duration ="10.8229ms" pod="default/resnet-00001-deployment-5687dd4f7c-wcpjp"
I0702 10:41:13.421239       1 schedule_one.go:67] === MON SCHEDULER MODIFIÉ EST EN TRAIN DE TOURNER ===
I0702 10:41:13.433012       1 schedule_one.go:166] "scheduling algorithm completed" duration ="12.784471ms" pod="default/mobilenet-00001-deployment-855b8bc6bc-nnl98"
I0702 10:41:13.477339       1 schedule_one.go:67] === MON SCHEDULER MODIFIÉ EST EN TRAIN DE TOURNER ===
I0702 10:41:13.492665       1 schedule_one.go:166] "scheduling algorithm completed" duration ="16.1167ms" pod="default/resnet-00001-deployment-5687dd4f7c-hv4km"
I0702 10:41:15.608833       1 schedule_one.go:67] === MON SCHEDULER MODIFIÉ EST EN TRAIN DE TOURNER ===
I0702 10:41:15.615514       1 schedule_one.go:166] "scheduling algorithm completed" duration ="7.278566ms" pod="default/mobilenet-00001-deployment-855b8bc6bc-qszbq"
I0702 10:41:15.623252       1 schedule_one.go:67] === MON SCHEDULER MODIFIÉ EST EN TRAIN DE TOURNER ===
I0702 10:41:15.639239       1 schedule_one.go:166] "scheduling algorithm completed" duration ="16.588216ms" pod="default/resnet-00001-deployment-5687dd4f7c-xb5rk"
I0702 10:41:17.604221       1 schedule_one.go:67] === MON SCHEDULER MODIFIÉ EST EN TRAIN DE TOURNER ===
I0702 10:41:17.608712       1 schedule_one.go:166] "scheduling algorithm completed" duration ="5.065852ms" pod="default/resnet-00001-deployment-5687dd4f7c-2mnc2"
I0702 10:41:19.623701       1 schedule_one.go:67] === MON SCHEDULER MODIFIÉ EST EN TRAIN DE TOURNER ===
I0702 10:41:19.628854       1 schedule_one.go:166] "scheduling algorithm completed" duration ="5.748497ms" pod="default/resnet-00001-deployment-5687dd4f7c-6h992"
I0702 10:41:21.637470       1 schedule_one.go:67] === MON SCHEDULER MODIFIÉ EST EN TRAIN DE TOURNER ===
I0702 10:41:21.648871       1 schedule_one.go:166] "scheduling algorithm completed" duration ="11.9444ms" pod="default/resnet-00001-deployment-5687dd4f7c-z6gdj"
I0702 10:42:27.894195       1 schedule_one.go:67] === MON SCHEDULER MODIFIÉ EST EN TRAIN DE TOURNER ===
I0702 10:42:27.907236       1 schedule_one.go:166] "scheduling algorithm completed" duration ="13.885362ms" pod="default/resnet-00001-deployment-5687dd4f7c-rr5cf"
I0702 10:42:29.599683       1 schedule_one.go:67] === MON SCHEDULER MODIFIÉ EST EN TRAIN DE TOURNER ===
I0702 10:42:29.609668       1 schedule_one.go:166] "scheduling algorithm completed" duration ="10.583613ms" pod="default/resnet-00001-deployment-5687dd4f7c-qbjgq"
I0702 10:42:31.607912       1 schedule_one.go:67] === MON SCHEDULER MODIFIÉ EST EN TRAIN DE TOURNER ===
I0702 10:42:31.618877       1 schedule_one.go:166] "scheduling algorithm completed" duration ="11.659425ms" pod="default/resnet-00001-deployment-5687dd4f7c-bww9c"
I0702 10:43:37.915302       1 schedule_one.go:67] === MON SCHEDULER MODIFIÉ EST EN TRAIN DE TOURNER ===
I0702 10:43:37.919770       1 schedule_one.go:166] "scheduling algorithm completed" duration ="5.19104ms" pod="default/resnet-00001-deployment-5687dd4f7c-9wrls"
I0702 10:43:41.598347       1 schedule_one.go:67] === MON SCHEDULER MODIFIÉ EST EN TRAIN DE TOURNER ===
I0702 10:43:41.607374       1 schedule_one.go:166] "scheduling algorithm completed" duration ="9.625935ms" pod="default/resnet-00001-deployment-5687dd4f7c-mgq67"
I0702 10:43:43.612944       1 schedule_one.go:67] === MON SCHEDULER MODIFIÉ EST EN TRAIN DE TOURNER ===
I0702 10:43:43.620717       1 schedule_one.go:166] "scheduling algorithm completed" duration ="8.521865ms" pod="default/resnet-00001-deployment-5687dd4f7c-m56nk"
I0702 10:51:12.176987       1 schedule_one.go:67] === MON SCHEDULER MODIFIÉ EST EN TRAIN DE TOURNER ===
I0702 10:51:12.192838       1 schedule_one.go:166] "scheduling algorithm completed" duration ="18.04216ms" pod="default/mobilenet-00001-deployment-855b8bc6bc-klgz9"
I0702 10:51:12.200023       1 schedule_one.go:67] === MON SCHEDULER MODIFIÉ EST EN TRAIN DE TOURNER ===
I0702 10:51:12.220470       1 schedule_one.go:166] "scheduling algorithm completed" duration ="20.9661ms" pod="default/resnet-00001-deployment-5687dd4f7c-pnlqg"
I0702 10:51:13.598583       1 schedule_one.go:67] === MON SCHEDULER MODIFIÉ EST EN TRAIN DE TOURNER ===
I0702 10:51:13.606350       1 schedule_one.go:166] "scheduling algorithm completed" duration ="8.543506ms" pod="default/mobilenet-00001-deployment-855b8bc6bc-sp56d"
I0702 10:51:15.672603       1 schedule_one.go:67] === MON SCHEDULER MODIFIÉ EST EN TRAIN DE TOURNER ===
I0702 10:51:15.684970       1 schedule_one.go:166] "scheduling algorithm completed" duration ="13.272462ms" pod="default/resnet-00001-deployment-5687dd4f7c-kmqrq"
I0702 10:51:17.598573       1 schedule_one.go:67] === MON SCHEDULER MODIFIÉ EST EN TRAIN DE TOURNER ===
I0702 10:51:17.603869       1 schedule_one.go:166] "scheduling algorithm completed" duration ="5.894899ms" pod="default/resnet-00001-deployment-5687dd4f7c-bznm8"
I0702 10:51:19.808532       1 schedule_one.go:67] === MON SCHEDULER MODIFIÉ EST EN TRAIN DE TOURNER ===
I0702 10:51:19.819398       1 schedule_one.go:67] === MON SCHEDULER MODIFIÉ EST EN TRAIN DE TOURNER ===
I0702 10:51:19.824065       1 schedule_one.go:166] "scheduling algorithm completed" duration ="16.12183ms" pod="default/resnet-00001-deployment-5687dd4f7c-pbqhw"
I0702 10:51:19.832469       1 schedule_one.go:166] "scheduling algorithm completed" duration ="13.655277ms" pod="default/resnet-00001-deployment-5687dd4f7c-c24nn"
I0702 10:51:21.604316       1 schedule_one.go:67] === MON SCHEDULER MODIFIÉ EST EN TRAIN DE TOURNER ===
I0702 10:51:21.609678       1 schedule_one.go:166] "scheduling algorithm completed" duration ="5.923584ms" pod="default/resnet-00001-deployment-5687dd4f7c-bzrkv"
I0702 10:52:23.635581       1 schedule_one.go:67] === MON SCHEDULER MODIFIÉ EST EN TRAIN DE TOURNER ===
I0702 10:52:23.650249       1 schedule_one.go:166] "scheduling algorithm completed" duration ="15.364073ms" pod="default/resnet-00001-deployment-5687dd4f7c-v54w9"
I0702 10:52:25.600282       1 schedule_one.go:67] === MON SCHEDULER MODIFIÉ EST EN TRAIN DE TOURNER ===
I0702 10:52:25.608013       1 schedule_one.go:166] "scheduling algorithm completed" duration ="8.292286ms" pod="default/resnet-00001-deployment-5687dd4f7c-gfpnj"
I0702 10:52:27.598619       1 schedule_one.go:67] === MON SCHEDULER MODIFIÉ EST EN TRAIN DE TOURNER ===
I0702 10:52:27.604842       1 schedule_one.go:166] "scheduling algorithm completed" duration ="7.386158ms" pod="default/resnet-00001-deployment-5687dd4f7c-thcm7"
I0702 10:52:29.610998       1 schedule_one.go:67] === MON SCHEDULER MODIFIÉ EST EN TRAIN DE TOURNER ===
I0702 10:52:29.617752       1 schedule_one.go:166] "scheduling algorithm completed" duration ="11.605782ms" pod="default/resnet-00001-deployment-5687dd4f7c-r6hn6"
I0702 10:53:30.097929       1 schedule_one.go:67] === MON SCHEDULER MODIFIÉ EST EN TRAIN DE TOURNER ===
I0702 10:53:30.102841       1 schedule_one.go:166] "scheduling algorithm completed" duration ="5.567624ms" pod="default/resnet-00001-deployment-5687dd4f7c-t9727"
I0702 10:53:31.597765       1 schedule_one.go:67] === MON SCHEDULER MODIFIÉ EST EN TRAIN DE TOURNER ===
I0702 10:53:31.614285       1 schedule_one.go:166] "scheduling algorithm completed" duration ="17.03024ms" pod="default/resnet-00001-deployment-5687dd4f7c-6r79c"
I0702 10:53:31.619669       1 schedule_one.go:67] === MON SCHEDULER MODIFIÉ EST EN TRAIN DE TOURNER ===
I0702 10:53:31.646385       1 schedule_one.go:166] "scheduling algorithm completed" duration ="27.271209ms" pod="default/resnet-00001-deployment-5687dd4f7c-fscw7"
I0702 10:53:33.611949       1 schedule_one.go:67] === MON SCHEDULER MODIFIÉ EST EN TRAIN DE TOURNER ===
I0702 10:53:33.622127       1 schedule_one.go:166] "scheduling algorithm completed" duration ="10.714988ms" pod="default/resnet-00001-deployment-5687dd4f7c-n8r7d"
I0702 11:00:28.396375       1 schedule_one.go:67] === MON SCHEDULER MODIFIÉ EST EN TRAIN DE TOURNER ===
I0702 11:00:28.404647       1 schedule_one.go:166] "scheduling algorithm completed" duration ="8.538012ms" pod="default/mobilenet-00001-deployment-855b8bc6bc-rjmd2"
I0702 11:00:28.457759       1 schedule_one.go:67] === MON SCHEDULER MODIFIÉ EST EN TRAIN DE TOURNER ===
I0702 11:00:28.492077       1 schedule_one.go:166] "scheduling algorithm completed" duration ="34.856086ms" pod="default/resnet-00001-deployment-5687dd4f7c-jl7w2"
I0702 11:00:31.611112       1 schedule_one.go:67] === MON SCHEDULER MODIFIÉ EST EN TRAIN DE TOURNER ===
I0702 11:00:31.613820       1 schedule_one.go:67] === MON SCHEDULER MODIFIÉ EST EN TRAIN DE TOURNER ===
I0702 11:00:31.621560       1 schedule_one.go:166] "scheduling algorithm completed" duration ="11.020473ms" pod="default/resnet-00001-deployment-5687dd4f7c-7fxkz"
I0702 11:00:31.625189       1 schedule_one.go:166] "scheduling algorithm completed" duration ="12.727694ms" pod="default/mobilenet-00001-deployment-855b8bc6bc-6tsk6"
I0702 11:00:33.605908       1 schedule_one.go:67] === MON SCHEDULER MODIFIÉ EST EN TRAIN DE TOURNER ===
I0702 11:00:33.613208       1 schedule_one.go:166] "scheduling algorithm completed" duration ="7.917328ms" pod="default/resnet-00001-deployment-5687dd4f7c-ztzsc"
I0702 11:00:35.697698       1 schedule_one.go:67] === MON SCHEDULER MODIFIÉ EST EN TRAIN DE TOURNER ===
I0702 11:00:35.705437       1 schedule_one.go:67] === MON SCHEDULER MODIFIÉ EST EN TRAIN DE TOURNER ===
I0702 11:00:35.709121       1 schedule_one.go:166] "scheduling algorithm completed" duration ="12.163288ms" pod="default/resnet-00001-deployment-5687dd4f7c-fk9cw"
I0702 11:00:35.715596       1 schedule_one.go:166] "scheduling algorithm completed" duration ="10.856751ms" pod="default/resnet-00001-deployment-5687dd4f7c-dmx69"
I0702 11:01:37.689031       1 schedule_one.go:67] === MON SCHEDULER MODIFIÉ EST EN TRAIN DE TOURNER ===
I0702 11:01:37.692485       1 schedule_one.go:166] "scheduling algorithm completed" duration ="4.183275ms" pod="default/resnet-00001-deployment-5687dd4f7c-wqhmd"
I0702 11:01:40.735108       1 schedule_one.go:67] === MON SCHEDULER MODIFIÉ EST EN TRAIN DE TOURNER ===
I0702 11:01:40.739979       1 schedule_one.go:166] "scheduling algorithm completed" duration ="5.507329ms" pod="default/resnet-00001-deployment-5687dd4f7c-v6r24"
I0702 11:01:41.607801       1 schedule_one.go:67] === MON SCHEDULER MODIFIÉ EST EN TRAIN DE TOURNER ===
I0702 11:01:41.622863       1 schedule_one.go:67] === MON SCHEDULER MODIFIÉ EST EN TRAIN DE TOURNER ===
I0702 11:01:41.638412       1 schedule_one.go:166] "scheduling algorithm completed" duration ="31.466238ms" pod="default/resnet-00001-deployment-5687dd4f7c-vf599"
I0702 11:01:41.644014       1 schedule_one.go:166] "scheduling algorithm completed" duration ="21.865003ms" pod="default/resnet-00001-deployment-5687dd4f7c-vm9f6"
I0702 11:02:47.706936       1 schedule_one.go:67] === MON SCHEDULER MODIFIÉ EST EN TRAIN DE TOURNER ===
I0702 11:02:47.711989       1 schedule_one.go:166] "scheduling algorithm completed" duration ="5.62633ms" pod="default/resnet-00001-deployment-5687dd4f7c-jn5ps"
I0702 11:02:51.605753       1 schedule_one.go:67] === MON SCHEDULER MODIFIÉ EST EN TRAIN DE TOURNER ===
I0702 11:02:51.611536       1 schedule_one.go:166] "scheduling algorithm completed" duration ="6.904977ms" pod="default/resnet-00001-deployment-5687dd4f7c-2fg76"
I0702 11:02:53.616864       1 schedule_one.go:67] === MON SCHEDULER MODIFIÉ EST EN TRAIN DE TOURNER ===
I0702 11:02:53.621087       1 schedule_one.go:166] "scheduling algorithm completed" duration ="4.857089ms" pod="default/resnet-00001-deployment-5687dd4f7c-nw4n6"
I0702 11:10:07.208672       1 schedule_one.go:67] === MON SCHEDULER MODIFIÉ EST EN TRAIN DE TOURNER ===
I0702 11:10:07.217100       1 schedule_one.go:166] "scheduling algorithm completed" duration ="8.991507ms" pod="default/mobilenet-00001-deployment-855b8bc6bc-6b7cz"
I0702 11:10:07.235651       1 schedule_one.go:67] === MON SCHEDULER MODIFIÉ EST EN TRAIN DE TOURNER ===
I0702 11:10:07.254364       1 schedule_one.go:166] "scheduling algorithm completed" duration ="19.276832ms" pod="default/resnet-00001-deployment-5687dd4f7c-298js"
I0702 11:10:09.604674       1 schedule_one.go:67] === MON SCHEDULER MODIFIÉ EST EN TRAIN DE TOURNER ===
I0702 11:10:09.613913       1 schedule_one.go:166] "scheduling algorithm completed" duration ="9.776046ms" pod="default/mobilenet-00001-deployment-855b8bc6bc-z26mn"
I0702 11:10:09.619110       1 schedule_one.go:67] === MON SCHEDULER MODIFIÉ EST EN TRAIN DE TOURNER ===
I0702 11:10:09.627738       1 schedule_one.go:166] "scheduling algorithm completed" duration ="9.175063ms" pod="default/resnet-00001-deployment-5687dd4f7c-b8zgh"
I0702 11:10:11.603121       1 schedule_one.go:67] === MON SCHEDULER MODIFIÉ EST EN TRAIN DE TOURNER ===
I0702 11:10:11.610114       1 schedule_one.go:166] "scheduling algorithm completed" duration ="7.713391ms" pod="default/resnet-00001-deployment-5687dd4f7c-7bfpf"
I0702 11:10:13.599153       1 schedule_one.go:67] === MON SCHEDULER MODIFIÉ EST EN TRAIN DE TOURNER ===
I0702 11:10:13.604897       1 schedule_one.go:166] "scheduling algorithm completed" duration ="6.39548ms" pod="default/resnet-00001-deployment-5687dd4f7c-dv7zk"
I0702 11:10:15.600831       1 schedule_one.go:67] === MON SCHEDULER MODIFIÉ EST EN TRAIN DE TOURNER ===
I0702 11:10:15.607203       1 schedule_one.go:166] "scheduling algorithm completed" duration ="7.467058ms" pod="default/resnet-00001-deployment-5687dd4f7c-mfldx"
I0702 11:11:19.635820       1 schedule_one.go:67] === MON SCHEDULER MODIFIÉ EST EN TRAIN DE TOURNER ===
I0702 11:11:19.642958       1 schedule_one.go:166] "scheduling algorithm completed" duration ="7.712075ms" pod="default/resnet-00001-deployment-5687dd4f7c-2sm46"
I0702 11:11:21.601868       1 schedule_one.go:67] === MON SCHEDULER MODIFIÉ EST EN TRAIN DE TOURNER ===
I0702 11:11:21.606960       1 schedule_one.go:166] "scheduling algorithm completed" duration ="5.788514ms" pod="default/resnet-00001-deployment-5687dd4f7c-8xncg"
I0702 11:11:23.603181       1 schedule_one.go:67] === MON SCHEDULER MODIFIÉ EST EN TRAIN DE TOURNER ===
I0702 11:11:23.608054       1 schedule_one.go:166] "scheduling algorithm completed" duration ="5.447087ms" pod="default/resnet-00001-deployment-5687dd4f7c-qsjhd"
I0702 11:11:25.601172       1 schedule_one.go:67] === MON SCHEDULER MODIFIÉ EST EN TRAIN DE TOURNER ===
I0702 11:11:25.666728       1 schedule_one.go:166] "scheduling algorithm completed" duration ="66.139385ms" pod="default/resnet-00001-deployment-5687dd4f7c-jpc4q"
I0702 11:12:26.092809       1 schedule_one.go:67] === MON SCHEDULER MODIFIÉ EST EN TRAIN DE TOURNER ===
I0702 11:12:26.096693       1 schedule_one.go:166] "scheduling algorithm completed" duration ="4.9454ms" pod="default/resnet-00001-deployment-5687dd4f7c-bh69p"
I0702 11:12:27.599316       1 schedule_one.go:67] === MON SCHEDULER MODIFIÉ EST EN TRAIN DE TOURNER ===
I0702 11:12:27.606073       1 schedule_one.go:166] "scheduling algorithm completed" duration ="7.364591ms" pod="default/resnet-00001-deployment-5687dd4f7c-tfkc4"
I0702 11:12:27.611161       1 schedule_one.go:67] === MON SCHEDULER MODIFIÉ EST EN TRAIN DE TOURNER ===
I0702 11:12:27.621784       1 schedule_one.go:166] "scheduling algorithm completed" duration ="12.08186ms" pod="default/resnet-00001-deployment-5687dd4f7c-ffhcj"
I0702 11:12:29.603907       1 schedule_one.go:67] === MON SCHEDULER MODIFIÉ EST EN TRAIN DE TOURNER ===
I0702 11:12:29.609281       1 schedule_one.go:166] "scheduling algorithm completed" duration ="6.029902ms" pod="default/resnet-00001-deployment-5687dd4f7c-n89qd"
I0702 11:12:29.616137       1 schedule_one.go:67] === MON SCHEDULER MODIFIÉ EST EN TRAIN DE TOURNER ===
I0702 11:12:29.622538       1 schedule_one.go:166] "scheduling algorithm completed" duration ="7.698646ms" pod="default/resnet-00001-deployment-5687dd4f7c-dg829"
I0702 11:23:08.873142       1 schedule_one.go:67] === MON SCHEDULER MODIFIÉ EST EN TRAIN DE TOURNER ===
I0702 11:23:08.884484       1 schedule_one.go:166] "scheduling algorithm completed" duration ="11.876029ms" pod="default/mobilenet-00001-deployment-855b8bc6bc-2trvj"
I0702 11:23:08.902758       1 schedule_one.go:67] === MON SCHEDULER MODIFIÉ EST EN TRAIN DE TOURNER ===
I0702 11:23:08.911222       1 schedule_one.go:166] "scheduling algorithm completed" duration ="8.983859ms" pod="default/resnet-00001-deployment-5687dd4f7c-cvwqf"
I0702 11:23:11.625284       1 schedule_one.go:67] === MON SCHEDULER MODIFIÉ EST EN TRAIN DE TOURNER ===
I0702 11:23:11.636406       1 schedule_one.go:166] "scheduling algorithm completed" duration ="12.080973ms" pod="default/resnet-00001-deployment-5687dd4f7c-5rkbb"
I0702 11:23:11.648929       1 schedule_one.go:67] === MON SCHEDULER MODIFIÉ EST EN TRAIN DE TOURNER ===
I0702 11:23:11.676120       1 schedule_one.go:166] "scheduling algorithm completed" duration ="27.72295ms" pod="default/mobilenet-00001-deployment-855b8bc6bc-wkczz"
I0702 11:23:13.598963       1 schedule_one.go:67] === MON SCHEDULER MODIFIÉ EST EN TRAIN DE TOURNER ===
I0702 11:23:13.604195       1 schedule_one.go:166] "scheduling algorithm completed" duration ="5.923301ms" pod="default/resnet-00001-deployment-5687dd4f7c-sdmjn"
I0702 11:23:15.600551       1 schedule_one.go:67] === MON SCHEDULER MODIFIÉ EST EN TRAIN DE TOURNER ===
I0702 11:23:15.606287       1 schedule_one.go:166] "scheduling algorithm completed" duration ="6.33632ms" pod="default/resnet-00001-deployment-5687dd4f7c-pf4xn"
I0702 11:23:17.603268       1 schedule_one.go:67] === MON SCHEDULER MODIFIÉ EST EN TRAIN DE TOURNER ===
I0702 11:23:17.607647       1 schedule_one.go:166] "scheduling algorithm completed" duration ="4.998523ms" pod="default/resnet-00001-deployment-5687dd4f7c-bxgkb"
I0702 11:24:23.857359       1 schedule_one.go:67] === MON SCHEDULER MODIFIÉ EST EN TRAIN DE TOURNER ===
I0702 11:24:23.861880       1 schedule_one.go:166] "scheduling algorithm completed" duration ="5.118393ms" pod="default/resnet-00001-deployment-5687dd4f7c-j9tpz"
I0702 11:24:25.610814       1 schedule_one.go:67] === MON SCHEDULER MODIFIÉ EST EN TRAIN DE TOURNER ===
I0702 11:24:25.617725       1 schedule_one.go:166] "scheduling algorithm completed" duration ="7.523043ms" pod="default/resnet-00001-deployment-5687dd4f7c-glntt"
I0702 11:24:27.599155       1 schedule_one.go:67] === MON SCHEDULER MODIFIÉ EST EN TRAIN DE TOURNER ===
I0702 11:24:27.625055       1 schedule_one.go:166] "scheduling algorithm completed" duration ="26.755558ms" pod="default/resnet-00001-deployment-5687dd4f7c-h926w"
I0702 11:25:31.822434       1 schedule_one.go:67] === MON SCHEDULER MODIFIÉ EST EN TRAIN DE TOURNER ===
I0702 11:25:31.826744       1 schedule_one.go:166] "scheduling algorithm completed" duration ="4.952652ms" pod="default/resnet-00001-deployment-5687dd4f7c-6lbgr"
I0702 11:25:33.621492       1 schedule_one.go:67] === MON SCHEDULER MODIFIÉ EST EN TRAIN DE TOURNER ===
I0702 11:25:33.625281       1 schedule_one.go:166] "scheduling algorithm completed" duration ="4.426781ms" pod="default/resnet-00001-deployment-5687dd4f7c-nkqzf"
I0702 11:25:35.599013       1 schedule_one.go:67] === MON SCHEDULER MODIFIÉ EST EN TRAIN DE TOURNER ===
I0702 11:25:35.606494       1 schedule_one.go:166] "scheduling algorithm completed" duration ="8.065339ms" pod="default/resnet-00001-deployment-5687dd4f7c-bzcht"
I0702 11:30:04.732570       1 schedule_one.go:67] === MON SCHEDULER MODIFIÉ EST EN TRAIN DE TOURNER ===
I0702 11:30:04.734009       1 schedule_one.go:67] === MON SCHEDULER MODIFIÉ EST EN TRAIN DE TOURNER ===
I0702 11:30:04.743404       1 schedule_one.go:166] "scheduling algorithm completed" duration ="10.402821ms" pod="default/mobilenet-00001-deployment-855b8bc6bc-rznb2"
I0702 11:30:04.743893       1 schedule_one.go:166] "scheduling algorithm completed" duration ="12.119414ms" pod="default/resnet-00001-deployment-5687dd4f7c-pbc9p"
I0702 11:30:07.632098       1 schedule_one.go:67] === MON SCHEDULER MODIFIÉ EST EN TRAIN DE TOURNER ===
I0702 11:30:07.642423       1 schedule_one.go:67] === MON SCHEDULER MODIFIÉ EST EN TRAIN DE TOURNER ===
I0702 11:30:07.658125       1 schedule_one.go:166] "scheduling algorithm completed" duration ="26.618255ms" pod="default/resnet-00001-deployment-5687dd4f7c-j2d2n"
I0702 11:30:07.669660       1 schedule_one.go:166] "scheduling algorithm completed" duration ="27.9252ms" pod="default/mobilenet-00001-deployment-855b8bc6bc-kn7l8"
I0702 11:30:09.604507       1 schedule_one.go:67] === MON SCHEDULER MODIFIÉ EST EN TRAIN DE TOURNER ===
I0702 11:30:09.610501       1 schedule_one.go:166] "scheduling algorithm completed" duration ="7.544597ms" pod="default/resnet-00001-deployment-5687dd4f7c-kppsv"
I0702 11:30:11.650281       1 schedule_one.go:67] === MON SCHEDULER MODIFIÉ EST EN TRAIN DE TOURNER ===
I0702 11:30:11.659678       1 schedule_one.go:166] "scheduling algorithm completed" duration ="10.228024ms" pod="default/resnet-00001-deployment-5687dd4f7c-brggh"
I0702 11:30:13.601963       1 schedule_one.go:67] === MON SCHEDULER MODIFIÉ EST EN TRAIN DE TOURNER ===
I0702 11:30:13.607386       1 schedule_one.go:166] "scheduling algorithm completed" duration ="6.053744ms" pod="default/resnet-00001-deployment-5687dd4f7c-vq6dr"
I0702 11:31:23.658468       1 schedule_one.go:67] === MON SCHEDULER MODIFIÉ EST EN TRAIN DE TOURNER ===
I0702 11:31:23.664111       1 schedule_one.go:166] "scheduling algorithm completed" duration ="6.264003ms" pod="default/resnet-00001-deployment-5687dd4f7c-fh558"
I0702 11:32:39.716912       1 schedule_one.go:67] === MON SCHEDULER MODIFIÉ EST EN TRAIN DE TOURNER ===
I0702 11:32:39.721397       1 schedule_one.go:166] "scheduling algorithm completed" duration ="5.114391ms" pod="default/resnet-00001-deployment-5687dd4f7c-gs4jx"
I0702 11:42:45.548103       1 schedule_one.go:67] === MON SCHEDULER MODIFIÉ EST EN TRAIN DE TOURNER ===
I0702 11:42:45.565268       1 schedule_one.go:67] === MON SCHEDULER MODIFIÉ EST EN TRAIN DE TOURNER ===
I0702 11:42:45.575196       1 schedule_one.go:166] "scheduling algorithm completed" duration ="27.680518ms" pod="default/mobilenet-00001-deployment-855b8bc6bc-785z5"
I0702 11:42:45.584819       1 schedule_one.go:166] "scheduling algorithm completed" duration ="20.179081ms" pod="default/resnet-00001-deployment-5687dd4f7c-pvk9c"
I0702 11:42:47.599121       1 schedule_one.go:67] === MON SCHEDULER MODIFIÉ EST EN TRAIN DE TOURNER ===
I0702 11:42:47.604287       1 schedule_one.go:166] "scheduling algorithm completed" duration ="5.815226ms" pod="default/mobilenet-00001-deployment-855b8bc6bc-tzzt6"
I0702 11:42:49.604440       1 schedule_one.go:67] === MON SCHEDULER MODIFIÉ EST EN TRAIN DE TOURNER ===
I0702 11:42:49.609861       1 schedule_one.go:166] "scheduling algorithm completed" duration ="6.045747ms" pod="default/resnet-00001-deployment-5687dd4f7c-kt65q"
I0702 11:42:51.600731       1 schedule_one.go:67] === MON SCHEDULER MODIFIÉ EST EN TRAIN DE TOURNER ===
I0702 11:42:51.610753       1 schedule_one.go:166] "scheduling algorithm completed" duration ="10.640746ms" pod="default/resnet-00001-deployment-5687dd4f7c-gwbbr"
I0702 11:42:51.614616       1 schedule_one.go:67] === MON SCHEDULER MODIFIÉ EST EN TRAIN DE TOURNER ===
I0702 11:42:51.633823       1 schedule_one.go:166] "scheduling algorithm completed" duration ="20.218617ms" pod="default/resnet-00001-deployment-5687dd4f7c-gcfzt"
I0702 11:42:53.602004       1 schedule_one.go:67] === MON SCHEDULER MODIFIÉ EST EN TRAIN DE TOURNER ===
I0702 11:42:53.607004       1 schedule_one.go:166] "scheduling algorithm completed" duration ="5.633263ms" pod="default/resnet-00001-deployment-5687dd4f7c-8krd4"
I0702 11:43:57.974638       1 schedule_one.go:67] === MON SCHEDULER MODIFIÉ EST EN TRAIN DE TOURNER ===
I0702 11:43:57.980327       1 schedule_one.go:166] "scheduling algorithm completed" duration ="6.527931ms" pod="default/resnet-00001-deployment-5687dd4f7c-64p5c"
I0702 11:43:59.602662       1 schedule_one.go:67] === MON SCHEDULER MODIFIÉ EST EN TRAIN DE TOURNER ===
I0702 11:43:59.621119       1 schedule_one.go:166] "scheduling algorithm completed" duration ="19.001697ms" pod="default/resnet-00001-deployment-5687dd4f7c-5nvr4"
I0702 11:44:01.663259       1 schedule_one.go:67] === MON SCHEDULER MODIFIÉ EST EN TRAIN DE TOURNER ===
I0702 11:44:01.690436       1 schedule_one.go:166] "scheduling algorithm completed" duration ="28.289693ms" pod="default/resnet-00001-deployment-5687dd4f7c-jg887"
I0702 11:44:03.612278       1 schedule_one.go:67] === MON SCHEDULER MODIFIÉ EST EN TRAIN DE TOURNER ===
I0702 11:44:03.620835       1 schedule_one.go:166] "scheduling algorithm completed" duration ="9.168884ms" pod="default/resnet-00001-deployment-5687dd4f7c-hghcl"
I0702 11:45:14.022443       1 schedule_one.go:67] === MON SCHEDULER MODIFIÉ EST EN TRAIN DE TOURNER ===
I0702 11:45:14.029651       1 schedule_one.go:166] "scheduling algorithm completed" duration ="7.874896ms" pod="default/resnet-00001-deployment-5687dd4f7c-ks6s5"
I0702 11:45:15.628694       1 schedule_one.go:67] === MON SCHEDULER MODIFIÉ EST EN TRAIN DE TOURNER ===
I0702 11:45:15.643567       1 schedule_one.go:67] === MON SCHEDULER MODIFIÉ EST EN TRAIN DE TOURNER ===
I0702 11:45:15.644569       1 schedule_one.go:166] "scheduling algorithm completed" duration ="16.575108ms" pod="default/resnet-00001-deployment-5687dd4f7c-7sc54"
I0702 11:45:15.658300       1 schedule_one.go:166] "scheduling algorithm completed" duration ="15.547364ms" pod="default/resnet-00001-deployment-5687dd4f7c-tnp9l"
I0702 11:45:17.613261       1 schedule_one.go:67] === MON SCHEDULER MODIFIÉ EST EN TRAIN DE TOURNER ===
I0702 11:45:17.619383       1 schedule_one.go:166] "scheduling algorithm completed" duration ="6.727558ms" pod="default/resnet-00001-deployment-5687dd4f7c-c6pst"
I0702 11:45:19.609331       1 schedule_one.go:67] === MON SCHEDULER MODIFIÉ EST EN TRAIN DE TOURNER ===
I0702 11:45:19.614580       1 schedule_one.go:166] "scheduling algorithm completed" duration ="5.798333ms" pod="default/resnet-00001-deployment-5687dd4f7c-fh6ts"
