I0420 07:46:34.138778       1 serving.go:386] Generated self-signed cert in-memory
W0420 07:46:34.139477       1 client_config.go:683] Neither --kubeconfig nor --master was specified.  Using the inClusterConfig.  This might not work.
I0420 07:46:34.162324       1 scheduler.go:283] ===  SCHEDULer New  ===
I0420 07:46:34.164727       1 scheduler.go:457] "fonction New() construit le scheduler, mais ne commence pas à scheduler les pods, c'est la fonction Run() qui commence le scheduling des pods." duration ="2.358722ms"
I0420 07:46:34.167383       1 server.go:175] "Starting Kubernetes Scheduler" version="v0.0.0-master+$Format:%H$"
I0420 07:46:34.167406       1 server.go:177] "Golang settings" GOGC="" GOMAXPROCS="" GOTRACEBACK=""
I0420 07:46:34.173338       1 secure_serving.go:211] Serving securely on [::]:10259
I0420 07:46:34.173419       1 requestheader_controller.go:180] Starting RequestHeaderAuthRequestController
I0420 07:46:34.173429       1 shared_informer.go:375] "Waiting for caches to sync"
I0420 07:46:34.173550       1 configmap_cafile_content.go:205] "Starting controller" name="client-ca::kube-system::extension-apiserver-authentication::requestheader-client-ca-file"
I0420 07:46:34.173565       1 shared_informer.go:375] "Waiting for caches to sync"
I0420 07:46:34.173671       1 tlsconfig.go:243] "Starting DynamicServingCertificateController"
I0420 07:46:34.173882       1 configmap_cafile_content.go:205] "Starting controller" name="client-ca::kube-system::extension-apiserver-authentication::client-ca-file"
I0420 07:46:34.173892       1 shared_informer.go:375] "Waiting for caches to sync"
I0420 07:46:34.273912       1 shared_informer.go:382] "Caches are synced"
I0420 07:46:34.273926       1 shared_informer.go:382] "Caches are synced"
I0420 07:46:34.274079       1 shared_informer.go:382] "Caches are synced"
I0420 07:46:34.374065       1 scheduler.go:542] ===  SCHEDULing RUN ===
I0420 07:46:34.374117       1 schedule_one.go:67] === MON SCHEDULER MODIFIÉ EST EN TRAIN DE TOURNER ===
I0420 07:51:25.490631       1 schedule_one.go:67] === MON SCHEDULER MODIFIÉ EST EN TRAIN DE TOURNER ===
I0420 07:51:25.493401       1 schedule_one.go:67] === MON SCHEDULER MODIFIÉ EST EN TRAIN DE TOURNER ===
I0420 07:51:25.512984       1 schedule_one.go:166] "scheduling algorithm completed" duration ="24.850174ms" pod="default/grayscale-00001-deployment-5875667469-m6jck"
I0420 07:51:25.528353       1 schedule_one.go:166] "scheduling algorithm completed" duration ="35.855584ms" pod="default/fetchdata-00001-deployment-95bdf5d98-7ttsx"
I0420 07:51:25.552896       1 schedule_one.go:67] === MON SCHEDULER MODIFIÉ EST EN TRAIN DE TOURNER ===
I0420 07:51:25.602660       1 schedule_one.go:166] "scheduling algorithm completed" duration ="50.465163ms" pod="default/grayscale-00001-deployment-5875667469-rkv4t"
I0420 07:51:25.665305       1 schedule_one.go:67] === MON SCHEDULER MODIFIÉ EST EN TRAIN DE TOURNER ===
I0420 07:51:25.700935       1 schedule_one.go:166] "scheduling algorithm completed" duration ="36.352177ms" pod="default/pagerank-00001-deployment-669c956d7d-66q9j"
I0420 07:51:25.764980       1 schedule_one.go:67] === MON SCHEDULER MODIFIÉ EST EN TRAIN DE TOURNER ===
I0420 07:51:25.766872       1 schedule_one.go:67] === MON SCHEDULER MODIFIÉ EST EN TRAIN DE TOURNER ===
I0420 07:51:25.795475       1 schedule_one.go:67] === MON SCHEDULER MODIFIÉ EST EN TRAIN DE TOURNER ===
I0420 07:51:25.839001       1 schedule_one.go:166] "scheduling algorithm completed" duration ="74.845207ms" pod="default/mobilenet-00001-deployment-69d9c64d47-wrdt6"
I0420 07:51:25.839303       1 schedule_one.go:166] "scheduling algorithm completed" duration ="73.350281ms" pod="default/pagerank-00001-deployment-669c956d7d-7rzkh"
I0420 07:51:25.878977       1 schedule_one.go:166] "scheduling algorithm completed" duration ="84.601932ms" pod="default/genmatrix-00001-deployment-57fdd67855-hr59m"
I0420 07:51:25.883752       1 schedule_one.go:67] === MON SCHEDULER MODIFIÉ EST EN TRAIN DE TOURNER ===
I0420 07:51:25.917721       1 schedule_one.go:166] "scheduling algorithm completed" duration ="34.590269ms" pod="default/matrixmul-00001-deployment-5975545bc-lxg52"
I0420 07:51:25.919413       1 schedule_one.go:67] === MON SCHEDULER MODIFIÉ EST EN TRAIN DE TOURNER ===
I0420 07:51:26.010481       1 schedule_one.go:166] "scheduling algorithm completed" duration ="91.649027ms" pod="default/genmatrix-00001-deployment-57fdd67855-mqv6k"
I0420 07:51:26.036039       1 schedule_one.go:67] === MON SCHEDULER MODIFIÉ EST EN TRAIN DE TOURNER ===
I0420 07:51:26.037002       1 schedule_one.go:67] === MON SCHEDULER MODIFIÉ EST EN TRAIN DE TOURNER ===
I0420 07:51:26.090001       1 schedule_one.go:166] "scheduling algorithm completed" duration ="54.538349ms" pod="default/graphgen-00001-deployment-f5bfdc858-nm6cj"
I0420 07:51:26.115055       1 schedule_one.go:67] === MON SCHEDULER MODIFIÉ EST EN TRAIN DE TOURNER ===
I0420 07:51:26.118174       1 schedule_one.go:67] === MON SCHEDULER MODIFIÉ EST EN TRAIN DE TOURNER ===
I0420 07:51:26.153332       1 schedule_one.go:166] "scheduling algorithm completed" duration ="39.015882ms" pod="default/resnet-00001-deployment-5ccbb786c-grw6m"
I0420 07:51:26.200700       1 schedule_one.go:166] "scheduling algorithm completed" duration ="83.12208ms" pod="default/linpack-00001-deployment-59cb5bb6f4-8whb5"
I0420 07:51:26.219368       1 schedule_one.go:67] === MON SCHEDULER MODIFIÉ EST EN TRAIN DE TOURNER ===
I0420 07:51:26.255561       1 schedule_one.go:67] === MON SCHEDULER MODIFIÉ EST EN TRAIN DE TOURNER ===
I0420 07:51:26.257494       1 schedule_one.go:67] === MON SCHEDULER MODIFIÉ EST EN TRAIN DE TOURNER ===
I0420 07:51:26.283774       1 schedule_one.go:166] "scheduling algorithm completed" duration ="26.983527ms" pod="default/fastfouriertransform-00001-deployment-7f6c4dd4f-wkkcq"
I0420 07:51:26.284705       1 schedule_one.go:166] "scheduling algorithm completed" duration ="30.369732ms" pod="default/resnet-00001-deployment-5ccbb786c-kbfrc"
I0420 07:51:26.292080       1 schedule_one.go:166] "scheduling algorithm completed" duration ="73.641355ms" pod="default/graphgen-00001-deployment-f5bfdc858-qflth"
I0420 07:51:26.328335       1 schedule_one.go:67] === MON SCHEDULER MODIFIÉ EST EN TRAIN DE TOURNER ===
I0420 07:51:26.345729       1 schedule_one.go:166] "scheduling algorithm completed" duration ="18.244653ms" pod="default/fastfouriertransform-00001-deployment-7f6c4dd4f-czrcf"
I0420 07:51:26.383349       1 schedule_one.go:67] === MON SCHEDULER MODIFIÉ EST EN TRAIN DE TOURNER ===
I0420 07:51:26.395039       1 schedule_one.go:166] "scheduling algorithm completed" duration ="12.418281ms" pod="default/fastfouriertransform-00001-deployment-7f6c4dd4f-8fvth"
I0420 07:51:26.507401       1 schedule_one.go:166] "scheduling algorithm completed" duration ="471.32149ms" pod="default/linpack-00001-deployment-59cb5bb6f4-5b7vm"
I0420 07:51:27.271809       1 schedule_one.go:67] === MON SCHEDULER MODIFIÉ EST EN TRAIN DE TOURNER ===
I0420 07:51:27.282457       1 schedule_one.go:166] "scheduling algorithm completed" duration ="11.408448ms" pod="default/fetchdata-00001-deployment-95bdf5d98-6j4v8"
I0420 07:51:27.376214       1 schedule_one.go:67] === MON SCHEDULER MODIFIÉ EST EN TRAIN DE TOURNER ===
I0420 07:51:27.396505       1 schedule_one.go:166] "scheduling algorithm completed" duration ="21.958044ms" pod="default/mobilenet-00001-deployment-69d9c64d47-bd6lm"
I0420 07:51:27.569895       1 schedule_one.go:67] === MON SCHEDULER MODIFIÉ EST EN TRAIN DE TOURNER ===
I0420 07:51:27.584737       1 schedule_one.go:166] "scheduling algorithm completed" duration ="15.594097ms" pod="default/pagerank-00001-deployment-669c956d7d-jmhqq"
I0420 07:51:27.971127       1 schedule_one.go:67] === MON SCHEDULER MODIFIÉ EST EN TRAIN DE TOURNER ===
I0420 07:51:28.065007       1 schedule_one.go:166] "scheduling algorithm completed" duration ="95.132491ms" pod="default/linpack-00001-deployment-59cb5bb6f4-zq4hr"
I0420 07:51:28.137287       1 schedule_one.go:67] === MON SCHEDULER MODIFIÉ EST EN TRAIN DE TOURNER ===
I0420 07:51:28.216801       1 schedule_one.go:166] "scheduling algorithm completed" duration ="80.383043ms" pod="default/genmatrix-00001-deployment-57fdd67855-r4hlg"
I0420 07:51:28.226592       1 schedule_one.go:67] === MON SCHEDULER MODIFIÉ EST EN TRAIN DE TOURNER ===
I0420 07:51:28.315212       1 schedule_one.go:166] "scheduling algorithm completed" duration ="89.781804ms" pod="default/matrixmul-00001-deployment-5975545bc-zcr96"
I0420 07:51:28.318380       1 schedule_one.go:67] === MON SCHEDULER MODIFIÉ EST EN TRAIN DE TOURNER ===
I0420 07:51:28.383782       1 schedule_one.go:166] "scheduling algorithm completed" duration ="66.460797ms" pod="default/grayscale-00001-deployment-5875667469-9jxgs"
I0420 07:51:28.499667       1 schedule_one.go:67] === MON SCHEDULER MODIFIÉ EST EN TRAIN DE TOURNER ===
I0420 07:51:28.620748       1 schedule_one.go:166] "scheduling algorithm completed" duration ="121.698721ms" pod="default/fastfouriertransform-00001-deployment-7f6c4dd4f-j4j58"
I0420 07:51:29.540278       1 schedule_one.go:67] === MON SCHEDULER MODIFIÉ EST EN TRAIN DE TOURNER ===
I0420 07:51:29.583780       1 schedule_one.go:67] === MON SCHEDULER MODIFIÉ EST EN TRAIN DE TOURNER ===
I0420 07:51:29.587231       1 schedule_one.go:166] "scheduling algorithm completed" duration ="47.975181ms" pod="default/genmatrix-00001-deployment-57fdd67855-jf9fx"
I0420 07:51:29.600909       1 schedule_one.go:166] "scheduling algorithm completed" duration ="17.814969ms" pod="default/grayscale-00001-deployment-5875667469-vhlwg"
I0420 07:51:29.784495       1 schedule_one.go:67] === MON SCHEDULER MODIFIÉ EST EN TRAIN DE TOURNER ===
I0420 07:51:29.812042       1 schedule_one.go:166] "scheduling algorithm completed" duration ="28.201175ms" pod="default/mobilenet-00001-deployment-69d9c64d47-wxlc9"
I0420 07:51:29.967824       1 schedule_one.go:67] === MON SCHEDULER MODIFIÉ EST EN TRAIN DE TOURNER ===
I0420 07:51:30.287186       1 schedule_one.go:67] === MON SCHEDULER MODIFIÉ EST EN TRAIN DE TOURNER ===
I0420 07:51:30.295064       1 schedule_one.go:166] "scheduling algorithm completed" duration ="8.868225ms" pod="default/graphgen-00001-deployment-f5bfdc858-2k46n"
I0420 07:51:30.424798       1 schedule_one.go:67] === MON SCHEDULER MODIFIÉ EST EN TRAIN DE TOURNER ===
I0420 07:51:30.445962       1 schedule_one.go:166] "scheduling algorithm completed" duration ="22.502858ms" pod="default/resnet-00001-deployment-5ccbb786c-xx2ns"
I0420 07:51:30.496647       1 schedule_one.go:166] "scheduling algorithm completed" duration ="529.534603ms" pod="default/fetchdata-00001-deployment-95bdf5d98-kd2xj"
I0420 07:51:30.979198       1 schedule_one.go:67] === MON SCHEDULER MODIFIÉ EST EN TRAIN DE TOURNER ===
I0420 07:51:30.983372       1 schedule_one.go:67] === MON SCHEDULER MODIFIÉ EST EN TRAIN DE TOURNER ===
I0420 07:51:31.034782       1 schedule_one.go:166] "scheduling algorithm completed" duration ="56.27661ms" pod="default/fastfouriertransform-00001-deployment-7f6c4dd4f-7s7zs"
I0420 07:51:31.049368       1 schedule_one.go:166] "scheduling algorithm completed" duration ="66.699409ms" pod="default/pagerank-00001-deployment-669c956d7d-mvwbc"
I0420 07:51:31.369110       1 schedule_one.go:67] === MON SCHEDULER MODIFIÉ EST EN TRAIN DE TOURNER ===
I0420 07:51:31.374129       1 schedule_one.go:166] "scheduling algorithm completed" duration ="5.688483ms" pod="default/linpack-00001-deployment-59cb5bb6f4-5pw56"
I0420 07:51:31.900365       1 schedule_one.go:67] === MON SCHEDULER MODIFIÉ EST EN TRAIN DE TOURNER ===
I0420 07:51:31.908821       1 schedule_one.go:166] "scheduling algorithm completed" duration ="9.435002ms" pod="default/matrixmul-00001-deployment-5975545bc-phnnj"
I0420 07:51:33.250754       1 schedule_one.go:67] === MON SCHEDULER MODIFIÉ EST EN TRAIN DE TOURNER ===
I0420 07:51:33.251722       1 schedule_one.go:67] === MON SCHEDULER MODIFIÉ EST EN TRAIN DE TOURNER ===
I0420 07:51:33.284722       1 schedule_one.go:166] "scheduling algorithm completed" duration ="34.949658ms" pod="default/grayscale-00001-deployment-5875667469-md4dz"
I0420 07:51:33.329106       1 schedule_one.go:166] "scheduling algorithm completed" duration ="78.322172ms" pod="default/linpack-00001-deployment-59cb5bb6f4-94wlp"
I0420 07:51:33.678492       1 schedule_one.go:67] === MON SCHEDULER MODIFIÉ EST EN TRAIN DE TOURNER ===
I0420 07:51:33.722473       1 schedule_one.go:166] "scheduling algorithm completed" duration ="44.794662ms" pod="default/fetchdata-00001-deployment-95bdf5d98-9bnjg"
I0420 07:51:33.732775       1 schedule_one.go:67] === MON SCHEDULER MODIFIÉ EST EN TRAIN DE TOURNER ===
I0420 07:51:33.740489       1 schedule_one.go:166] "scheduling algorithm completed" duration ="8.321595ms" pod="default/resnet-00001-deployment-5ccbb786c-znsd5"
I0420 07:51:38.937831       1 schedule_one.go:67] === MON SCHEDULER MODIFIÉ EST EN TRAIN DE TOURNER ===
I0420 07:51:38.941246       1 schedule_one.go:67] === MON SCHEDULER MODIFIÉ EST EN TRAIN DE TOURNER ===
I0420 07:51:39.001310       1 schedule_one.go:166] "scheduling algorithm completed" duration ="60.665741ms" pod="default/fetchdata-00001-deployment-95bdf5d98-525k6"
I0420 07:51:39.018745       1 schedule_one.go:166] "scheduling algorithm completed" duration ="81.863359ms" pod="default/fetchdata-00001-deployment-95bdf5d98-djs9b"
I0420 07:51:39.076597       1 schedule_one.go:67] === MON SCHEDULER MODIFIÉ EST EN TRAIN DE TOURNER ===
I0420 07:51:39.264457       1 schedule_one.go:166] "scheduling algorithm completed" duration ="188.455577ms" pod="default/grayscale-00001-deployment-5875667469-c8qbt"
I0420 07:51:39.554462       1 schedule_one.go:67] === MON SCHEDULER MODIFIÉ EST EN TRAIN DE TOURNER ===
I0420 07:51:39.624388       1 schedule_one.go:67] === MON SCHEDULER MODIFIÉ EST EN TRAIN DE TOURNER ===
I0420 07:51:39.628812       1 schedule_one.go:67] === MON SCHEDULER MODIFIÉ EST EN TRAIN DE TOURNER ===
I0420 07:51:39.732605       1 schedule_one.go:166] "scheduling algorithm completed" duration ="178.986334ms" pod="default/grayscale-00001-deployment-5875667469-vv56n"
I0420 07:51:39.870877       1 schedule_one.go:166] "scheduling algorithm completed" duration ="247.184633ms" pod="default/grayscale-00001-deployment-5875667469-wb9x8"
I0420 07:51:39.933854       1 schedule_one.go:166] "scheduling algorithm completed" duration ="305.739817ms" pod="default/matrixmul-00001-deployment-5975545bc-jwm52"
I0420 07:51:40.024634       1 schedule_one.go:67] === MON SCHEDULER MODIFIÉ EST EN TRAIN DE TOURNER ===
I0420 07:51:40.066704       1 schedule_one.go:166] "scheduling algorithm completed" duration ="43.267087ms" pod="default/resnet-00001-deployment-5ccbb786c-qsfrm"
I0420 07:51:40.107338       1 schedule_one.go:67] === MON SCHEDULER MODIFIÉ EST EN TRAIN DE TOURNER ===
I0420 07:51:40.108609       1 schedule_one.go:67] === MON SCHEDULER MODIFIÉ EST EN TRAIN DE TOURNER ===
I0420 07:51:40.257938       1 schedule_one.go:166] "scheduling algorithm completed" duration ="150.557862ms" pod="default/grayscale-00001-deployment-5875667469-xpzgn"
I0420 07:51:40.258309       1 schedule_one.go:166] "scheduling algorithm completed" duration ="151.951066ms" pod="default/resnet-00001-deployment-5ccbb786c-p4pbp"
I0420 07:51:40.260375       1 schedule_one.go:67] === MON SCHEDULER MODIFIÉ EST EN TRAIN DE TOURNER ===
I0420 07:51:40.369809       1 schedule_one.go:166] "scheduling algorithm completed" duration ="111.079127ms" pod="default/grayscale-00001-deployment-5875667469-pdv7z"
I0420 07:51:40.405375       1 schedule_one.go:67] === MON SCHEDULER MODIFIÉ EST EN TRAIN DE TOURNER ===
I0420 07:51:40.497268       1 schedule_one.go:166] "scheduling algorithm completed" duration ="92.574529ms" pod="default/fetchdata-00001-deployment-95bdf5d98-sn627"
I0420 07:51:40.628146       1 schedule_one.go:67] === MON SCHEDULER MODIFIÉ EST EN TRAIN DE TOURNER ===
I0420 07:51:40.698794       1 schedule_one.go:166] "scheduling algorithm completed" duration ="71.153671ms" pod="default/grayscale-00001-deployment-5875667469-rdtdr"
I0420 07:51:40.768763       1 schedule_one.go:67] === MON SCHEDULER MODIFIÉ EST EN TRAIN DE TOURNER ===
I0420 07:51:40.951777       1 schedule_one.go:166] "scheduling algorithm completed" duration ="184.076187ms" pod="default/grayscale-00001-deployment-5875667469-lrqj4"
I0420 07:51:41.721565       1 schedule_one.go:67] === MON SCHEDULER MODIFIÉ EST EN TRAIN DE TOURNER ===
I0420 07:51:41.784565       1 schedule_one.go:166] "scheduling algorithm completed" duration ="64.129575ms" pod="default/grayscale-00001-deployment-5875667469-g86xb"
I0420 07:51:41.815854       1 schedule_one.go:67] === MON SCHEDULER MODIFIÉ EST EN TRAIN DE TOURNER ===
I0420 07:51:41.845840       1 schedule_one.go:166] "scheduling algorithm completed" duration ="30.739788ms" pod="default/grayscale-00001-deployment-5875667469-fd8p7"
I0420 07:51:44.090367       1 schedule_one.go:67] === MON SCHEDULER MODIFIÉ EST EN TRAIN DE TOURNER ===
I0420 07:51:44.098971       1 schedule_one.go:166] "scheduling algorithm completed" duration ="9.294003ms" pod="default/grayscale-00001-deployment-5875667469-5mkx9"
I0420 07:51:47.256850       1 schedule_one.go:67] === MON SCHEDULER MODIFIÉ EST EN TRAIN DE TOURNER ===
I0420 07:51:47.330756       1 schedule_one.go:166] "scheduling algorithm completed" duration ="74.555802ms" pod="default/grayscale-00001-deployment-5875667469-rl5bv"
