I0420 07:46:34.138778       1 serving.go:386] Generated self-signed cert in-memory
W0420 07:46:34.139477       1 client_config.go:683] Neither --kubeconfig nor --master was specified.  Using the inClusterConfig.  This might not work.
I0420 07:46:34.162324       1 scheduler.go:283] ===  SCHEDULer New  ===
I0420 07:46:34.164727       1 scheduler.go:457] "fonction New() construit le scheduler, mais ne commence pas à scheduler les pods, c'est la fonction Run() qui commence le scheduling des pods." duration ="2.358722ms"
I0420 07:46:34.167383       1 server.go:175] "Starting Kubernetes Scheduler" version="v0.0.0-master+$Format:%H$"
I0420 07:46:34.167406       1 server.go:177] "Golang settings" GOGC="" GOMAXPROCS="" GOTRACEBACK=""
I0420 07:46:34.173338       1 secure_serving.go:211] Serving securely on [::]:10259
I0420 07:46:34.173419       1 requestheader_controller.go:180] Starting RequestHeaderAuthRequestController
I0420 07:46:34.173429       1 shared_informer.go:375] "Waiting for caches to sync"
I0420 07:46:34.173550       1 configmap_cafile_content.go:205] "Starting controller" name="client-ca::kube-system::extension-apiserver-authentication::requestheader-client-ca-file"
I0420 07:46:34.173565       1 shared_informer.go:375] "Waiting for caches to sync"
I0420 07:46:34.173671       1 tlsconfig.go:243] "Starting DynamicServingCertificateController"
I0420 07:46:34.173882       1 configmap_cafile_content.go:205] "Starting controller" name="client-ca::kube-system::extension-apiserver-authentication::client-ca-file"
I0420 07:46:34.173892       1 shared_informer.go:375] "Waiting for caches to sync"
I0420 07:46:34.273912       1 shared_informer.go:382] "Caches are synced"
I0420 07:46:34.273926       1 shared_informer.go:382] "Caches are synced"
I0420 07:46:34.274079       1 shared_informer.go:382] "Caches are synced"
I0420 07:46:34.374065       1 scheduler.go:542] ===  SCHEDULing RUN ===
I0420 07:46:34.374117       1 schedule_one.go:67] === MON SCHEDULER MODIFIÉ EST EN TRAIN DE TOURNER ===
I0420 07:51:25.490631       1 schedule_one.go:67] === MON SCHEDULER MODIFIÉ EST EN TRAIN DE TOURNER ===
I0420 07:51:25.493401       1 schedule_one.go:67] === MON SCHEDULER MODIFIÉ EST EN TRAIN DE TOURNER ===
I0420 07:51:25.512984       1 schedule_one.go:166] "scheduling algorithm completed" duration ="24.850174ms" pod="default/grayscale-00001-deployment-5875667469-m6jck"
I0420 07:51:25.528353       1 schedule_one.go:166] "scheduling algorithm completed" duration ="35.855584ms" pod="default/fetchdata-00001-deployment-95bdf5d98-7ttsx"
I0420 07:51:25.552896       1 schedule_one.go:67] === MON SCHEDULER MODIFIÉ EST EN TRAIN DE TOURNER ===
I0420 07:51:25.602660       1 schedule_one.go:166] "scheduling algorithm completed" duration ="50.465163ms" pod="default/grayscale-00001-deployment-5875667469-rkv4t"
I0420 07:51:25.665305       1 schedule_one.go:67] === MON SCHEDULER MODIFIÉ EST EN TRAIN DE TOURNER ===
I0420 07:51:25.700935       1 schedule_one.go:166] "scheduling algorithm completed" duration ="36.352177ms" pod="default/pagerank-00001-deployment-669c956d7d-66q9j"
I0420 07:51:25.764980       1 schedule_one.go:67] === MON SCHEDULER MODIFIÉ EST EN TRAIN DE TOURNER ===
I0420 07:51:25.766872       1 schedule_one.go:67] === MON SCHEDULER MODIFIÉ EST EN TRAIN DE TOURNER ===
I0420 07:51:25.795475       1 schedule_one.go:67] === MON SCHEDULER MODIFIÉ EST EN TRAIN DE TOURNER ===
I0420 07:51:25.839001       1 schedule_one.go:166] "scheduling algorithm completed" duration ="74.845207ms" pod="default/mobilenet-00001-deployment-69d9c64d47-wrdt6"
I0420 07:51:25.839303       1 schedule_one.go:166] "scheduling algorithm completed" duration ="73.350281ms" pod="default/pagerank-00001-deployment-669c956d7d-7rzkh"
I0420 07:51:25.878977       1 schedule_one.go:166] "scheduling algorithm completed" duration ="84.601932ms" pod="default/genmatrix-00001-deployment-57fdd67855-hr59m"
I0420 07:51:25.883752       1 schedule_one.go:67] === MON SCHEDULER MODIFIÉ EST EN TRAIN DE TOURNER ===
I0420 07:51:25.917721       1 schedule_one.go:166] "scheduling algorithm completed" duration ="34.590269ms" pod="default/matrixmul-00001-deployment-5975545bc-lxg52"
I0420 07:51:25.919413       1 schedule_one.go:67] === MON SCHEDULER MODIFIÉ EST EN TRAIN DE TOURNER ===
I0420 07:51:26.010481       1 schedule_one.go:166] "scheduling algorithm completed" duration ="91.649027ms" pod="default/genmatrix-00001-deployment-57fdd67855-mqv6k"
I0420 07:51:26.036039       1 schedule_one.go:67] === MON SCHEDULER MODIFIÉ EST EN TRAIN DE TOURNER ===
I0420 07:51:26.037002       1 schedule_one.go:67] === MON SCHEDULER MODIFIÉ EST EN TRAIN DE TOURNER ===
I0420 07:51:26.090001       1 schedule_one.go:166] "scheduling algorithm completed" duration ="54.538349ms" pod="default/graphgen-00001-deployment-f5bfdc858-nm6cj"
I0420 07:51:26.115055       1 schedule_one.go:67] === MON SCHEDULER MODIFIÉ EST EN TRAIN DE TOURNER ===
I0420 07:51:26.118174       1 schedule_one.go:67] === MON SCHEDULER MODIFIÉ EST EN TRAIN DE TOURNER ===
I0420 07:51:26.153332       1 schedule_one.go:166] "scheduling algorithm completed" duration ="39.015882ms" pod="default/resnet-00001-deployment-5ccbb786c-grw6m"
I0420 07:51:26.200700       1 schedule_one.go:166] "scheduling algorithm completed" duration ="83.12208ms" pod="default/linpack-00001-deployment-59cb5bb6f4-8whb5"
I0420 07:51:26.219368       1 schedule_one.go:67] === MON SCHEDULER MODIFIÉ EST EN TRAIN DE TOURNER ===
I0420 07:51:26.255561       1 schedule_one.go:67] === MON SCHEDULER MODIFIÉ EST EN TRAIN DE TOURNER ===
I0420 07:51:26.257494       1 schedule_one.go:67] === MON SCHEDULER MODIFIÉ EST EN TRAIN DE TOURNER ===
I0420 07:51:26.283774       1 schedule_one.go:166] "scheduling algorithm completed" duration ="26.983527ms" pod="default/fastfouriertransform-00001-deployment-7f6c4dd4f-wkkcq"
I0420 07:51:26.284705       1 schedule_one.go:166] "scheduling algorithm completed" duration ="30.369732ms" pod="default/resnet-00001-deployment-5ccbb786c-kbfrc"
I0420 07:51:26.292080       1 schedule_one.go:166] "scheduling algorithm completed" duration ="73.641355ms" pod="default/graphgen-00001-deployment-f5bfdc858-qflth"
I0420 07:51:26.328335       1 schedule_one.go:67] === MON SCHEDULER MODIFIÉ EST EN TRAIN DE TOURNER ===
I0420 07:51:26.345729       1 schedule_one.go:166] "scheduling algorithm completed" duration ="18.244653ms" pod="default/fastfouriertransform-00001-deployment-7f6c4dd4f-czrcf"
I0420 07:51:26.383349       1 schedule_one.go:67] === MON SCHEDULER MODIFIÉ EST EN TRAIN DE TOURNER ===
I0420 07:51:26.395039       1 schedule_one.go:166] "scheduling algorithm completed" duration ="12.418281ms" pod="default/fastfouriertransform-00001-deployment-7f6c4dd4f-8fvth"
I0420 07:51:26.507401       1 schedule_one.go:166] "scheduling algorithm completed" duration ="471.32149ms" pod="default/linpack-00001-deployment-59cb5bb6f4-5b7vm"
I0420 07:51:27.271809       1 schedule_one.go:67] === MON SCHEDULER MODIFIÉ EST EN TRAIN DE TOURNER ===
I0420 07:51:27.282457       1 schedule_one.go:166] "scheduling algorithm completed" duration ="11.408448ms" pod="default/fetchdata-00001-deployment-95bdf5d98-6j4v8"
I0420 07:51:27.376214       1 schedule_one.go:67] === MON SCHEDULER MODIFIÉ EST EN TRAIN DE TOURNER ===
I0420 07:51:27.396505       1 schedule_one.go:166] "scheduling algorithm completed" duration ="21.958044ms" pod="default/mobilenet-00001-deployment-69d9c64d47-bd6lm"
I0420 07:51:27.569895       1 schedule_one.go:67] === MON SCHEDULER MODIFIÉ EST EN TRAIN DE TOURNER ===
I0420 07:51:27.584737       1 schedule_one.go:166] "scheduling algorithm completed" duration ="15.594097ms" pod="default/pagerank-00001-deployment-669c956d7d-jmhqq"
I0420 07:51:27.971127       1 schedule_one.go:67] === MON SCHEDULER MODIFIÉ EST EN TRAIN DE TOURNER ===
I0420 07:51:28.065007       1 schedule_one.go:166] "scheduling algorithm completed" duration ="95.132491ms" pod="default/linpack-00001-deployment-59cb5bb6f4-zq4hr"
I0420 07:51:28.137287       1 schedule_one.go:67] === MON SCHEDULER MODIFIÉ EST EN TRAIN DE TOURNER ===
I0420 07:51:28.216801       1 schedule_one.go:166] "scheduling algorithm completed" duration ="80.383043ms" pod="default/genmatrix-00001-deployment-57fdd67855-r4hlg"
I0420 07:51:28.226592       1 schedule_one.go:67] === MON SCHEDULER MODIFIÉ EST EN TRAIN DE TOURNER ===
I0420 07:51:28.315212       1 schedule_one.go:166] "scheduling algorithm completed" duration ="89.781804ms" pod="default/matrixmul-00001-deployment-5975545bc-zcr96"
I0420 07:51:28.318380       1 schedule_one.go:67] === MON SCHEDULER MODIFIÉ EST EN TRAIN DE TOURNER ===
I0420 07:51:28.383782       1 schedule_one.go:166] "scheduling algorithm completed" duration ="66.460797ms" pod="default/grayscale-00001-deployment-5875667469-9jxgs"
I0420 07:51:28.499667       1 schedule_one.go:67] === MON SCHEDULER MODIFIÉ EST EN TRAIN DE TOURNER ===
I0420 07:51:28.620748       1 schedule_one.go:166] "scheduling algorithm completed" duration ="121.698721ms" pod="default/fastfouriertransform-00001-deployment-7f6c4dd4f-j4j58"
I0420 07:51:29.540278       1 schedule_one.go:67] === MON SCHEDULER MODIFIÉ EST EN TRAIN DE TOURNER ===
I0420 07:51:29.583780       1 schedule_one.go:67] === MON SCHEDULER MODIFIÉ EST EN TRAIN DE TOURNER ===
I0420 07:51:29.587231       1 schedule_one.go:166] "scheduling algorithm completed" duration ="47.975181ms" pod="default/genmatrix-00001-deployment-57fdd67855-jf9fx"
I0420 07:51:29.600909       1 schedule_one.go:166] "scheduling algorithm completed" duration ="17.814969ms" pod="default/grayscale-00001-deployment-5875667469-vhlwg"
I0420 07:51:29.784495       1 schedule_one.go:67] === MON SCHEDULER MODIFIÉ EST EN TRAIN DE TOURNER ===
I0420 07:51:29.812042       1 schedule_one.go:166] "scheduling algorithm completed" duration ="28.201175ms" pod="default/mobilenet-00001-deployment-69d9c64d47-wxlc9"
I0420 07:51:29.967824       1 schedule_one.go:67] === MON SCHEDULER MODIFIÉ EST EN TRAIN DE TOURNER ===
I0420 07:51:30.287186       1 schedule_one.go:67] === MON SCHEDULER MODIFIÉ EST EN TRAIN DE TOURNER ===
I0420 07:51:30.295064       1 schedule_one.go:166] "scheduling algorithm completed" duration ="8.868225ms" pod="default/graphgen-00001-deployment-f5bfdc858-2k46n"
I0420 07:51:30.424798       1 schedule_one.go:67] === MON SCHEDULER MODIFIÉ EST EN TRAIN DE TOURNER ===
I0420 07:51:30.445962       1 schedule_one.go:166] "scheduling algorithm completed" duration ="22.502858ms" pod="default/resnet-00001-deployment-5ccbb786c-xx2ns"
I0420 07:51:30.496647       1 schedule_one.go:166] "scheduling algorithm completed" duration ="529.534603ms" pod="default/fetchdata-00001-deployment-95bdf5d98-kd2xj"
I0420 07:51:30.979198       1 schedule_one.go:67] === MON SCHEDULER MODIFIÉ EST EN TRAIN DE TOURNER ===
I0420 07:51:30.983372       1 schedule_one.go:67] === MON SCHEDULER MODIFIÉ EST EN TRAIN DE TOURNER ===
I0420 07:51:31.034782       1 schedule_one.go:166] "scheduling algorithm completed" duration ="56.27661ms" pod="default/fastfouriertransform-00001-deployment-7f6c4dd4f-7s7zs"
I0420 07:51:31.049368       1 schedule_one.go:166] "scheduling algorithm completed" duration ="66.699409ms" pod="default/pagerank-00001-deployment-669c956d7d-mvwbc"
I0420 07:51:31.369110       1 schedule_one.go:67] === MON SCHEDULER MODIFIÉ EST EN TRAIN DE TOURNER ===
I0420 07:51:31.374129       1 schedule_one.go:166] "scheduling algorithm completed" duration ="5.688483ms" pod="default/linpack-00001-deployment-59cb5bb6f4-5pw56"
I0420 07:51:31.900365       1 schedule_one.go:67] === MON SCHEDULER MODIFIÉ EST EN TRAIN DE TOURNER ===
I0420 07:51:31.908821       1 schedule_one.go:166] "scheduling algorithm completed" duration ="9.435002ms" pod="default/matrixmul-00001-deployment-5975545bc-phnnj"
I0420 07:51:33.250754       1 schedule_one.go:67] === MON SCHEDULER MODIFIÉ EST EN TRAIN DE TOURNER ===
I0420 07:51:33.251722       1 schedule_one.go:67] === MON SCHEDULER MODIFIÉ EST EN TRAIN DE TOURNER ===
I0420 07:51:33.284722       1 schedule_one.go:166] "scheduling algorithm completed" duration ="34.949658ms" pod="default/grayscale-00001-deployment-5875667469-md4dz"
I0420 07:51:33.329106       1 schedule_one.go:166] "scheduling algorithm completed" duration ="78.322172ms" pod="default/linpack-00001-deployment-59cb5bb6f4-94wlp"
I0420 07:51:33.678492       1 schedule_one.go:67] === MON SCHEDULER MODIFIÉ EST EN TRAIN DE TOURNER ===
I0420 07:51:33.722473       1 schedule_one.go:166] "scheduling algorithm completed" duration ="44.794662ms" pod="default/fetchdata-00001-deployment-95bdf5d98-9bnjg"
I0420 07:51:33.732775       1 schedule_one.go:67] === MON SCHEDULER MODIFIÉ EST EN TRAIN DE TOURNER ===
I0420 07:51:33.740489       1 schedule_one.go:166] "scheduling algorithm completed" duration ="8.321595ms" pod="default/resnet-00001-deployment-5ccbb786c-znsd5"
I0420 07:51:38.937831       1 schedule_one.go:67] === MON SCHEDULER MODIFIÉ EST EN TRAIN DE TOURNER ===
I0420 07:51:38.941246       1 schedule_one.go:67] === MON SCHEDULER MODIFIÉ EST EN TRAIN DE TOURNER ===
I0420 07:51:39.001310       1 schedule_one.go:166] "scheduling algorithm completed" duration ="60.665741ms" pod="default/fetchdata-00001-deployment-95bdf5d98-525k6"
I0420 07:51:39.018745       1 schedule_one.go:166] "scheduling algorithm completed" duration ="81.863359ms" pod="default/fetchdata-00001-deployment-95bdf5d98-djs9b"
I0420 07:51:39.076597       1 schedule_one.go:67] === MON SCHEDULER MODIFIÉ EST EN TRAIN DE TOURNER ===
I0420 07:51:39.264457       1 schedule_one.go:166] "scheduling algorithm completed" duration ="188.455577ms" pod="default/grayscale-00001-deployment-5875667469-c8qbt"
I0420 07:51:39.554462       1 schedule_one.go:67] === MON SCHEDULER MODIFIÉ EST EN TRAIN DE TOURNER ===
I0420 07:51:39.624388       1 schedule_one.go:67] === MON SCHEDULER MODIFIÉ EST EN TRAIN DE TOURNER ===
I0420 07:51:39.628812       1 schedule_one.go:67] === MON SCHEDULER MODIFIÉ EST EN TRAIN DE TOURNER ===
I0420 07:51:39.732605       1 schedule_one.go:166] "scheduling algorithm completed" duration ="178.986334ms" pod="default/grayscale-00001-deployment-5875667469-vv56n"
I0420 07:51:39.870877       1 schedule_one.go:166] "scheduling algorithm completed" duration ="247.184633ms" pod="default/grayscale-00001-deployment-5875667469-wb9x8"
I0420 07:51:39.933854       1 schedule_one.go:166] "scheduling algorithm completed" duration ="305.739817ms" pod="default/matrixmul-00001-deployment-5975545bc-jwm52"
I0420 07:51:40.024634       1 schedule_one.go:67] === MON SCHEDULER MODIFIÉ EST EN TRAIN DE TOURNER ===
I0420 07:51:40.066704       1 schedule_one.go:166] "scheduling algorithm completed" duration ="43.267087ms" pod="default/resnet-00001-deployment-5ccbb786c-qsfrm"
I0420 07:51:40.107338       1 schedule_one.go:67] === MON SCHEDULER MODIFIÉ EST EN TRAIN DE TOURNER ===
I0420 07:51:40.108609       1 schedule_one.go:67] === MON SCHEDULER MODIFIÉ EST EN TRAIN DE TOURNER ===
I0420 07:51:40.257938       1 schedule_one.go:166] "scheduling algorithm completed" duration ="150.557862ms" pod="default/grayscale-00001-deployment-5875667469-xpzgn"
I0420 07:51:40.258309       1 schedule_one.go:166] "scheduling algorithm completed" duration ="151.951066ms" pod="default/resnet-00001-deployment-5ccbb786c-p4pbp"
I0420 07:51:40.260375       1 schedule_one.go:67] === MON SCHEDULER MODIFIÉ EST EN TRAIN DE TOURNER ===
I0420 07:51:40.369809       1 schedule_one.go:166] "scheduling algorithm completed" duration ="111.079127ms" pod="default/grayscale-00001-deployment-5875667469-pdv7z"
I0420 07:51:40.405375       1 schedule_one.go:67] === MON SCHEDULER MODIFIÉ EST EN TRAIN DE TOURNER ===
I0420 07:51:40.497268       1 schedule_one.go:166] "scheduling algorithm completed" duration ="92.574529ms" pod="default/fetchdata-00001-deployment-95bdf5d98-sn627"
I0420 07:51:40.628146       1 schedule_one.go:67] === MON SCHEDULER MODIFIÉ EST EN TRAIN DE TOURNER ===
I0420 07:51:40.698794       1 schedule_one.go:166] "scheduling algorithm completed" duration ="71.153671ms" pod="default/grayscale-00001-deployment-5875667469-rdtdr"
I0420 07:51:40.768763       1 schedule_one.go:67] === MON SCHEDULER MODIFIÉ EST EN TRAIN DE TOURNER ===
I0420 07:51:40.951777       1 schedule_one.go:166] "scheduling algorithm completed" duration ="184.076187ms" pod="default/grayscale-00001-deployment-5875667469-lrqj4"
I0420 07:51:41.721565       1 schedule_one.go:67] === MON SCHEDULER MODIFIÉ EST EN TRAIN DE TOURNER ===
I0420 07:51:41.784565       1 schedule_one.go:166] "scheduling algorithm completed" duration ="64.129575ms" pod="default/grayscale-00001-deployment-5875667469-g86xb"
I0420 07:51:41.815854       1 schedule_one.go:67] === MON SCHEDULER MODIFIÉ EST EN TRAIN DE TOURNER ===
I0420 07:51:41.845840       1 schedule_one.go:166] "scheduling algorithm completed" duration ="30.739788ms" pod="default/grayscale-00001-deployment-5875667469-fd8p7"
I0420 07:51:44.090367       1 schedule_one.go:67] === MON SCHEDULER MODIFIÉ EST EN TRAIN DE TOURNER ===
I0420 07:51:44.098971       1 schedule_one.go:166] "scheduling algorithm completed" duration ="9.294003ms" pod="default/grayscale-00001-deployment-5875667469-5mkx9"
I0420 07:51:47.256850       1 schedule_one.go:67] === MON SCHEDULER MODIFIÉ EST EN TRAIN DE TOURNER ===
I0420 07:51:47.330756       1 schedule_one.go:166] "scheduling algorithm completed" duration ="74.555802ms" pod="default/grayscale-00001-deployment-5875667469-rl5bv"
I0420 08:02:09.040106       1 schedule_one.go:67] === MON SCHEDULER MODIFIÉ EST EN TRAIN DE TOURNER ===
I0420 08:02:09.041908       1 schedule_one.go:67] === MON SCHEDULER MODIFIÉ EST EN TRAIN DE TOURNER ===
I0420 08:02:09.059813       1 schedule_one.go:166] "scheduling algorithm completed" duration ="20.457424ms" pod="default/grayscale-00001-deployment-5875667469-kff4k"
I0420 08:02:09.077133       1 schedule_one.go:166] "scheduling algorithm completed" duration ="35.801677ms" pod="default/fastfouriertransform-00001-deployment-7f6c4dd4f-whxxf"
I0420 08:02:09.157223       1 schedule_one.go:67] === MON SCHEDULER MODIFIÉ EST EN TRAIN DE TOURNER ===
I0420 08:02:09.159439       1 schedule_one.go:67] === MON SCHEDULER MODIFIÉ EST EN TRAIN DE TOURNER ===
I0420 08:02:09.191929       1 schedule_one.go:166] "scheduling algorithm completed" duration ="35.648158ms" pod="default/pagerank-00001-deployment-669c956d7d-d66hl"
I0420 08:02:09.193550       1 schedule_one.go:166] "scheduling algorithm completed" duration ="34.840805ms" pod="default/genmatrix-00001-deployment-57fdd67855-gbtn9"
I0420 08:02:09.334537       1 schedule_one.go:67] === MON SCHEDULER MODIFIÉ EST EN TRAIN DE TOURNER ===
I0420 08:02:09.362986       1 schedule_one.go:166] "scheduling algorithm completed" duration ="29.221931ms" pod="default/resnet-00001-deployment-5ccbb786c-8mcxf"
I0420 08:02:09.373025       1 schedule_one.go:67] === MON SCHEDULER MODIFIÉ EST EN TRAIN DE TOURNER ===
I0420 08:02:09.418808       1 schedule_one.go:166] "scheduling algorithm completed" duration ="46.506129ms" pod="default/graphgen-00001-deployment-f5bfdc858-8qwdf"
I0420 08:02:09.647078       1 schedule_one.go:67] === MON SCHEDULER MODIFIÉ EST EN TRAIN DE TOURNER ===
I0420 08:02:09.652448       1 schedule_one.go:67] === MON SCHEDULER MODIFIÉ EST EN TRAIN DE TOURNER ===
I0420 08:02:09.689159       1 schedule_one.go:166] "scheduling algorithm completed" duration ="42.827682ms" pod="default/linpack-00001-deployment-59cb5bb6f4-fbsbt"
I0420 08:02:09.689340       1 schedule_one.go:166] "scheduling algorithm completed" duration ="37.559196ms" pod="default/matrixmul-00001-deployment-5975545bc-lf8w7"
I0420 08:02:09.789193       1 schedule_one.go:67] === MON SCHEDULER MODIFIÉ EST EN TRAIN DE TOURNER ===
I0420 08:02:09.939909       1 schedule_one.go:166] "scheduling algorithm completed" duration ="151.396657ms" pod="default/fetchdata-00001-deployment-95bdf5d98-6gl2r"
I0420 08:02:09.942048       1 schedule_one.go:67] === MON SCHEDULER MODIFIÉ EST EN TRAIN DE TOURNER ===
I0420 08:02:09.972819       1 schedule_one.go:166] "scheduling algorithm completed" duration ="31.931044ms" pod="default/mobilenet-00001-deployment-69d9c64d47-w5vk5"
I0420 08:02:11.237356       1 schedule_one.go:67] === MON SCHEDULER MODIFIÉ EST EN TRAIN DE TOURNER ===
I0420 08:02:11.293069       1 schedule_one.go:166] "scheduling algorithm completed" duration ="56.360619ms" pod="default/fetchdata-00001-deployment-95bdf5d98-hxp9d"
I0420 08:02:11.375194       1 schedule_one.go:67] === MON SCHEDULER MODIFIÉ EST EN TRAIN DE TOURNER ===
I0420 08:02:11.421660       1 schedule_one.go:67] === MON SCHEDULER MODIFIÉ EST EN TRAIN DE TOURNER ===
I0420 08:02:11.427816       1 schedule_one.go:166] "scheduling algorithm completed" duration ="53.237986ms" pod="default/graphgen-00001-deployment-f5bfdc858-gklnf"
I0420 08:02:11.445045       1 schedule_one.go:67] === MON SCHEDULER MODIFIÉ EST EN TRAIN DE TOURNER ===
I0420 08:02:11.481161       1 schedule_one.go:166] "scheduling algorithm completed" duration ="60.055752ms" pod="default/linpack-00001-deployment-59cb5bb6f4-c6qjj"
I0420 08:02:11.509925       1 schedule_one.go:166] "scheduling algorithm completed" duration ="65.447756ms" pod="default/grayscale-00001-deployment-5875667469-2dh6z"
I0420 08:02:11.795645       1 schedule_one.go:67] === MON SCHEDULER MODIFIÉ EST EN TRAIN DE TOURNER ===
I0420 08:02:11.838648       1 schedule_one.go:166] "scheduling algorithm completed" duration ="43.978257ms" pod="default/mobilenet-00001-deployment-69d9c64d47-9vr9x"
I0420 08:02:11.993400       1 schedule_one.go:67] === MON SCHEDULER MODIFIÉ EST EN TRAIN DE TOURNER ===
I0420 08:02:12.053131       1 schedule_one.go:67] === MON SCHEDULER MODIFIÉ EST EN TRAIN DE TOURNER ===
I0420 08:02:12.083791       1 schedule_one.go:166] "scheduling algorithm completed" duration ="91.052849ms" pod="default/pagerank-00001-deployment-669c956d7d-v48ss"
I0420 08:02:12.191364       1 schedule_one.go:166] "scheduling algorithm completed" duration ="138.871351ms" pod="default/resnet-00001-deployment-5ccbb786c-4frv2"
I0420 08:02:12.297063       1 schedule_one.go:67] === MON SCHEDULER MODIFIÉ EST EN TRAIN DE TOURNER ===
I0420 08:02:12.307839       1 schedule_one.go:166] "scheduling algorithm completed" duration ="11.454732ms" pod="default/genmatrix-00001-deployment-57fdd67855-x4d57"
I0420 08:02:12.450259       1 schedule_one.go:67] === MON SCHEDULER MODIFIÉ EST EN TRAIN DE TOURNER ===
I0420 08:02:12.481881       1 schedule_one.go:166] "scheduling algorithm completed" duration ="32.177637ms" pod="default/fastfouriertransform-00001-deployment-7f6c4dd4f-j6kzr"
I0420 08:02:13.490739       1 schedule_one.go:67] === MON SCHEDULER MODIFIÉ EST EN TRAIN DE TOURNER ===
I0420 08:02:13.557123       1 schedule_one.go:166] "scheduling algorithm completed" duration ="67.105182ms" pod="default/fastfouriertransform-00001-deployment-7f6c4dd4f-s74bp"
I0420 08:02:13.563294       1 schedule_one.go:67] === MON SCHEDULER MODIFIÉ EST EN TRAIN DE TOURNER ===
I0420 08:02:13.639481       1 schedule_one.go:166] "scheduling algorithm completed" duration ="76.954153ms" pod="default/graphgen-00001-deployment-f5bfdc858-wm868"
I0420 08:02:13.731764       1 schedule_one.go:67] === MON SCHEDULER MODIFIÉ EST EN TRAIN DE TOURNER ===
I0420 08:02:13.752317       1 schedule_one.go:166] "scheduling algorithm completed" duration ="21.214388ms" pod="default/grayscale-00001-deployment-5875667469-trhpr"
I0420 08:02:14.071628       1 schedule_one.go:67] === MON SCHEDULER MODIFIÉ EST EN TRAIN DE TOURNER ===
I0420 08:02:14.151992       1 schedule_one.go:166] "scheduling algorithm completed" duration ="82.284288ms" pod="default/mobilenet-00001-deployment-69d9c64d47-2xw5d"
I0420 08:02:14.213640       1 schedule_one.go:67] === MON SCHEDULER MODIFIÉ EST EN TRAIN DE TOURNER ===
I0420 08:02:14.271947       1 schedule_one.go:166] "scheduling algorithm completed" duration ="59.023861ms" pod="default/linpack-00001-deployment-59cb5bb6f4-bvs8n"
I0420 08:02:14.418796       1 schedule_one.go:67] === MON SCHEDULER MODIFIÉ EST EN TRAIN DE TOURNER ===
I0420 08:02:14.482519       1 schedule_one.go:166] "scheduling algorithm completed" duration ="66.889479ms" pod="default/matrixmul-00001-deployment-5975545bc-vz6zl"
I0420 08:02:15.482159       1 schedule_one.go:67] === MON SCHEDULER MODIFIÉ EST EN TRAIN DE TOURNER ===
I0420 08:02:15.508657       1 schedule_one.go:67] === MON SCHEDULER MODIFIÉ EST EN TRAIN DE TOURNER ===
I0420 08:02:15.580763       1 schedule_one.go:166] "scheduling algorithm completed" duration ="99.336783ms" pod="default/fastfouriertransform-00001-deployment-7f6c4dd4f-qkdvl"
I0420 08:02:15.580906       1 schedule_one.go:166] "scheduling algorithm completed" duration ="72.888428ms" pod="default/grayscale-00001-deployment-5875667469-strdv"
I0420 08:02:15.677345       1 schedule_one.go:67] === MON SCHEDULER MODIFIÉ EST EN TRAIN DE TOURNER ===
I0420 08:02:15.895150       1 schedule_one.go:67] === MON SCHEDULER MODIFIÉ EST EN TRAIN DE TOURNER ===
I0420 08:02:15.917275       1 schedule_one.go:166] "scheduling algorithm completed" duration ="240.934673ms" pod="default/pagerank-00001-deployment-669c956d7d-9k5ct"
I0420 08:02:15.946466       1 schedule_one.go:166] "scheduling algorithm completed" duration ="53.360006ms" pod="default/linpack-00001-deployment-59cb5bb6f4-np5ds"
I0420 08:02:16.086422       1 schedule_one.go:67] === MON SCHEDULER MODIFIÉ EST EN TRAIN DE TOURNER ===
I0420 08:02:16.171222       1 schedule_one.go:67] === MON SCHEDULER MODIFIÉ EST EN TRAIN DE TOURNER ===
I0420 08:02:16.291119       1 schedule_one.go:166] "scheduling algorithm completed" duration ="205.374829ms" pod="default/linpack-00001-deployment-59cb5bb6f4-5tbmj"
I0420 08:02:16.344715       1 schedule_one.go:166] "scheduling algorithm completed" duration ="174.261453ms" pod="default/matrixmul-00001-deployment-5975545bc-cxvlf"
I0420 08:02:16.596265       1 schedule_one.go:67] === MON SCHEDULER MODIFIÉ EST EN TRAIN DE TOURNER ===
I0420 08:02:16.613179       1 schedule_one.go:166] "scheduling algorithm completed" duration ="17.620736ms" pod="default/resnet-00001-deployment-5ccbb786c-2lwn4"
I0420 08:02:16.683411       1 schedule_one.go:67] === MON SCHEDULER MODIFIÉ EST EN TRAIN DE TOURNER ===
I0420 08:02:16.704410       1 schedule_one.go:166] "scheduling algorithm completed" duration ="21.601757ms" pod="default/fetchdata-00001-deployment-95bdf5d98-wzwlv"
I0420 08:02:17.424799       1 schedule_one.go:67] === MON SCHEDULER MODIFIÉ EST EN TRAIN DE TOURNER ===
I0420 08:02:17.432008       1 schedule_one.go:166] "scheduling algorithm completed" duration ="7.910877ms" pod="default/matrixmul-00001-deployment-5975545bc-ks2kc"
I0420 08:02:17.450096       1 schedule_one.go:67] === MON SCHEDULER MODIFIÉ EST EN TRAIN DE TOURNER ===
I0420 08:02:17.463496       1 schedule_one.go:166] "scheduling algorithm completed" duration ="14.15714ms" pod="default/grayscale-00001-deployment-5875667469-wwm2h"
I0420 08:02:17.538399       1 schedule_one.go:67] === MON SCHEDULER MODIFIÉ EST EN TRAIN DE TOURNER ===
I0420 08:02:17.544807       1 schedule_one.go:166] "scheduling algorithm completed" duration ="7.12108ms" pod="default/grayscale-00001-deployment-5875667469-h2drx"
I0420 08:02:17.602132       1 schedule_one.go:67] === MON SCHEDULER MODIFIÉ EST EN TRAIN DE TOURNER ===
I0420 08:02:17.610272       1 schedule_one.go:166] "scheduling algorithm completed" duration ="8.782248ms" pod="default/grayscale-00001-deployment-5875667469-vngnp"
I0420 08:02:17.786655       1 schedule_one.go:67] === MON SCHEDULER MODIFIÉ EST EN TRAIN DE TOURNER ===
I0420 08:02:17.793351       1 schedule_one.go:166] "scheduling algorithm completed" duration ="7.393969ms" pod="default/matrixmul-00001-deployment-5975545bc-fwfpq"
I0420 08:02:19.729630       1 schedule_one.go:67] === MON SCHEDULER MODIFIÉ EST EN TRAIN DE TOURNER ===
I0420 08:02:19.756052       1 schedule_one.go:166] "scheduling algorithm completed" duration ="27.8198ms" pod="default/matrixmul-00001-deployment-5975545bc-cbqc5"
I0420 08:02:19.823699       1 schedule_one.go:67] === MON SCHEDULER MODIFIÉ EST EN TRAIN DE TOURNER ===
I0420 08:02:19.886365       1 schedule_one.go:166] "scheduling algorithm completed" duration ="63.30642ms" pod="default/grayscale-00001-deployment-5875667469-dlx8c"
I0420 08:02:19.934883       1 schedule_one.go:67] === MON SCHEDULER MODIFIÉ EST EN TRAIN DE TOURNER ===
I0420 08:02:19.939501       1 schedule_one.go:67] === MON SCHEDULER MODIFIÉ EST EN TRAIN DE TOURNER ===
I0420 08:02:19.966782       1 schedule_one.go:166] "scheduling algorithm completed" duration ="28.083097ms" pod="default/grayscale-00001-deployment-5875667469-v85ph"
I0420 08:02:19.967270       1 schedule_one.go:166] "scheduling algorithm completed" duration ="33.331711ms" pod="default/grayscale-00001-deployment-5875667469-8hp2k"
I0420 08:02:19.998970       1 schedule_one.go:67] === MON SCHEDULER MODIFIÉ EST EN TRAIN DE TOURNER ===
I0420 08:02:20.014376       1 schedule_one.go:166] "scheduling algorithm completed" duration ="16.127995ms" pod="default/grayscale-00001-deployment-5875667469-hzh5w"
I0420 08:02:21.185522       1 schedule_one.go:67] === MON SCHEDULER MODIFIÉ EST EN TRAIN DE TOURNER ===
I0420 08:02:21.200381       1 schedule_one.go:166] "scheduling algorithm completed" duration ="15.535642ms" pod="default/matrixmul-00001-deployment-5975545bc-z66lh"
I0420 08:02:23.997568       1 schedule_one.go:67] === MON SCHEDULER MODIFIÉ EST EN TRAIN DE TOURNER ===
I0420 08:02:24.009302       1 schedule_one.go:166] "scheduling algorithm completed" duration ="12.534047ms" pod="default/grayscale-00001-deployment-5875667469-n2djp"
I0420 08:02:24.052363       1 schedule_one.go:67] === MON SCHEDULER MODIFIÉ EST EN TRAIN DE TOURNER ===
I0420 08:02:24.058512       1 schedule_one.go:67] === MON SCHEDULER MODIFIÉ EST EN TRAIN DE TOURNER ===
I0420 08:02:24.061102       1 schedule_one.go:67] === MON SCHEDULER MODIFIÉ EST EN TRAIN DE TOURNER ===
I0420 08:02:24.089421       1 schedule_one.go:166] "scheduling algorithm completed" duration ="31.703358ms" pod="default/grayscale-00001-deployment-5875667469-sljp7"
I0420 08:02:24.089551       1 schedule_one.go:166] "scheduling algorithm completed" duration ="37.885215ms" pod="default/grayscale-00001-deployment-5875667469-8rmm7"
I0420 08:02:24.089798       1 schedule_one.go:166] "scheduling algorithm completed" duration ="29.98295ms" pod="default/grayscale-00001-deployment-5875667469-v6m5f"
I0420 08:02:29.192106       1 schedule_one.go:67] === MON SCHEDULER MODIFIÉ EST EN TRAIN DE TOURNER ===
I0420 08:02:29.225942       1 schedule_one.go:166] "scheduling algorithm completed" duration ="34.567361ms" pod="default/fastfouriertransform-00001-deployment-7f6c4dd4f-kd8c8"
I0420 08:02:31.262081       1 schedule_one.go:67] === MON SCHEDULER MODIFIÉ EST EN TRAIN DE TOURNER ===
I0420 08:02:31.339527       1 schedule_one.go:166] "scheduling algorithm completed" duration ="78.247822ms" pod="default/resnet-00001-deployment-5ccbb786c-5jk6b"
I0420 08:02:31.359903       1 schedule_one.go:67] === MON SCHEDULER MODIFIÉ EST EN TRAIN DE TOURNER ===
I0420 08:02:31.443235       1 schedule_one.go:166] "scheduling algorithm completed" duration ="83.977382ms" pod="default/resnet-00001-deployment-5ccbb786c-p7z2p"
I0420 08:02:33.189900       1 schedule_one.go:67] === MON SCHEDULER MODIFIÉ EST EN TRAIN DE TOURNER ===
I0420 08:02:33.204529       1 schedule_one.go:166] "scheduling algorithm completed" duration ="15.525734ms" pod="default/resnet-00001-deployment-5ccbb786c-pqm49"
I0420 08:02:35.166540       1 schedule_one.go:67] === MON SCHEDULER MODIFIÉ EST EN TRAIN DE TOURNER ===
I0420 08:02:35.203671       1 schedule_one.go:166] "scheduling algorithm completed" duration ="37.963438ms" pod="default/resnet-00001-deployment-5ccbb786c-g5swk"
I0420 08:02:35.206213       1 schedule_one.go:67] === MON SCHEDULER MODIFIÉ EST EN TRAIN DE TOURNER ===
I0420 08:02:35.232178       1 schedule_one.go:166] "scheduling algorithm completed" duration ="27.538467ms" pod="default/resnet-00001-deployment-5ccbb786c-6ql64"
I0420 08:02:37.188197       1 schedule_one.go:67] === MON SCHEDULER MODIFIÉ EST EN TRAIN DE TOURNER ===
I0420 08:02:37.202004       1 schedule_one.go:166] "scheduling algorithm completed" duration ="14.817586ms" pod="default/resnet-00001-deployment-5ccbb786c-hjgvh"
