I0615 16:15:56.633842       1 serving.go:386] Generated self-signed cert in-memory
W0615 16:15:56.636811       1 client_config.go:683] Neither --kubeconfig nor --master was specified.  Using the inClusterConfig.  This might not work.
I0615 16:15:57.727034       1 scheduler.go:283] ===  SCHEDULer New  ===
I0615 16:15:57.738617       1 scheduler.go:457] "fonction New() construit le scheduler, mais ne commence pas à scheduler les pods, c'est la fonction Run() qui commence le scheduling des pods." duration ="11.552267ms"
I0615 16:15:57.740561       1 server.go:175] "Starting Kubernetes Scheduler" version="v0.0.0-master+$Format:%H$"
I0615 16:15:57.740576       1 server.go:177] "Golang settings" GOGC="" GOMAXPROCS="" GOTRACEBACK=""
I0615 16:15:57.751180       1 configmap_cafile_content.go:205] "Starting controller" name="client-ca::kube-system::extension-apiserver-authentication::requestheader-client-ca-file"
I0615 16:15:57.751202       1 shared_informer.go:375] "Waiting for caches to sync"
I0615 16:15:57.751180       1 configmap_cafile_content.go:205] "Starting controller" name="client-ca::kube-system::extension-apiserver-authentication::client-ca-file"
I0615 16:15:57.751236       1 shared_informer.go:375] "Waiting for caches to sync"
I0615 16:15:57.751440       1 secure_serving.go:211] Serving securely on [::]:10259
I0615 16:15:57.751680       1 tlsconfig.go:243] "Starting DynamicServingCertificateController"
I0615 16:15:57.751681       1 requestheader_controller.go:180] Starting RequestHeaderAuthRequestController
I0615 16:15:57.758436       1 shared_informer.go:375] "Waiting for caches to sync"
I0615 16:15:57.851958       1 shared_informer.go:382] "Caches are synced"
I0615 16:15:57.851958       1 shared_informer.go:382] "Caches are synced"
I0615 16:15:57.858994       1 shared_informer.go:382] "Caches are synced"
I0615 16:15:57.952189       1 scheduler.go:542] ===  SCHEDULing RUN ===
I0615 16:15:57.955696       1 schedule_one.go:67] === MON SCHEDULER MODIFIÉ EST EN TRAIN DE TOURNER ===
I0616 07:30:58.664535       1 schedule_one.go:67] === MON SCHEDULER MODIFIÉ EST EN TRAIN DE TOURNER ===
I0616 07:30:58.665094       1 schedule_one.go:67] === MON SCHEDULER MODIFIÉ EST EN TRAIN DE TOURNER ===
I0616 07:30:58.671219       1 schedule_one.go:67] === MON SCHEDULER MODIFIÉ EST EN TRAIN DE TOURNER ===
I0616 07:30:58.673940       1 schedule_one.go:67] === MON SCHEDULER MODIFIÉ EST EN TRAIN DE TOURNER ===
I0616 07:30:58.685009       1 schedule_one.go:166] "scheduling algorithm completed" duration ="20.443427ms" pod="default/linpack-00001-deployment-5fcdf8b7f7-848n9"
I0616 07:30:58.687812       1 schedule_one.go:166] "scheduling algorithm completed" duration ="25.105279ms" pod="default/fastfouriertransform-00001-deployment-5bb577bc85-w6m5f"
I0616 07:30:58.699550       1 schedule_one.go:166] "scheduling algorithm completed" duration ="28.878064ms" pod="default/fetchdata-00001-deployment-66f645596-pxnhd"
I0616 07:30:58.709346       1 schedule_one.go:166] "scheduling algorithm completed" duration ="35.920814ms" pod="default/genmatrix-00001-deployment-6774b76f77-jqsfh"
I0616 07:30:59.997184       1 schedule_one.go:67] === MON SCHEDULER MODIFIÉ EST EN TRAIN DE TOURNER ===
I0616 07:31:00.017160       1 schedule_one.go:166] "scheduling algorithm completed" duration ="20.550539ms" pod="default/fetchdata-00001-deployment-66f645596-qg44t"
I0616 07:31:00.037585       1 schedule_one.go:67] === MON SCHEDULER MODIFIÉ EST EN TRAIN DE TOURNER ===
I0616 07:31:00.061046       1 schedule_one.go:166] "scheduling algorithm completed" duration ="23.975709ms" pod="default/genmatrix-00001-deployment-6774b76f77-bj2v9"
I0616 07:31:00.124922       1 schedule_one.go:67] === MON SCHEDULER MODIFIÉ EST EN TRAIN DE TOURNER ===
I0616 07:31:00.176325       1 schedule_one.go:166] "scheduling algorithm completed" duration ="52.070301ms" pod="default/matrixmul-00001-deployment-5cb8b76cf6-7p6x7"
I0616 07:31:00.218040       1 schedule_one.go:67] === MON SCHEDULER MODIFIÉ EST EN TRAIN DE TOURNER ===
I0616 07:31:00.262138       1 schedule_one.go:166] "scheduling algorithm completed" duration ="45.083978ms" pod="default/linpack-00001-deployment-5fcdf8b7f7-2fnv4"
I0616 07:31:00.299731       1 schedule_one.go:67] === MON SCHEDULER MODIFIÉ EST EN TRAIN DE TOURNER ===
I0616 07:31:00.367219       1 schedule_one.go:166] "scheduling algorithm completed" duration ="68.49907ms" pod="default/fastfouriertransform-00001-deployment-5bb577bc85-478nf"
I0616 07:31:02.017838       1 schedule_one.go:67] === MON SCHEDULER MODIFIÉ EST EN TRAIN DE TOURNER ===
I0616 07:31:02.038385       1 schedule_one.go:166] "scheduling algorithm completed" duration ="21.426679ms" pod="default/genmatrix-00001-deployment-6774b76f77-2tcdp"
I0616 07:31:02.118291       1 schedule_one.go:67] === MON SCHEDULER MODIFIÉ EST EN TRAIN DE TOURNER ===
I0616 07:31:02.134798       1 schedule_one.go:67] === MON SCHEDULER MODIFIÉ EST EN TRAIN DE TOURNER ===
I0616 07:31:02.136934       1 schedule_one.go:166] "scheduling algorithm completed" duration ="19.306432ms" pod="default/fetchdata-00001-deployment-66f645596-crmt7"
I0616 07:31:02.143489       1 schedule_one.go:166] "scheduling algorithm completed" duration ="9.512038ms" pod="default/fastfouriertransform-00001-deployment-5bb577bc85-4vjdh"
I0616 07:31:02.185549       1 schedule_one.go:67] === MON SCHEDULER MODIFIÉ EST EN TRAIN DE TOURNER ===
I0616 07:31:02.219272       1 schedule_one.go:67] === MON SCHEDULER MODIFIÉ EST EN TRAIN DE TOURNER ===
I0616 07:31:02.231997       1 schedule_one.go:166] "scheduling algorithm completed" duration ="47.283467ms" pod="default/fastfouriertransform-00001-deployment-5bb577bc85-7szn4"
I0616 07:31:02.233609       1 schedule_one.go:67] === MON SCHEDULER MODIFIÉ EST EN TRAIN DE TOURNER ===
I0616 07:31:02.251430       1 schedule_one.go:166] "scheduling algorithm completed" duration ="18.703147ms" pod="default/matrixmul-00001-deployment-5cb8b76cf6-cqqsz"
I0616 07:31:02.266311       1 schedule_one.go:67] === MON SCHEDULER MODIFIÉ EST EN TRAIN DE TOURNER ===
I0616 07:31:02.271095       1 schedule_one.go:166] "scheduling algorithm completed" duration ="52.33823ms" pod="default/fetchdata-00001-deployment-66f645596-bhw5h"
I0616 07:31:02.311268       1 schedule_one.go:166] "scheduling algorithm completed" duration ="45.638558ms" pod="default/linpack-00001-deployment-5fcdf8b7f7-7g5cw"
I0616 07:31:02.311974       1 schedule_one.go:67] === MON SCHEDULER MODIFIÉ EST EN TRAIN DE TOURNER ===
I0616 07:31:02.312738       1 schedule_one.go:67] === MON SCHEDULER MODIFIÉ EST EN TRAIN DE TOURNER ===
I0616 07:31:02.372920       1 schedule_one.go:166] "scheduling algorithm completed" duration ="60.827923ms" pod="default/linpack-00001-deployment-5fcdf8b7f7-zppl2"
I0616 07:31:02.372975       1 schedule_one.go:166] "scheduling algorithm completed" duration ="61.69447ms" pod="default/matrixmul-00001-deployment-5cb8b76cf6-dj52t"
I0616 07:31:04.052028       1 schedule_one.go:67] === MON SCHEDULER MODIFIÉ EST EN TRAIN DE TOURNER ===
I0616 07:31:04.073182       1 schedule_one.go:67] === MON SCHEDULER MODIFIÉ EST EN TRAIN DE TOURNER ===
I0616 07:31:04.075986       1 schedule_one.go:166] "scheduling algorithm completed" duration ="25.300281ms" pod="default/fetchdata-00001-deployment-66f645596-wcchj"
I0616 07:31:04.121638       1 schedule_one.go:166] "scheduling algorithm completed" duration ="49.551753ms" pod="default/linpack-00001-deployment-5fcdf8b7f7-76tbf"
I0616 07:31:04.149920       1 schedule_one.go:67] === MON SCHEDULER MODIFIÉ EST EN TRAIN DE TOURNER ===
I0616 07:31:04.201101       1 schedule_one.go:166] "scheduling algorithm completed" duration ="51.704889ms" pod="default/linpack-00001-deployment-5fcdf8b7f7-27qxp"
I0616 07:31:04.302108       1 schedule_one.go:67] === MON SCHEDULER MODIFIÉ EST EN TRAIN DE TOURNER ===
I0616 07:31:04.305398       1 schedule_one.go:67] === MON SCHEDULER MODIFIÉ EST EN TRAIN DE TOURNER ===
I0616 07:31:04.327733       1 schedule_one.go:166] "scheduling algorithm completed" duration ="23.086921ms" pod="default/matrixmul-00001-deployment-5cb8b76cf6-fjxmg"
I0616 07:31:04.336591       1 schedule_one.go:166] "scheduling algorithm completed" duration ="35.255676ms" pod="default/fastfouriertransform-00001-deployment-5bb577bc85-jv9zs"
I0616 07:31:04.536625       1 schedule_one.go:67] === MON SCHEDULER MODIFIÉ EST EN TRAIN DE TOURNER ===
I0616 07:31:04.537418       1 schedule_one.go:67] === MON SCHEDULER MODIFIÉ EST EN TRAIN DE TOURNER ===
I0616 07:31:04.542216       1 schedule_one.go:166] "scheduling algorithm completed" duration ="6.287871ms" pod="default/matrixmul-00001-deployment-5cb8b76cf6-txdtx"
I0616 07:31:04.545067       1 schedule_one.go:166] "scheduling algorithm completed" duration ="8.414711ms" pod="default/matrixmul-00001-deployment-5cb8b76cf6-vb4jt"
I0616 07:31:06.035534       1 schedule_one.go:67] === MON SCHEDULER MODIFIÉ EST EN TRAIN DE TOURNER ===
I0616 07:31:06.058321       1 schedule_one.go:67] === MON SCHEDULER MODIFIÉ EST EN TRAIN DE TOURNER ===
I0616 07:31:06.070954       1 schedule_one.go:166] "scheduling algorithm completed" duration ="36.205707ms" pod="default/matrixmul-00001-deployment-5cb8b76cf6-k5776"
I0616 07:31:06.090811       1 schedule_one.go:166] "scheduling algorithm completed" duration ="33.117466ms" pod="default/linpack-00001-deployment-5fcdf8b7f7-j9t6z"
I0616 07:31:06.095652       1 schedule_one.go:67] === MON SCHEDULER MODIFIÉ EST EN TRAIN DE TOURNER ===
I0616 07:31:06.102782       1 schedule_one.go:67] === MON SCHEDULER MODIFIÉ EST EN TRAIN DE TOURNER ===
I0616 07:31:06.118413       1 schedule_one.go:67] === MON SCHEDULER MODIFIÉ EST EN TRAIN DE TOURNER ===
I0616 07:31:06.128852       1 schedule_one.go:67] === MON SCHEDULER MODIFIÉ EST EN TRAIN DE TOURNER ===
I0616 07:31:06.142966       1 schedule_one.go:166] "scheduling algorithm completed" duration ="40.801002ms" pod="default/matrixmul-00001-deployment-5cb8b76cf6-dnbg4"
I0616 07:31:06.163055       1 schedule_one.go:166] "scheduling algorithm completed" duration ="45.193183ms" pod="default/linpack-00001-deployment-5fcdf8b7f7-jd9ch"
I0616 07:31:06.163055       1 schedule_one.go:166] "scheduling algorithm completed" duration ="67.942748ms" pod="default/matrixmul-00001-deployment-5cb8b76cf6-vvsxl"
I0616 07:31:06.164126       1 schedule_one.go:67] === MON SCHEDULER MODIFIÉ EST EN TRAIN DE TOURNER ===
I0616 07:31:06.180767       1 schedule_one.go:166] "scheduling algorithm completed" duration ="52.518936ms" pod="default/linpack-00001-deployment-5fcdf8b7f7-s2xdm"
I0616 07:31:06.182588       1 schedule_one.go:67] === MON SCHEDULER MODIFIÉ EST EN TRAIN DE TOURNER ===
I0616 07:31:06.209840       1 schedule_one.go:166] "scheduling algorithm completed" duration ="46.693534ms" pod="default/matrixmul-00001-deployment-5cb8b76cf6-n7kkm"
I0616 07:31:06.226080       1 schedule_one.go:166] "scheduling algorithm completed" duration ="44.56662ms" pod="default/linpack-00001-deployment-5fcdf8b7f7-lh4p9"
I0616 07:31:08.058981       1 schedule_one.go:67] === MON SCHEDULER MODIFIÉ EST EN TRAIN DE TOURNER ===
I0616 07:31:08.086413       1 schedule_one.go:166] "scheduling algorithm completed" duration ="28.498245ms" pod="default/linpack-00001-deployment-5fcdf8b7f7-8zz22"
I0616 07:31:08.739627       1 schedule_one.go:67] === MON SCHEDULER MODIFIÉ EST EN TRAIN DE TOURNER ===
I0616 07:31:08.763246       1 schedule_one.go:166] "scheduling algorithm completed" duration ="24.304788ms" pod="default/matrixmul-00001-deployment-5cb8b76cf6-l25mm"
I0616 07:31:08.841210       1 schedule_one.go:67] === MON SCHEDULER MODIFIÉ EST EN TRAIN DE TOURNER ===
I0616 07:31:08.845526       1 schedule_one.go:67] === MON SCHEDULER MODIFIÉ EST EN TRAIN DE TOURNER ===
I0616 07:31:08.864210       1 schedule_one.go:166] "scheduling algorithm completed" duration ="23.930801ms" pod="default/matrixmul-00001-deployment-5cb8b76cf6-xjm8n"
I0616 07:31:08.886126       1 schedule_one.go:166] "scheduling algorithm completed" duration ="41.458231ms" pod="default/matrixmul-00001-deployment-5cb8b76cf6-96fhp"
I0616 07:31:10.046115       1 schedule_one.go:67] === MON SCHEDULER MODIFIÉ EST EN TRAIN DE TOURNER ===
I0616 07:31:10.053948       1 schedule_one.go:166] "scheduling algorithm completed" duration ="8.765974ms" pod="default/matrixmul-00001-deployment-5cb8b76cf6-x7cs8"
I0616 07:31:12.022334       1 schedule_one.go:67] === MON SCHEDULER MODIFIÉ EST EN TRAIN DE TOURNER ===
I0616 07:31:12.038885       1 schedule_one.go:166] "scheduling algorithm completed" duration ="17.118018ms" pod="default/fastfouriertransform-00001-deployment-5bb577bc85-9t8mv"
I0616 07:31:14.178679       1 schedule_one.go:67] === MON SCHEDULER MODIFIÉ EST EN TRAIN DE TOURNER ===
I0616 07:31:14.187085       1 schedule_one.go:67] === MON SCHEDULER MODIFIÉ EST EN TRAIN DE TOURNER ===
I0616 07:31:14.210910       1 schedule_one.go:67] === MON SCHEDULER MODIFIÉ EST EN TRAIN DE TOURNER ===
I0616 07:31:14.242339       1 schedule_one.go:166] "scheduling algorithm completed" duration ="64.512338ms" pod="default/fastfouriertransform-00001-deployment-5bb577bc85-4d8lg"
I0616 07:31:14.244350       1 schedule_one.go:166] "scheduling algorithm completed" duration ="63.722144ms" pod="default/fetchdata-00001-deployment-66f645596-wxm57"
I0616 07:31:14.245292       1 schedule_one.go:166] "scheduling algorithm completed" duration ="35.24051ms" pod="default/fastfouriertransform-00001-deployment-5bb577bc85-5psnr"
I0616 07:31:15.994732       1 schedule_one.go:67] === MON SCHEDULER MODIFIÉ EST EN TRAIN DE TOURNER ===
I0616 07:31:16.018842       1 schedule_one.go:166] "scheduling algorithm completed" duration ="25.620192ms" pod="default/fetchdata-00001-deployment-66f645596-gw78n"
I0616 07:31:16.042253       1 schedule_one.go:67] === MON SCHEDULER MODIFIÉ EST EN TRAIN DE TOURNER ===
I0616 07:31:16.071033       1 schedule_one.go:166] "scheduling algorithm completed" duration ="30.027225ms" pod="default/fastfouriertransform-00001-deployment-5bb577bc85-p994k"
I0616 07:31:16.088722       1 schedule_one.go:67] === MON SCHEDULER MODIFIÉ EST EN TRAIN DE TOURNER ===
I0616 07:31:16.092778       1 schedule_one.go:67] === MON SCHEDULER MODIFIÉ EST EN TRAIN DE TOURNER ===
I0616 07:31:16.109096       1 schedule_one.go:67] === MON SCHEDULER MODIFIÉ EST EN TRAIN DE TOURNER ===
I0616 07:31:16.117346       1 schedule_one.go:166] "scheduling algorithm completed" duration ="34.355573ms" pod="default/fastfouriertransform-00001-deployment-5bb577bc85-mdp6g"
I0616 07:31:16.117856       1 schedule_one.go:166] "scheduling algorithm completed" duration ="26.894893ms" pod="default/fastfouriertransform-00001-deployment-5bb577bc85-cwspn"
I0616 07:31:16.157222       1 schedule_one.go:166] "scheduling algorithm completed" duration ="49.335418ms" pod="default/fastfouriertransform-00001-deployment-5bb577bc85-lzbgr"
I0616 07:31:18.041690       1 schedule_one.go:67] === MON SCHEDULER MODIFIÉ EST EN TRAIN DE TOURNER ===
I0616 07:31:18.067305       1 schedule_one.go:166] "scheduling algorithm completed" duration ="26.965005ms" pod="default/fastfouriertransform-00001-deployment-5bb577bc85-c2t6p"
I0616 07:31:18.099390       1 schedule_one.go:67] === MON SCHEDULER MODIFIÉ EST EN TRAIN DE TOURNER ===
I0616 07:31:18.101674       1 schedule_one.go:67] === MON SCHEDULER MODIFIÉ EST EN TRAIN DE TOURNER ===
I0616 07:31:18.118555       1 schedule_one.go:166] "scheduling algorithm completed" duration ="19.123208ms" pod="default/fastfouriertransform-00001-deployment-5bb577bc85-cdlw8"
I0616 07:31:18.120764       1 schedule_one.go:166] "scheduling algorithm completed" duration ="24.030136ms" pod="default/fastfouriertransform-00001-deployment-5bb577bc85-bj8lc"
I0616 07:31:20.013513       1 schedule_one.go:67] === MON SCHEDULER MODIFIÉ EST EN TRAIN DE TOURNER ===
I0616 07:31:20.024590       1 schedule_one.go:166] "scheduling algorithm completed" duration ="11.842085ms" pod="default/fastfouriertransform-00001-deployment-5bb577bc85-4bhxk"
I0616 07:31:20.037097       1 schedule_one.go:67] === MON SCHEDULER MODIFIÉ EST EN TRAIN DE TOURNER ===
I0616 07:31:20.055197       1 schedule_one.go:166] "scheduling algorithm completed" duration ="18.89702ms" pod="default/fastfouriertransform-00001-deployment-5bb577bc85-fl7bg"
I0616 07:31:22.056718       1 schedule_one.go:67] === MON SCHEDULER MODIFIÉ EST EN TRAIN DE TOURNER ===
I0616 07:31:22.090214       1 schedule_one.go:166] "scheduling algorithm completed" duration ="34.344462ms" pod="default/fastfouriertransform-00001-deployment-5bb577bc85-dgn26"
I0616 07:40:18.501314       1 schedule_one.go:67] === MON SCHEDULER MODIFIÉ EST EN TRAIN DE TOURNER ===
I0616 07:40:18.504075       1 schedule_one.go:67] === MON SCHEDULER MODIFIÉ EST EN TRAIN DE TOURNER ===
I0616 07:40:18.507115       1 schedule_one.go:67] === MON SCHEDULER MODIFIÉ EST EN TRAIN DE TOURNER ===
I0616 07:40:18.535581       1 schedule_one.go:166] "scheduling algorithm completed" duration ="32.015735ms" pod="default/genmatrix-00001-deployment-6774b76f77-fbmsh"
I0616 07:40:18.535581       1 schedule_one.go:166] "scheduling algorithm completed" duration ="34.938955ms" pod="default/fetchdata-00001-deployment-66f645596-42mbz"
I0616 07:40:18.536171       1 schedule_one.go:67] === MON SCHEDULER MODIFIÉ EST EN TRAIN DE TOURNER ===
I0616 07:40:18.556728       1 schedule_one.go:166] "scheduling algorithm completed" duration ="50.094489ms" pod="default/fastfouriertransform-00001-deployment-5bb577bc85-9wrm5"
I0616 07:40:18.572805       1 schedule_one.go:166] "scheduling algorithm completed" duration ="37.279131ms" pod="default/linpack-00001-deployment-5fcdf8b7f7-dqc5n"
I0616 07:40:18.708937       1 schedule_one.go:67] === MON SCHEDULER MODIFIÉ EST EN TRAIN DE TOURNER ===
I0616 07:40:18.793926       1 schedule_one.go:166] "scheduling algorithm completed" duration ="85.598802ms" pod="default/matrixmul-00001-deployment-5cb8b76cf6-q6s9w"
I0616 07:40:20.029275       1 schedule_one.go:67] === MON SCHEDULER MODIFIÉ EST EN TRAIN DE TOURNER ===
I0616 07:40:20.032430       1 schedule_one.go:67] === MON SCHEDULER MODIFIÉ EST EN TRAIN DE TOURNER ===
I0616 07:40:20.083221       1 schedule_one.go:166] "scheduling algorithm completed" duration ="54.588042ms" pod="default/genmatrix-00001-deployment-6774b76f77-fdppr"
I0616 07:40:20.083296       1 schedule_one.go:166] "scheduling algorithm completed" duration ="51.408949ms" pod="default/linpack-00001-deployment-5fcdf8b7f7-bjp9h"
I0616 07:40:20.165701       1 schedule_one.go:67] === MON SCHEDULER MODIFIÉ EST EN TRAIN DE TOURNER ===
I0616 07:40:20.200333       1 schedule_one.go:166] "scheduling algorithm completed" duration ="35.470758ms" pod="default/fastfouriertransform-00001-deployment-5bb577bc85-9z6v2"
I0616 07:40:21.998719       1 schedule_one.go:67] === MON SCHEDULER MODIFIÉ EST EN TRAIN DE TOURNER ===
I0616 07:40:22.027234       1 schedule_one.go:166] "scheduling algorithm completed" duration ="29.201942ms" pod="default/fetchdata-00001-deployment-66f645596-sms6q"
I0616 07:40:22.050204       1 schedule_one.go:67] === MON SCHEDULER MODIFIÉ EST EN TRAIN DE TOURNER ===
I0616 07:40:22.052406       1 schedule_one.go:67] === MON SCHEDULER MODIFIÉ EST EN TRAIN DE TOURNER ===
I0616 07:40:22.054584       1 schedule_one.go:67] === MON SCHEDULER MODIFIÉ EST EN TRAIN DE TOURNER ===
I0616 07:40:22.086802       1 schedule_one.go:67] === MON SCHEDULER MODIFIÉ EST EN TRAIN DE TOURNER ===
I0616 07:40:22.093450       1 schedule_one.go:166] "scheduling algorithm completed" duration ="43.87434ms" pod="default/linpack-00001-deployment-5fcdf8b7f7-n96tc"
I0616 07:40:22.096364       1 schedule_one.go:166] "scheduling algorithm completed" duration ="44.423402ms" pod="default/fetchdata-00001-deployment-66f645596-s5r96"
I0616 07:40:22.110701       1 schedule_one.go:166] "scheduling algorithm completed" duration ="56.481157ms" pod="default/fetchdata-00001-deployment-66f645596-mkvr4"
I0616 07:40:22.154194       1 schedule_one.go:166] "scheduling algorithm completed" duration ="68.19739ms" pod="default/linpack-00001-deployment-5fcdf8b7f7-nl8q2"
I0616 07:40:22.188255       1 schedule_one.go:67] === MON SCHEDULER MODIFIÉ EST EN TRAIN DE TOURNER ===
I0616 07:40:22.194378       1 schedule_one.go:67] === MON SCHEDULER MODIFIÉ EST EN TRAIN DE TOURNER ===
I0616 07:40:22.202075       1 schedule_one.go:166] "scheduling algorithm completed" duration ="15.102829ms" pod="default/genmatrix-00001-deployment-6774b76f77-ckfbq"
I0616 07:40:22.226035       1 schedule_one.go:166] "scheduling algorithm completed" duration ="32.671558ms" pod="default/matrixmul-00001-deployment-5cb8b76cf6-brltj"
I0616 07:40:22.253695       1 schedule_one.go:67] === MON SCHEDULER MODIFIÉ EST EN TRAIN DE TOURNER ===
I0616 07:40:22.270572       1 schedule_one.go:67] === MON SCHEDULER MODIFIÉ EST EN TRAIN DE TOURNER ===
I0616 07:40:22.295753       1 schedule_one.go:166] "scheduling algorithm completed" duration ="42.671955ms" pod="default/genmatrix-00001-deployment-6774b76f77-9tvgb"
I0616 07:40:22.303526       1 schedule_one.go:166] "scheduling algorithm completed" duration ="33.478734ms" pod="default/matrixmul-00001-deployment-5cb8b76cf6-gln4b"
I0616 07:40:22.456116       1 schedule_one.go:67] === MON SCHEDULER MODIFIÉ EST EN TRAIN DE TOURNER ===
I0616 07:40:22.480023       1 schedule_one.go:166] "scheduling algorithm completed" duration ="25.162931ms" pod="default/fastfouriertransform-00001-deployment-5bb577bc85-m962s"
I0616 07:40:22.485589       1 schedule_one.go:67] === MON SCHEDULER MODIFIÉ EST EN TRAIN DE TOURNER ===
I0616 07:40:22.494938       1 schedule_one.go:166] "scheduling algorithm completed" duration ="19.020376ms" pod="default/fastfouriertransform-00001-deployment-5bb577bc85-dgdcg"
I0616 07:40:24.612710       1 schedule_one.go:67] === MON SCHEDULER MODIFIÉ EST EN TRAIN DE TOURNER ===
I0616 07:40:24.672609       1 schedule_one.go:67] === MON SCHEDULER MODIFIÉ EST EN TRAIN DE TOURNER ===
I0616 07:40:24.721221       1 schedule_one.go:166] "scheduling algorithm completed" duration ="109.286956ms" pod="default/fetchdata-00001-deployment-66f645596-5qmhj"
I0616 07:40:24.772231       1 schedule_one.go:166] "scheduling algorithm completed" duration ="100.430831ms" pod="default/linpack-00001-deployment-5fcdf8b7f7-6972w"
I0616 07:40:24.795044       1 schedule_one.go:67] === MON SCHEDULER MODIFIÉ EST EN TRAIN DE TOURNER ===
I0616 07:40:24.850835       1 schedule_one.go:166] "scheduling algorithm completed" duration ="56.6569ms" pod="default/linpack-00001-deployment-5fcdf8b7f7-xrds6"
I0616 07:40:24.937671       1 schedule_one.go:67] === MON SCHEDULER MODIFIÉ EST EN TRAIN DE TOURNER ===
I0616 07:40:24.983689       1 schedule_one.go:166] "scheduling algorithm completed" duration ="46.730504ms" pod="default/fastfouriertransform-00001-deployment-5bb577bc85-bx8rx"
I0616 07:40:24.991812       1 schedule_one.go:67] === MON SCHEDULER MODIFIÉ EST EN TRAIN DE TOURNER ===
I0616 07:40:25.078327       1 schedule_one.go:166] "scheduling algorithm completed" duration ="87.285082ms" pod="default/matrixmul-00001-deployment-5cb8b76cf6-m7258"
I0616 07:40:26.155621       1 schedule_one.go:67] === MON SCHEDULER MODIFIÉ EST EN TRAIN DE TOURNER ===
I0616 07:40:26.216058       1 schedule_one.go:67] === MON SCHEDULER MODIFIÉ EST EN TRAIN DE TOURNER ===
I0616 07:40:26.285207       1 schedule_one.go:166] "scheduling algorithm completed" duration ="134.222643ms" pod="default/linpack-00001-deployment-5fcdf8b7f7-sslw6"
I0616 07:40:26.288278       1 schedule_one.go:166] "scheduling algorithm completed" duration ="73.091153ms" pod="default/fetchdata-00001-deployment-66f645596-fs297"
I0616 07:40:26.355729       1 schedule_one.go:67] === MON SCHEDULER MODIFIÉ EST EN TRAIN DE TOURNER ===
I0616 07:40:26.362374       1 schedule_one.go:67] === MON SCHEDULER MODIFIÉ EST EN TRAIN DE TOURNER ===
I0616 07:40:26.446683       1 schedule_one.go:67] === MON SCHEDULER MODIFIÉ EST EN TRAIN DE TOURNER ===
I0616 07:40:26.501288       1 schedule_one.go:166] "scheduling algorithm completed" duration ="145.507259ms" pod="default/linpack-00001-deployment-5fcdf8b7f7-2tbc5"
I0616 07:40:26.503360       1 schedule_one.go:67] === MON SCHEDULER MODIFIÉ EST EN TRAIN DE TOURNER ===
I0616 07:40:26.569418       1 schedule_one.go:166] "scheduling algorithm completed" duration ="215.852972ms" pod="default/linpack-00001-deployment-5fcdf8b7f7-482dw"
I0616 07:40:26.608949       1 schedule_one.go:166] "scheduling algorithm completed" duration ="163.416604ms" pod="default/matrixmul-00001-deployment-5cb8b76cf6-lmsg6"
I0616 07:40:26.610133       1 schedule_one.go:166] "scheduling algorithm completed" duration ="107.685141ms" pod="default/fastfouriertransform-00001-deployment-5bb577bc85-c6v4l"
I0616 07:40:26.756091       1 schedule_one.go:67] === MON SCHEDULER MODIFIÉ EST EN TRAIN DE TOURNER ===
I0616 07:40:26.778052       1 schedule_one.go:67] === MON SCHEDULER MODIFIÉ EST EN TRAIN DE TOURNER ===
I0616 07:40:26.850554       1 schedule_one.go:166] "scheduling algorithm completed" duration ="95.334493ms" pod="default/matrixmul-00001-deployment-5cb8b76cf6-tw86v"
I0616 07:40:26.850580       1 schedule_one.go:166] "scheduling algorithm completed" duration ="84.515919ms" pod="default/matrixmul-00001-deployment-5cb8b76cf6-wzslb"
I0616 07:40:28.079514       1 schedule_one.go:67] === MON SCHEDULER MODIFIÉ EST EN TRAIN DE TOURNER ===
I0616 07:40:28.102929       1 schedule_one.go:67] === MON SCHEDULER MODIFIÉ EST EN TRAIN DE TOURNER ===
I0616 07:40:28.119821       1 schedule_one.go:166] "scheduling algorithm completed" duration ="41.235624ms" pod="default/linpack-00001-deployment-5fcdf8b7f7-qhmj7"
I0616 07:40:28.125856       1 schedule_one.go:67] === MON SCHEDULER MODIFIÉ EST EN TRAIN DE TOURNER ===
I0616 07:40:28.139808       1 schedule_one.go:67] === MON SCHEDULER MODIFIÉ EST EN TRAIN DE TOURNER ===
I0616 07:40:28.172765       1 schedule_one.go:166] "scheduling algorithm completed" duration ="70.749495ms" pod="default/matrixmul-00001-deployment-5cb8b76cf6-qvhct"
I0616 07:40:28.203845       1 schedule_one.go:166] "scheduling algorithm completed" duration ="65.089242ms" pod="default/matrixmul-00001-deployment-5cb8b76cf6-zcmjp"
I0616 07:40:28.234019       1 schedule_one.go:166] "scheduling algorithm completed" duration ="112.823517ms" pod="default/matrixmul-00001-deployment-5cb8b76cf6-hbq8g"
I0616 07:40:30.031041       1 schedule_one.go:67] === MON SCHEDULER MODIFIÉ EST EN TRAIN DE TOURNER ===
I0616 07:40:30.084586       1 schedule_one.go:67] === MON SCHEDULER MODIFIÉ EST EN TRAIN DE TOURNER ===
I0616 07:40:30.119326       1 schedule_one.go:166] "scheduling algorithm completed" duration ="89.360996ms" pod="default/matrixmul-00001-deployment-5cb8b76cf6-c52c9"
I0616 07:40:30.131626       1 schedule_one.go:166] "scheduling algorithm completed" duration ="48.192799ms" pod="default/matrixmul-00001-deployment-5cb8b76cf6-rq8m6"
I0616 07:40:30.137507       1 schedule_one.go:67] === MON SCHEDULER MODIFIÉ EST EN TRAIN DE TOURNER ===
I0616 07:40:30.230540       1 schedule_one.go:67] === MON SCHEDULER MODIFIÉ EST EN TRAIN DE TOURNER ===
I0616 07:40:30.308060       1 schedule_one.go:166] "scheduling algorithm completed" duration ="78.47481ms" pod="default/matrixmul-00001-deployment-5cb8b76cf6-jgmtt"
I0616 07:40:30.309734       1 schedule_one.go:166] "scheduling algorithm completed" duration ="174.056695ms" pod="default/matrixmul-00001-deployment-5cb8b76cf6-4bt8l"
I0616 07:40:32.328449       1 schedule_one.go:67] === MON SCHEDULER MODIFIÉ EST EN TRAIN DE TOURNER ===
I0616 07:40:32.334222       1 schedule_one.go:67] === MON SCHEDULER MODIFIÉ EST EN TRAIN DE TOURNER ===
I0616 07:40:32.479628       1 schedule_one.go:166] "scheduling algorithm completed" duration ="147.063834ms" pod="default/matrixmul-00001-deployment-5cb8b76cf6-mxvqf"
I0616 07:40:32.672294       1 schedule_one.go:166] "scheduling algorithm completed" duration ="344.701199ms" pod="default/fastfouriertransform-00001-deployment-5bb577bc85-6fbjj"
I0616 07:40:34.307800       1 schedule_one.go:67] === MON SCHEDULER MODIFIÉ EST EN TRAIN DE TOURNER ===
I0616 07:40:34.402743       1 schedule_one.go:67] === MON SCHEDULER MODIFIÉ EST EN TRAIN DE TOURNER ===
I0616 07:40:34.426266       1 schedule_one.go:67] === MON SCHEDULER MODIFIÉ EST EN TRAIN DE TOURNER ===
I0616 07:40:34.481235       1 schedule_one.go:166] "scheduling algorithm completed" duration ="81.043914ms" pod="default/fastfouriertransform-00001-deployment-5bb577bc85-xz8kf"
I0616 07:40:34.481685       1 schedule_one.go:166] "scheduling algorithm completed" duration ="175.238023ms" pod="default/fastfouriertransform-00001-deployment-5bb577bc85-kfxdm"
I0616 07:40:34.545977       1 schedule_one.go:166] "scheduling algorithm completed" duration ="123.514016ms" pod="default/fastfouriertransform-00001-deployment-5bb577bc85-kv58l"
I0616 07:40:36.223520       1 schedule_one.go:67] === MON SCHEDULER MODIFIÉ EST EN TRAIN DE TOURNER ===
I0616 07:40:36.331087       1 schedule_one.go:67] === MON SCHEDULER MODIFIÉ EST EN TRAIN DE TOURNER ===
I0616 07:40:36.352151       1 schedule_one.go:166] "scheduling algorithm completed" duration ="130.404042ms" pod="default/fastfouriertransform-00001-deployment-5bb577bc85-zhxbp"
I0616 07:40:36.361209       1 schedule_one.go:67] === MON SCHEDULER MODIFIÉ EST EN TRAIN DE TOURNER ===
I0616 07:40:36.404255       1 schedule_one.go:166] "scheduling algorithm completed" duration ="74.129184ms" pod="default/fastfouriertransform-00001-deployment-5bb577bc85-8854m"
I0616 07:40:36.456743       1 schedule_one.go:166] "scheduling algorithm completed" duration ="96.401654ms" pod="default/fastfouriertransform-00001-deployment-5bb577bc85-mnv9g"
I0616 07:40:36.635915       1 schedule_one.go:67] === MON SCHEDULER MODIFIÉ EST EN TRAIN DE TOURNER ===
I0616 07:40:36.735093       1 schedule_one.go:166] "scheduling algorithm completed" duration ="100.453387ms" pod="default/fastfouriertransform-00001-deployment-5bb577bc85-pxpqz"
I0616 07:40:38.086197       1 schedule_one.go:67] === MON SCHEDULER MODIFIÉ EST EN TRAIN DE TOURNER ===
I0616 07:40:38.148660       1 schedule_one.go:166] "scheduling algorithm completed" duration ="63.19996ms" pod="default/fastfouriertransform-00001-deployment-5bb577bc85-dkjm7"
I0616 07:40:38.280405       1 schedule_one.go:67] === MON SCHEDULER MODIFIÉ EST EN TRAIN DE TOURNER ===
I0616 07:40:38.416975       1 schedule_one.go:166] "scheduling algorithm completed" duration ="137.906687ms" pod="default/fastfouriertransform-00001-deployment-5bb577bc85-xn9ql"
I0616 07:40:40.097857       1 schedule_one.go:67] === MON SCHEDULER MODIFIÉ EST EN TRAIN DE TOURNER ===
I0616 07:40:40.129314       1 schedule_one.go:166] "scheduling algorithm completed" duration ="33.270769ms" pod="default/fastfouriertransform-00001-deployment-5bb577bc85-gl46n"
I0616 07:40:40.151832       1 schedule_one.go:67] === MON SCHEDULER MODIFIÉ EST EN TRAIN DE TOURNER ===
I0616 07:40:40.242162       1 schedule_one.go:166] "scheduling algorithm completed" duration ="91.178406ms" pod="default/fastfouriertransform-00001-deployment-5bb577bc85-nnlt9"
