I0611 15:52:47.371309       1 serving.go:386] Generated self-signed cert in-memory
W0611 15:52:47.371911       1 client_config.go:683] Neither --kubeconfig nor --master was specified.  Using the inClusterConfig.  This might not work.
I0611 15:52:47.395754       1 scheduler.go:283] ===  SCHEDULer New  ===
I0611 15:52:47.397199       1 scheduler.go:457] "fonction New() construit le scheduler, mais ne commence pas à scheduler les pods, c'est la fonction Run() qui commence le scheduling des pods." duration ="1.413612ms"
I0611 15:52:47.399136       1 server.go:175] "Starting Kubernetes Scheduler" version="v0.0.0-master+$Format:%H$"
I0611 15:52:47.399149       1 server.go:177] "Golang settings" GOGC="" GOMAXPROCS="" GOTRACEBACK=""
I0611 15:52:47.405894       1 secure_serving.go:211] Serving securely on [::]:10259
I0611 15:52:47.405966       1 requestheader_controller.go:180] Starting RequestHeaderAuthRequestController
I0611 15:52:47.405984       1 shared_informer.go:375] "Waiting for caches to sync"
I0611 15:52:47.406003       1 configmap_cafile_content.go:205] "Starting controller" name="client-ca::kube-system::extension-apiserver-authentication::client-ca-file"
I0611 15:52:47.406017       1 shared_informer.go:375] "Waiting for caches to sync"
I0611 15:52:47.406092       1 configmap_cafile_content.go:205] "Starting controller" name="client-ca::kube-system::extension-apiserver-authentication::requestheader-client-ca-file"
I0611 15:52:47.406105       1 shared_informer.go:375] "Waiting for caches to sync"
I0611 15:52:47.405980       1 tlsconfig.go:243] "Starting DynamicServingCertificateController"
I0611 15:52:48.006638       1 shared_informer.go:382] "Caches are synced"
I0611 15:52:48.007516       1 shared_informer.go:382] "Caches are synced"
I0611 15:52:48.007558       1 scheduler.go:542] ===  SCHEDULing RUN ===
I0611 15:52:48.007603       1 schedule_one.go:67] === MON SCHEDULER MODIFIÉ EST EN TRAIN DE TOURNER ===
I0611 15:52:48.007516       1 shared_informer.go:382] "Caches are synced"
I0611 16:00:04.582628       1 schedule_one.go:67] === MON SCHEDULER MODIFIÉ EST EN TRAIN DE TOURNER ===
I0611 16:00:04.584169       1 schedule_one.go:67] === MON SCHEDULER MODIFIÉ EST EN TRAIN DE TOURNER ===
I0611 16:00:04.586325       1 schedule_one.go:67] === MON SCHEDULER MODIFIÉ EST EN TRAIN DE TOURNER ===
I0611 16:00:04.588224       1 schedule_one.go:67] === MON SCHEDULER MODIFIÉ EST EN TRAIN DE TOURNER ===
I0611 16:00:04.605931       1 schedule_one.go:166] "scheduling algorithm completed" duration ="22.770461ms" pod="default/fastfouriertransform-00001-deployment-5bb577bc85-nklxd"
I0611 16:00:04.624173       1 schedule_one.go:166] "scheduling algorithm completed" duration ="43.11029ms" pod="default/linpack-00001-deployment-5fcdf8b7f7-bc9kg"
I0611 16:00:04.626481       1 schedule_one.go:166] "scheduling algorithm completed" duration ="39.011454ms" pod="default/fetchdata-00001-deployment-66f645596-pfz8v"
I0611 16:00:04.627527       1 schedule_one.go:166] "scheduling algorithm completed" duration ="41.792919ms" pod="default/genmatrix-00001-deployment-6774b76f77-dwqgr"
I0611 16:00:04.650563       1 schedule_one.go:67] === MON SCHEDULER MODIFIÉ EST EN TRAIN DE TOURNER ===
I0611 16:00:04.653650       1 schedule_one.go:67] === MON SCHEDULER MODIFIÉ EST EN TRAIN DE TOURNER ===
I0611 16:00:04.658640       1 schedule_one.go:67] === MON SCHEDULER MODIFIÉ EST EN TRAIN DE TOURNER ===
I0611 16:00:04.678053       1 schedule_one.go:67] === MON SCHEDULER MODIFIÉ EST EN TRAIN DE TOURNER ===
I0611 16:00:04.709163       1 schedule_one.go:166] "scheduling algorithm completed" duration ="51.057759ms" pod="default/genmatrix-00001-deployment-6774b76f77-p6nxz"
I0611 16:00:04.709163       1 schedule_one.go:166] "scheduling algorithm completed" duration ="59.120024ms" pod="default/fetchdata-00001-deployment-66f645596-qkhhl"
I0611 16:00:04.752216       1 schedule_one.go:166] "scheduling algorithm completed" duration ="74.695703ms" pod="default/matrixmul-00001-deployment-5cb8b76cf6-qgxlr"
I0611 16:00:04.789190       1 schedule_one.go:166] "scheduling algorithm completed" duration ="136.091617ms" pod="default/fastfouriertransform-00001-deployment-5bb577bc85-ghg4v"
I0611 16:00:04.834276       1 schedule_one.go:67] === MON SCHEDULER MODIFIÉ EST EN TRAIN DE TOURNER ===
I0611 16:00:04.904305       1 schedule_one.go:166] "scheduling algorithm completed" duration ="70.884088ms" pod="default/linpack-00001-deployment-5fcdf8b7f7-667fw"
I0611 16:00:06.373613       1 schedule_one.go:67] === MON SCHEDULER MODIFIÉ EST EN TRAIN DE TOURNER ===
I0611 16:00:06.391274       1 schedule_one.go:166] "scheduling algorithm completed" duration ="19.176736ms" pod="default/fetchdata-00001-deployment-66f645596-wknrd"
I0611 16:00:06.436769       1 schedule_one.go:67] === MON SCHEDULER MODIFIÉ EST EN TRAIN DE TOURNER ===
I0611 16:00:06.493032       1 schedule_one.go:166] "scheduling algorithm completed" duration ="57.013282ms" pod="default/fetchdata-00001-deployment-66f645596-dj5rf"
I0611 16:00:06.521474       1 schedule_one.go:67] === MON SCHEDULER MODIFIÉ EST EN TRAIN DE TOURNER ===
I0611 16:00:06.576569       1 schedule_one.go:166] "scheduling algorithm completed" duration ="56.158133ms" pod="default/linpack-00001-deployment-5fcdf8b7f7-ml5qk"
I0611 16:00:06.605752       1 schedule_one.go:67] === MON SCHEDULER MODIFIÉ EST EN TRAIN DE TOURNER ===
I0611 16:00:06.639575       1 schedule_one.go:166] "scheduling algorithm completed" duration ="34.534654ms" pod="default/linpack-00001-deployment-5fcdf8b7f7-lhknh"
I0611 16:00:06.674573       1 schedule_one.go:67] === MON SCHEDULER MODIFIÉ EST EN TRAIN DE TOURNER ===
I0611 16:00:06.783158       1 schedule_one.go:166] "scheduling algorithm completed" duration ="110.11232ms" pod="default/genmatrix-00001-deployment-6774b76f77-2z9wp"
I0611 16:00:06.823143       1 schedule_one.go:67] === MON SCHEDULER MODIFIÉ EST EN TRAIN DE TOURNER ===
I0611 16:00:06.878578       1 schedule_one.go:67] === MON SCHEDULER MODIFIÉ EST EN TRAIN DE TOURNER ===
I0611 16:00:06.885064       1 schedule_one.go:166] "scheduling algorithm completed" duration ="62.69362ms" pod="default/fastfouriertransform-00001-deployment-5bb577bc85-m58vs"
I0611 16:00:06.889087       1 schedule_one.go:67] === MON SCHEDULER MODIFIÉ EST EN TRAIN DE TOURNER ===
I0611 16:00:06.891124       1 schedule_one.go:67] === MON SCHEDULER MODIFIÉ EST EN TRAIN DE TOURNER ===
I0611 16:00:06.962766       1 schedule_one.go:166] "scheduling algorithm completed" duration ="74.708776ms" pod="default/genmatrix-00001-deployment-6774b76f77-w9mbq"
I0611 16:00:06.971477       1 schedule_one.go:166] "scheduling algorithm completed" duration ="81.183022ms" pod="default/genmatrix-00001-deployment-6774b76f77-stb9z"
I0611 16:00:06.972278       1 schedule_one.go:67] === MON SCHEDULER MODIFIÉ EST EN TRAIN DE TOURNER ===
I0611 16:00:06.975386       1 schedule_one.go:67] === MON SCHEDULER MODIFIÉ EST EN TRAIN DE TOURNER ===
I0611 16:00:06.998656       1 schedule_one.go:166] "scheduling algorithm completed" duration ="120.706328ms" pod="default/matrixmul-00001-deployment-5cb8b76cf6-f2dk9"
I0611 16:00:07.011202       1 schedule_one.go:67] === MON SCHEDULER MODIFIÉ EST EN TRAIN DE TOURNER ===
I0611 16:00:07.061351       1 schedule_one.go:166] "scheduling algorithm completed" duration ="89.773583ms" pod="default/fastfouriertransform-00001-deployment-5bb577bc85-7qzbx"
I0611 16:00:07.067658       1 schedule_one.go:166] "scheduling algorithm completed" duration ="93.097752ms" pod="default/fastfouriertransform-00001-deployment-5bb577bc85-c2fsp"
I0611 16:00:07.070436       1 schedule_one.go:166] "scheduling algorithm completed" duration ="60.492544ms" pod="default/matrixmul-00001-deployment-5cb8b76cf6-9rfqj"
I0611 16:00:08.285966       1 schedule_one.go:67] === MON SCHEDULER MODIFIÉ EST EN TRAIN DE TOURNER ===
I0611 16:00:08.323452       1 schedule_one.go:166] "scheduling algorithm completed" duration ="38.745492ms" pod="default/fetchdata-00001-deployment-66f645596-nmhgl"
I0611 16:00:08.364070       1 schedule_one.go:67] === MON SCHEDULER MODIFIÉ EST EN TRAIN DE TOURNER ===
I0611 16:00:08.386826       1 schedule_one.go:166] "scheduling algorithm completed" duration ="24.542351ms" pod="default/matrixmul-00001-deployment-5cb8b76cf6-vnx8k"
I0611 16:00:08.502483       1 schedule_one.go:67] === MON SCHEDULER MODIFIÉ EST EN TRAIN DE TOURNER ===
I0611 16:00:08.547393       1 schedule_one.go:166] "scheduling algorithm completed" duration ="45.913552ms" pod="default/linpack-00001-deployment-5fcdf8b7f7-hbrjb"
I0611 16:00:10.311340       1 schedule_one.go:67] === MON SCHEDULER MODIFIÉ EST EN TRAIN DE TOURNER ===
I0611 16:00:10.314745       1 schedule_one.go:67] === MON SCHEDULER MODIFIÉ EST EN TRAIN DE TOURNER ===
I0611 16:00:10.326127       1 schedule_one.go:166] "scheduling algorithm completed" duration ="15.94253ms" pod="default/fastfouriertransform-00001-deployment-5bb577bc85-vn5h2"
I0611 16:00:10.330932       1 schedule_one.go:166] "scheduling algorithm completed" duration ="17.45066ms" pod="default/fetchdata-00001-deployment-66f645596-r8bb5"
I0611 16:00:10.478335       1 schedule_one.go:67] === MON SCHEDULER MODIFIÉ EST EN TRAIN DE TOURNER ===
I0611 16:00:10.523227       1 schedule_one.go:67] === MON SCHEDULER MODIFIÉ EST EN TRAIN DE TOURNER ===
I0611 16:00:10.541256       1 schedule_one.go:166] "scheduling algorithm completed" duration ="18.825643ms" pod="default/linpack-00001-deployment-5fcdf8b7f7-5gb6q"
I0611 16:00:10.558032       1 schedule_one.go:67] === MON SCHEDULER MODIFIÉ EST EN TRAIN DE TOURNER ===
I0611 16:00:10.593501       1 schedule_one.go:166] "scheduling algorithm completed" duration ="36.655138ms" pod="default/matrixmul-00001-deployment-5cb8b76cf6-jwng4"
I0611 16:00:10.595614       1 schedule_one.go:166] "scheduling algorithm completed" duration ="118.087715ms" pod="default/linpack-00001-deployment-5fcdf8b7f7-28lhl"
I0611 16:00:10.619465       1 schedule_one.go:67] === MON SCHEDULER MODIFIÉ EST EN TRAIN DE TOURNER ===
I0611 16:00:10.625561       1 schedule_one.go:166] "scheduling algorithm completed" duration ="7.71595ms" pod="default/matrixmul-00001-deployment-5cb8b76cf6-lplr5"
I0611 16:00:10.737915       1 schedule_one.go:67] === MON SCHEDULER MODIFIÉ EST EN TRAIN DE TOURNER ===
I0611 16:00:10.744351       1 schedule_one.go:166] "scheduling algorithm completed" duration ="7.319783ms" pod="default/matrixmul-00001-deployment-5cb8b76cf6-mh975"
I0611 16:00:10.867883       1 schedule_one.go:67] === MON SCHEDULER MODIFIÉ EST EN TRAIN DE TOURNER ===
I0611 16:00:10.873681       1 schedule_one.go:166] "scheduling algorithm completed" duration ="6.816653ms" pod="default/matrixmul-00001-deployment-5cb8b76cf6-nb6zs"
I0611 16:00:12.274820       1 schedule_one.go:67] === MON SCHEDULER MODIFIÉ EST EN TRAIN DE TOURNER ===
I0611 16:00:12.292284       1 schedule_one.go:166] "scheduling algorithm completed" duration ="18.149791ms" pod="default/linpack-00001-deployment-5fcdf8b7f7-f4jxg"
I0611 16:00:12.318636       1 schedule_one.go:67] === MON SCHEDULER MODIFIÉ EST EN TRAIN DE TOURNER ===
I0611 16:00:12.347259       1 schedule_one.go:166] "scheduling algorithm completed" duration ="29.217003ms" pod="default/matrixmul-00001-deployment-5cb8b76cf6-w4s6j"
I0611 16:00:12.395503       1 schedule_one.go:67] === MON SCHEDULER MODIFIÉ EST EN TRAIN DE TOURNER ===
I0611 16:00:12.400032       1 schedule_one.go:67] === MON SCHEDULER MODIFIÉ EST EN TRAIN DE TOURNER ===
I0611 16:00:12.411838       1 schedule_one.go:166] "scheduling algorithm completed" duration ="16.922994ms" pod="default/matrixmul-00001-deployment-5cb8b76cf6-2rr8f"
I0611 16:00:12.433575       1 schedule_one.go:166] "scheduling algorithm completed" duration ="34.120692ms" pod="default/matrixmul-00001-deployment-5cb8b76cf6-5h64r"
I0611 16:00:14.399211       1 schedule_one.go:67] === MON SCHEDULER MODIFIÉ EST EN TRAIN DE TOURNER ===
I0611 16:00:14.420673       1 schedule_one.go:166] "scheduling algorithm completed" duration ="23.459128ms" pod="default/linpack-00001-deployment-5fcdf8b7f7-cfhxd"
I0611 16:00:14.512398       1 schedule_one.go:67] === MON SCHEDULER MODIFIÉ EST EN TRAIN DE TOURNER ===
I0611 16:00:14.538590       1 schedule_one.go:67] === MON SCHEDULER MODIFIÉ EST EN TRAIN DE TOURNER ===
I0611 16:00:14.545695       1 schedule_one.go:166] "scheduling algorithm completed" duration ="35.157118ms" pod="default/matrixmul-00001-deployment-5cb8b76cf6-6hq5t"
I0611 16:00:14.554190       1 schedule_one.go:166] "scheduling algorithm completed" duration ="16.608216ms" pod="default/matrixmul-00001-deployment-5cb8b76cf6-lbq8s"
I0611 16:00:16.271830       1 schedule_one.go:67] === MON SCHEDULER MODIFIÉ EST EN TRAIN DE TOURNER ===
I0611 16:00:16.288331       1 schedule_one.go:166] "scheduling algorithm completed" duration ="18.691902ms" pod="default/fastfouriertransform-00001-deployment-5bb577bc85-rmfnc"
I0611 16:00:18.270136       1 schedule_one.go:67] === MON SCHEDULER MODIFIÉ EST EN TRAIN DE TOURNER ===
I0611 16:00:18.277854       1 schedule_one.go:166] "scheduling algorithm completed" duration ="8.445746ms" pod="default/fastfouriertransform-00001-deployment-5bb577bc85-tgh9s"
I0611 16:00:18.284129       1 schedule_one.go:67] === MON SCHEDULER MODIFIÉ EST EN TRAIN DE TOURNER ===
I0611 16:00:18.287176       1 schedule_one.go:67] === MON SCHEDULER MODIFIÉ EST EN TRAIN DE TOURNER ===
I0611 16:00:18.296644       1 schedule_one.go:166] "scheduling algorithm completed" duration ="13.245565ms" pod="default/fastfouriertransform-00001-deployment-5bb577bc85-xq7mq"
I0611 16:00:18.303117       1 schedule_one.go:166] "scheduling algorithm completed" duration ="17.107476ms" pod="default/fastfouriertransform-00001-deployment-5bb577bc85-tjp4b"
I0611 16:00:20.493292       1 schedule_one.go:67] === MON SCHEDULER MODIFIÉ EST EN TRAIN DE TOURNER ===
I0611 16:00:20.494616       1 schedule_one.go:67] === MON SCHEDULER MODIFIÉ EST EN TRAIN DE TOURNER ===
I0611 16:00:20.502250       1 schedule_one.go:67] === MON SCHEDULER MODIFIÉ EST EN TRAIN DE TOURNER ===
I0611 16:00:20.507232       1 schedule_one.go:166] "scheduling algorithm completed" duration ="13.307584ms" pod="default/fastfouriertransform-00001-deployment-5bb577bc85-4524m"
I0611 16:00:20.517079       1 schedule_one.go:166] "scheduling algorithm completed" duration ="24.593888ms" pod="default/fastfouriertransform-00001-deployment-5bb577bc85-rrxdq"
I0611 16:00:20.522481       1 schedule_one.go:166] "scheduling algorithm completed" duration ="20.899737ms" pod="default/fastfouriertransform-00001-deployment-5bb577bc85-h4d2c"
I0611 16:00:20.528119       1 schedule_one.go:67] === MON SCHEDULER MODIFIÉ EST EN TRAIN DE TOURNER ===
I0611 16:00:20.539700       1 schedule_one.go:166] "scheduling algorithm completed" duration ="13.668454ms" pod="default/fastfouriertransform-00001-deployment-5bb577bc85-lk2xl"
I0611 16:00:22.270542       1 schedule_one.go:67] === MON SCHEDULER MODIFIÉ EST EN TRAIN DE TOURNER ===
I0611 16:00:22.280657       1 schedule_one.go:67] === MON SCHEDULER MODIFIÉ EST EN TRAIN DE TOURNER ===
I0611 16:00:22.280978       1 schedule_one.go:166] "scheduling algorithm completed" duration ="11.515582ms" pod="default/fastfouriertransform-00001-deployment-5bb577bc85-78hp2"
I0611 16:00:22.301154       1 schedule_one.go:166] "scheduling algorithm completed" duration ="21.839331ms" pod="default/fastfouriertransform-00001-deployment-5bb577bc85-bq6rk"
I0611 16:10:13.621362       1 schedule_one.go:67] === MON SCHEDULER MODIFIÉ EST EN TRAIN DE TOURNER ===
I0611 16:10:13.628647       1 schedule_one.go:67] === MON SCHEDULER MODIFIÉ EST EN TRAIN DE TOURNER ===
I0611 16:10:13.645429       1 schedule_one.go:166] "scheduling algorithm completed" duration ="24.738963ms" pod="default/fastfouriertransform-00001-deployment-5bb577bc85-ncwwh"
I0611 16:10:13.700191       1 schedule_one.go:166] "scheduling algorithm completed" duration ="72.059682ms" pod="default/genmatrix-00001-deployment-6774b76f77-c4tlv"
I0611 16:10:13.794729       1 schedule_one.go:67] === MON SCHEDULER MODIFIÉ EST EN TRAIN DE TOURNER ===
I0611 16:10:13.827828       1 schedule_one.go:67] === MON SCHEDULER MODIFIÉ EST EN TRAIN DE TOURNER ===
I0611 16:10:13.874871       1 schedule_one.go:166] "scheduling algorithm completed" duration ="81.109022ms" pod="default/linpack-00001-deployment-5fcdf8b7f7-kmwg7"
I0611 16:10:13.882142       1 schedule_one.go:166] "scheduling algorithm completed" duration ="54.941113ms" pod="default/fetchdata-00001-deployment-66f645596-mdxlc"
I0611 16:10:13.996654       1 schedule_one.go:67] === MON SCHEDULER MODIFIÉ EST EN TRAIN DE TOURNER ===
I0611 16:10:14.032640       1 schedule_one.go:166] "scheduling algorithm completed" duration ="36.536397ms" pod="default/matrixmul-00001-deployment-5cb8b76cf6-cfqqf"
I0611 16:10:14.321184       1 schedule_one.go:67] === MON SCHEDULER MODIFIÉ EST EN TRAIN DE TOURNER ===
I0611 16:10:14.344672       1 schedule_one.go:67] === MON SCHEDULER MODIFIÉ EST EN TRAIN DE TOURNER ===
I0611 16:10:14.360983       1 schedule_one.go:166] "scheduling algorithm completed" duration ="40.9414ms" pod="default/fastfouriertransform-00001-deployment-5bb577bc85-l7qb7"
I0611 16:10:14.393277       1 schedule_one.go:166] "scheduling algorithm completed" duration ="49.599332ms" pod="default/linpack-00001-deployment-5fcdf8b7f7-n9kl9"
I0611 16:10:16.326536       1 schedule_one.go:67] === MON SCHEDULER MODIFIÉ EST EN TRAIN DE TOURNER ===
I0611 16:10:16.329009       1 schedule_one.go:67] === MON SCHEDULER MODIFIÉ EST EN TRAIN DE TOURNER ===
I0611 16:10:16.355677       1 schedule_one.go:166] "scheduling algorithm completed" duration ="27.831057ms" pod="default/genmatrix-00001-deployment-6774b76f77-6jw6m"
I0611 16:10:16.356649       1 schedule_one.go:166] "scheduling algorithm completed" duration ="31.062633ms" pod="default/fetchdata-00001-deployment-66f645596-bbndk"
I0611 16:10:16.377310       1 schedule_one.go:67] === MON SCHEDULER MODIFIÉ EST EN TRAIN DE TOURNER ===
I0611 16:10:16.397880       1 schedule_one.go:67] === MON SCHEDULER MODIFIÉ EST EN TRAIN DE TOURNER ===
I0611 16:10:16.441687       1 schedule_one.go:166] "scheduling algorithm completed" duration ="44.616403ms" pod="default/fetchdata-00001-deployment-66f645596-rljbc"
I0611 16:10:16.505747       1 schedule_one.go:67] === MON SCHEDULER MODIFIÉ EST EN TRAIN DE TOURNER ===
I0611 16:10:16.508010       1 schedule_one.go:67] === MON SCHEDULER MODIFIÉ EST EN TRAIN DE TOURNER ===
I0611 16:10:16.513553       1 schedule_one.go:67] === MON SCHEDULER MODIFIÉ EST EN TRAIN DE TOURNER ===
I0611 16:10:16.550364       1 schedule_one.go:166] "scheduling algorithm completed" duration ="173.729996ms" pod="default/fetchdata-00001-deployment-66f645596-lbgvv"
I0611 16:10:16.559906       1 schedule_one.go:67] === MON SCHEDULER MODIFIÉ EST EN TRAIN DE TOURNER ===
I0611 16:10:16.562323       1 schedule_one.go:67] === MON SCHEDULER MODIFIÉ EST EN TRAIN DE TOURNER ===
I0611 16:10:16.562524       1 schedule_one.go:166] "scheduling algorithm completed" duration ="58.06469ms" pod="default/genmatrix-00001-deployment-6774b76f77-4t5gv"
I0611 16:10:16.562524       1 schedule_one.go:166] "scheduling algorithm completed" duration ="55.222429ms" pod="default/linpack-00001-deployment-5fcdf8b7f7-x6vvp"
I0611 16:10:16.587789       1 schedule_one.go:166] "scheduling algorithm completed" duration ="74.892961ms" pod="default/matrixmul-00001-deployment-5cb8b76cf6-xbhxf"
I0611 16:10:16.598114       1 schedule_one.go:166] "scheduling algorithm completed" duration ="38.867472ms" pod="default/matrixmul-00001-deployment-5cb8b76cf6-gskvt"
I0611 16:10:16.724803       1 schedule_one.go:166] "scheduling algorithm completed" duration ="163.708841ms" pod="default/linpack-00001-deployment-5fcdf8b7f7-zg952"
I0611 16:10:16.893299       1 schedule_one.go:67] === MON SCHEDULER MODIFIÉ EST EN TRAIN DE TOURNER ===
I0611 16:10:16.931380       1 schedule_one.go:67] === MON SCHEDULER MODIFIÉ EST EN TRAIN DE TOURNER ===
I0611 16:10:16.931878       1 schedule_one.go:166] "scheduling algorithm completed" duration ="39.69177ms" pod="default/fastfouriertransform-00001-deployment-5bb577bc85-gr9w5"
I0611 16:10:16.963377       1 schedule_one.go:166] "scheduling algorithm completed" duration ="32.956154ms" pod="default/fastfouriertransform-00001-deployment-5bb577bc85-2r52w"
I0611 16:10:18.485671       1 schedule_one.go:67] === MON SCHEDULER MODIFIÉ EST EN TRAIN DE TOURNER ===
I0611 16:10:18.541018       1 schedule_one.go:166] "scheduling algorithm completed" duration ="55.673467ms" pod="default/linpack-00001-deployment-5fcdf8b7f7-k89vl"
I0611 16:10:18.726644       1 schedule_one.go:67] === MON SCHEDULER MODIFIÉ EST EN TRAIN DE TOURNER ===
I0611 16:10:18.766610       1 schedule_one.go:166] "scheduling algorithm completed" duration ="41.238678ms" pod="default/fastfouriertransform-00001-deployment-5bb577bc85-d7tk2"
I0611 16:10:18.779026       1 schedule_one.go:67] === MON SCHEDULER MODIFIÉ EST EN TRAIN DE TOURNER ===
I0611 16:10:18.819792       1 schedule_one.go:166] "scheduling algorithm completed" duration ="43.702513ms" pod="default/fetchdata-00001-deployment-66f645596-v76zx"
I0611 16:10:18.994345       1 schedule_one.go:67] === MON SCHEDULER MODIFIÉ EST EN TRAIN DE TOURNER ===
I0611 16:10:19.030809       1 schedule_one.go:166] "scheduling algorithm completed" duration ="37.163045ms" pod="default/matrixmul-00001-deployment-5cb8b76cf6-44fxm"
I0611 16:10:19.143900       1 schedule_one.go:67] === MON SCHEDULER MODIFIÉ EST EN TRAIN DE TOURNER ===
I0611 16:10:19.193711       1 schedule_one.go:166] "scheduling algorithm completed" duration ="50.40974ms" pod="default/matrixmul-00001-deployment-5cb8b76cf6-dsvmr"
I0611 16:10:20.279995       1 schedule_one.go:67] === MON SCHEDULER MODIFIÉ EST EN TRAIN DE TOURNER ===
I0611 16:10:20.322549       1 schedule_one.go:166] "scheduling algorithm completed" duration ="45.249478ms" pod="default/fetchdata-00001-deployment-66f645596-glnx2"
I0611 16:10:20.325793       1 schedule_one.go:67] === MON SCHEDULER MODIFIÉ EST EN TRAIN DE TOURNER ===
I0611 16:10:20.359539       1 schedule_one.go:166] "scheduling algorithm completed" duration ="34.898655ms" pod="default/linpack-00001-deployment-5fcdf8b7f7-b2qp7"
I0611 16:10:20.443835       1 schedule_one.go:67] === MON SCHEDULER MODIFIÉ EST EN TRAIN DE TOURNER ===
I0611 16:10:20.448426       1 schedule_one.go:67] === MON SCHEDULER MODIFIÉ EST EN TRAIN DE TOURNER ===
I0611 16:10:20.465424       1 schedule_one.go:166] "scheduling algorithm completed" duration ="19.649588ms" pod="default/linpack-00001-deployment-5fcdf8b7f7-jsp2p"
I0611 16:10:20.469830       1 schedule_one.go:67] === MON SCHEDULER MODIFIÉ EST EN TRAIN DE TOURNER ===
I0611 16:10:20.483875       1 schedule_one.go:166] "scheduling algorithm completed" duration ="41.214474ms" pod="default/linpack-00001-deployment-5fcdf8b7f7-qzg96"
I0611 16:10:20.495512       1 schedule_one.go:67] === MON SCHEDULER MODIFIÉ EST EN TRAIN DE TOURNER ===
I0611 16:10:20.518039       1 schedule_one.go:166] "scheduling algorithm completed" duration ="48.924183ms" pod="default/fastfouriertransform-00001-deployment-5bb577bc85-7czqx"
I0611 16:10:20.538444       1 schedule_one.go:166] "scheduling algorithm completed" duration ="43.905643ms" pod="default/matrixmul-00001-deployment-5cb8b76cf6-r4h2j"
I0611 16:10:20.545118       1 schedule_one.go:67] === MON SCHEDULER MODIFIÉ EST EN TRAIN DE TOURNER ===
I0611 16:10:20.556399       1 schedule_one.go:67] === MON SCHEDULER MODIFIÉ EST EN TRAIN DE TOURNER ===
I0611 16:10:20.586780       1 schedule_one.go:67] === MON SCHEDULER MODIFIÉ EST EN TRAIN DE TOURNER ===
I0611 16:10:20.676641       1 schedule_one.go:166] "scheduling algorithm completed" duration ="121.059791ms" pod="default/matrixmul-00001-deployment-5cb8b76cf6-kzm6l"
I0611 16:10:20.679210       1 schedule_one.go:166] "scheduling algorithm completed" duration ="140.102565ms" pod="default/fastfouriertransform-00001-deployment-5bb577bc85-dbgmw"
I0611 16:10:20.959543       1 schedule_one.go:166] "scheduling algorithm completed" duration ="375.819254ms" pod="default/matrixmul-00001-deployment-5cb8b76cf6-kz7x7"
I0611 16:10:22.307433       1 schedule_one.go:67] === MON SCHEDULER MODIFIÉ EST EN TRAIN DE TOURNER ===
I0611 16:10:22.320446       1 schedule_one.go:166] "scheduling algorithm completed" duration ="14.270807ms" pod="default/matrixmul-00001-deployment-5cb8b76cf6-trckj"
I0611 16:10:22.327968       1 schedule_one.go:67] === MON SCHEDULER MODIFIÉ EST EN TRAIN DE TOURNER ===
I0611 16:10:22.365066       1 schedule_one.go:67] === MON SCHEDULER MODIFIÉ EST EN TRAIN DE TOURNER ===
I0611 16:10:22.365034       1 schedule_one.go:166] "scheduling algorithm completed" duration ="39.147121ms" pod="default/linpack-00001-deployment-5fcdf8b7f7-6blfp"
I0611 16:10:22.396781       1 schedule_one.go:166] "scheduling algorithm completed" duration ="37.721027ms" pod="default/matrixmul-00001-deployment-5cb8b76cf6-7cn5q"
I0611 16:10:24.290447       1 schedule_one.go:67] === MON SCHEDULER MODIFIÉ EST EN TRAIN DE TOURNER ===
I0611 16:10:24.293750       1 schedule_one.go:67] === MON SCHEDULER MODIFIÉ EST EN TRAIN DE TOURNER ===
I0611 16:10:24.303592       1 schedule_one.go:166] "scheduling algorithm completed" duration ="18.351365ms" pod="default/matrixmul-00001-deployment-5cb8b76cf6-hml4r"
I0611 16:10:24.304886       1 schedule_one.go:166] "scheduling algorithm completed" duration ="14.385659ms" pod="default/matrixmul-00001-deployment-5cb8b76cf6-6kzc6"
I0611 16:10:26.295246       1 schedule_one.go:67] === MON SCHEDULER MODIFIÉ EST EN TRAIN DE TOURNER ===
I0611 16:10:26.314815       1 schedule_one.go:166] "scheduling algorithm completed" duration ="21.236812ms" pod="default/fastfouriertransform-00001-deployment-5bb577bc85-fnkb7"
I0611 16:10:26.354650       1 schedule_one.go:67] === MON SCHEDULER MODIFIÉ EST EN TRAIN DE TOURNER ===
I0611 16:10:26.367924       1 schedule_one.go:166] "scheduling algorithm completed" duration ="14.284084ms" pod="default/matrixmul-00001-deployment-5cb8b76cf6-cgr27"
I0611 16:10:26.382496       1 schedule_one.go:67] === MON SCHEDULER MODIFIÉ EST EN TRAIN DE TOURNER ===
I0611 16:10:26.403493       1 schedule_one.go:166] "scheduling algorithm completed" duration ="22.107219ms" pod="default/matrixmul-00001-deployment-5cb8b76cf6-xnk7t"
I0611 16:10:28.272632       1 schedule_one.go:67] === MON SCHEDULER MODIFIÉ EST EN TRAIN DE TOURNER ===
I0611 16:10:28.280177       1 schedule_one.go:166] "scheduling algorithm completed" duration ="8.285876ms" pod="default/fastfouriertransform-00001-deployment-5bb577bc85-xpbp2"
I0611 16:10:28.293468       1 schedule_one.go:67] === MON SCHEDULER MODIFIÉ EST EN TRAIN DE TOURNER ===
I0611 16:10:28.316929       1 schedule_one.go:166] "scheduling algorithm completed" duration ="24.273332ms" pod="default/fastfouriertransform-00001-deployment-5bb577bc85-2qq89"
I0611 16:10:30.272448       1 schedule_one.go:67] === MON SCHEDULER MODIFIÉ EST EN TRAIN DE TOURNER ===
I0611 16:10:30.281144       1 schedule_one.go:166] "scheduling algorithm completed" duration ="9.535581ms" pod="default/fastfouriertransform-00001-deployment-5bb577bc85-hwf4g"
I0611 16:10:30.287454       1 schedule_one.go:67] === MON SCHEDULER MODIFIÉ EST EN TRAIN DE TOURNER ===
I0611 16:10:30.302646       1 schedule_one.go:166] "scheduling algorithm completed" duration ="16.058567ms" pod="default/fastfouriertransform-00001-deployment-5bb577bc85-8xxv2"
I0611 16:10:32.272754       1 schedule_one.go:67] === MON SCHEDULER MODIFIÉ EST EN TRAIN DE TOURNER ===
I0611 16:10:32.290702       1 schedule_one.go:166] "scheduling algorithm completed" duration ="18.947495ms" pod="default/linpack-00001-deployment-5fcdf8b7f7-64rwr"
I0611 16:10:32.319948       1 schedule_one.go:67] === MON SCHEDULER MODIFIÉ EST EN TRAIN DE TOURNER ===
I0611 16:10:32.347229       1 schedule_one.go:166] "scheduling algorithm completed" duration ="28.530909ms" pod="default/fastfouriertransform-00001-deployment-5bb577bc85-46pcn"
I0611 16:10:34.267998       1 schedule_one.go:67] === MON SCHEDULER MODIFIÉ EST EN TRAIN DE TOURNER ===
I0611 16:10:34.280380       1 schedule_one.go:166] "scheduling algorithm completed" duration ="13.193732ms" pod="default/linpack-00001-deployment-5fcdf8b7f7-pkhb5"
I0611 16:20:04.873602       1 schedule_one.go:67] === MON SCHEDULER MODIFIÉ EST EN TRAIN DE TOURNER ===
I0611 16:20:04.876157       1 schedule_one.go:67] === MON SCHEDULER MODIFIÉ EST EN TRAIN DE TOURNER ===
I0611 16:20:04.920808       1 schedule_one.go:166] "scheduling algorithm completed" duration ="47.970294ms" pod="default/genmatrix-00001-deployment-6774b76f77-p5pr7"
I0611 16:20:04.975033       1 schedule_one.go:166] "scheduling algorithm completed" duration ="99.340109ms" pod="default/fastfouriertransform-00001-deployment-5bb577bc85-lg6nr"
I0611 16:20:05.135491       1 schedule_one.go:67] === MON SCHEDULER MODIFIÉ EST EN TRAIN DE TOURNER ===
I0611 16:20:05.141725       1 schedule_one.go:67] === MON SCHEDULER MODIFIÉ EST EN TRAIN DE TOURNER ===
I0611 16:20:05.249409       1 schedule_one.go:166] "scheduling algorithm completed" duration ="115.454213ms" pod="default/fetchdata-00001-deployment-66f645596-ssxbv"
I0611 16:20:05.288544       1 schedule_one.go:166] "scheduling algorithm completed" duration ="147.553681ms" pod="default/linpack-00001-deployment-5fcdf8b7f7-xc5zd"
I0611 16:20:05.380390       1 schedule_one.go:67] === MON SCHEDULER MODIFIÉ EST EN TRAIN DE TOURNER ===
I0611 16:20:05.437239       1 schedule_one.go:166] "scheduling algorithm completed" duration ="57.481264ms" pod="default/matrixmul-00001-deployment-5cb8b76cf6-vfm9l"
I0611 16:20:06.272988       1 schedule_one.go:67] === MON SCHEDULER MODIFIÉ EST EN TRAIN DE TOURNER ===
I0611 16:20:06.288940       1 schedule_one.go:166] "scheduling algorithm completed" duration ="16.896679ms" pod="default/genmatrix-00001-deployment-6774b76f77-kqxlc"
I0611 16:20:06.304288       1 schedule_one.go:67] === MON SCHEDULER MODIFIÉ EST EN TRAIN DE TOURNER ===
I0611 16:20:06.329843       1 schedule_one.go:166] "scheduling algorithm completed" duration ="26.281148ms" pod="default/fastfouriertransform-00001-deployment-5bb577bc85-mdxzs"
I0611 16:20:06.344125       1 schedule_one.go:67] === MON SCHEDULER MODIFIÉ EST EN TRAIN DE TOURNER ===
I0611 16:20:06.387636       1 schedule_one.go:166] "scheduling algorithm completed" duration ="44.62218ms" pod="default/fastfouriertransform-00001-deployment-5bb577bc85-m2wfd"
I0611 16:20:06.461326       1 schedule_one.go:67] === MON SCHEDULER MODIFIÉ EST EN TRAIN DE TOURNER ===
I0611 16:20:06.488597       1 schedule_one.go:166] "scheduling algorithm completed" duration ="28.276502ms" pod="default/linpack-00001-deployment-5fcdf8b7f7-j2mq8"
I0611 16:20:06.515408       1 schedule_one.go:67] === MON SCHEDULER MODIFIÉ EST EN TRAIN DE TOURNER ===
I0611 16:20:06.552448       1 schedule_one.go:166] "scheduling algorithm completed" duration ="37.652842ms" pod="default/matrixmul-00001-deployment-5cb8b76cf6-qxjpx"
I0611 16:20:06.598742       1 schedule_one.go:67] === MON SCHEDULER MODIFIÉ EST EN TRAIN DE TOURNER ===
I0611 16:20:06.650630       1 schedule_one.go:166] "scheduling algorithm completed" duration ="52.615797ms" pod="default/fetchdata-00001-deployment-66f645596-7qrvs"
I0611 16:20:08.288614       1 schedule_one.go:67] === MON SCHEDULER MODIFIÉ EST EN TRAIN DE TOURNER ===
I0611 16:20:08.291060       1 schedule_one.go:67] === MON SCHEDULER MODIFIÉ EST EN TRAIN DE TOURNER ===
I0611 16:20:08.306585       1 schedule_one.go:166] "scheduling algorithm completed" duration ="18.578865ms" pod="default/linpack-00001-deployment-5fcdf8b7f7-gzbnk"
I0611 16:20:08.306585       1 schedule_one.go:166] "scheduling algorithm completed" duration ="16.068956ms" pod="default/fastfouriertransform-00001-deployment-5bb577bc85-ccc54"
I0611 16:20:08.343539       1 schedule_one.go:67] === MON SCHEDULER MODIFIÉ EST EN TRAIN DE TOURNER ===
I0611 16:20:08.378359       1 schedule_one.go:166] "scheduling algorithm completed" duration ="35.374136ms" pod="default/linpack-00001-deployment-5fcdf8b7f7-4qxn6"
I0611 16:20:08.509975       1 schedule_one.go:67] === MON SCHEDULER MODIFIÉ EST EN TRAIN DE TOURNER ===
I0611 16:20:08.583917       1 schedule_one.go:67] === MON SCHEDULER MODIFIÉ EST EN TRAIN DE TOURNER ===
I0611 16:20:08.601599       1 schedule_one.go:166] "scheduling algorithm completed" duration ="92.794734ms" pod="default/matrixmul-00001-deployment-5cb8b76cf6-cqjzp"
I0611 16:20:08.643277       1 schedule_one.go:67] === MON SCHEDULER MODIFIÉ EST EN TRAIN DE TOURNER ===
I0611 16:20:08.699353       1 schedule_one.go:166] "scheduling algorithm completed" duration ="115.976676ms" pod="default/fetchdata-00001-deployment-66f645596-c2fsw"
I0611 16:20:08.705639       1 schedule_one.go:67] === MON SCHEDULER MODIFIÉ EST EN TRAIN DE TOURNER ===
I0611 16:20:08.780971       1 schedule_one.go:166] "scheduling algorithm completed" duration ="139.873213ms" pod="default/genmatrix-00001-deployment-6774b76f77-t9h6c"
I0611 16:20:08.794181       1 schedule_one.go:67] === MON SCHEDULER MODIFIÉ EST EN TRAIN DE TOURNER ===
I0611 16:20:08.795890       1 schedule_one.go:67] === MON SCHEDULER MODIFIÉ EST EN TRAIN DE TOURNER ===
I0611 16:20:08.829765       1 schedule_one.go:166] "scheduling algorithm completed" duration ="125.564442ms" pod="default/fetchdata-00001-deployment-66f645596-wjd6d"
I0611 16:20:08.865859       1 schedule_one.go:166] "scheduling algorithm completed" duration ="70.791089ms" pod="default/genmatrix-00001-deployment-6774b76f77-kgw52"
I0611 16:20:08.866729       1 schedule_one.go:166] "scheduling algorithm completed" duration ="73.448386ms" pod="default/genmatrix-00001-deployment-6774b76f77-pbkbb"
I0611 16:20:10.286784       1 schedule_one.go:67] === MON SCHEDULER MODIFIÉ EST EN TRAIN DE TOURNER ===
I0611 16:20:10.302076       1 schedule_one.go:67] === MON SCHEDULER MODIFIÉ EST EN TRAIN DE TOURNER ===
I0611 16:20:10.323185       1 schedule_one.go:67] === MON SCHEDULER MODIFIÉ EST EN TRAIN DE TOURNER ===
I0611 16:20:10.337042       1 schedule_one.go:166] "scheduling algorithm completed" duration ="51.084556ms" pod="default/linpack-00001-deployment-5fcdf8b7f7-4fx5c"
I0611 16:20:10.358835       1 schedule_one.go:166] "scheduling algorithm completed" duration ="57.516116ms" pod="default/fastfouriertransform-00001-deployment-5bb577bc85-ncgt6"
I0611 16:20:10.366536       1 schedule_one.go:166] "scheduling algorithm completed" duration ="45.060033ms" pod="default/linpack-00001-deployment-5fcdf8b7f7-b2pw9"
I0611 16:20:10.449427       1 schedule_one.go:67] === MON SCHEDULER MODIFIÉ EST EN TRAIN DE TOURNER ===
I0611 16:20:10.488471       1 schedule_one.go:166] "scheduling algorithm completed" duration ="40.015177ms" pod="default/matrixmul-00001-deployment-5cb8b76cf6-jttdb"
I0611 16:20:10.542202       1 schedule_one.go:67] === MON SCHEDULER MODIFIÉ EST EN TRAIN DE TOURNER ===
I0611 16:20:10.578370       1 schedule_one.go:67] === MON SCHEDULER MODIFIÉ EST EN TRAIN DE TOURNER ===
I0611 16:20:10.611503       1 schedule_one.go:166] "scheduling algorithm completed" duration ="70.142829ms" pod="default/matrixmul-00001-deployment-5cb8b76cf6-792kp"
I0611 16:20:10.638167       1 schedule_one.go:166] "scheduling algorithm completed" duration ="61.241544ms" pod="default/fetchdata-00001-deployment-66f645596-bphr7"
I0611 16:20:12.270389       1 schedule_one.go:67] === MON SCHEDULER MODIFIÉ EST EN TRAIN DE TOURNER ===
I0611 16:20:12.284992       1 schedule_one.go:67] === MON SCHEDULER MODIFIÉ EST EN TRAIN DE TOURNER ===
I0611 16:20:12.286051       1 schedule_one.go:166] "scheduling algorithm completed" duration ="16.39079ms" pod="default/linpack-00001-deployment-5fcdf8b7f7-8sjtj"
I0611 16:20:12.313619       1 schedule_one.go:166] "scheduling algorithm completed" duration ="29.34254ms" pod="default/matrixmul-00001-deployment-5cb8b76cf6-ht7hg"
I0611 16:20:12.315369       1 schedule_one.go:67] === MON SCHEDULER MODIFIÉ EST EN TRAIN DE TOURNER ===
I0611 16:20:12.318496       1 schedule_one.go:67] === MON SCHEDULER MODIFIÉ EST EN TRAIN DE TOURNER ===
I0611 16:20:12.320321       1 schedule_one.go:67] === MON SCHEDULER MODIFIÉ EST EN TRAIN DE TOURNER ===
I0611 16:20:12.330402       1 schedule_one.go:67] === MON SCHEDULER MODIFIÉ EST EN TRAIN DE TOURNER ===
I0611 16:20:12.341579       1 schedule_one.go:67] === MON SCHEDULER MODIFIÉ EST EN TRAIN DE TOURNER ===
I0611 16:20:12.347511       1 schedule_one.go:166] "scheduling algorithm completed" duration ="33.843728ms" pod="default/linpack-00001-deployment-5fcdf8b7f7-lplmh"
I0611 16:20:12.351580       1 schedule_one.go:166] "scheduling algorithm completed" duration ="35.827304ms" pod="default/linpack-00001-deployment-5fcdf8b7f7-ps9sh"
I0611 16:20:12.351720       1 schedule_one.go:166] "scheduling algorithm completed" duration ="22.023386ms" pod="default/matrixmul-00001-deployment-5cb8b76cf6-42c25"
I0611 16:20:12.351802       1 schedule_one.go:166] "scheduling algorithm completed" duration ="33.187783ms" pod="default/linpack-00001-deployment-5fcdf8b7f7-tdszq"
I0611 16:20:12.383276       1 schedule_one.go:166] "scheduling algorithm completed" duration ="42.690086ms" pod="default/matrixmul-00001-deployment-5cb8b76cf6-nzlmd"
I0611 16:20:14.493949       1 schedule_one.go:67] === MON SCHEDULER MODIFIÉ EST EN TRAIN DE TOURNER ===
I0611 16:20:14.539336       1 schedule_one.go:166] "scheduling algorithm completed" duration ="46.635071ms" pod="default/linpack-00001-deployment-5fcdf8b7f7-5bls2"
I0611 16:20:14.561753       1 schedule_one.go:67] === MON SCHEDULER MODIFIÉ EST EN TRAIN DE TOURNER ===
I0611 16:20:14.636467       1 schedule_one.go:166] "scheduling algorithm completed" duration ="76.471148ms" pod="default/matrixmul-00001-deployment-5cb8b76cf6-g2v8w"
I0611 16:20:14.646223       1 schedule_one.go:67] === MON SCHEDULER MODIFIÉ EST EN TRAIN DE TOURNER ===
I0611 16:20:14.647257       1 schedule_one.go:67] === MON SCHEDULER MODIFIÉ EST EN TRAIN DE TOURNER ===
I0611 16:20:14.703512       1 schedule_one.go:166] "scheduling algorithm completed" duration ="57.930283ms" pod="default/matrixmul-00001-deployment-5cb8b76cf6-wk5j6"
I0611 16:20:14.703512       1 schedule_one.go:166] "scheduling algorithm completed" duration ="57.263375ms" pod="default/matrixmul-00001-deployment-5cb8b76cf6-r9vfs"
I0611 16:20:16.283730       1 schedule_one.go:67] === MON SCHEDULER MODIFIÉ EST EN TRAIN DE TOURNER ===
I0611 16:20:16.298822       1 schedule_one.go:67] === MON SCHEDULER MODIFIÉ EST EN TRAIN DE TOURNER ===
I0611 16:20:16.311135       1 schedule_one.go:166] "scheduling algorithm completed" duration ="28.140391ms" pod="default/matrixmul-00001-deployment-5cb8b76cf6-7d7xq"
I0611 16:20:16.328210       1 schedule_one.go:166] "scheduling algorithm completed" duration ="31.031985ms" pod="default/matrixmul-00001-deployment-5cb8b76cf6-r2bsc"
I0611 16:20:18.338033       1 schedule_one.go:67] === MON SCHEDULER MODIFIÉ EST EN TRAIN DE TOURNER ===
I0611 16:20:18.377608       1 schedule_one.go:67] === MON SCHEDULER MODIFIÉ EST EN TRAIN DE TOURNER ===
I0611 16:20:18.396933       1 schedule_one.go:166] "scheduling algorithm completed" duration ="59.641506ms" pod="default/fastfouriertransform-00001-deployment-5bb577bc85-zrtzp"
I0611 16:20:18.405179       1 schedule_one.go:166] "scheduling algorithm completed" duration ="28.247446ms" pod="default/fastfouriertransform-00001-deployment-5bb577bc85-mfx5z"
I0611 16:20:20.298039       1 schedule_one.go:67] === MON SCHEDULER MODIFIÉ EST EN TRAIN DE TOURNER ===
I0611 16:20:20.307685       1 schedule_one.go:166] "scheduling algorithm completed" duration ="10.487859ms" pod="default/fastfouriertransform-00001-deployment-5bb577bc85-9wmm7"
I0611 16:20:20.379346       1 schedule_one.go:67] === MON SCHEDULER MODIFIÉ EST EN TRAIN DE TOURNER ===
I0611 16:20:20.381639       1 schedule_one.go:67] === MON SCHEDULER MODIFIÉ EST EN TRAIN DE TOURNER ===
I0611 16:20:20.387317       1 schedule_one.go:166] "scheduling algorithm completed" duration ="8.135228ms" pod="default/fastfouriertransform-00001-deployment-5bb577bc85-n85w5"
I0611 16:20:20.392808       1 schedule_one.go:166] "scheduling algorithm completed" duration ="11.938972ms" pod="default/fastfouriertransform-00001-deployment-5bb577bc85-8dlm5"
I0611 16:20:20.417029       1 schedule_one.go:67] === MON SCHEDULER MODIFIÉ EST EN TRAIN DE TOURNER ===
I0611 16:20:20.418062       1 schedule_one.go:67] === MON SCHEDULER MODIFIÉ EST EN TRAIN DE TOURNER ===
I0611 16:20:20.430800       1 schedule_one.go:166] "scheduling algorithm completed" duration ="13.513695ms" pod="default/fastfouriertransform-00001-deployment-5bb577bc85-58wj6"
I0611 16:20:20.459333       1 schedule_one.go:166] "scheduling algorithm completed" duration ="43.758736ms" pod="default/fastfouriertransform-00001-deployment-5bb577bc85-q7x2t"
I0611 16:20:22.307992       1 schedule_one.go:67] === MON SCHEDULER MODIFIÉ EST EN TRAIN DE TOURNER ===
I0611 16:20:22.334059       1 schedule_one.go:166] "scheduling algorithm completed" duration ="27.004205ms" pod="default/fastfouriertransform-00001-deployment-5bb577bc85-qqdz5"
I0611 16:20:22.345400       1 schedule_one.go:67] === MON SCHEDULER MODIFIÉ EST EN TRAIN DE TOURNER ===
I0611 16:20:22.361839       1 schedule_one.go:67] === MON SCHEDULER MODIFIÉ EST EN TRAIN DE TOURNER ===
I0611 16:20:22.368671       1 schedule_one.go:166] "scheduling algorithm completed" duration ="25.442167ms" pod="default/fastfouriertransform-00001-deployment-5bb577bc85-f66z5"
I0611 16:20:22.375506       1 schedule_one.go:166] "scheduling algorithm completed" duration ="14.370863ms" pod="default/fastfouriertransform-00001-deployment-5bb577bc85-49td7"
I0611 16:20:22.430947       1 schedule_one.go:67] === MON SCHEDULER MODIFIÉ EST EN TRAIN DE TOURNER ===
I0611 16:20:22.444852       1 schedule_one.go:166] "scheduling algorithm completed" duration ="14.543121ms" pod="default/fastfouriertransform-00001-deployment-5bb577bc85-jrkzz"
I0611 16:20:22.453652       1 schedule_one.go:67] === MON SCHEDULER MODIFIÉ EST EN TRAIN DE TOURNER ===
I0611 16:20:22.489955       1 schedule_one.go:166] "scheduling algorithm completed" duration ="37.097397ms" pod="default/fastfouriertransform-00001-deployment-5bb577bc85-cs7sx"
I0611 16:20:24.281549       1 schedule_one.go:67] === MON SCHEDULER MODIFIÉ EST EN TRAIN DE TOURNER ===
I0611 16:20:24.291339       1 schedule_one.go:166] "scheduling algorithm completed" duration ="10.581952ms" pod="default/fastfouriertransform-00001-deployment-5bb577bc85-5pmc2"
I0611 16:20:24.299119       1 schedule_one.go:67] === MON SCHEDULER MODIFIÉ EST EN TRAIN DE TOURNER ===
I0611 16:20:24.317094       1 schedule_one.go:166] "scheduling algorithm completed" duration ="18.642162ms" pod="default/fastfouriertransform-00001-deployment-5bb577bc85-n9glx"
