I0630 12:27:38.995397       1 serving.go:386] Generated self-signed cert in-memory
W0630 12:27:38.996097       1 client_config.go:683] Neither --kubeconfig nor --master was specified.  Using the inClusterConfig.  This might not work.
I0630 12:27:39.018366       1 scheduler.go:283] ===  SCHEDULer New  ===
I0630 12:27:39.019896       1 scheduler.go:457] "fonction New() construit le scheduler, mais ne commence pas à scheduler les pods, c'est la fonction Run() qui commence le scheduling des pods." duration ="1.500945ms"
I0630 12:27:39.021762       1 server.go:175] "Starting Kubernetes Scheduler" version="v0.0.0-master+$Format:%H$"
I0630 12:27:39.021777       1 server.go:177] "Golang settings" GOGC="" GOMAXPROCS="" GOTRACEBACK=""
I0630 12:27:39.027663       1 secure_serving.go:211] Serving securely on [::]:10259
I0630 12:27:39.028403       1 requestheader_controller.go:180] Starting RequestHeaderAuthRequestController
I0630 12:27:39.028421       1 shared_informer.go:375] "Waiting for caches to sync"
I0630 12:27:39.028434       1 tlsconfig.go:243] "Starting DynamicServingCertificateController"
I0630 12:27:39.028443       1 configmap_cafile_content.go:205] "Starting controller" name="client-ca::kube-system::extension-apiserver-authentication::client-ca-file"
I0630 12:27:39.028452       1 shared_informer.go:375] "Waiting for caches to sync"
I0630 12:27:39.028463       1 configmap_cafile_content.go:205] "Starting controller" name="client-ca::kube-system::extension-apiserver-authentication::requestheader-client-ca-file"
I0630 12:27:39.028471       1 shared_informer.go:375] "Waiting for caches to sync"
I0630 12:27:39.128531       1 shared_informer.go:382] "Caches are synced"
I0630 12:27:39.128549       1 shared_informer.go:382] "Caches are synced"
I0630 12:27:39.128536       1 shared_informer.go:382] "Caches are synced"
I0630 12:27:39.229041       1 scheduler.go:542] ===  SCHEDULing RUN ===
I0630 12:27:39.229115       1 schedule_one.go:67] === MON SCHEDULER MODIFIÉ EST EN TRAIN DE TOURNER ===
I0630 12:33:01.994442       1 schedule_one.go:67] === MON SCHEDULER MODIFIÉ EST EN TRAIN DE TOURNER ===
I0630 12:33:01.995219       1 schedule_one.go:67] === MON SCHEDULER MODIFIÉ EST EN TRAIN DE TOURNER ===
I0630 12:33:01.999117       1 schedule_one.go:166] "scheduling algorithm completed" duration ="7.312024ms" pod="default/resnet-00001-deployment-5c95599d68-7tkbb"
I0630 12:33:02.000493       1 schedule_one.go:166] "scheduling algorithm completed" duration ="6.014652ms" pod="default/mobilenet-00001-deployment-76d95655d-r5f6v"
I0630 12:33:03.430472       1 schedule_one.go:67] === MON SCHEDULER MODIFIÉ EST EN TRAIN DE TOURNER ===
I0630 12:33:03.434821       1 schedule_one.go:166] "scheduling algorithm completed" duration ="5.286651ms" pod="default/mobilenet-00001-deployment-76d95655d-pmppn"
I0630 12:33:05.433757       1 schedule_one.go:67] === MON SCHEDULER MODIFIÉ EST EN TRAIN DE TOURNER ===
I0630 12:33:05.436852       1 schedule_one.go:67] === MON SCHEDULER MODIFIÉ EST EN TRAIN DE TOURNER ===
I0630 12:33:05.438615       1 schedule_one.go:166] "scheduling algorithm completed" duration ="5.386226ms" pod="default/resnet-00001-deployment-5c95599d68-6txdr"
I0630 12:33:05.441595       1 schedule_one.go:67] === MON SCHEDULER MODIFIÉ EST EN TRAIN DE TOURNER ===
I0630 12:33:05.442158       1 schedule_one.go:166] "scheduling algorithm completed" duration ="5.859152ms" pod="default/resnet-00001-deployment-5c95599d68-s52qf"
I0630 12:33:05.446432       1 schedule_one.go:166] "scheduling algorithm completed" duration ="5.63006ms" pod="default/mobilenet-00001-deployment-76d95655d-v4sb8"
I0630 12:33:07.427835       1 schedule_one.go:67] === MON SCHEDULER MODIFIÉ EST EN TRAIN DE TOURNER ===
I0630 12:33:07.431579       1 schedule_one.go:67] === MON SCHEDULER MODIFIÉ EST EN TRAIN DE TOURNER ===
I0630 12:33:07.431749       1 schedule_one.go:166] "scheduling algorithm completed" duration ="5.156948ms" pod="default/resnet-00001-deployment-5c95599d68-knh8s"
I0630 12:33:07.435175       1 schedule_one.go:166] "scheduling algorithm completed" duration ="4.373929ms" pod="default/resnet-00001-deployment-5c95599d68-nlj6p"
I0630 12:41:01.180223       1 schedule_one.go:67] === MON SCHEDULER MODIFIÉ EST EN TRAIN DE TOURNER ===
I0630 12:41:01.184521       1 schedule_one.go:166] "scheduling algorithm completed" duration ="5.017411ms" pod="default/mobilenet-00001-deployment-76d95655d-69tgc"
I0630 12:41:01.227206       1 schedule_one.go:67] === MON SCHEDULER MODIFIÉ EST EN TRAIN DE TOURNER ===
I0630 12:41:01.230319       1 schedule_one.go:166] "scheduling algorithm completed" duration ="3.82128ms" pod="default/resnet-00001-deployment-5c95599d68-46rx9"
I0630 12:41:03.428355       1 schedule_one.go:67] === MON SCHEDULER MODIFIÉ EST EN TRAIN DE TOURNER ===
I0630 12:41:03.432782       1 schedule_one.go:166] "scheduling algorithm completed" duration ="4.992281ms" pod="default/mobilenet-00001-deployment-76d95655d-rl7pd"
I0630 12:41:05.429401       1 schedule_one.go:67] === MON SCHEDULER MODIFIÉ EST EN TRAIN DE TOURNER ===
I0630 12:41:05.433707       1 schedule_one.go:166] "scheduling algorithm completed" duration ="4.826744ms" pod="default/resnet-00001-deployment-5c95599d68-58944"
I0630 12:50:21.525470       1 schedule_one.go:67] === MON SCHEDULER MODIFIÉ EST EN TRAIN DE TOURNER ===
I0630 12:50:21.530348       1 schedule_one.go:166] "scheduling algorithm completed" duration ="5.528001ms" pod="default/mobilenet-00001-deployment-76d95655d-hv6gh"
I0630 12:50:21.534220       1 schedule_one.go:67] === MON SCHEDULER MODIFIÉ EST EN TRAIN DE TOURNER ===
I0630 12:50:21.539327       1 schedule_one.go:166] "scheduling algorithm completed" duration ="5.641501ms" pod="default/resnet-00001-deployment-5c95599d68-b977g"
I0630 12:50:25.426326       1 schedule_one.go:67] === MON SCHEDULER MODIFIÉ EST EN TRAIN DE TOURNER ===
I0630 12:50:25.431756       1 schedule_one.go:67] === MON SCHEDULER MODIFIÉ EST EN TRAIN DE TOURNER ===
I0630 12:50:25.431874       1 schedule_one.go:166] "scheduling algorithm completed" duration ="6.147168ms" pod="default/mobilenet-00001-deployment-76d95655d-7789c"
I0630 12:50:25.436834       1 schedule_one.go:166] "scheduling algorithm completed" duration ="5.789279ms" pod="default/resnet-00001-deployment-5c95599d68-vsmcg"
I0630 13:01:32.049997       1 schedule_one.go:67] === MON SCHEDULER MODIFIÉ EST EN TRAIN DE TOURNER ===
I0630 13:01:32.053926       1 schedule_one.go:166] "scheduling algorithm completed" duration ="5.34454ms" pod="default/mobilenet-00001-deployment-76d95655d-dtm5f"
I0630 13:01:32.087879       1 schedule_one.go:67] === MON SCHEDULER MODIFIÉ EST EN TRAIN DE TOURNER ===
I0630 13:01:32.091689       1 schedule_one.go:166] "scheduling algorithm completed" duration ="4.598373ms" pod="default/resnet-00001-deployment-5c95599d68-qk5t9"
I0630 13:01:35.434917       1 schedule_one.go:67] === MON SCHEDULER MODIFIÉ EST EN TRAIN DE TOURNER ===
I0630 13:01:35.441129       1 schedule_one.go:166] "scheduling algorithm completed" duration ="6.81217ms" pod="default/resnet-00001-deployment-5c95599d68-85rsn"
