I0630 12:27:38.995397       1 serving.go:386] Generated self-signed cert in-memory
W0630 12:27:38.996097       1 client_config.go:683] Neither --kubeconfig nor --master was specified.  Using the inClusterConfig.  This might not work.
I0630 12:27:39.018366       1 scheduler.go:283] ===  SCHEDULer New  ===
I0630 12:27:39.019896       1 scheduler.go:457] "fonction New() construit le scheduler, mais ne commence pas à scheduler les pods, c'est la fonction Run() qui commence le scheduling des pods." duration ="1.500945ms"
I0630 12:27:39.021762       1 server.go:175] "Starting Kubernetes Scheduler" version="v0.0.0-master+$Format:%H$"
I0630 12:27:39.021777       1 server.go:177] "Golang settings" GOGC="" GOMAXPROCS="" GOTRACEBACK=""
I0630 12:27:39.027663       1 secure_serving.go:211] Serving securely on [::]:10259
I0630 12:27:39.028403       1 requestheader_controller.go:180] Starting RequestHeaderAuthRequestController
I0630 12:27:39.028421       1 shared_informer.go:375] "Waiting for caches to sync"
I0630 12:27:39.028434       1 tlsconfig.go:243] "Starting DynamicServingCertificateController"
I0630 12:27:39.028443       1 configmap_cafile_content.go:205] "Starting controller" name="client-ca::kube-system::extension-apiserver-authentication::client-ca-file"
I0630 12:27:39.028452       1 shared_informer.go:375] "Waiting for caches to sync"
I0630 12:27:39.028463       1 configmap_cafile_content.go:205] "Starting controller" name="client-ca::kube-system::extension-apiserver-authentication::requestheader-client-ca-file"
I0630 12:27:39.028471       1 shared_informer.go:375] "Waiting for caches to sync"
I0630 12:27:39.128531       1 shared_informer.go:382] "Caches are synced"
I0630 12:27:39.128549       1 shared_informer.go:382] "Caches are synced"
I0630 12:27:39.128536       1 shared_informer.go:382] "Caches are synced"
I0630 12:27:39.229041       1 scheduler.go:542] ===  SCHEDULing RUN ===
I0630 12:27:39.229115       1 schedule_one.go:67] === MON SCHEDULER MODIFIÉ EST EN TRAIN DE TOURNER ===
I0630 12:33:01.994442       1 schedule_one.go:67] === MON SCHEDULER MODIFIÉ EST EN TRAIN DE TOURNER ===
I0630 12:33:01.995219       1 schedule_one.go:67] === MON SCHEDULER MODIFIÉ EST EN TRAIN DE TOURNER ===
I0630 12:33:01.999117       1 schedule_one.go:166] "scheduling algorithm completed" duration ="7.312024ms" pod="default/resnet-00001-deployment-5c95599d68-7tkbb"
I0630 12:33:02.000493       1 schedule_one.go:166] "scheduling algorithm completed" duration ="6.014652ms" pod="default/mobilenet-00001-deployment-76d95655d-r5f6v"
I0630 12:33:03.430472       1 schedule_one.go:67] === MON SCHEDULER MODIFIÉ EST EN TRAIN DE TOURNER ===
I0630 12:33:03.434821       1 schedule_one.go:166] "scheduling algorithm completed" duration ="5.286651ms" pod="default/mobilenet-00001-deployment-76d95655d-pmppn"
I0630 12:33:05.433757       1 schedule_one.go:67] === MON SCHEDULER MODIFIÉ EST EN TRAIN DE TOURNER ===
I0630 12:33:05.436852       1 schedule_one.go:67] === MON SCHEDULER MODIFIÉ EST EN TRAIN DE TOURNER ===
I0630 12:33:05.438615       1 schedule_one.go:166] "scheduling algorithm completed" duration ="5.386226ms" pod="default/resnet-00001-deployment-5c95599d68-6txdr"
I0630 12:33:05.441595       1 schedule_one.go:67] === MON SCHEDULER MODIFIÉ EST EN TRAIN DE TOURNER ===
I0630 12:33:05.442158       1 schedule_one.go:166] "scheduling algorithm completed" duration ="5.859152ms" pod="default/resnet-00001-deployment-5c95599d68-s52qf"
I0630 12:33:05.446432       1 schedule_one.go:166] "scheduling algorithm completed" duration ="5.63006ms" pod="default/mobilenet-00001-deployment-76d95655d-v4sb8"
I0630 12:33:07.427835       1 schedule_one.go:67] === MON SCHEDULER MODIFIÉ EST EN TRAIN DE TOURNER ===
I0630 12:33:07.431579       1 schedule_one.go:67] === MON SCHEDULER MODIFIÉ EST EN TRAIN DE TOURNER ===
I0630 12:33:07.431749       1 schedule_one.go:166] "scheduling algorithm completed" duration ="5.156948ms" pod="default/resnet-00001-deployment-5c95599d68-knh8s"
I0630 12:33:07.435175       1 schedule_one.go:166] "scheduling algorithm completed" duration ="4.373929ms" pod="default/resnet-00001-deployment-5c95599d68-nlj6p"
I0630 12:41:01.180223       1 schedule_one.go:67] === MON SCHEDULER MODIFIÉ EST EN TRAIN DE TOURNER ===
I0630 12:41:01.184521       1 schedule_one.go:166] "scheduling algorithm completed" duration ="5.017411ms" pod="default/mobilenet-00001-deployment-76d95655d-69tgc"
I0630 12:41:01.227206       1 schedule_one.go:67] === MON SCHEDULER MODIFIÉ EST EN TRAIN DE TOURNER ===
I0630 12:41:01.230319       1 schedule_one.go:166] "scheduling algorithm completed" duration ="3.82128ms" pod="default/resnet-00001-deployment-5c95599d68-46rx9"
I0630 12:41:03.428355       1 schedule_one.go:67] === MON SCHEDULER MODIFIÉ EST EN TRAIN DE TOURNER ===
I0630 12:41:03.432782       1 schedule_one.go:166] "scheduling algorithm completed" duration ="4.992281ms" pod="default/mobilenet-00001-deployment-76d95655d-rl7pd"
I0630 12:41:05.429401       1 schedule_one.go:67] === MON SCHEDULER MODIFIÉ EST EN TRAIN DE TOURNER ===
I0630 12:41:05.433707       1 schedule_one.go:166] "scheduling algorithm completed" duration ="4.826744ms" pod="default/resnet-00001-deployment-5c95599d68-58944"
I0630 12:50:21.525470       1 schedule_one.go:67] === MON SCHEDULER MODIFIÉ EST EN TRAIN DE TOURNER ===
I0630 12:50:21.530348       1 schedule_one.go:166] "scheduling algorithm completed" duration ="5.528001ms" pod="default/mobilenet-00001-deployment-76d95655d-hv6gh"
I0630 12:50:21.534220       1 schedule_one.go:67] === MON SCHEDULER MODIFIÉ EST EN TRAIN DE TOURNER ===
I0630 12:50:21.539327       1 schedule_one.go:166] "scheduling algorithm completed" duration ="5.641501ms" pod="default/resnet-00001-deployment-5c95599d68-b977g"
I0630 12:50:25.426326       1 schedule_one.go:67] === MON SCHEDULER MODIFIÉ EST EN TRAIN DE TOURNER ===
I0630 12:50:25.431756       1 schedule_one.go:67] === MON SCHEDULER MODIFIÉ EST EN TRAIN DE TOURNER ===
I0630 12:50:25.431874       1 schedule_one.go:166] "scheduling algorithm completed" duration ="6.147168ms" pod="default/mobilenet-00001-deployment-76d95655d-7789c"
I0630 12:50:25.436834       1 schedule_one.go:166] "scheduling algorithm completed" duration ="5.789279ms" pod="default/resnet-00001-deployment-5c95599d68-vsmcg"
I0630 13:01:32.049997       1 schedule_one.go:67] === MON SCHEDULER MODIFIÉ EST EN TRAIN DE TOURNER ===
I0630 13:01:32.053926       1 schedule_one.go:166] "scheduling algorithm completed" duration ="5.34454ms" pod="default/mobilenet-00001-deployment-76d95655d-dtm5f"
I0630 13:01:32.087879       1 schedule_one.go:67] === MON SCHEDULER MODIFIÉ EST EN TRAIN DE TOURNER ===
I0630 13:01:32.091689       1 schedule_one.go:166] "scheduling algorithm completed" duration ="4.598373ms" pod="default/resnet-00001-deployment-5c95599d68-qk5t9"
I0630 13:01:35.434917       1 schedule_one.go:67] === MON SCHEDULER MODIFIÉ EST EN TRAIN DE TOURNER ===
I0630 13:01:35.441129       1 schedule_one.go:166] "scheduling algorithm completed" duration ="6.81217ms" pod="default/resnet-00001-deployment-5c95599d68-85rsn"
I0630 13:10:32.592495       1 schedule_one.go:67] === MON SCHEDULER MODIFIÉ EST EN TRAIN DE TOURNER ===
I0630 13:10:32.595549       1 schedule_one.go:67] === MON SCHEDULER MODIFIÉ EST EN TRAIN DE TOURNER ===
I0630 13:10:32.597974       1 schedule_one.go:166] "scheduling algorithm completed" duration ="6.123873ms" pod="default/mobilenet-00001-deployment-76d95655d-gkj8r"
I0630 13:10:32.599983       1 schedule_one.go:166] "scheduling algorithm completed" duration ="4.985392ms" pod="default/resnet-00001-deployment-5c95599d68-d9bnt"
I0630 13:10:35.430336       1 schedule_one.go:67] === MON SCHEDULER MODIFIÉ EST EN TRAIN DE TOURNER ===
I0630 13:10:35.435842       1 schedule_one.go:166] "scheduling algorithm completed" duration ="6.333225ms" pod="default/mobilenet-00001-deployment-76d95655d-h6642"
I0630 13:21:05.306899       1 schedule_one.go:67] === MON SCHEDULER MODIFIÉ EST EN TRAIN DE TOURNER ===
I0630 13:21:05.310979       1 schedule_one.go:166] "scheduling algorithm completed" duration ="4.776335ms" pod="default/mobilenet-00001-deployment-76d95655d-wbchv"
I0630 13:21:05.318481       1 schedule_one.go:67] === MON SCHEDULER MODIFIÉ EST EN TRAIN DE TOURNER ===
I0630 13:21:05.345912       1 schedule_one.go:166] "scheduling algorithm completed" duration ="28.048328ms" pod="default/resnet-00001-deployment-5c95599d68-22c4k"
I0630 13:21:07.430482       1 schedule_one.go:67] === MON SCHEDULER MODIFIÉ EST EN TRAIN DE TOURNER ===
I0630 13:21:07.435458       1 schedule_one.go:166] "scheduling algorithm completed" duration ="5.485503ms" pod="default/mobilenet-00001-deployment-76d95655d-9gwhr"
I0630 13:21:09.432231       1 schedule_one.go:67] === MON SCHEDULER MODIFIÉ EST EN TRAIN DE TOURNER ===
I0630 13:21:09.437394       1 schedule_one.go:166] "scheduling algorithm completed" duration ="6.168447ms" pod="default/resnet-00001-deployment-5c95599d68-g9qwf"
I0630 13:30:04.351233       1 schedule_one.go:67] === MON SCHEDULER MODIFIÉ EST EN TRAIN DE TOURNER ===
I0630 13:30:04.352205       1 schedule_one.go:67] === MON SCHEDULER MODIFIÉ EST EN TRAIN DE TOURNER ===
I0630 13:30:04.356335       1 schedule_one.go:166] "scheduling algorithm completed" duration ="4.737188ms" pod="default/mobilenet-00001-deployment-76d95655d-x2bk5"
I0630 13:30:04.358955       1 schedule_one.go:166] "scheduling algorithm completed" duration ="8.973801ms" pod="default/resnet-00001-deployment-5c95599d68-4tkrg"
I0630 13:30:07.428147       1 schedule_one.go:67] === MON SCHEDULER MODIFIÉ EST EN TRAIN DE TOURNER ===
I0630 13:30:07.432619       1 schedule_one.go:67] === MON SCHEDULER MODIFIÉ EST EN TRAIN DE TOURNER ===
I0630 13:30:07.433582       1 schedule_one.go:166] "scheduling algorithm completed" duration ="6.119448ms" pod="default/resnet-00001-deployment-5c95599d68-n4b7p"
I0630 13:30:07.438325       1 schedule_one.go:166] "scheduling algorithm completed" duration ="6.39254ms" pod="default/mobilenet-00001-deployment-76d95655d-z2j5x"
I0630 13:40:14.390537       1 schedule_one.go:67] === MON SCHEDULER MODIFIÉ EST EN TRAIN DE TOURNER ===
I0630 13:40:14.392170       1 schedule_one.go:67] === MON SCHEDULER MODIFIÉ EST EN TRAIN DE TOURNER ===
I0630 13:40:14.395889       1 schedule_one.go:166] "scheduling algorithm completed" duration ="6.095707ms" pod="default/mobilenet-00001-deployment-76d95655d-2vft4"
I0630 13:40:14.397563       1 schedule_one.go:166] "scheduling algorithm completed" duration ="6.905633ms" pod="default/resnet-00001-deployment-5c95599d68-7xr7n"
I0630 13:40:19.433579       1 schedule_one.go:67] === MON SCHEDULER MODIFIÉ EST EN TRAIN DE TOURNER ===
I0630 13:40:19.438492       1 schedule_one.go:166] "scheduling algorithm completed" duration ="5.721966ms" pod="default/resnet-00001-deployment-5c95599d68-gw7fg"
I0630 13:50:40.091833       1 schedule_one.go:67] === MON SCHEDULER MODIFIÉ EST EN TRAIN DE TOURNER ===
I0630 13:50:40.096780       1 schedule_one.go:166] "scheduling algorithm completed" duration ="5.716003ms" pod="default/mobilenet-00001-deployment-76d95655d-x68sc"
I0630 13:50:40.100910       1 schedule_one.go:67] === MON SCHEDULER MODIFIÉ EST EN TRAIN DE TOURNER ===
I0630 13:50:40.105394       1 schedule_one.go:166] "scheduling algorithm completed" duration ="5.948096ms" pod="default/resnet-00001-deployment-5c95599d68-hhkxp"
I0630 13:50:43.432304       1 schedule_one.go:67] === MON SCHEDULER MODIFIÉ EST EN TRAIN DE TOURNER ===
I0630 13:50:43.435237       1 schedule_one.go:67] === MON SCHEDULER MODIFIÉ EST EN TRAIN DE TOURNER ===
I0630 13:50:43.436945       1 schedule_one.go:166] "scheduling algorithm completed" duration ="5.3533ms" pod="default/mobilenet-00001-deployment-76d95655d-dvqrf"
I0630 13:50:43.440842       1 schedule_one.go:166] "scheduling algorithm completed" duration ="6.375707ms" pod="default/resnet-00001-deployment-5c95599d68-ntwmn"
I0630 14:00:07.753914       1 schedule_one.go:67] === MON SCHEDULER MODIFIÉ EST EN TRAIN DE TOURNER ===
I0630 14:00:07.756215       1 schedule_one.go:67] === MON SCHEDULER MODIFIÉ EST EN TRAIN DE TOURNER ===
I0630 14:00:07.757608       1 schedule_one.go:166] "scheduling algorithm completed" duration ="4.496933ms" pod="default/mobilenet-00001-deployment-76d95655d-4vwhh"
I0630 14:00:07.760636       1 schedule_one.go:166] "scheduling algorithm completed" duration ="5.634916ms" pod="default/resnet-00001-deployment-5c95599d68-x5xsb"
I0630 14:00:11.429493       1 schedule_one.go:67] === MON SCHEDULER MODIFIÉ EST EN TRAIN DE TOURNER ===
I0630 14:00:11.431533       1 schedule_one.go:67] === MON SCHEDULER MODIFIÉ EST EN TRAIN DE TOURNER ===
I0630 14:00:11.435614       1 schedule_one.go:166] "scheduling algorithm completed" duration ="6.727029ms" pod="default/mobilenet-00001-deployment-76d95655d-sh8st"
I0630 14:00:11.435614       1 schedule_one.go:166] "scheduling algorithm completed" duration ="4.763193ms" pod="default/resnet-00001-deployment-5c95599d68-7kshj"
