I0427 14:41:07.244379       1 serving.go:386] Generated self-signed cert in-memory
W0427 14:41:07.245008       1 client_config.go:683] Neither --kubeconfig nor --master was specified.  Using the inClusterConfig.  This might not work.
I0427 14:41:07.267689       1 scheduler.go:283] ===  SCHEDULer New  ===
I0427 14:41:07.269310       1 scheduler.go:457] "fonction New() construit le scheduler, mais ne commence pas à scheduler les pods, c'est la fonction Run() qui commence le scheduling des pods." duration ="1.589499ms"
I0427 14:41:07.271211       1 server.go:175] "Starting Kubernetes Scheduler" version="v0.0.0-master+$Format:%H$"
I0427 14:41:07.271227       1 server.go:177] "Golang settings" GOGC="" GOMAXPROCS="" GOTRACEBACK=""
I0427 14:41:07.277093       1 requestheader_controller.go:180] Starting RequestHeaderAuthRequestController
I0427 14:41:07.277109       1 shared_informer.go:375] "Waiting for caches to sync"
I0427 14:41:07.277144       1 configmap_cafile_content.go:205] "Starting controller" name="client-ca::kube-system::extension-apiserver-authentication::client-ca-file"
I0427 14:41:07.277153       1 shared_informer.go:375] "Waiting for caches to sync"
I0427 14:41:07.277149       1 configmap_cafile_content.go:205] "Starting controller" name="client-ca::kube-system::extension-apiserver-authentication::requestheader-client-ca-file"
I0427 14:41:07.277165       1 shared_informer.go:375] "Waiting for caches to sync"
I0427 14:41:07.277439       1 secure_serving.go:211] Serving securely on [::]:10259
I0427 14:41:07.277519       1 tlsconfig.go:243] "Starting DynamicServingCertificateController"
I0427 14:41:07.477692       1 shared_informer.go:382] "Caches are synced"
I0427 14:41:07.478386       1 shared_informer.go:382] "Caches are synced"
I0427 14:41:07.478429       1 scheduler.go:542] ===  SCHEDULing RUN ===
I0427 14:41:07.478472       1 schedule_one.go:67] === MON SCHEDULER MODIFIÉ EST EN TRAIN DE TOURNER ===
I0427 14:41:07.478386       1 shared_informer.go:382] "Caches are synced"
I0427 14:45:55.351727       1 schedule_one.go:67] === MON SCHEDULER MODIFIÉ EST EN TRAIN DE TOURNER ===
I0427 14:45:55.354561       1 schedule_one.go:67] === MON SCHEDULER MODIFIÉ EST EN TRAIN DE TOURNER ===
I0427 14:45:55.373685       1 schedule_one.go:166] "scheduling algorithm completed" duration ="23.68615ms" pod="default/grayscale-00001-deployment-6c9cd67ccc-8vjzk"
I0427 14:45:55.377695       1 schedule_one.go:166] "scheduling algorithm completed" duration ="23.677243ms" pod="default/fastfouriertransform-00001-deployment-6bbbdc9c67-p8kk6"
I0427 14:45:57.220427       1 schedule_one.go:67] === MON SCHEDULER MODIFIÉ EST EN TRAIN DE TOURNER ===
I0427 14:45:57.223185       1 schedule_one.go:67] === MON SCHEDULER MODIFIÉ EST EN TRAIN DE TOURNER ===
I0427 14:45:57.242052       1 schedule_one.go:166] "scheduling algorithm completed" duration ="22.45404ms" pod="default/linpack-00001-deployment-545d8788cc-d667p"
I0427 14:45:57.244531       1 schedule_one.go:166] "scheduling algorithm completed" duration ="22.167021ms" pod="default/genmatrix-00001-deployment-7db687b66-xggdz"
I0427 14:45:57.331851       1 schedule_one.go:67] === MON SCHEDULER MODIFIÉ EST EN TRAIN DE TOURNER ===
I0427 14:45:57.372804       1 schedule_one.go:166] "scheduling algorithm completed" duration ="42.019175ms" pod="default/matrixmul-00001-deployment-8468c5dd88-glzb2"
I0427 14:45:57.403933       1 schedule_one.go:67] === MON SCHEDULER MODIFIÉ EST EN TRAIN DE TOURNER ===
I0427 14:45:57.434788       1 schedule_one.go:166] "scheduling algorithm completed" duration ="31.630553ms" pod="default/pagerank-00001-deployment-54689999dc-799k6"
I0427 14:45:57.541523       1 schedule_one.go:67] === MON SCHEDULER MODIFIÉ EST EN TRAIN DE TOURNER ===
I0427 14:45:57.568412       1 schedule_one.go:166] "scheduling algorithm completed" duration ="27.647426ms" pod="default/resnet-00001-deployment-7fcbc8c8cb-j2wfn"
I0427 14:45:57.630957       1 schedule_one.go:67] === MON SCHEDULER MODIFIÉ EST EN TRAIN DE TOURNER ===
I0427 14:45:57.662924       1 schedule_one.go:166] "scheduling algorithm completed" duration ="32.607348ms" pod="default/graphgen-00001-deployment-545ff9c679-z55t8"
I0427 14:45:59.249832       1 schedule_one.go:67] === MON SCHEDULER MODIFIÉ EST EN TRAIN DE TOURNER ===
I0427 14:45:59.252484       1 schedule_one.go:67] === MON SCHEDULER MODIFIÉ EST EN TRAIN DE TOURNER ===
I0427 14:45:59.261604       1 schedule_one.go:166] "scheduling algorithm completed" duration ="12.604584ms" pod="default/fetchdata-00001-deployment-7c46bb466c-9hcs2"
I0427 14:45:59.300788       1 schedule_one.go:166] "scheduling algorithm completed" duration ="49.139022ms" pod="default/mobilenet-00001-deployment-5d6d9ff4b-cnvqs"
I0427 14:46:01.283048       1 schedule_one.go:67] === MON SCHEDULER MODIFIÉ EST EN TRAIN DE TOURNER ===
I0427 14:46:01.305066       1 schedule_one.go:166] "scheduling algorithm completed" duration ="22.62804ms" pod="default/genmatrix-00001-deployment-7db687b66-h68qg"
I0427 14:46:05.187868       1 schedule_one.go:67] === MON SCHEDULER MODIFIÉ EST EN TRAIN DE TOURNER ===
I0427 14:46:05.199562       1 schedule_one.go:166] "scheduling algorithm completed" duration ="12.584787ms" pod="default/grayscale-00001-deployment-6c9cd67ccc-ghnrj"
I0427 14:47:09.208897       1 schedule_one.go:67] === MON SCHEDULER MODIFIÉ EST EN TRAIN DE TOURNER ===
I0427 14:47:09.216207       1 schedule_one.go:166] "scheduling algorithm completed" duration ="7.910998ms" pod="default/grayscale-00001-deployment-6c9cd67ccc-6fkc2"
I0427 14:48:39.354224       1 schedule_one.go:67] === MON SCHEDULER MODIFIÉ EST EN TRAIN DE TOURNER ===
I0427 14:48:39.359535       1 schedule_one.go:166] "scheduling algorithm completed" duration ="6.213764ms" pod="default/grayscale-00001-deployment-6c9cd67ccc-smttt"
