I0618 07:54:37.661888       1 serving.go:386] Generated self-signed cert in-memory
W0618 07:54:37.662492       1 client_config.go:683] Neither --kubeconfig nor --master was specified.  Using the inClusterConfig.  This might not work.
I0618 07:54:37.681645       1 scheduler.go:283] ===  SCHEDULer New  ===
I0618 07:54:37.683198       1 scheduler.go:457] "fonction New() construit le scheduler, mais ne commence pas à scheduler les pods, c'est la fonction Run() qui commence le scheduling des pods." duration ="1.522667ms"
I0618 07:54:37.685085       1 server.go:175] "Starting Kubernetes Scheduler" version="v0.0.0-master+$Format:%H$"
I0618 07:54:37.685108       1 server.go:177] "Golang settings" GOGC="" GOMAXPROCS="" GOTRACEBACK=""
I0618 07:54:37.689805       1 requestheader_controller.go:180] Starting RequestHeaderAuthRequestController
I0618 07:54:37.689819       1 configmap_cafile_content.go:205] "Starting controller" name="client-ca::kube-system::extension-apiserver-authentication::requestheader-client-ca-file"
I0618 07:54:37.689832       1 shared_informer.go:375] "Waiting for caches to sync"
I0618 07:54:37.689821       1 configmap_cafile_content.go:205] "Starting controller" name="client-ca::kube-system::extension-apiserver-authentication::client-ca-file"
I0618 07:54:37.689871       1 shared_informer.go:375] "Waiting for caches to sync"
I0618 07:54:37.690035       1 secure_serving.go:211] Serving securely on [::]:10259
I0618 07:54:37.689832       1 shared_informer.go:375] "Waiting for caches to sync"
I0618 07:54:37.690104       1 tlsconfig.go:243] "Starting DynamicServingCertificateController"
I0618 07:54:37.790108       1 shared_informer.go:382] "Caches are synced"
I0618 07:54:37.790134       1 shared_informer.go:382] "Caches are synced"
I0618 07:54:37.790108       1 shared_informer.go:382] "Caches are synced"
I0618 07:54:37.991103       1 scheduler.go:542] ===  SCHEDULing RUN ===
I0618 07:54:37.991153       1 schedule_one.go:67] === MON SCHEDULER MODIFIÉ EST EN TRAIN DE TOURNER ===
I0618 12:22:24.535182       1 schedule_one.go:67] === MON SCHEDULER MODIFIÉ EST EN TRAIN DE TOURNER ===
I0618 12:22:24.537524       1 schedule_one.go:67] === MON SCHEDULER MODIFIÉ EST EN TRAIN DE TOURNER ===
I0618 12:22:24.540262       1 schedule_one.go:67] === MON SCHEDULER MODIFIÉ EST EN TRAIN DE TOURNER ===
I0618 12:22:24.542970       1 schedule_one.go:67] === MON SCHEDULER MODIFIÉ EST EN TRAIN DE TOURNER ===
I0618 12:22:24.578519       1 schedule_one.go:166] "scheduling algorithm completed" duration ="44.909389ms" pod="default/fetchdata-00001-deployment-66f645596-mwnp8"
I0618 12:22:24.618367       1 schedule_one.go:166] "scheduling algorithm completed" duration ="81.409986ms" pod="default/genmatrix-00001-deployment-6774b76f77-7kggw"
I0618 12:22:24.618480       1 schedule_one.go:166] "scheduling algorithm completed" duration ="76.139347ms" pod="default/linpack-00001-deployment-5fcdf8b7f7-t5ssx"
I0618 12:22:24.618834       1 schedule_one.go:166] "scheduling algorithm completed" duration ="79.174352ms" pod="default/matrixmul-00001-deployment-5cb8b76cf6-h9k9l"
I0618 12:22:24.672239       1 schedule_one.go:67] === MON SCHEDULER MODIFIÉ EST EN TRAIN DE TOURNER ===
I0618 12:22:24.675524       1 schedule_one.go:67] === MON SCHEDULER MODIFIÉ EST EN TRAIN DE TOURNER ===
I0618 12:22:24.678475       1 schedule_one.go:67] === MON SCHEDULER MODIFIÉ EST EN TRAIN DE TOURNER ===
I0618 12:22:24.683113       1 schedule_one.go:67] === MON SCHEDULER MODIFIÉ EST EN TRAIN DE TOURNER ===
I0618 12:22:24.686160       1 schedule_one.go:67] === MON SCHEDULER MODIFIÉ EST EN TRAIN DE TOURNER ===
I0618 12:22:24.689223       1 schedule_one.go:67] === MON SCHEDULER MODIFIÉ EST EN TRAIN DE TOURNER ===
I0618 12:22:24.705195       1 schedule_one.go:67] === MON SCHEDULER MODIFIÉ EST EN TRAIN DE TOURNER ===
I0618 12:22:24.729587       1 schedule_one.go:67] === MON SCHEDULER MODIFIÉ EST EN TRAIN DE TOURNER ===
I0618 12:22:24.730116       1 schedule_one.go:67] === MON SCHEDULER MODIFIÉ EST EN TRAIN DE TOURNER ===
I0618 12:22:24.730924       1 schedule_one.go:67] === MON SCHEDULER MODIFIÉ EST EN TRAIN DE TOURNER ===
I0618 12:22:24.784157       1 schedule_one.go:166] "scheduling algorithm completed" duration ="98.593032ms" pod="default/fetchdata-00001-deployment-66f645596-wl9ft"
I0618 12:22:24.784157       1 schedule_one.go:166] "scheduling algorithm completed" duration ="79.596501ms" pod="default/fetchdata-00001-deployment-66f645596-8nn95"
I0618 12:22:24.794874       1 schedule_one.go:166] "scheduling algorithm completed" duration ="106.271749ms" pod="default/linpack-00001-deployment-5fcdf8b7f7-tc7d6"
I0618 12:22:24.795290       1 schedule_one.go:166] "scheduling algorithm completed" duration ="112.868575ms" pod="default/genmatrix-00001-deployment-6774b76f77-nshm6"
I0618 12:22:24.795290       1 schedule_one.go:166] "scheduling algorithm completed" duration ="117.3841ms" pod="default/genmatrix-00001-deployment-6774b76f77-s244h"
I0618 12:22:24.795310       1 schedule_one.go:166] "scheduling algorithm completed" duration ="120.50492ms" pod="default/linpack-00001-deployment-5fcdf8b7f7-fcvkp"
I0618 12:22:24.801276       1 schedule_one.go:166] "scheduling algorithm completed" duration ="129.772491ms" pod="default/fastfouriertransform-00001-deployment-5bb577bc85-xttr7"
I0618 12:22:24.832895       1 schedule_one.go:166] "scheduling algorithm completed" duration ="102.74941ms" pod="default/fastfouriertransform-00001-deployment-5bb577bc85-9r5ps"
I0618 12:22:24.832894       1 schedule_one.go:166] "scheduling algorithm completed" duration ="103.927356ms" pod="default/fastfouriertransform-00001-deployment-5bb577bc85-hvqbc"
I0618 12:22:24.832895       1 schedule_one.go:166] "scheduling algorithm completed" duration ="103.281577ms" pod="default/matrixmul-00001-deployment-5cb8b76cf6-xzdb2"
I0618 12:22:26.134802       1 schedule_one.go:67] === MON SCHEDULER MODIFIÉ EST EN TRAIN DE TOURNER ===
I0618 12:22:26.144660       1 schedule_one.go:67] === MON SCHEDULER MODIFIÉ EST EN TRAIN DE TOURNER ===
I0618 12:22:26.151355       1 schedule_one.go:166] "scheduling algorithm completed" duration ="17.34588ms" pod="default/genmatrix-00001-deployment-6774b76f77-cbkrh"
I0618 12:22:26.168657       1 schedule_one.go:166] "scheduling algorithm completed" duration ="24.677226ms" pod="default/linpack-00001-deployment-5fcdf8b7f7-sghdl"
I0618 12:22:26.170326       1 schedule_one.go:67] === MON SCHEDULER MODIFIÉ EST EN TRAIN DE TOURNER ===
I0618 12:22:26.188684       1 schedule_one.go:67] === MON SCHEDULER MODIFIÉ EST EN TRAIN DE TOURNER ===
I0618 12:22:26.203068       1 schedule_one.go:166] "scheduling algorithm completed" duration ="15.104543ms" pod="default/linpack-00001-deployment-5fcdf8b7f7-p7k9d"
I0618 12:22:26.206857       1 schedule_one.go:166] "scheduling algorithm completed" duration ="37.203765ms" pod="default/genmatrix-00001-deployment-6774b76f77-rvjlq"
I0618 12:22:26.274161       1 schedule_one.go:67] === MON SCHEDULER MODIFIÉ EST EN TRAIN DE TOURNER ===
I0618 12:22:26.312197       1 schedule_one.go:166] "scheduling algorithm completed" duration ="38.5641ms" pod="default/matrixmul-00001-deployment-5cb8b76cf6-nxjnk"
I0618 12:22:26.358520       1 schedule_one.go:67] === MON SCHEDULER MODIFIÉ EST EN TRAIN DE TOURNER ===
I0618 12:22:26.371770       1 schedule_one.go:166] "scheduling algorithm completed" duration ="14.001467ms" pod="default/fastfouriertransform-00001-deployment-5bb577bc85-w995h"
I0618 12:22:26.586193       1 schedule_one.go:67] === MON SCHEDULER MODIFIÉ EST EN TRAIN DE TOURNER ===
I0618 12:22:26.595896       1 schedule_one.go:67] === MON SCHEDULER MODIFIÉ EST EN TRAIN DE TOURNER ===
I0618 12:22:26.615116       1 schedule_one.go:166] "scheduling algorithm completed" duration ="19.883033ms" pod="default/fetchdata-00001-deployment-66f645596-fdkrf"
I0618 12:22:26.621761       1 schedule_one.go:166] "scheduling algorithm completed" duration ="36.448337ms" pod="default/fastfouriertransform-00001-deployment-5bb577bc85-n8lqd"
I0618 12:22:26.912280       1 schedule_one.go:67] === MON SCHEDULER MODIFIÉ EST EN TRAIN DE TOURNER ===
I0618 12:22:27.076161       1 schedule_one.go:166] "scheduling algorithm completed" duration ="164.801716ms" pod="default/fetchdata-00001-deployment-66f645596-v9l45"
I0618 12:22:28.159478       1 schedule_one.go:67] === MON SCHEDULER MODIFIÉ EST EN TRAIN DE TOURNER ===
I0618 12:22:28.181764       1 schedule_one.go:166] "scheduling algorithm completed" duration ="23.220075ms" pod="default/genmatrix-00001-deployment-6774b76f77-dzc6t"
I0618 12:22:28.185061       1 schedule_one.go:67] === MON SCHEDULER MODIFIÉ EST EN TRAIN DE TOURNER ===
I0618 12:22:28.228488       1 schedule_one.go:166] "scheduling algorithm completed" duration ="44.104165ms" pod="default/genmatrix-00001-deployment-6774b76f77-824xr"
I0618 12:22:28.257329       1 schedule_one.go:67] === MON SCHEDULER MODIFIÉ EST EN TRAIN DE TOURNER ===
I0618 12:22:28.287481       1 schedule_one.go:166] "scheduling algorithm completed" duration ="30.695273ms" pod="default/linpack-00001-deployment-5fcdf8b7f7-bh6dh"
I0618 12:22:28.328667       1 schedule_one.go:67] === MON SCHEDULER MODIFIÉ EST EN TRAIN DE TOURNER ===
I0618 12:22:28.396560       1 schedule_one.go:166] "scheduling algorithm completed" duration ="68.788298ms" pod="default/fastfouriertransform-00001-deployment-5bb577bc85-shvfd"
I0618 12:22:28.413011       1 schedule_one.go:67] === MON SCHEDULER MODIFIÉ EST EN TRAIN DE TOURNER ===
I0618 12:22:28.455113       1 schedule_one.go:67] === MON SCHEDULER MODIFIÉ EST EN TRAIN DE TOURNER ===
I0618 12:22:28.490950       1 schedule_one.go:166] "scheduling algorithm completed" duration ="36.420504ms" pod="default/fetchdata-00001-deployment-66f645596-jlpqs"
I0618 12:22:28.515577       1 schedule_one.go:166] "scheduling algorithm completed" duration ="103.163466ms" pod="default/fastfouriertransform-00001-deployment-5bb577bc85-wt24t"
I0618 12:22:30.217080       1 schedule_one.go:67] === MON SCHEDULER MODIFIÉ EST EN TRAIN DE TOURNER ===
I0618 12:22:30.218332       1 schedule_one.go:67] === MON SCHEDULER MODIFIÉ EST EN TRAIN DE TOURNER ===
I0618 12:22:30.243586       1 schedule_one.go:166] "scheduling algorithm completed" duration ="26.043617ms" pod="default/linpack-00001-deployment-5fcdf8b7f7-hqxcc"
I0618 12:22:30.247291       1 schedule_one.go:67] === MON SCHEDULER MODIFIÉ EST EN TRAIN DE TOURNER ===
I0618 12:22:30.262985       1 schedule_one.go:67] === MON SCHEDULER MODIFIÉ EST EN TRAIN DE TOURNER ===
I0618 12:22:30.264253       1 schedule_one.go:166] "scheduling algorithm completed" duration ="48.174653ms" pod="default/matrixmul-00001-deployment-5cb8b76cf6-btp89"
I0618 12:22:30.273587       1 schedule_one.go:67] === MON SCHEDULER MODIFIÉ EST EN TRAIN DE TOURNER ===
I0618 12:22:30.319032       1 schedule_one.go:166] "scheduling algorithm completed" duration ="72.572675ms" pod="default/linpack-00001-deployment-5fcdf8b7f7-jgx99"
I0618 12:22:30.345641       1 schedule_one.go:166] "scheduling algorithm completed" duration ="72.865324ms" pod="default/matrixmul-00001-deployment-5cb8b76cf6-6wsr8"
I0618 12:22:30.364971       1 schedule_one.go:166] "scheduling algorithm completed" duration ="103.246595ms" pod="default/matrixmul-00001-deployment-5cb8b76cf6-hwx92"
I0618 12:22:32.136512       1 schedule_one.go:67] === MON SCHEDULER MODIFIÉ EST EN TRAIN DE TOURNER ===
I0618 12:22:32.153379       1 schedule_one.go:166] "scheduling algorithm completed" duration ="17.817529ms" pod="default/linpack-00001-deployment-5fcdf8b7f7-q6z6k"
I0618 12:22:32.155394       1 schedule_one.go:67] === MON SCHEDULER MODIFIÉ EST EN TRAIN DE TOURNER ===
I0618 12:22:32.176827       1 schedule_one.go:166] "scheduling algorithm completed" duration ="23.192649ms" pod="default/matrixmul-00001-deployment-5cb8b76cf6-tbdc7"
I0618 12:22:32.185274       1 schedule_one.go:67] === MON SCHEDULER MODIFIÉ EST EN TRAIN DE TOURNER ===
I0618 12:22:32.188638       1 schedule_one.go:67] === MON SCHEDULER MODIFIÉ EST EN TRAIN DE TOURNER ===
I0618 12:22:32.211854       1 schedule_one.go:166] "scheduling algorithm completed" duration ="27.264859ms" pod="default/linpack-00001-deployment-5fcdf8b7f7-fd4ch"
I0618 12:22:32.212030       1 schedule_one.go:166] "scheduling algorithm completed" duration ="24.089076ms" pod="default/linpack-00001-deployment-5fcdf8b7f7-2szzd"
I0618 12:22:32.279410       1 schedule_one.go:67] === MON SCHEDULER MODIFIÉ EST EN TRAIN DE TOURNER ===
I0618 12:22:32.283156       1 schedule_one.go:67] === MON SCHEDULER MODIFIÉ EST EN TRAIN DE TOURNER ===
I0618 12:22:32.327379       1 schedule_one.go:166] "scheduling algorithm completed" duration ="48.972229ms" pod="default/matrixmul-00001-deployment-5cb8b76cf6-l7kbc"
I0618 12:22:32.327557       1 schedule_one.go:166] "scheduling algorithm completed" duration ="48.11219ms" pod="default/matrixmul-00001-deployment-5cb8b76cf6-s5rvq"
I0618 12:22:34.186203       1 schedule_one.go:67] === MON SCHEDULER MODIFIÉ EST EN TRAIN DE TOURNER ===
I0618 12:22:34.232219       1 schedule_one.go:166] "scheduling algorithm completed" duration ="47.522022ms" pod="default/linpack-00001-deployment-5fcdf8b7f7-sjlq6"
I0618 12:22:34.302656       1 schedule_one.go:67] === MON SCHEDULER MODIFIÉ EST EN TRAIN DE TOURNER ===
I0618 12:22:34.354257       1 schedule_one.go:166] "scheduling algorithm completed" duration ="52.534753ms" pod="default/matrixmul-00001-deployment-5cb8b76cf6-2q9v7"
I0618 12:22:34.458437       1 schedule_one.go:67] === MON SCHEDULER MODIFIÉ EST EN TRAIN DE TOURNER ===
I0618 12:22:34.475247       1 schedule_one.go:67] === MON SCHEDULER MODIFIÉ EST EN TRAIN DE TOURNER ===
I0618 12:22:34.570777       1 schedule_one.go:166] "scheduling algorithm completed" duration ="113.335001ms" pod="default/matrixmul-00001-deployment-5cb8b76cf6-7kw5k"
I0618 12:22:34.571759       1 schedule_one.go:166] "scheduling algorithm completed" duration ="97.500494ms" pod="default/matrixmul-00001-deployment-5cb8b76cf6-mszkk"
I0618 12:22:34.602267       1 schedule_one.go:67] === MON SCHEDULER MODIFIÉ EST EN TRAIN DE TOURNER ===
I0618 12:22:34.929687       1 schedule_one.go:166] "scheduling algorithm completed" duration ="328.654669ms" pod="default/matrixmul-00001-deployment-5cb8b76cf6-9hffk"
I0618 12:22:36.138903       1 schedule_one.go:67] === MON SCHEDULER MODIFIÉ EST EN TRAIN DE TOURNER ===
I0618 12:22:36.152877       1 schedule_one.go:166] "scheduling algorithm completed" duration ="15.831896ms" pod="default/matrixmul-00001-deployment-5cb8b76cf6-fxkkp"
I0618 12:22:36.162259       1 schedule_one.go:67] === MON SCHEDULER MODIFIÉ EST EN TRAIN DE TOURNER ===
I0618 12:22:36.168523       1 schedule_one.go:67] === MON SCHEDULER MODIFIÉ EST EN TRAIN DE TOURNER ===
I0618 12:22:36.197760       1 schedule_one.go:166] "scheduling algorithm completed" duration ="36.551541ms" pod="default/matrixmul-00001-deployment-5cb8b76cf6-8hm58"
I0618 12:22:36.197124       1 schedule_one.go:166] "scheduling algorithm completed" duration ="29.309363ms" pod="default/matrixmul-00001-deployment-5cb8b76cf6-v4t9v"
I0618 12:22:40.217378       1 schedule_one.go:67] === MON SCHEDULER MODIFIÉ EST EN TRAIN DE TOURNER ===
I0618 12:22:40.245120       1 schedule_one.go:166] "scheduling algorithm completed" duration ="28.379509ms" pod="default/fastfouriertransform-00001-deployment-5bb577bc85-jb4dk"
I0618 12:22:40.248389       1 schedule_one.go:67] === MON SCHEDULER MODIFIÉ EST EN TRAIN DE TOURNER ===
I0618 12:22:40.250458       1 schedule_one.go:67] === MON SCHEDULER MODIFIÉ EST EN TRAIN DE TOURNER ===
I0618 12:22:40.276992       1 schedule_one.go:166] "scheduling algorithm completed" duration ="29.56716ms" pod="default/fastfouriertransform-00001-deployment-5bb577bc85-qcq7k"
I0618 12:22:40.282431       1 schedule_one.go:166] "scheduling algorithm completed" duration ="32.590109ms" pod="default/fastfouriertransform-00001-deployment-5bb577bc85-dlz7x"
I0618 12:22:42.206459       1 schedule_one.go:67] === MON SCHEDULER MODIFIÉ EST EN TRAIN DE TOURNER ===
I0618 12:22:42.220754       1 schedule_one.go:166] "scheduling algorithm completed" duration ="15.13495ms" pod="default/fastfouriertransform-00001-deployment-5bb577bc85-gbxzz"
I0618 12:22:42.270516       1 schedule_one.go:67] === MON SCHEDULER MODIFIÉ EST EN TRAIN DE TOURNER ===
I0618 12:22:42.300318       1 schedule_one.go:166] "scheduling algorithm completed" duration ="31.017292ms" pod="default/fastfouriertransform-00001-deployment-5bb577bc85-25759"
I0618 12:22:42.333193       1 schedule_one.go:67] === MON SCHEDULER MODIFIÉ EST EN TRAIN DE TOURNER ===
I0618 12:22:42.448028       1 schedule_one.go:67] === MON SCHEDULER MODIFIÉ EST EN TRAIN DE TOURNER ===
I0618 12:22:42.496988       1 schedule_one.go:166] "scheduling algorithm completed" duration ="164.760196ms" pod="default/fastfouriertransform-00001-deployment-5bb577bc85-6m69h"
I0618 12:22:42.531561       1 schedule_one.go:166] "scheduling algorithm completed" duration ="84.656694ms" pod="default/fastfouriertransform-00001-deployment-5bb577bc85-tfvlr"
I0618 12:22:44.210480       1 schedule_one.go:67] === MON SCHEDULER MODIFIÉ EST EN TRAIN DE TOURNER ===
I0618 12:22:44.226113       1 schedule_one.go:67] === MON SCHEDULER MODIFIÉ EST EN TRAIN DE TOURNER ===
I0618 12:22:44.273347       1 schedule_one.go:166] "scheduling algorithm completed" duration ="63.731086ms" pod="default/fastfouriertransform-00001-deployment-5bb577bc85-krv7p"
I0618 12:22:44.273897       1 schedule_one.go:166] "scheduling algorithm completed" duration ="48.64295ms" pod="default/fastfouriertransform-00001-deployment-5bb577bc85-xk229"
I0618 12:22:46.282605       1 schedule_one.go:67] === MON SCHEDULER MODIFIÉ EST EN TRAIN DE TOURNER ===
I0618 12:22:46.351698       1 schedule_one.go:166] "scheduling algorithm completed" duration ="70.356893ms" pod="default/fastfouriertransform-00001-deployment-5bb577bc85-nhtph"
