I0616 12:40:23.542281       1 serving.go:386] Generated self-signed cert in-memory
W0616 12:40:23.542970       1 client_config.go:683] Neither --kubeconfig nor --master was specified.  Using the inClusterConfig.  This might not work.
I0616 12:40:23.563605       1 scheduler.go:283] ===  SCHEDULer New  ===
I0616 12:40:23.565044       1 scheduler.go:457] "fonction New() construit le scheduler, mais ne commence pas à scheduler les pods, c'est la fonction Run() qui commence le scheduling des pods." duration ="1.409371ms"
I0616 12:40:23.567228       1 server.go:175] "Starting Kubernetes Scheduler" version="v0.0.0-master+$Format:%H$"
I0616 12:40:23.567259       1 server.go:177] "Golang settings" GOGC="" GOMAXPROCS="" GOTRACEBACK=""
I0616 12:40:23.573460       1 requestheader_controller.go:180] Starting RequestHeaderAuthRequestController
I0616 12:40:23.573455       1 configmap_cafile_content.go:205] "Starting controller" name="client-ca::kube-system::extension-apiserver-authentication::client-ca-file"
I0616 12:40:23.573481       1 shared_informer.go:375] "Waiting for caches to sync"
I0616 12:40:23.573481       1 shared_informer.go:375] "Waiting for caches to sync"
I0616 12:40:23.573455       1 configmap_cafile_content.go:205] "Starting controller" name="client-ca::kube-system::extension-apiserver-authentication::requestheader-client-ca-file"
I0616 12:40:23.573623       1 shared_informer.go:375] "Waiting for caches to sync"
I0616 12:40:23.573714       1 secure_serving.go:211] Serving securely on [::]:10259
I0616 12:40:23.573911       1 tlsconfig.go:243] "Starting DynamicServingCertificateController"
I0616 12:40:23.773590       1 shared_informer.go:382] "Caches are synced"
I0616 12:40:23.773666       1 shared_informer.go:382] "Caches are synced"
I0616 12:40:23.773673       1 shared_informer.go:382] "Caches are synced"
I0616 12:40:23.773873       1 scheduler.go:542] ===  SCHEDULing RUN ===
I0616 12:40:23.773925       1 schedule_one.go:67] === MON SCHEDULER MODIFIÉ EST EN TRAIN DE TOURNER ===
I0616 13:00:51.128738       1 schedule_one.go:67] === MON SCHEDULER MODIFIÉ EST EN TRAIN DE TOURNER ===
I0616 13:00:51.130453       1 schedule_one.go:67] === MON SCHEDULER MODIFIÉ EST EN TRAIN DE TOURNER ===
I0616 13:00:51.134381       1 schedule_one.go:67] === MON SCHEDULER MODIFIÉ EST EN TRAIN DE TOURNER ===
I0616 13:00:51.146895       1 schedule_one.go:166] "scheduling algorithm completed" duration ="19.679978ms" pod="default/fastfouriertransform-00001-deployment-5bb577bc85-897f9"
I0616 13:00:51.148731       1 schedule_one.go:166] "scheduling algorithm completed" duration ="19.158656ms" pod="default/fetchdata-00001-deployment-66f645596-mlbqn"
I0616 13:00:51.175512       1 schedule_one.go:166] "scheduling algorithm completed" duration ="41.756264ms" pod="default/genmatrix-00001-deployment-6774b76f77-9xscm"
I0616 13:00:52.896719       1 schedule_one.go:67] === MON SCHEDULER MODIFIÉ EST EN TRAIN DE TOURNER ===
I0616 13:00:52.909791       1 schedule_one.go:166] "scheduling algorithm completed" duration ="13.840013ms" pod="default/linpack-00001-deployment-5fcdf8b7f7-x5lg7"
I0616 13:00:54.882111       1 schedule_one.go:67] === MON SCHEDULER MODIFIÉ EST EN TRAIN DE TOURNER ===
I0616 13:00:54.915989       1 schedule_one.go:166] "scheduling algorithm completed" duration ="34.610301ms" pod="default/matrixmul-00001-deployment-5cb8b76cf6-zvv4q"
I0616 13:00:56.944564       1 schedule_one.go:67] === MON SCHEDULER MODIFIÉ EST EN TRAIN DE TOURNER ===
I0616 13:00:56.960665       1 schedule_one.go:166] "scheduling algorithm completed" duration ="16.692105ms" pod="default/linpack-00001-deployment-5fcdf8b7f7-tnnx2"
