I0706 11:21:27.447733       1 serving.go:386] Generated self-signed cert in-memory
W0706 11:21:27.448331       1 client_config.go:683] Neither --kubeconfig nor --master was specified.  Using the inClusterConfig.  This might not work.
I0706 11:21:27.465484       1 scheduler.go:283] ===  SCHEDULer New  ===
I0706 11:21:27.466949       1 scheduler.go:457] "fonction New() construit le scheduler, mais ne commence pas à scheduler les pods, c'est la fonction Run() qui commence le scheduling des pods." duration ="1.43415ms"
I0706 11:21:27.471107       1 server.go:175] "Starting Kubernetes Scheduler" version="v0.0.0-master+$Format:%H$"
I0706 11:21:27.471297       1 server.go:177] "Golang settings" GOGC="" GOMAXPROCS="" GOTRACEBACK=""
I0706 11:21:27.475621       1 requestheader_controller.go:180] Starting RequestHeaderAuthRequestController
I0706 11:21:27.475639       1 shared_informer.go:375] "Waiting for caches to sync"
I0706 11:21:27.475672       1 configmap_cafile_content.go:205] "Starting controller" name="client-ca::kube-system::extension-apiserver-authentication::client-ca-file"
I0706 11:21:27.475673       1 configmap_cafile_content.go:205] "Starting controller" name="client-ca::kube-system::extension-apiserver-authentication::requestheader-client-ca-file"
I0706 11:21:27.475682       1 shared_informer.go:375] "Waiting for caches to sync"
I0706 11:21:27.475700       1 shared_informer.go:375] "Waiting for caches to sync"
I0706 11:21:27.475850       1 secure_serving.go:211] Serving securely on [::]:10259
I0706 11:21:27.475922       1 tlsconfig.go:243] "Starting DynamicServingCertificateController"
I0706 11:21:27.675749       1 shared_informer.go:382] "Caches are synced"
I0706 11:21:27.675746       1 shared_informer.go:382] "Caches are synced"
I0706 11:21:27.675746       1 shared_informer.go:382] "Caches are synced"
I0706 11:21:27.675966       1 scheduler.go:542] ===  SCHEDULing RUN ===
I0706 11:21:27.676014       1 schedule_one.go:67] === MON SCHEDULER MODIFIÉ EST EN TRAIN DE TOURNER ===
I0706 11:41:47.435711       1 schedule_one.go:67] === MON SCHEDULER MODIFIÉ EST EN TRAIN DE TOURNER ===
I0706 11:41:47.441438       1 schedule_one.go:67] === MON SCHEDULER MODIFIÉ EST EN TRAIN DE TOURNER ===
I0706 11:41:47.444406       1 schedule_one.go:166] "scheduling algorithm completed" duration ="10.559822ms" pod="default/mobilenet-00001-deployment-855b8bc6bc-s4h29"
I0706 11:41:47.461604       1 schedule_one.go:166] "scheduling algorithm completed" duration ="20.893646ms" pod="default/resnet-00001-deployment-5687dd4f7c-mgdhb"
I0706 11:41:48.863027       1 schedule_one.go:67] === MON SCHEDULER MODIFIÉ EST EN TRAIN DE TOURNER ===
I0706 11:41:48.903742       1 schedule_one.go:166] "scheduling algorithm completed" duration ="41.395958ms" pod="default/mobilenet-00001-deployment-855b8bc6bc-j8j9q"
I0706 11:41:48.951695       1 schedule_one.go:67] === MON SCHEDULER MODIFIÉ EST EN TRAIN DE TOURNER ===
I0706 11:41:48.952988       1 schedule_one.go:67] === MON SCHEDULER MODIFIÉ EST EN TRAIN DE TOURNER ===
I0706 11:41:48.977712       1 schedule_one.go:166] "scheduling algorithm completed" duration ="25.463482ms" pod="default/resnet-00001-deployment-5687dd4f7c-tpzpt"
I0706 11:41:49.005196       1 schedule_one.go:166] "scheduling algorithm completed" duration ="54.310412ms" pod="default/mobilenet-00001-deployment-855b8bc6bc-8jt25"
I0706 11:41:50.823191       1 schedule_one.go:67] === MON SCHEDULER MODIFIÉ EST EN TRAIN DE TOURNER ===
I0706 11:41:50.831361       1 schedule_one.go:166] "scheduling algorithm completed" duration ="8.72547ms" pod="default/resnet-00001-deployment-5687dd4f7c-n6h2d"
I0706 11:41:52.820077       1 schedule_one.go:67] === MON SCHEDULER MODIFIÉ EST EN TRAIN DE TOURNER ===
I0706 11:41:52.827335       1 schedule_one.go:166] "scheduling algorithm completed" duration ="7.823599ms" pod="default/resnet-00001-deployment-5687dd4f7c-m9plm"
I0706 11:41:54.828200       1 schedule_one.go:67] === MON SCHEDULER MODIFIÉ EST EN TRAIN DE TOURNER ===
I0706 11:41:54.838668       1 schedule_one.go:166] "scheduling algorithm completed" duration ="11.011527ms" pod="default/resnet-00001-deployment-5687dd4f7c-t47w6"
I0706 11:42:57.100157       1 schedule_one.go:67] === MON SCHEDULER MODIFIÉ EST EN TRAIN DE TOURNER ===
I0706 11:42:57.104839       1 schedule_one.go:166] "scheduling algorithm completed" duration ="5.648875ms" pod="default/resnet-00001-deployment-5687dd4f7c-27wqm"
I0706 11:42:58.820623       1 schedule_one.go:67] === MON SCHEDULER MODIFIÉ EST EN TRAIN DE TOURNER ===
I0706 11:42:58.826545       1 schedule_one.go:166] "scheduling algorithm completed" duration ="6.505783ms" pod="default/resnet-00001-deployment-5687dd4f7c-dwm99"
I0706 11:43:00.835030       1 schedule_one.go:67] === MON SCHEDULER MODIFIÉ EST EN TRAIN DE TOURNER ===
I0706 11:43:00.843019       1 schedule_one.go:166] "scheduling algorithm completed" duration ="8.660618ms" pod="default/resnet-00001-deployment-5687dd4f7c-v8qx2"
I0706 11:44:08.925683       1 schedule_one.go:67] === MON SCHEDULER MODIFIÉ EST EN TRAIN DE TOURNER ===
I0706 11:44:08.932119       1 schedule_one.go:166] "scheduling algorithm completed" duration ="7.054394ms" pod="default/resnet-00001-deployment-5687dd4f7c-mkgkq"
I0706 11:44:12.823575       1 schedule_one.go:67] === MON SCHEDULER MODIFIÉ EST EN TRAIN DE TOURNER ===
I0706 11:44:12.832352       1 schedule_one.go:166] "scheduling algorithm completed" duration ="9.415952ms" pod="default/resnet-00001-deployment-5687dd4f7c-wv8px"
I0706 11:51:20.156372       1 schedule_one.go:67] === MON SCHEDULER MODIFIÉ EST EN TRAIN DE TOURNER ===
I0706 11:51:20.164840       1 schedule_one.go:166] "scheduling algorithm completed" duration ="9.103934ms" pod="default/mobilenet-00001-deployment-855b8bc6bc-gmtcs"
I0706 11:51:20.196679       1 schedule_one.go:67] === MON SCHEDULER MODIFIÉ EST EN TRAIN DE TOURNER ===
I0706 11:51:20.218346       1 schedule_one.go:166] "scheduling algorithm completed" duration ="22.460483ms" pod="default/resnet-00001-deployment-5687dd4f7c-cqkqk"
I0706 11:51:22.846469       1 schedule_one.go:67] === MON SCHEDULER MODIFIÉ EST EN TRAIN DE TOURNER ===
I0706 11:51:22.860019       1 schedule_one.go:166] "scheduling algorithm completed" duration ="14.24329ms" pod="default/resnet-00001-deployment-5687dd4f7c-pgkxm"
I0706 11:51:22.900885       1 schedule_one.go:67] === MON SCHEDULER MODIFIÉ EST EN TRAIN DE TOURNER ===
I0706 11:51:22.927133       1 schedule_one.go:166] "scheduling algorithm completed" duration ="26.831449ms" pod="default/mobilenet-00001-deployment-855b8bc6bc-67wxv"
I0706 11:52:31.130671       1 schedule_one.go:67] === MON SCHEDULER MODIFIÉ EST EN TRAIN DE TOURNER ===
I0706 11:52:31.135792       1 schedule_one.go:166] "scheduling algorithm completed" duration ="5.816617ms" pod="default/resnet-00001-deployment-5687dd4f7c-6l5kx"
I0706 11:52:32.830581       1 schedule_one.go:67] === MON SCHEDULER MODIFIÉ EST EN TRAIN DE TOURNER ===
I0706 11:52:32.842712       1 schedule_one.go:166] "scheduling algorithm completed" duration ="12.753251ms" pod="default/resnet-00001-deployment-5687dd4f7c-dgswp"
I0706 11:53:39.132208       1 schedule_one.go:67] === MON SCHEDULER MODIFIÉ EST EN TRAIN DE TOURNER ===
I0706 11:53:39.142438       1 schedule_one.go:166] "scheduling algorithm completed" duration ="10.965676ms" pod="default/resnet-00001-deployment-5687dd4f7c-gqks5"
I0706 11:53:42.823386       1 schedule_one.go:67] === MON SCHEDULER MODIFIÉ EST EN TRAIN DE TOURNER ===
I0706 11:53:42.827896       1 schedule_one.go:166] "scheduling algorithm completed" duration ="5.043467ms" pod="default/resnet-00001-deployment-5687dd4f7c-hv5gm"
I0706 12:00:24.195259       1 schedule_one.go:67] === MON SCHEDULER MODIFIÉ EST EN TRAIN DE TOURNER ===
I0706 12:00:24.242029       1 schedule_one.go:166] "scheduling algorithm completed" duration ="47.622706ms" pod="default/resnet-00001-deployment-5687dd4f7c-s7t2b"
I0706 12:00:24.266835       1 schedule_one.go:67] === MON SCHEDULER MODIFIÉ EST EN TRAIN DE TOURNER ===
I0706 12:00:24.311929       1 schedule_one.go:166] "scheduling algorithm completed" duration ="45.601243ms" pod="default/mobilenet-00001-deployment-855b8bc6bc-k86xl"
I0706 12:00:26.826506       1 schedule_one.go:67] === MON SCHEDULER MODIFIÉ EST EN TRAIN DE TOURNER ===
I0706 12:00:26.837253       1 schedule_one.go:67] === MON SCHEDULER MODIFIÉ EST EN TRAIN DE TOURNER ===
I0706 12:00:26.840402       1 schedule_one.go:166] "scheduling algorithm completed" duration ="14.457365ms" pod="default/resnet-00001-deployment-5687dd4f7c-vtnzs"
I0706 12:00:26.853145       1 schedule_one.go:166] "scheduling algorithm completed" duration ="16.433254ms" pod="default/mobilenet-00001-deployment-855b8bc6bc-w5r6q"
I0706 12:00:28.823738       1 schedule_one.go:67] === MON SCHEDULER MODIFIÉ EST EN TRAIN DE TOURNER ===
I0706 12:00:28.829388       1 schedule_one.go:166] "scheduling algorithm completed" duration ="6.174905ms" pod="default/resnet-00001-deployment-5687dd4f7c-9p6c5"
I0706 12:01:33.127588       1 schedule_one.go:67] === MON SCHEDULER MODIFIÉ EST EN TRAIN DE TOURNER ===
I0706 12:01:33.133383       1 schedule_one.go:166] "scheduling algorithm completed" duration ="6.446388ms" pod="default/resnet-00001-deployment-5687dd4f7c-tsb2m"
I0706 12:01:34.823536       1 schedule_one.go:67] === MON SCHEDULER MODIFIÉ EST EN TRAIN DE TOURNER ===
I0706 12:01:34.830693       1 schedule_one.go:166] "scheduling algorithm completed" duration ="7.788683ms" pod="default/resnet-00001-deployment-5687dd4f7c-h5549"
I0706 12:01:36.830921       1 schedule_one.go:67] === MON SCHEDULER MODIFIÉ EST EN TRAIN DE TOURNER ===
I0706 12:01:36.840881       1 schedule_one.go:166] "scheduling algorithm completed" duration ="10.728683ms" pod="default/resnet-00001-deployment-5687dd4f7c-xm5g5"
I0706 12:01:38.826720       1 schedule_one.go:67] === MON SCHEDULER MODIFIÉ EST EN TRAIN DE TOURNER ===
I0706 12:01:38.835867       1 schedule_one.go:166] "scheduling algorithm completed" duration ="9.722591ms" pod="default/resnet-00001-deployment-5687dd4f7c-qbk4b"
I0706 12:02:42.843282       1 schedule_one.go:67] === MON SCHEDULER MODIFIÉ EST EN TRAIN DE TOURNER ===
I0706 12:02:42.848064       1 schedule_one.go:166] "scheduling algorithm completed" duration ="12.283647ms" pod="default/resnet-00001-deployment-5687dd4f7c-sc9jb"
I0706 12:02:44.821985       1 schedule_one.go:67] === MON SCHEDULER MODIFIÉ EST EN TRAIN DE TOURNER ===
I0706 12:02:44.826036       1 schedule_one.go:166] "scheduling algorithm completed" duration ="4.668351ms" pod="default/resnet-00001-deployment-5687dd4f7c-gc2gp"
I0706 12:02:46.819081       1 schedule_one.go:67] === MON SCHEDULER MODIFIÉ EST EN TRAIN DE TOURNER ===
I0706 12:02:46.852067       1 schedule_one.go:166] "scheduling algorithm completed" duration ="33.521127ms" pod="default/resnet-00001-deployment-5687dd4f7c-8wq4n"
