I0622 07:05:15.509726       1 serving.go:386] Generated self-signed cert in-memory
W0622 07:05:15.514041       1 client_config.go:683] Neither --kubeconfig nor --master was specified.  Using the inClusterConfig.  This might not work.
I0622 07:05:15.593259       1 scheduler.go:283] ===  SCHEDULer New  ===
I0622 07:05:15.605709       1 scheduler.go:457] "fonction New() construit le scheduler, mais ne commence pas à scheduler les pods, c'est la fonction Run() qui commence le scheduling des pods." duration ="12.40813ms"
I0622 07:05:15.607660       1 server.go:175] "Starting Kubernetes Scheduler" version="v0.0.0-master+$Format:%H$"
I0622 07:05:15.607676       1 server.go:177] "Golang settings" GOGC="" GOMAXPROCS="" GOTRACEBACK=""
I0622 07:05:15.615075       1 configmap_cafile_content.go:205] "Starting controller" name="client-ca::kube-system::extension-apiserver-authentication::client-ca-file"
I0622 07:05:15.615096       1 shared_informer.go:375] "Waiting for caches to sync"
I0622 07:05:15.615074       1 configmap_cafile_content.go:205] "Starting controller" name="client-ca::kube-system::extension-apiserver-authentication::requestheader-client-ca-file"
I0622 07:05:15.615137       1 shared_informer.go:375] "Waiting for caches to sync"
I0622 07:05:15.615251       1 secure_serving.go:211] Serving securely on [::]:10259
I0622 07:05:15.615578       1 tlsconfig.go:243] "Starting DynamicServingCertificateController"
I0622 07:05:15.615578       1 requestheader_controller.go:180] Starting RequestHeaderAuthRequestController
I0622 07:05:15.626516       1 shared_informer.go:375] "Waiting for caches to sync"
I0622 07:05:15.715956       1 shared_informer.go:382] "Caches are synced"
I0622 07:05:15.715964       1 shared_informer.go:382] "Caches are synced"
I0622 07:05:15.727262       1 shared_informer.go:382] "Caches are synced"
I0622 07:05:15.816853       1 scheduler.go:542] ===  SCHEDULing RUN ===
I0622 07:05:15.820350       1 schedule_one.go:67] === MON SCHEDULER MODIFIÉ EST EN TRAIN DE TOURNER ===
I0622 07:21:06.950390       1 schedule_one.go:67] === MON SCHEDULER MODIFIÉ EST EN TRAIN DE TOURNER ===
I0622 07:21:06.951163       1 schedule_one.go:67] === MON SCHEDULER MODIFIÉ EST EN TRAIN DE TOURNER ===
I0622 07:21:06.975625       1 schedule_one.go:166] "scheduling algorithm completed" duration ="27.113346ms" pod="default/fetchdata-00001-deployment-66f645596-wxlmw"
I0622 07:21:06.994181       1 schedule_one.go:166] "scheduling algorithm completed" duration ="43.633067ms" pod="default/fastfouriertransform-00001-deployment-5bb577bc85-g9p8k"
I0622 07:21:07.075684       1 schedule_one.go:67] === MON SCHEDULER MODIFIÉ EST EN TRAIN DE TOURNER ===
I0622 07:21:07.102447       1 schedule_one.go:166] "scheduling algorithm completed" duration ="27.475216ms" pod="default/genmatrix-00001-deployment-6774b76f77-dl5tx"
I0622 07:21:07.170582       1 schedule_one.go:67] === MON SCHEDULER MODIFIÉ EST EN TRAIN DE TOURNER ===
I0622 07:21:07.245888       1 schedule_one.go:166] "scheduling algorithm completed" duration ="75.885233ms" pod="default/linpack-00001-deployment-5fcdf8b7f7-4m2tj"
I0622 07:21:07.271652       1 schedule_one.go:67] === MON SCHEDULER MODIFIÉ EST EN TRAIN DE TOURNER ===
I0622 07:21:07.333773       1 schedule_one.go:166] "scheduling algorithm completed" duration ="62.636107ms" pod="default/matrixmul-00001-deployment-5cb8b76cf6-22clc"
I0622 07:21:08.706641       1 schedule_one.go:67] === MON SCHEDULER MODIFIÉ EST EN TRAIN DE TOURNER ===
I0622 07:21:08.721865       1 schedule_one.go:166] "scheduling algorithm completed" duration ="15.817332ms" pod="default/fastfouriertransform-00001-deployment-5bb577bc85-8pnrr"
I0622 07:21:08.732227       1 schedule_one.go:67] === MON SCHEDULER MODIFIÉ EST EN TRAIN DE TOURNER ===
I0622 07:21:08.742940       1 schedule_one.go:67] === MON SCHEDULER MODIFIÉ EST EN TRAIN DE TOURNER ===
I0622 07:21:08.745166       1 schedule_one.go:67] === MON SCHEDULER MODIFIÉ EST EN TRAIN DE TOURNER ===
I0622 07:21:08.750216       1 schedule_one.go:166] "scheduling algorithm completed" duration ="22.29047ms" pod="default/fetchdata-00001-deployment-66f645596-r9pfm"
I0622 07:21:08.780355       1 schedule_one.go:166] "scheduling algorithm completed" duration ="37.988858ms" pod="default/fastfouriertransform-00001-deployment-5bb577bc85-lxwwl"
I0622 07:21:08.780500       1 schedule_one.go:166] "scheduling algorithm completed" duration ="35.966707ms" pod="default/fastfouriertransform-00001-deployment-5bb577bc85-xc29p"
I0622 07:21:08.816674       1 schedule_one.go:67] === MON SCHEDULER MODIFIÉ EST EN TRAIN DE TOURNER ===
I0622 07:21:08.818663       1 schedule_one.go:67] === MON SCHEDULER MODIFIÉ EST EN TRAIN DE TOURNER ===
I0622 07:21:08.820414       1 schedule_one.go:67] === MON SCHEDULER MODIFIÉ EST EN TRAIN DE TOURNER ===
I0622 07:21:08.857355       1 schedule_one.go:166] "scheduling algorithm completed" duration ="39.660656ms" pod="default/fastfouriertransform-00001-deployment-5bb577bc85-vcljh"
I0622 07:21:08.857374       1 schedule_one.go:166] "scheduling algorithm completed" duration ="41.460324ms" pod="default/fetchdata-00001-deployment-66f645596-4k2zx"
I0622 07:21:08.873988       1 schedule_one.go:166] "scheduling algorithm completed" duration ="54.337023ms" pod="default/fetchdata-00001-deployment-66f645596-rfnnm"
I0622 07:21:08.881124       1 schedule_one.go:67] === MON SCHEDULER MODIFIÉ EST EN TRAIN DE TOURNER ===
I0622 07:21:08.898279       1 schedule_one.go:67] === MON SCHEDULER MODIFIÉ EST EN TRAIN DE TOURNER ===
I0622 07:21:08.936154       1 schedule_one.go:166] "scheduling algorithm completed" duration ="56.114341ms" pod="default/genmatrix-00001-deployment-6774b76f77-7ql9t"
I0622 07:21:08.936944       1 schedule_one.go:166] "scheduling algorithm completed" duration ="39.561174ms" pod="default/linpack-00001-deployment-5fcdf8b7f7-fcrml"
I0622 07:21:08.952755       1 schedule_one.go:67] === MON SCHEDULER MODIFIÉ EST EN TRAIN DE TOURNER ===
I0622 07:21:08.965316       1 schedule_one.go:67] === MON SCHEDULER MODIFIÉ EST EN TRAIN DE TOURNER ===
I0622 07:21:09.028617       1 schedule_one.go:166] "scheduling algorithm completed" duration ="76.92242ms" pod="default/genmatrix-00001-deployment-6774b76f77-trscp"
I0622 07:21:09.041562       1 schedule_one.go:67] === MON SCHEDULER MODIFIÉ EST EN TRAIN DE TOURNER ===
I0622 07:21:09.052626       1 schedule_one.go:166] "scheduling algorithm completed" duration ="88.120506ms" pod="default/genmatrix-00001-deployment-6774b76f77-h7ktc"
I0622 07:21:09.059938       1 schedule_one.go:67] === MON SCHEDULER MODIFIÉ EST EN TRAIN DE TOURNER ===
I0622 07:21:09.069503       1 schedule_one.go:67] === MON SCHEDULER MODIFIÉ EST EN TRAIN DE TOURNER ===
I0622 07:21:09.074554       1 schedule_one.go:67] === MON SCHEDULER MODIFIÉ EST EN TRAIN DE TOURNER ===
I0622 07:21:09.121406       1 schedule_one.go:166] "scheduling algorithm completed" duration ="80.999628ms" pod="default/linpack-00001-deployment-5fcdf8b7f7-9jgmm"
I0622 07:21:09.121991       1 schedule_one.go:166] "scheduling algorithm completed" duration ="47.977405ms" pod="default/linpack-00001-deployment-5fcdf8b7f7-hvc7x"
I0622 07:21:09.159946       1 schedule_one.go:166] "scheduling algorithm completed" duration ="100.729224ms" pod="default/genmatrix-00001-deployment-6774b76f77-nz2dz"
I0622 07:21:09.161336       1 schedule_one.go:166] "scheduling algorithm completed" duration ="92.429122ms" pod="default/matrixmul-00001-deployment-5cb8b76cf6-cbvdm"
I0622 07:21:09.213769       1 schedule_one.go:67] === MON SCHEDULER MODIFIÉ EST EN TRAIN DE TOURNER ===
I0622 07:21:09.251807       1 schedule_one.go:166] "scheduling algorithm completed" duration ="38.728265ms" pod="default/matrixmul-00001-deployment-5cb8b76cf6-ppr9c"
I0622 07:21:11.074496       1 schedule_one.go:67] === MON SCHEDULER MODIFIÉ EST EN TRAIN DE TOURNER ===
I0622 07:21:11.090680       1 schedule_one.go:166] "scheduling algorithm completed" duration ="17.531612ms" pod="default/linpack-00001-deployment-5fcdf8b7f7-9kt9c"
I0622 07:21:11.159730       1 schedule_one.go:67] === MON SCHEDULER MODIFIÉ EST EN TRAIN DE TOURNER ===
I0622 07:21:11.238165       1 schedule_one.go:166] "scheduling algorithm completed" duration ="79.228755ms" pod="default/fetchdata-00001-deployment-66f645596-9dqg4"
I0622 07:21:11.261219       1 schedule_one.go:67] === MON SCHEDULER MODIFIÉ EST EN TRAIN DE TOURNER ===
I0622 07:21:11.297425       1 schedule_one.go:67] === MON SCHEDULER MODIFIÉ EST EN TRAIN DE TOURNER ===
I0622 07:21:11.380530       1 schedule_one.go:166] "scheduling algorithm completed" duration ="120.315504ms" pod="default/fastfouriertransform-00001-deployment-5bb577bc85-cj94z"
I0622 07:21:11.380528       1 schedule_one.go:166] "scheduling algorithm completed" duration ="83.831816ms" pod="default/fetchdata-00001-deployment-66f645596-r2tdc"
I0622 07:21:11.388167       1 schedule_one.go:67] === MON SCHEDULER MODIFIÉ EST EN TRAIN DE TOURNER ===
I0622 07:21:11.493993       1 schedule_one.go:166] "scheduling algorithm completed" duration ="107.290027ms" pod="default/genmatrix-00001-deployment-6774b76f77-7jr5v"
I0622 07:21:11.721024       1 schedule_one.go:67] === MON SCHEDULER MODIFIÉ EST EN TRAIN DE TOURNER ===
I0622 07:21:11.738755       1 schedule_one.go:166] "scheduling algorithm completed" duration ="20.335967ms" pod="default/matrixmul-00001-deployment-5cb8b76cf6-r97sp"
I0622 07:21:12.924263       1 schedule_one.go:67] === MON SCHEDULER MODIFIÉ EST EN TRAIN DE TOURNER ===
I0622 07:21:13.001786       1 schedule_one.go:166] "scheduling algorithm completed" duration ="78.232809ms" pod="default/linpack-00001-deployment-5fcdf8b7f7-rpt67"
I0622 07:21:13.031752       1 schedule_one.go:67] === MON SCHEDULER MODIFIÉ EST EN TRAIN DE TOURNER ===
I0622 07:21:13.094264       1 schedule_one.go:166] "scheduling algorithm completed" duration ="63.358126ms" pod="default/fastfouriertransform-00001-deployment-5bb577bc85-khdfq"
I0622 07:21:13.100077       1 schedule_one.go:67] === MON SCHEDULER MODIFIÉ EST EN TRAIN DE TOURNER ===
I0622 07:21:13.131123       1 schedule_one.go:166] "scheduling algorithm completed" duration ="32.228165ms" pod="default/fetchdata-00001-deployment-66f645596-6pdw6"
I0622 07:21:13.167819       1 schedule_one.go:67] === MON SCHEDULER MODIFIÉ EST EN TRAIN DE TOURNER ===
I0622 07:21:13.192772       1 schedule_one.go:166] "scheduling algorithm completed" duration ="26.334252ms" pod="default/matrixmul-00001-deployment-5cb8b76cf6-whlcj"
I0622 07:21:14.819807       1 schedule_one.go:67] === MON SCHEDULER MODIFIÉ EST EN TRAIN DE TOURNER ===
I0622 07:21:14.827816       1 schedule_one.go:67] === MON SCHEDULER MODIFIÉ EST EN TRAIN DE TOURNER ===
I0622 07:21:14.872354       1 schedule_one.go:166] "scheduling algorithm completed" duration ="53.781356ms" pod="default/matrixmul-00001-deployment-5cb8b76cf6-snjd2"
I0622 07:21:14.874021       1 schedule_one.go:166] "scheduling algorithm completed" duration ="46.807774ms" pod="default/linpack-00001-deployment-5fcdf8b7f7-9fg9j"
I0622 07:21:14.892602       1 schedule_one.go:67] === MON SCHEDULER MODIFIÉ EST EN TRAIN DE TOURNER ===
I0622 07:21:14.895002       1 schedule_one.go:67] === MON SCHEDULER MODIFIÉ EST EN TRAIN DE TOURNER ===
I0622 07:21:14.924169       1 schedule_one.go:166] "scheduling algorithm completed" duration ="32.48274ms" pod="default/matrixmul-00001-deployment-5cb8b76cf6-tzbwp"
I0622 07:21:14.948466       1 schedule_one.go:166] "scheduling algorithm completed" duration ="55.825136ms" pod="default/linpack-00001-deployment-5fcdf8b7f7-lcqm9"
I0622 07:21:16.738845       1 schedule_one.go:67] === MON SCHEDULER MODIFIÉ EST EN TRAIN DE TOURNER ===
I0622 07:21:16.756584       1 schedule_one.go:166] "scheduling algorithm completed" duration ="21.823968ms" pod="default/matrixmul-00001-deployment-5cb8b76cf6-46gpn"
I0622 07:21:16.775746       1 schedule_one.go:67] === MON SCHEDULER MODIFIÉ EST EN TRAIN DE TOURNER ===
I0622 07:21:16.783690       1 schedule_one.go:67] === MON SCHEDULER MODIFIÉ EST EN TRAIN DE TOURNER ===
I0622 07:21:16.787378       1 schedule_one.go:67] === MON SCHEDULER MODIFIÉ EST EN TRAIN DE TOURNER ===
I0622 07:21:16.810190       1 schedule_one.go:67] === MON SCHEDULER MODIFIÉ EST EN TRAIN DE TOURNER ===
I0622 07:21:16.813637       1 schedule_one.go:166] "scheduling algorithm completed" duration ="28.329994ms" pod="default/matrixmul-00001-deployment-5cb8b76cf6-h9pqc"
I0622 07:21:16.816080       1 schedule_one.go:166] "scheduling algorithm completed" duration ="34.122778ms" pod="default/matrixmul-00001-deployment-5cb8b76cf6-kb6mp"
I0622 07:21:16.818247       1 schedule_one.go:166] "scheduling algorithm completed" duration ="55.673525ms" pod="default/linpack-00001-deployment-5fcdf8b7f7-kt2vx"
I0622 07:21:16.821852       1 schedule_one.go:166] "scheduling algorithm completed" duration ="13.1767ms" pod="default/linpack-00001-deployment-5fcdf8b7f7-55rx4"
I0622 07:21:16.857623       1 schedule_one.go:67] === MON SCHEDULER MODIFIÉ EST EN TRAIN DE TOURNER ===
I0622 07:21:16.883754       1 schedule_one.go:166] "scheduling algorithm completed" duration ="27.709049ms" pod="default/matrixmul-00001-deployment-5cb8b76cf6-vbwj5"
I0622 07:21:19.040134       1 schedule_one.go:67] === MON SCHEDULER MODIFIÉ EST EN TRAIN DE TOURNER ===
I0622 07:21:19.085543       1 schedule_one.go:166] "scheduling algorithm completed" duration ="46.681181ms" pod="default/matrixmul-00001-deployment-5cb8b76cf6-7x2r8"
I0622 07:21:19.184620       1 schedule_one.go:67] === MON SCHEDULER MODIFIÉ EST EN TRAIN DE TOURNER ===
I0622 07:21:19.190146       1 schedule_one.go:67] === MON SCHEDULER MODIFIÉ EST EN TRAIN DE TOURNER ===
I0622 07:21:19.228035       1 schedule_one.go:166] "scheduling algorithm completed" duration ="44.439771ms" pod="default/matrixmul-00001-deployment-5cb8b76cf6-5khcg"
I0622 07:21:19.288814       1 schedule_one.go:166] "scheduling algorithm completed" duration ="99.76311ms" pod="default/matrixmul-00001-deployment-5cb8b76cf6-qdxnl"
I0622 07:21:20.771349       1 schedule_one.go:67] === MON SCHEDULER MODIFIÉ EST EN TRAIN DE TOURNER ===
I0622 07:21:20.793315       1 schedule_one.go:166] "scheduling algorithm completed" duration ="23.126359ms" pod="default/matrixmul-00001-deployment-5cb8b76cf6-xdfnq"
I0622 07:21:22.746429       1 schedule_one.go:67] === MON SCHEDULER MODIFIÉ EST EN TRAIN DE TOURNER ===
I0622 07:21:22.757874       1 schedule_one.go:166] "scheduling algorithm completed" duration ="12.722588ms" pod="default/fastfouriertransform-00001-deployment-5bb577bc85-2ghr4"
I0622 07:21:24.745432       1 schedule_one.go:67] === MON SCHEDULER MODIFIÉ EST EN TRAIN DE TOURNER ===
I0622 07:21:24.772593       1 schedule_one.go:67] === MON SCHEDULER MODIFIÉ EST EN TRAIN DE TOURNER ===
I0622 07:21:24.780558       1 schedule_one.go:67] === MON SCHEDULER MODIFIÉ EST EN TRAIN DE TOURNER ===
I0622 07:21:24.783333       1 schedule_one.go:166] "scheduling algorithm completed" duration ="39.299395ms" pod="default/fastfouriertransform-00001-deployment-5bb577bc85-2hhjq"
I0622 07:21:24.821812       1 schedule_one.go:166] "scheduling algorithm completed" duration ="50.184962ms" pod="default/fastfouriertransform-00001-deployment-5bb577bc85-jh7qw"
I0622 07:21:25.000419       1 schedule_one.go:166] "scheduling algorithm completed" duration ="220.954279ms" pod="default/fastfouriertransform-00001-deployment-5bb577bc85-7v877"
I0622 07:21:26.939295       1 schedule_one.go:67] === MON SCHEDULER MODIFIÉ EST EN TRAIN DE TOURNER ===
I0622 07:21:26.988767       1 schedule_one.go:166] "scheduling algorithm completed" duration ="50.236259ms" pod="default/fastfouriertransform-00001-deployment-5bb577bc85-s4rt8"
I0622 07:30:08.983572       1 schedule_one.go:67] === MON SCHEDULER MODIFIÉ EST EN TRAIN DE TOURNER ===
I0622 07:30:08.988736       1 schedule_one.go:67] === MON SCHEDULER MODIFIÉ EST EN TRAIN DE TOURNER ===
I0622 07:30:08.996156       1 schedule_one.go:67] === MON SCHEDULER MODIFIÉ EST EN TRAIN DE TOURNER ===
I0622 07:30:09.015801       1 schedule_one.go:166] "scheduling algorithm completed" duration ="27.566512ms" pod="default/fastfouriertransform-00001-deployment-5bb577bc85-ht2sz"
I0622 07:30:09.019563       1 schedule_one.go:166] "scheduling algorithm completed" duration ="36.666892ms" pod="default/genmatrix-00001-deployment-6774b76f77-m75zh"
I0622 07:30:09.031920       1 schedule_one.go:166] "scheduling algorithm completed" duration ="36.245632ms" pod="default/fetchdata-00001-deployment-66f645596-9qkpq"
I0622 07:30:09.117129       1 schedule_one.go:67] === MON SCHEDULER MODIFIÉ EST EN TRAIN DE TOURNER ===
I0622 07:30:09.188929       1 schedule_one.go:166] "scheduling algorithm completed" duration ="73.040135ms" pod="default/linpack-00001-deployment-5fcdf8b7f7-88lq7"
I0622 07:30:09.202764       1 schedule_one.go:67] === MON SCHEDULER MODIFIÉ EST EN TRAIN DE TOURNER ===
I0622 07:30:09.239874       1 schedule_one.go:166] "scheduling algorithm completed" duration ="37.69856ms" pod="default/matrixmul-00001-deployment-5cb8b76cf6-9zftw"
I0622 07:30:10.782890       1 schedule_one.go:67] === MON SCHEDULER MODIFIÉ EST EN TRAIN DE TOURNER ===
I0622 07:30:10.795076       1 schedule_one.go:166] "scheduling algorithm completed" duration ="12.885773ms" pod="default/fastfouriertransform-00001-deployment-5bb577bc85-xd84k"
I0622 07:30:10.797982       1 schedule_one.go:67] === MON SCHEDULER MODIFIÉ EST EN TRAIN DE TOURNER ===
I0622 07:30:10.833447       1 schedule_one.go:166] "scheduling algorithm completed" duration ="35.995835ms" pod="default/fetchdata-00001-deployment-66f645596-t92wt"
I0622 07:30:10.855760       1 schedule_one.go:67] === MON SCHEDULER MODIFIÉ EST EN TRAIN DE TOURNER ===
I0622 07:30:10.885305       1 schedule_one.go:166] "scheduling algorithm completed" duration ="30.135384ms" pod="default/linpack-00001-deployment-5fcdf8b7f7-xspp2"
I0622 07:30:11.008301       1 schedule_one.go:67] === MON SCHEDULER MODIFIÉ EST EN TRAIN DE TOURNER ===
I0622 07:30:11.050750       1 schedule_one.go:166] "scheduling algorithm completed" duration ="43.051529ms" pod="default/genmatrix-00001-deployment-6774b76f77-slrnr"
I0622 07:30:11.221588       1 schedule_one.go:67] === MON SCHEDULER MODIFIÉ EST EN TRAIN DE TOURNER ===
I0622 07:30:11.254194       1 schedule_one.go:166] "scheduling algorithm completed" duration ="33.471944ms" pod="default/matrixmul-00001-deployment-5cb8b76cf6-z7n7z"
I0622 07:30:12.746829       1 schedule_one.go:67] === MON SCHEDULER MODIFIÉ EST EN TRAIN DE TOURNER ===
I0622 07:30:12.748792       1 schedule_one.go:67] === MON SCHEDULER MODIFIÉ EST EN TRAIN DE TOURNER ===
I0622 07:30:12.775022       1 schedule_one.go:166] "scheduling algorithm completed" duration ="26.840196ms" pod="default/fastfouriertransform-00001-deployment-5bb577bc85-6wcb6"
I0622 07:30:12.779425       1 schedule_one.go:166] "scheduling algorithm completed" duration ="33.229518ms" pod="default/linpack-00001-deployment-5fcdf8b7f7-52r87"
I0622 07:30:12.799927       1 schedule_one.go:67] === MON SCHEDULER MODIFIÉ EST EN TRAIN DE TOURNER ===
I0622 07:30:12.813997       1 schedule_one.go:67] === MON SCHEDULER MODIFIÉ EST EN TRAIN DE TOURNER ===
I0622 07:30:12.822494       1 schedule_one.go:67] === MON SCHEDULER MODIFIÉ EST EN TRAIN DE TOURNER ===
I0622 07:30:12.845611       1 schedule_one.go:166] "scheduling algorithm completed" duration ="32.137109ms" pod="default/linpack-00001-deployment-5fcdf8b7f7-x7wvv"
I0622 07:30:12.862269       1 schedule_one.go:166] "scheduling algorithm completed" duration ="62.886328ms" pod="default/fastfouriertransform-00001-deployment-5bb577bc85-wsskd"
I0622 07:30:12.878310       1 schedule_one.go:166] "scheduling algorithm completed" duration ="56.387599ms" pod="default/fastfouriertransform-00001-deployment-5bb577bc85-4b428"
I0622 07:30:12.931708       1 schedule_one.go:67] === MON SCHEDULER MODIFIÉ EST EN TRAIN DE TOURNER ===
I0622 07:30:13.021531       1 schedule_one.go:166] "scheduling algorithm completed" duration ="90.537988ms" pod="default/genmatrix-00001-deployment-6774b76f77-klw4m"
I0622 07:30:13.044455       1 schedule_one.go:67] === MON SCHEDULER MODIFIÉ EST EN TRAIN DE TOURNER ===
I0622 07:30:13.082231       1 schedule_one.go:67] === MON SCHEDULER MODIFIÉ EST EN TRAIN DE TOURNER ===
I0622 07:30:13.115524       1 schedule_one.go:166] "scheduling algorithm completed" duration ="71.722967ms" pod="default/fetchdata-00001-deployment-66f645596-vzg4w"
I0622 07:30:13.147947       1 schedule_one.go:67] === MON SCHEDULER MODIFIÉ EST EN TRAIN DE TOURNER ===
I0622 07:30:13.167711       1 schedule_one.go:166] "scheduling algorithm completed" duration ="86.90465ms" pod="default/genmatrix-00001-deployment-6774b76f77-ql947"
I0622 07:30:13.198539       1 schedule_one.go:67] === MON SCHEDULER MODIFIÉ EST EN TRAIN DE TOURNER ===
I0622 07:30:13.229852       1 schedule_one.go:166] "scheduling algorithm completed" duration ="83.112961ms" pod="default/fetchdata-00001-deployment-66f645596-fwr2p"
I0622 07:30:13.279438       1 schedule_one.go:166] "scheduling algorithm completed" duration ="81.457163ms" pod="default/matrixmul-00001-deployment-5cb8b76cf6-4fmsp"
I0622 07:30:13.336452       1 schedule_one.go:67] === MON SCHEDULER MODIFIÉ EST EN TRAIN DE TOURNER ===
I0622 07:30:13.367653       1 schedule_one.go:166] "scheduling algorithm completed" duration ="32.039332ms" pod="default/matrixmul-00001-deployment-5cb8b76cf6-lhnc9"
I0622 07:30:15.041648       1 schedule_one.go:67] === MON SCHEDULER MODIFIÉ EST EN TRAIN DE TOURNER ===
I0622 07:30:15.073032       1 schedule_one.go:67] === MON SCHEDULER MODIFIÉ EST EN TRAIN DE TOURNER ===
I0622 07:30:15.102526       1 schedule_one.go:166] "scheduling algorithm completed" duration ="61.65079ms" pod="default/fetchdata-00001-deployment-66f645596-n9r8j"
I0622 07:30:15.158299       1 schedule_one.go:166] "scheduling algorithm completed" duration ="85.898223ms" pod="default/linpack-00001-deployment-5fcdf8b7f7-npr94"
I0622 07:30:15.199418       1 schedule_one.go:67] === MON SCHEDULER MODIFIÉ EST EN TRAIN DE TOURNER ===
I0622 07:30:15.202503       1 schedule_one.go:67] === MON SCHEDULER MODIFIÉ EST EN TRAIN DE TOURNER ===
I0622 07:30:15.260145       1 schedule_one.go:166] "scheduling algorithm completed" duration ="58.304341ms" pod="default/linpack-00001-deployment-5fcdf8b7f7-4qpwq"
I0622 07:30:15.273515       1 schedule_one.go:166] "scheduling algorithm completed" duration ="74.701767ms" pod="default/linpack-00001-deployment-5fcdf8b7f7-9kmtf"
I0622 07:30:15.443373       1 schedule_one.go:67] === MON SCHEDULER MODIFIÉ EST EN TRAIN DE TOURNER ===
I0622 07:30:15.561783       1 schedule_one.go:67] === MON SCHEDULER MODIFIÉ EST EN TRAIN DE TOURNER ===
I0622 07:30:15.561934       1 schedule_one.go:166] "scheduling algorithm completed" duration ="119.138481ms" pod="default/matrixmul-00001-deployment-5cb8b76cf6-nwt6g"
I0622 07:30:15.589899       1 schedule_one.go:67] === MON SCHEDULER MODIFIÉ EST EN TRAIN DE TOURNER ===
I0622 07:30:15.615443       1 schedule_one.go:166] "scheduling algorithm completed" duration ="54.312004ms" pod="default/matrixmul-00001-deployment-5cb8b76cf6-2hkss"
I0622 07:30:15.633562       1 schedule_one.go:166] "scheduling algorithm completed" duration ="44.291307ms" pod="default/fastfouriertransform-00001-deployment-5bb577bc85-vwztx"
I0622 07:30:16.743928       1 schedule_one.go:67] === MON SCHEDULER MODIFIÉ EST EN TRAIN DE TOURNER ===
I0622 07:30:16.761845       1 schedule_one.go:166] "scheduling algorithm completed" duration ="18.720057ms" pod="default/matrixmul-00001-deployment-5cb8b76cf6-gqh5n"
I0622 07:30:16.779932       1 schedule_one.go:67] === MON SCHEDULER MODIFIÉ EST EN TRAIN DE TOURNER ===
I0622 07:30:16.853739       1 schedule_one.go:166] "scheduling algorithm completed" duration ="74.543044ms" pod="default/linpack-00001-deployment-5fcdf8b7f7-n4wpt"
I0622 07:30:16.857589       1 schedule_one.go:67] === MON SCHEDULER MODIFIÉ EST EN TRAIN DE TOURNER ===
I0622 07:30:16.919002       1 schedule_one.go:166] "scheduling algorithm completed" duration ="63.007402ms" pod="default/matrixmul-00001-deployment-5cb8b76cf6-bv5fh"
I0622 07:30:16.929873       1 schedule_one.go:67] === MON SCHEDULER MODIFIÉ EST EN TRAIN DE TOURNER ===
I0622 07:30:16.973847       1 schedule_one.go:166] "scheduling algorithm completed" duration ="44.710438ms" pod="default/linpack-00001-deployment-5fcdf8b7f7-m7cfb"
I0622 07:30:17.190432       1 schedule_one.go:67] === MON SCHEDULER MODIFIÉ EST EN TRAIN DE TOURNER ===
I0622 07:30:17.199062       1 schedule_one.go:67] === MON SCHEDULER MODIFIÉ EST EN TRAIN DE TOURNER ===
I0622 07:30:17.209494       1 schedule_one.go:166] "scheduling algorithm completed" duration ="19.601781ms" pod="default/linpack-00001-deployment-5fcdf8b7f7-lrmcr"
I0622 07:30:17.214261       1 schedule_one.go:166] "scheduling algorithm completed" duration ="15.864832ms" pod="default/linpack-00001-deployment-5fcdf8b7f7-d6kmh"
I0622 07:30:18.929708       1 schedule_one.go:67] === MON SCHEDULER MODIFIÉ EST EN TRAIN DE TOURNER ===
I0622 07:30:18.959725       1 schedule_one.go:67] === MON SCHEDULER MODIFIÉ EST EN TRAIN DE TOURNER ===
I0622 07:30:18.982043       1 schedule_one.go:67] === MON SCHEDULER MODIFIÉ EST EN TRAIN DE TOURNER ===
I0622 07:30:18.998362       1 schedule_one.go:67] === MON SCHEDULER MODIFIÉ EST EN TRAIN DE TOURNER ===
I0622 07:30:19.031096       1 schedule_one.go:166] "scheduling algorithm completed" duration ="102.002592ms" pod="default/linpack-00001-deployment-5fcdf8b7f7-wd4pz"
I0622 07:30:19.056096       1 schedule_one.go:166] "scheduling algorithm completed" duration ="58.261545ms" pod="default/linpack-00001-deployment-5fcdf8b7f7-dhscz"
I0622 07:30:19.097256       1 schedule_one.go:166] "scheduling algorithm completed" duration ="115.802534ms" pod="default/linpack-00001-deployment-5fcdf8b7f7-zlslh"
I0622 07:30:19.136651       1 schedule_one.go:166] "scheduling algorithm completed" duration ="177.500341ms" pod="default/matrixmul-00001-deployment-5cb8b76cf6-s7cdg"
I0622 07:30:20.756346       1 schedule_one.go:67] === MON SCHEDULER MODIFIÉ EST EN TRAIN DE TOURNER ===
I0622 07:30:20.785726       1 schedule_one.go:166] "scheduling algorithm completed" duration ="30.16707ms" pod="default/matrixmul-00001-deployment-5cb8b76cf6-v76bc"
I0622 07:30:22.726860       1 schedule_one.go:67] === MON SCHEDULER MODIFIÉ EST EN TRAIN DE TOURNER ===
I0622 07:30:22.746210       1 schedule_one.go:67] === MON SCHEDULER MODIFIÉ EST EN TRAIN DE TOURNER ===
I0622 07:30:22.750510       1 schedule_one.go:166] "scheduling algorithm completed" duration ="24.211878ms" pod="default/fastfouriertransform-00001-deployment-5bb577bc85-88cbr"
I0622 07:30:22.757813       1 schedule_one.go:166] "scheduling algorithm completed" duration ="12.133013ms" pod="default/fastfouriertransform-00001-deployment-5bb577bc85-h4w2v"
I0622 07:30:24.794873       1 schedule_one.go:67] === MON SCHEDULER MODIFIÉ EST EN TRAIN DE TOURNER ===
I0622 07:30:24.841360       1 schedule_one.go:67] === MON SCHEDULER MODIFIÉ EST EN TRAIN DE TOURNER ===
I0622 07:30:24.851039       1 schedule_one.go:67] === MON SCHEDULER MODIFIÉ EST EN TRAIN DE TOURNER ===
I0622 07:30:24.866221       1 schedule_one.go:166] "scheduling algorithm completed" duration ="72.430431ms" pod="default/fastfouriertransform-00001-deployment-5bb577bc85-qf27f"
I0622 07:30:24.907640       1 schedule_one.go:166] "scheduling algorithm completed" duration ="66.907184ms" pod="default/fastfouriertransform-00001-deployment-5bb577bc85-5w49p"
I0622 07:30:24.909202       1 schedule_one.go:166] "scheduling algorithm completed" duration ="58.711952ms" pod="default/fastfouriertransform-00001-deployment-5bb577bc85-8f8dz"
I0622 07:30:24.915617       1 schedule_one.go:67] === MON SCHEDULER MODIFIÉ EST EN TRAIN DE TOURNER ===
I0622 07:30:25.047074       1 schedule_one.go:166] "scheduling algorithm completed" duration ="131.97381ms" pod="default/fastfouriertransform-00001-deployment-5bb577bc85-scrkf"
I0622 07:30:26.958505       1 schedule_one.go:67] === MON SCHEDULER MODIFIÉ EST EN TRAIN DE TOURNER ===
I0622 07:30:26.962288       1 schedule_one.go:67] === MON SCHEDULER MODIFIÉ EST EN TRAIN DE TOURNER ===
I0622 07:30:26.984902       1 schedule_one.go:67] === MON SCHEDULER MODIFIÉ EST EN TRAIN DE TOURNER ===
I0622 07:30:27.045904       1 schedule_one.go:166] "scheduling algorithm completed" duration ="89.362375ms" pod="default/fastfouriertransform-00001-deployment-5bb577bc85-rwbvd"
I0622 07:30:27.072153       1 schedule_one.go:166] "scheduling algorithm completed" duration ="88.809634ms" pod="default/fastfouriertransform-00001-deployment-5bb577bc85-kfkll"
I0622 07:30:27.075002       1 schedule_one.go:166] "scheduling algorithm completed" duration ="116.456052ms" pod="default/fastfouriertransform-00001-deployment-5bb577bc85-dv9h7"
I0622 07:30:28.800266       1 schedule_one.go:67] === MON SCHEDULER MODIFIÉ EST EN TRAIN DE TOURNER ===
I0622 07:30:28.823590       1 schedule_one.go:67] === MON SCHEDULER MODIFIÉ EST EN TRAIN DE TOURNER ===
I0622 07:30:28.846684       1 schedule_one.go:166] "scheduling algorithm completed" duration ="47.44781ms" pod="default/fastfouriertransform-00001-deployment-5bb577bc85-4pk6n"
I0622 07:30:28.862441       1 schedule_one.go:166] "scheduling algorithm completed" duration ="39.506543ms" pod="default/fastfouriertransform-00001-deployment-5bb577bc85-2f7f5"
I0622 07:40:11.310690       1 schedule_one.go:67] === MON SCHEDULER MODIFIÉ EST EN TRAIN DE TOURNER ===
I0622 07:40:11.317197       1 schedule_one.go:67] === MON SCHEDULER MODIFIÉ EST EN TRAIN DE TOURNER ===
I0622 07:40:11.324788       1 schedule_one.go:166] "scheduling algorithm completed" duration ="14.758607ms" pod="default/fastfouriertransform-00001-deployment-5bb577bc85-7z9hg"
I0622 07:40:11.333139       1 schedule_one.go:166] "scheduling algorithm completed" duration ="16.474998ms" pod="default/genmatrix-00001-deployment-6774b76f77-l5w94"
I0622 07:40:11.369592       1 schedule_one.go:67] === MON SCHEDULER MODIFIÉ EST EN TRAIN DE TOURNER ===
I0622 07:40:11.382059       1 schedule_one.go:67] === MON SCHEDULER MODIFIÉ EST EN TRAIN DE TOURNER ===
I0622 07:40:11.415463       1 schedule_one.go:166] "scheduling algorithm completed" duration ="46.377527ms" pod="default/linpack-00001-deployment-5fcdf8b7f7-cb72s"
I0622 07:40:11.430809       1 schedule_one.go:166] "scheduling algorithm completed" duration ="49.389178ms" pod="default/fetchdata-00001-deployment-66f645596-x88j2"
I0622 07:40:11.587539       1 schedule_one.go:67] === MON SCHEDULER MODIFIÉ EST EN TRAIN DE TOURNER ===
I0622 07:40:11.645104       1 schedule_one.go:166] "scheduling algorithm completed" duration ="58.26039ms" pod="default/matrixmul-00001-deployment-5cb8b76cf6-959nr"
I0622 07:40:12.718009       1 schedule_one.go:67] === MON SCHEDULER MODIFIÉ EST EN TRAIN DE TOURNER ===
I0622 07:40:12.724895       1 schedule_one.go:67] === MON SCHEDULER MODIFIÉ EST EN TRAIN DE TOURNER ===
I0622 07:40:12.741333       1 schedule_one.go:166] "scheduling algorithm completed" duration ="16.967146ms" pod="default/fetchdata-00001-deployment-66f645596-kfgmc"
I0622 07:40:12.741344       1 schedule_one.go:166] "scheduling algorithm completed" duration ="23.915486ms" pod="default/fastfouriertransform-00001-deployment-5bb577bc85-jrs25"
I0622 07:40:12.760337       1 schedule_one.go:67] === MON SCHEDULER MODIFIÉ EST EN TRAIN DE TOURNER ===
I0622 07:40:12.784479       1 schedule_one.go:166] "scheduling algorithm completed" duration ="24.730598ms" pod="default/fastfouriertransform-00001-deployment-5bb577bc85-hcz86"
I0622 07:40:12.882245       1 schedule_one.go:67] === MON SCHEDULER MODIFIÉ EST EN TRAIN DE TOURNER ===
I0622 07:40:12.891864       1 schedule_one.go:67] === MON SCHEDULER MODIFIÉ EST EN TRAIN DE TOURNER ===
I0622 07:40:12.905451       1 schedule_one.go:166] "scheduling algorithm completed" duration ="14.243476ms" pod="default/linpack-00001-deployment-5fcdf8b7f7-dvt9t"
I0622 07:40:12.918387       1 schedule_one.go:166] "scheduling algorithm completed" duration ="37.010795ms" pod="default/genmatrix-00001-deployment-6774b76f77-px6x7"
I0622 07:40:12.968150       1 schedule_one.go:67] === MON SCHEDULER MODIFIÉ EST EN TRAIN DE TOURNER ===
I0622 07:40:12.981956       1 schedule_one.go:67] === MON SCHEDULER MODIFIÉ EST EN TRAIN DE TOURNER ===
I0622 07:40:13.016394       1 schedule_one.go:166] "scheduling algorithm completed" duration ="48.795826ms" pod="default/linpack-00001-deployment-5fcdf8b7f7-4vgdj"
I0622 07:40:13.128580       1 schedule_one.go:166] "scheduling algorithm completed" duration ="147.234607ms" pod="default/matrixmul-00001-deployment-5cb8b76cf6-46b8n"
I0622 07:40:14.727297       1 schedule_one.go:67] === MON SCHEDULER MODIFIÉ EST EN TRAIN DE TOURNER ===
I0622 07:40:14.752612       1 schedule_one.go:166] "scheduling algorithm completed" duration ="25.971933ms" pod="default/fetchdata-00001-deployment-66f645596-nws94"
I0622 07:40:14.755254       1 schedule_one.go:67] === MON SCHEDULER MODIFIÉ EST EN TRAIN DE TOURNER ===
I0622 07:40:14.774681       1 schedule_one.go:67] === MON SCHEDULER MODIFIÉ EST EN TRAIN DE TOURNER ===
I0622 07:40:14.784937       1 schedule_one.go:166] "scheduling algorithm completed" duration ="30.16877ms" pod="default/fetchdata-00001-deployment-66f645596-lk9cv"
I0622 07:40:14.815479       1 schedule_one.go:166] "scheduling algorithm completed" duration ="41.373633ms" pod="default/fetchdata-00001-deployment-66f645596-rb8h4"
I0622 07:40:14.827984       1 schedule_one.go:67] === MON SCHEDULER MODIFIÉ EST EN TRAIN DE TOURNER ===
I0622 07:40:14.859093       1 schedule_one.go:166] "scheduling algorithm completed" duration ="31.990012ms" pod="default/matrixmul-00001-deployment-5cb8b76cf6-n8dpt"
I0622 07:40:14.987146       1 schedule_one.go:67] === MON SCHEDULER MODIFIÉ EST EN TRAIN DE TOURNER ===
I0622 07:40:15.053003       1 schedule_one.go:166] "scheduling algorithm completed" duration ="66.647991ms" pod="default/genmatrix-00001-deployment-6774b76f77-7895d"
I0622 07:40:15.059187       1 schedule_one.go:67] === MON SCHEDULER MODIFIÉ EST EN TRAIN DE TOURNER ===
I0622 07:40:15.060821       1 schedule_one.go:67] === MON SCHEDULER MODIFIÉ EST EN TRAIN DE TOURNER ===
I0622 07:40:15.118051       1 schedule_one.go:166] "scheduling algorithm completed" duration ="58.16515ms" pod="default/linpack-00001-deployment-5fcdf8b7f7-pxm58"
I0622 07:40:15.126978       1 schedule_one.go:166] "scheduling algorithm completed" duration ="68.654363ms" pod="default/genmatrix-00001-deployment-6774b76f77-v4vnt"
I0622 07:40:15.165977       1 schedule_one.go:67] === MON SCHEDULER MODIFIÉ EST EN TRAIN DE TOURNER ===
I0622 07:40:15.172897       1 schedule_one.go:67] === MON SCHEDULER MODIFIÉ EST EN TRAIN DE TOURNER ===
I0622 07:40:15.184070       1 schedule_one.go:166] "scheduling algorithm completed" duration ="18.699519ms" pod="default/genmatrix-00001-deployment-6774b76f77-jmrzx"
I0622 07:40:15.213924       1 schedule_one.go:166] "scheduling algorithm completed" duration ="41.5483ms" pod="default/fastfouriertransform-00001-deployment-5bb577bc85-l822x"
I0622 07:40:15.218160       1 schedule_one.go:67] === MON SCHEDULER MODIFIÉ EST EN TRAIN DE TOURNER ===
I0622 07:40:15.227116       1 schedule_one.go:67] === MON SCHEDULER MODIFIÉ EST EN TRAIN DE TOURNER ===
I0622 07:40:15.245193       1 schedule_one.go:67] === MON SCHEDULER MODIFIÉ EST EN TRAIN DE TOURNER ===
I0622 07:40:15.249171       1 schedule_one.go:166] "scheduling algorithm completed" duration ="31.510883ms" pod="default/fastfouriertransform-00001-deployment-5bb577bc85-6x4vk"
I0622 07:40:15.261163       1 schedule_one.go:166] "scheduling algorithm completed" duration ="34.785145ms" pod="default/linpack-00001-deployment-5fcdf8b7f7-2tqlw"
I0622 07:40:15.299482       1 schedule_one.go:166] "scheduling algorithm completed" duration ="54.987388ms" pod="default/fastfouriertransform-00001-deployment-5bb577bc85-k4bz6"
I0622 07:40:16.771953       1 schedule_one.go:67] === MON SCHEDULER MODIFIÉ EST EN TRAIN DE TOURNER ===
I0622 07:40:16.832290       1 schedule_one.go:166] "scheduling algorithm completed" duration ="61.026041ms" pod="default/fastfouriertransform-00001-deployment-5bb577bc85-qtgc5"
I0622 07:40:16.842170       1 schedule_one.go:67] === MON SCHEDULER MODIFIÉ EST EN TRAIN DE TOURNER ===
I0622 07:40:16.899475       1 schedule_one.go:166] "scheduling algorithm completed" duration ="57.844261ms" pod="default/fetchdata-00001-deployment-66f645596-rpnvd"
I0622 07:40:17.256796       1 schedule_one.go:67] === MON SCHEDULER MODIFIÉ EST EN TRAIN DE TOURNER ===
I0622 07:40:17.381813       1 schedule_one.go:67] === MON SCHEDULER MODIFIÉ EST EN TRAIN DE TOURNER ===
I0622 07:40:17.419130       1 schedule_one.go:166] "scheduling algorithm completed" duration ="163.153993ms" pod="default/matrixmul-00001-deployment-5cb8b76cf6-pd5mx"
I0622 07:40:17.471590       1 schedule_one.go:166] "scheduling algorithm completed" duration ="90.4962ms" pod="default/linpack-00001-deployment-5fcdf8b7f7-n7lp2"
I0622 07:40:17.609975       1 schedule_one.go:67] === MON SCHEDULER MODIFIÉ EST EN TRAIN DE TOURNER ===
I0622 07:40:17.639615       1 schedule_one.go:166] "scheduling algorithm completed" duration ="30.430067ms" pod="default/matrixmul-00001-deployment-5cb8b76cf6-6hmpr"
I0622 07:40:18.733408       1 schedule_one.go:67] === MON SCHEDULER MODIFIÉ EST EN TRAIN DE TOURNER ===
I0622 07:40:18.772139       1 schedule_one.go:166] "scheduling algorithm completed" duration ="39.393409ms" pod="default/linpack-00001-deployment-5fcdf8b7f7-7j694"
I0622 07:40:18.806721       1 schedule_one.go:67] === MON SCHEDULER MODIFIÉ EST EN TRAIN DE TOURNER ===
I0622 07:40:18.843410       1 schedule_one.go:67] === MON SCHEDULER MODIFIÉ EST EN TRAIN DE TOURNER ===
I0622 07:40:18.856510       1 schedule_one.go:166] "scheduling algorithm completed" duration ="50.496179ms" pod="default/linpack-00001-deployment-5fcdf8b7f7-fmml2"
I0622 07:40:18.865923       1 schedule_one.go:67] === MON SCHEDULER MODIFIÉ EST EN TRAIN DE TOURNER ===
I0622 07:40:18.885548       1 schedule_one.go:166] "scheduling algorithm completed" duration ="20.422613ms" pod="default/matrixmul-00001-deployment-5cb8b76cf6-st9gj"
I0622 07:40:18.907786       1 schedule_one.go:166] "scheduling algorithm completed" duration ="65.588342ms" pod="default/linpack-00001-deployment-5fcdf8b7f7-659j2"
I0622 07:40:18.950329       1 schedule_one.go:67] === MON SCHEDULER MODIFIÉ EST EN TRAIN DE TOURNER ===
I0622 07:40:18.951584       1 schedule_one.go:67] === MON SCHEDULER MODIFIÉ EST EN TRAIN DE TOURNER ===
I0622 07:40:18.985121       1 schedule_one.go:166] "scheduling algorithm completed" duration ="35.646942ms" pod="default/matrixmul-00001-deployment-5cb8b76cf6-q4t28"
I0622 07:40:18.986982       1 schedule_one.go:166] "scheduling algorithm completed" duration ="36.456795ms" pod="default/matrixmul-00001-deployment-5cb8b76cf6-jx5ql"
I0622 07:40:20.779238       1 schedule_one.go:67] === MON SCHEDULER MODIFIÉ EST EN TRAIN DE TOURNER ===
I0622 07:40:20.825357       1 schedule_one.go:67] === MON SCHEDULER MODIFIÉ EST EN TRAIN DE TOURNER ===
I0622 07:40:20.923105       1 schedule_one.go:166] "scheduling algorithm completed" duration ="98.583133ms" pod="default/linpack-00001-deployment-5fcdf8b7f7-x4x4n"
I0622 07:40:21.061743       1 schedule_one.go:166] "scheduling algorithm completed" duration ="283.312981ms" pod="default/linpack-00001-deployment-5fcdf8b7f7-wbf6c"
I0622 07:40:21.119798       1 schedule_one.go:67] === MON SCHEDULER MODIFIÉ EST EN TRAIN DE TOURNER ===
I0622 07:40:21.205858       1 schedule_one.go:166] "scheduling algorithm completed" duration ="86.858048ms" pod="default/matrixmul-00001-deployment-5cb8b76cf6-zwd2j"
I0622 07:40:21.246648       1 schedule_one.go:67] === MON SCHEDULER MODIFIÉ EST EN TRAIN DE TOURNER ===
I0622 07:40:21.248439       1 schedule_one.go:67] === MON SCHEDULER MODIFIÉ EST EN TRAIN DE TOURNER ===
I0622 07:40:21.335743       1 schedule_one.go:166] "scheduling algorithm completed" duration ="89.869384ms" pod="default/matrixmul-00001-deployment-5cb8b76cf6-wg2cc"
I0622 07:40:21.395884       1 schedule_one.go:166] "scheduling algorithm completed" duration ="148.291423ms" pod="default/matrixmul-00001-deployment-5cb8b76cf6-zjjt4"
I0622 07:40:22.775716       1 schedule_one.go:67] === MON SCHEDULER MODIFIÉ EST EN TRAIN DE TOURNER ===
I0622 07:40:22.776480       1 schedule_one.go:67] === MON SCHEDULER MODIFIÉ EST EN TRAIN DE TOURNER ===
I0622 07:40:22.789116       1 schedule_one.go:166] "scheduling algorithm completed" duration ="14.228626ms" pod="default/matrixmul-00001-deployment-5cb8b76cf6-pnj5h"
I0622 07:40:22.789828       1 schedule_one.go:166] "scheduling algorithm completed" duration ="14.043643ms" pod="default/matrixmul-00001-deployment-5cb8b76cf6-s4n8x"
I0622 07:40:22.797769       1 schedule_one.go:67] === MON SCHEDULER MODIFIÉ EST EN TRAIN DE TOURNER ===
I0622 07:40:22.808816       1 schedule_one.go:166] "scheduling algorithm completed" duration ="11.797975ms" pod="default/matrixmul-00001-deployment-5cb8b76cf6-lcvsz"
I0622 07:40:24.757578       1 schedule_one.go:67] === MON SCHEDULER MODIFIÉ EST EN TRAIN DE TOURNER ===
I0622 07:40:24.768022       1 schedule_one.go:166] "scheduling algorithm completed" duration ="11.877178ms" pod="default/matrixmul-00001-deployment-5cb8b76cf6-67nnx"
I0622 07:40:26.718248       1 schedule_one.go:67] === MON SCHEDULER MODIFIÉ EST EN TRAIN DE TOURNER ===
I0622 07:40:26.728208       1 schedule_one.go:67] === MON SCHEDULER MODIFIÉ EST EN TRAIN DE TOURNER ===
I0622 07:40:26.738172       1 schedule_one.go:166] "scheduling algorithm completed" duration ="10.877789ms" pod="default/fastfouriertransform-00001-deployment-5bb577bc85-vs9ml"
I0622 07:40:26.798929       1 schedule_one.go:166] "scheduling algorithm completed" duration ="81.780395ms" pod="default/fastfouriertransform-00001-deployment-5bb577bc85-7n6h7"
I0622 07:40:28.809956       1 schedule_one.go:67] === MON SCHEDULER MODIFIÉ EST EN TRAIN DE TOURNER ===
I0622 07:40:28.844579       1 schedule_one.go:166] "scheduling algorithm completed" duration ="35.290979ms" pod="default/fastfouriertransform-00001-deployment-5bb577bc85-jxfd9"
I0622 07:40:28.844863       1 schedule_one.go:67] === MON SCHEDULER MODIFIÉ EST EN TRAIN DE TOURNER ===
I0622 07:40:28.851809       1 schedule_one.go:67] === MON SCHEDULER MODIFIÉ EST EN TRAIN DE TOURNER ===
I0622 07:40:28.888287       1 schedule_one.go:166] "scheduling algorithm completed" duration ="37.309889ms" pod="default/fastfouriertransform-00001-deployment-5bb577bc85-qmf79"
I0622 07:40:28.905625       1 schedule_one.go:166] "scheduling algorithm completed" duration ="61.511801ms" pod="default/fastfouriertransform-00001-deployment-5bb577bc85-nccr4"
I0622 07:40:30.811915       1 schedule_one.go:67] === MON SCHEDULER MODIFIÉ EST EN TRAIN DE TOURNER ===
I0622 07:40:30.841691       1 schedule_one.go:166] "scheduling algorithm completed" duration ="30.5634ms" pod="default/fastfouriertransform-00001-deployment-5bb577bc85-gpmz7"
I0622 07:40:30.867643       1 schedule_one.go:67] === MON SCHEDULER MODIFIÉ EST EN TRAIN DE TOURNER ===
I0622 07:40:30.931654       1 schedule_one.go:166] "scheduling algorithm completed" duration ="64.714786ms" pod="default/fastfouriertransform-00001-deployment-5bb577bc85-4hrgc"
I0622 07:40:32.737565       1 schedule_one.go:67] === MON SCHEDULER MODIFIÉ EST EN TRAIN DE TOURNER ===
I0622 07:40:32.768861       1 schedule_one.go:166] "scheduling algorithm completed" duration ="32.11268ms" pod="default/fastfouriertransform-00001-deployment-5bb577bc85-n29x6"
