I0422 14:17:10.875867       1 serving.go:386] Generated self-signed cert in-memory
W0422 14:17:10.876484       1 client_config.go:683] Neither --kubeconfig nor --master was specified.  Using the inClusterConfig.  This might not work.
I0422 14:17:10.900182       1 scheduler.go:283] ===  SCHEDULer New  ===
I0422 14:17:10.903486       1 scheduler.go:457] "fonction New() construit le scheduler, mais ne commence pas à scheduler les pods, c'est la fonction Run() qui commence le scheduling des pods." duration ="3.273814ms"
I0422 14:17:10.905559       1 server.go:175] "Starting Kubernetes Scheduler" version="v0.0.0-master+$Format:%H$"
I0422 14:17:10.905636       1 server.go:177] "Golang settings" GOGC="" GOMAXPROCS="" GOTRACEBACK=""
I0422 14:17:10.912254       1 requestheader_controller.go:180] Starting RequestHeaderAuthRequestController
I0422 14:17:10.912350       1 shared_informer.go:375] "Waiting for caches to sync"
I0422 14:17:10.912435       1 configmap_cafile_content.go:205] "Starting controller" name="client-ca::kube-system::extension-apiserver-authentication::client-ca-file"
I0422 14:17:10.912458       1 shared_informer.go:375] "Waiting for caches to sync"
I0422 14:17:10.912435       1 configmap_cafile_content.go:205] "Starting controller" name="client-ca::kube-system::extension-apiserver-authentication::requestheader-client-ca-file"
I0422 14:17:10.912498       1 shared_informer.go:375] "Waiting for caches to sync"
I0422 14:17:10.912559       1 secure_serving.go:211] Serving securely on [::]:10259
I0422 14:17:10.912633       1 tlsconfig.go:243] "Starting DynamicServingCertificateController"
I0422 14:17:11.113317       1 shared_informer.go:382] "Caches are synced"
I0422 14:17:11.113348       1 scheduler.go:542] ===  SCHEDULing RUN ===
I0422 14:17:11.113388       1 schedule_one.go:67] === MON SCHEDULER MODIFIÉ EST EN TRAIN DE TOURNER ===
I0422 14:17:11.113416       1 shared_informer.go:382] "Caches are synced"
I0422 14:17:11.113485       1 shared_informer.go:382] "Caches are synced"
I0422 14:22:13.178089       1 schedule_one.go:67] === MON SCHEDULER MODIFIÉ EST EN TRAIN DE TOURNER ===
I0422 14:22:13.183162       1 schedule_one.go:166] "scheduling algorithm completed" duration ="7.156293ms" pod="default/fastfouriertransform-00001-deployment-657cc65f49-7mdvv"
I0422 14:22:14.877824       1 schedule_one.go:67] === MON SCHEDULER MODIFIÉ EST EN TRAIN DE TOURNER ===
I0422 14:22:14.882282       1 schedule_one.go:67] === MON SCHEDULER MODIFIÉ EST EN TRAIN DE TOURNER ===
I0422 14:22:14.884198       1 schedule_one.go:166] "scheduling algorithm completed" duration ="7.082792ms" pod="default/grayscale-00001-deployment-5bdd67fc57-rjfnl"
I0422 14:22:14.886260       1 schedule_one.go:166] "scheduling algorithm completed" duration ="4.987386ms" pod="default/genmatrix-00001-deployment-5df4b84798-p24nb"
I0422 14:22:16.877222       1 schedule_one.go:67] === MON SCHEDULER MODIFIÉ EST EN TRAIN DE TOURNER ===
I0422 14:22:16.883768       1 schedule_one.go:166] "scheduling algorithm completed" duration ="7.143292ms" pod="default/pagerank-00001-deployment-5868dc586f-hltlr"
I0422 14:22:18.885065       1 schedule_one.go:67] === MON SCHEDULER MODIFIÉ EST EN TRAIN DE TOURNER ===
I0422 14:22:18.889729       1 schedule_one.go:67] === MON SCHEDULER MODIFIÉ EST EN TRAIN DE TOURNER ===
I0422 14:22:18.890239       1 schedule_one.go:166] "scheduling algorithm completed" duration ="5.774367ms" pod="default/graphgen-00001-deployment-6f84b8d49c-zsjkq"
I0422 14:22:18.898742       1 schedule_one.go:166] "scheduling algorithm completed" duration ="9.838012ms" pod="default/resnet-00001-deployment-58d467dc88-r7l4d"
I0422 14:22:28.877031       1 schedule_one.go:67] === MON SCHEDULER MODIFIÉ EST EN TRAIN DE TOURNER ===
I0422 14:22:28.881482       1 schedule_one.go:166] "scheduling algorithm completed" duration ="5.921053ms" pod="default/matrixmul-00001-deployment-7bd6bb5956-f5hj6"
I0422 14:22:32.872179       1 schedule_one.go:67] === MON SCHEDULER MODIFIÉ EST EN TRAIN DE TOURNER ===
I0422 14:22:32.877265       1 schedule_one.go:166] "scheduling algorithm completed" duration ="5.693071ms" pod="default/linpack-00001-deployment-5786f975fd-rl92b"
I0422 14:22:36.877827       1 schedule_one.go:67] === MON SCHEDULER MODIFIÉ EST EN TRAIN DE TOURNER ===
I0422 14:22:36.882769       1 schedule_one.go:166] "scheduling algorithm completed" duration ="5.796108ms" pod="default/mobilenet-00001-deployment-799ff7446f-62bg9"
I0422 14:22:52.883597       1 schedule_one.go:67] === MON SCHEDULER MODIFIÉ EST EN TRAIN DE TOURNER ===
I0422 14:22:52.888751       1 schedule_one.go:166] "scheduling algorithm completed" duration ="5.95333ms" pod="default/fetchdata-00001-deployment-6f7fd5c6-gcmzq"
I0422 14:37:42.075164       1 schedule_one.go:67] === MON SCHEDULER MODIFIÉ EST EN TRAIN DE TOURNER ===
I0422 14:37:42.079554       1 schedule_one.go:166] "scheduling algorithm completed" duration ="5.387443ms" pod="default/graphgen-00001-deployment-6f84b8d49c-l7zhc"
I0422 14:39:33.176372       1 schedule_one.go:67] === MON SCHEDULER MODIFIÉ EST EN TRAIN DE TOURNER ===
I0422 14:39:33.181396       1 schedule_one.go:166] "scheduling algorithm completed" duration ="5.921554ms" pod="default/resnet-00001-deployment-58d467dc88-wd5q8"
I0422 14:40:25.076647       1 schedule_one.go:67] === MON SCHEDULER MODIFIÉ EST EN TRAIN DE TOURNER ===
I0422 14:40:25.081627       1 schedule_one.go:166] "scheduling algorithm completed" duration ="5.975517ms" pod="default/graphgen-00001-deployment-6f84b8d49c-64hcs"
