I0602 12:35:47.914429       1 serving.go:386] Generated self-signed cert in-memory
W0602 12:35:47.915062       1 client_config.go:683] Neither --kubeconfig nor --master was specified.  Using the inClusterConfig.  This might not work.
I0602 12:35:47.941700       1 scheduler.go:283] ===  SCHEDULer New  ===
I0602 12:35:47.943320       1 scheduler.go:457] "fonction New() construit le scheduler, mais ne commence pas à scheduler les pods, c'est la fonction Run() qui commence le scheduling des pods." duration ="1.590591ms"
I0602 12:35:47.945452       1 server.go:175] "Starting Kubernetes Scheduler" version="v0.0.0-master+$Format:%H$"
I0602 12:35:47.945522       1 server.go:177] "Golang settings" GOGC="" GOMAXPROCS="" GOTRACEBACK=""
I0602 12:35:47.952484       1 configmap_cafile_content.go:205] "Starting controller" name="client-ca::kube-system::extension-apiserver-authentication::client-ca-file"
I0602 12:35:47.952502       1 shared_informer.go:375] "Waiting for caches to sync"
I0602 12:35:47.952482       1 requestheader_controller.go:180] Starting RequestHeaderAuthRequestController
I0602 12:35:47.952522       1 shared_informer.go:375] "Waiting for caches to sync"
I0602 12:35:47.952549       1 configmap_cafile_content.go:205] "Starting controller" name="client-ca::kube-system::extension-apiserver-authentication::requestheader-client-ca-file"
I0602 12:35:47.952559       1 shared_informer.go:375] "Waiting for caches to sync"
I0602 12:35:47.953062       1 secure_serving.go:211] Serving securely on [::]:10259
I0602 12:35:47.953583       1 tlsconfig.go:243] "Starting DynamicServingCertificateController"
I0602 12:35:48.253610       1 scheduler.go:542] ===  SCHEDULing RUN ===
I0602 12:35:48.253652       1 schedule_one.go:67] === MON SCHEDULER MODIFIÉ EST EN TRAIN DE TOURNER ===
I0602 12:35:48.253701       1 shared_informer.go:382] "Caches are synced"
I0602 12:35:48.253710       1 shared_informer.go:382] "Caches are synced"
I0602 12:35:48.253857       1 shared_informer.go:382] "Caches are synced"
I0602 12:40:47.462572       1 schedule_one.go:67] === MON SCHEDULER MODIFIÉ EST EN TRAIN DE TOURNER ===
I0602 12:40:47.463804       1 schedule_one.go:67] === MON SCHEDULER MODIFIÉ EST EN TRAIN DE TOURNER ===
I0602 12:40:47.470680       1 schedule_one.go:67] === MON SCHEDULER MODIFIÉ EST EN TRAIN DE TOURNER ===
I0602 12:40:47.471542       1 schedule_one.go:67] === MON SCHEDULER MODIFIÉ EST EN TRAIN DE TOURNER ===
I0602 12:40:47.473722       1 schedule_one.go:67] === MON SCHEDULER MODIFIÉ EST EN TRAIN DE TOURNER ===
I0602 12:40:47.473806       1 schedule_one.go:166] "scheduling algorithm completed" duration ="11.197222ms" pod="default/fastfouriertransform-00001-deployment-78d877fd9c-8sp6c"
I0602 12:40:47.474614       1 schedule_one.go:166] "scheduling algorithm completed" duration ="14.402066ms" pod="default/genmatrix-00001-deployment-5444456b78-9p8vx"
I0602 12:40:47.476101       1 schedule_one.go:67] === MON SCHEDULER MODIFIÉ EST EN TRAIN DE TOURNER ===
I0602 12:40:47.479878       1 schedule_one.go:166] "scheduling algorithm completed" duration ="10.108774ms" pod="default/genmatrix-00001-deployment-5444456b78-w5fc5"
I0602 12:40:47.482027       1 schedule_one.go:166] "scheduling algorithm completed" duration ="11.245ms" pod="default/fastfouriertransform-00001-deployment-78d877fd9c-ch4qm"
I0602 12:40:47.483594       1 schedule_one.go:67] === MON SCHEDULER MODIFIÉ EST EN TRAIN DE TOURNER ===
I0602 12:40:47.488558       1 schedule_one.go:67] === MON SCHEDULER MODIFIÉ EST EN TRAIN DE TOURNER ===
I0602 12:40:47.490449       1 schedule_one.go:166] "scheduling algorithm completed" duration ="16.670166ms" pod="default/genmatrix-00001-deployment-5444456b78-hqjxk"
I0602 12:40:47.492291       1 schedule_one.go:166] "scheduling algorithm completed" duration ="20.296418ms" pod="default/fastfouriertransform-00001-deployment-78d877fd9c-frg9b"
I0602 12:40:47.499156       1 schedule_one.go:166] "scheduling algorithm completed" duration ="16.955204ms" pod="default/fastfouriertransform-00001-deployment-78d877fd9c-j8rnv"
I0602 12:40:47.503798       1 schedule_one.go:166] "scheduling algorithm completed" duration ="16.146979ms" pod="default/genmatrix-00001-deployment-5444456b78-n6vrv"
I0602 12:40:47.533469       1 schedule_one.go:67] === MON SCHEDULER MODIFIÉ EST EN TRAIN DE TOURNER ===
I0602 12:40:47.539077       1 schedule_one.go:67] === MON SCHEDULER MODIFIÉ EST EN TRAIN DE TOURNER ===
I0602 12:40:47.543979       1 schedule_one.go:67] === MON SCHEDULER MODIFIÉ EST EN TRAIN DE TOURNER ===
I0602 12:40:47.545088       1 schedule_one.go:67] === MON SCHEDULER MODIFIÉ EST EN TRAIN DE TOURNER ===
I0602 12:40:47.545174       1 schedule_one.go:166] "scheduling algorithm completed" duration ="12.639931ms" pod="default/fetchdata-00001-deployment-759f5b8c55-j7rfk"
I0602 12:40:47.547767       1 schedule_one.go:166] "scheduling algorithm completed" duration ="9.50868ms" pod="default/matrixmul-00001-deployment-78f7668cf4-fx2kk"
I0602 12:40:47.554300       1 schedule_one.go:166] "scheduling algorithm completed" duration ="10.231126ms" pod="default/fetchdata-00001-deployment-759f5b8c55-8dw8c"
I0602 12:40:47.554521       1 schedule_one.go:67] === MON SCHEDULER MODIFIÉ EST EN TRAIN DE TOURNER ===
I0602 12:40:47.558474       1 schedule_one.go:166] "scheduling algorithm completed" duration ="15.849034ms" pod="default/fetchdata-00001-deployment-759f5b8c55-hst7v"
I0602 12:40:47.568833       1 schedule_one.go:166] "scheduling algorithm completed" duration ="15.827515ms" pod="default/fetchdata-00001-deployment-759f5b8c55-msspr"
I0602 12:40:47.707310       1 schedule_one.go:67] === MON SCHEDULER MODIFIÉ EST EN TRAIN DE TOURNER ===
I0602 12:40:47.712052       1 schedule_one.go:166] "scheduling algorithm completed" duration ="5.467296ms" pod="default/linpack-00001-deployment-6d74694468-4twcs"
I0602 12:40:47.798091       1 schedule_one.go:67] === MON SCHEDULER MODIFIÉ EST EN TRAIN DE TOURNER ===
I0602 12:40:47.803354       1 schedule_one.go:166] "scheduling algorithm completed" duration ="5.923945ms" pod="default/matrixmul-00001-deployment-78f7668cf4-j44wv"
I0602 12:40:47.849638       1 schedule_one.go:67] === MON SCHEDULER MODIFIÉ EST EN TRAIN DE TOURNER ===
I0602 12:40:47.854658       1 schedule_one.go:166] "scheduling algorithm completed" duration ="5.793186ms" pod="default/matrixmul-00001-deployment-78f7668cf4-4bgln"
I0602 12:40:48.048219       1 schedule_one.go:67] === MON SCHEDULER MODIFIÉ EST EN TRAIN DE TOURNER ===
I0602 12:40:48.053253       1 schedule_one.go:166] "scheduling algorithm completed" duration ="5.635315ms" pod="default/linpack-00001-deployment-6d74694468-ltqc6"
I0602 12:40:48.098915       1 schedule_one.go:67] === MON SCHEDULER MODIFIÉ EST EN TRAIN DE TOURNER ===
I0602 12:40:48.102983       1 schedule_one.go:166] "scheduling algorithm completed" duration ="4.767812ms" pod="default/linpack-00001-deployment-6d74694468-bnlxv"
I0602 12:40:48.348141       1 schedule_one.go:67] === MON SCHEDULER MODIFIÉ EST EN TRAIN DE TOURNER ===
I0602 12:40:48.352619       1 schedule_one.go:166] "scheduling algorithm completed" duration ="5.125869ms" pod="default/linpack-00001-deployment-6d74694468-pjvcs"
I0602 12:40:49.947730       1 schedule_one.go:67] === MON SCHEDULER MODIFIÉ EST EN TRAIN DE TOURNER ===
I0602 12:40:49.951852       1 schedule_one.go:166] "scheduling algorithm completed" duration ="4.908202ms" pod="default/fetchdata-00001-deployment-759f5b8c55-ttfkn"
I0602 12:40:50.049463       1 schedule_one.go:67] === MON SCHEDULER MODIFIÉ EST EN TRAIN DE TOURNER ===
I0602 12:40:50.054479       1 schedule_one.go:166] "scheduling algorithm completed" duration ="6.027057ms" pod="default/linpack-00001-deployment-6d74694468-5k52j"
I0602 12:40:50.098488       1 schedule_one.go:67] === MON SCHEDULER MODIFIÉ EST EN TRAIN DE TOURNER ===
I0602 12:40:50.102775       1 schedule_one.go:166] "scheduling algorithm completed" duration ="5.133554ms" pod="default/fastfouriertransform-00001-deployment-78d877fd9c-r9k2x"
I0602 12:40:50.169763       1 schedule_one.go:67] === MON SCHEDULER MODIFIÉ EST EN TRAIN DE TOURNER ===
I0602 12:40:50.181516       1 schedule_one.go:166] "scheduling algorithm completed" duration ="12.619209ms" pod="default/genmatrix-00001-deployment-5444456b78-4v4st"
I0602 12:40:50.350686       1 schedule_one.go:67] === MON SCHEDULER MODIFIÉ EST EN TRAIN DE TOURNER ===
I0602 12:40:50.355651       1 schedule_one.go:166] "scheduling algorithm completed" duration ="5.681926ms" pod="default/fastfouriertransform-00001-deployment-78d877fd9c-gbb8k"
I0602 12:40:50.400220       1 schedule_one.go:67] === MON SCHEDULER MODIFIÉ EST EN TRAIN DE TOURNER ===
I0602 12:40:50.405310       1 schedule_one.go:166] "scheduling algorithm completed" duration ="6.58893ms" pod="default/genmatrix-00001-deployment-5444456b78-9vg59"
I0602 12:40:51.505495       1 schedule_one.go:67] === MON SCHEDULER MODIFIÉ EST EN TRAIN DE TOURNER ===
I0602 12:40:51.510461       1 schedule_one.go:166] "scheduling algorithm completed" duration ="5.633907ms" pod="default/matrixmul-00001-deployment-78f7668cf4-pnppl"
I0602 12:40:51.700467       1 schedule_one.go:67] === MON SCHEDULER MODIFIÉ EST EN TRAIN DE TOURNER ===
I0602 12:40:51.704450       1 schedule_one.go:166] "scheduling algorithm completed" duration ="4.585145ms" pod="default/fetchdata-00001-deployment-759f5b8c55-7xjn5"
I0602 12:40:51.749447       1 schedule_one.go:67] === MON SCHEDULER MODIFIÉ EST EN TRAIN DE TOURNER ===
I0602 12:40:51.753143       1 schedule_one.go:166] "scheduling algorithm completed" duration ="4.449571ms" pod="default/matrixmul-00001-deployment-78f7668cf4-chs4l"
I0602 12:40:51.999359       1 schedule_one.go:67] === MON SCHEDULER MODIFIÉ EST EN TRAIN DE TOURNER ===
I0602 12:40:52.002876       1 schedule_one.go:166] "scheduling algorithm completed" duration ="4.322459ms" pod="default/fetchdata-00001-deployment-759f5b8c55-wxfph"
I0602 12:40:52.149066       1 schedule_one.go:67] === MON SCHEDULER MODIFIÉ EST EN TRAIN DE TOURNER ===
I0602 12:40:52.152785       1 schedule_one.go:166] "scheduling algorithm completed" duration ="4.352125ms" pod="default/linpack-00001-deployment-6d74694468-gtpjg"
I0602 12:40:52.199136       1 schedule_one.go:67] === MON SCHEDULER MODIFIÉ EST EN TRAIN DE TOURNER ===
I0602 12:40:52.203678       1 schedule_one.go:166] "scheduling algorithm completed" duration ="5.334814ms" pod="default/fastfouriertransform-00001-deployment-78d877fd9c-cdldx"
I0602 12:40:53.498802       1 schedule_one.go:67] === MON SCHEDULER MODIFIÉ EST EN TRAIN DE TOURNER ===
I0602 12:40:53.503581       1 schedule_one.go:166] "scheduling algorithm completed" duration ="5.787741ms" pod="default/linpack-00001-deployment-6d74694468-f76v8"
I0602 12:40:53.999367       1 schedule_one.go:67] === MON SCHEDULER MODIFIÉ EST EN TRAIN DE TOURNER ===
I0602 12:40:54.004268       1 schedule_one.go:166] "scheduling algorithm completed" duration ="6.069039ms" pod="default/fetchdata-00001-deployment-759f5b8c55-wl9sj"
I0602 12:40:54.149850       1 schedule_one.go:67] === MON SCHEDULER MODIFIÉ EST EN TRAIN DE TOURNER ===
I0602 12:40:54.154162       1 schedule_one.go:166] "scheduling algorithm completed" duration ="5.22937ms" pod="default/fetchdata-00001-deployment-759f5b8c55-zttfj"
I0602 12:40:55.399565       1 schedule_one.go:67] === MON SCHEDULER MODIFIÉ EST EN TRAIN DE TOURNER ===
I0602 12:40:55.404029       1 schedule_one.go:166] "scheduling algorithm completed" duration ="5.22861ms" pod="default/fetchdata-00001-deployment-759f5b8c55-x4kz7"
I0602 12:40:55.555782       1 schedule_one.go:67] === MON SCHEDULER MODIFIÉ EST EN TRAIN DE TOURNER ===
I0602 12:40:55.563138       1 schedule_one.go:166] "scheduling algorithm completed" duration ="8.22325ms" pod="default/fetchdata-00001-deployment-759f5b8c55-6qgzn"
I0602 12:40:55.599366       1 schedule_one.go:67] === MON SCHEDULER MODIFIÉ EST EN TRAIN DE TOURNER ===
I0602 12:40:55.602478       1 schedule_one.go:166] "scheduling algorithm completed" duration ="3.87331ms" pod="default/fetchdata-00001-deployment-759f5b8c55-bdrsh"
I0602 12:40:57.226710       1 schedule_one.go:67] === MON SCHEDULER MODIFIÉ EST EN TRAIN DE TOURNER ===
I0602 12:40:57.231021       1 schedule_one.go:67] === MON SCHEDULER MODIFIÉ EST EN TRAIN DE TOURNER ===
I0602 12:40:57.233411       1 schedule_one.go:166] "scheduling algorithm completed" duration ="7.504544ms" pod="default/fetchdata-00001-deployment-759f5b8c55-bqhgc"
I0602 12:40:57.239549       1 schedule_one.go:67] === MON SCHEDULER MODIFIÉ EST EN TRAIN DE TOURNER ===
I0602 12:40:57.240121       1 schedule_one.go:166] "scheduling algorithm completed" duration ="9.869571ms" pod="default/matrixmul-00001-deployment-78f7668cf4-f42bt"
I0602 12:40:57.249473       1 schedule_one.go:166] "scheduling algorithm completed" duration ="10.55524ms" pod="default/matrixmul-00001-deployment-78f7668cf4-lhrs4"
I0602 12:40:59.224998       1 schedule_one.go:67] === MON SCHEDULER MODIFIÉ EST EN TRAIN DE TOURNER ===
I0602 12:40:59.228820       1 schedule_one.go:166] "scheduling algorithm completed" duration ="4.450997ms" pod="default/matrixmul-00001-deployment-78f7668cf4-d86ng"
I0602 12:41:05.227182       1 schedule_one.go:67] === MON SCHEDULER MODIFIÉ EST EN TRAIN DE TOURNER ===
I0602 12:41:05.231507       1 schedule_one.go:166] "scheduling algorithm completed" duration ="4.983869ms" pod="default/fetchdata-00001-deployment-759f5b8c55-8tt5p"
I0602 12:41:07.222839       1 schedule_one.go:67] === MON SCHEDULER MODIFIÉ EST EN TRAIN DE TOURNER ===
I0602 12:41:07.228180       1 schedule_one.go:166] "scheduling algorithm completed" duration ="5.986169ms" pod="default/fetchdata-00001-deployment-759f5b8c55-qx25k"
