I0602 12:35:47.914429       1 serving.go:386] Generated self-signed cert in-memory
W0602 12:35:47.915062       1 client_config.go:683] Neither --kubeconfig nor --master was specified.  Using the inClusterConfig.  This might not work.
I0602 12:35:47.941700       1 scheduler.go:283] ===  SCHEDULer New  ===
I0602 12:35:47.943320       1 scheduler.go:457] "fonction New() construit le scheduler, mais ne commence pas à scheduler les pods, c'est la fonction Run() qui commence le scheduling des pods." duration ="1.590591ms"
I0602 12:35:47.945452       1 server.go:175] "Starting Kubernetes Scheduler" version="v0.0.0-master+$Format:%H$"
I0602 12:35:47.945522       1 server.go:177] "Golang settings" GOGC="" GOMAXPROCS="" GOTRACEBACK=""
I0602 12:35:47.952484       1 configmap_cafile_content.go:205] "Starting controller" name="client-ca::kube-system::extension-apiserver-authentication::client-ca-file"
I0602 12:35:47.952502       1 shared_informer.go:375] "Waiting for caches to sync"
I0602 12:35:47.952482       1 requestheader_controller.go:180] Starting RequestHeaderAuthRequestController
I0602 12:35:47.952522       1 shared_informer.go:375] "Waiting for caches to sync"
I0602 12:35:47.952549       1 configmap_cafile_content.go:205] "Starting controller" name="client-ca::kube-system::extension-apiserver-authentication::requestheader-client-ca-file"
I0602 12:35:47.952559       1 shared_informer.go:375] "Waiting for caches to sync"
I0602 12:35:47.953062       1 secure_serving.go:211] Serving securely on [::]:10259
I0602 12:35:47.953583       1 tlsconfig.go:243] "Starting DynamicServingCertificateController"
I0602 12:35:48.253610       1 scheduler.go:542] ===  SCHEDULing RUN ===
I0602 12:35:48.253652       1 schedule_one.go:67] === MON SCHEDULER MODIFIÉ EST EN TRAIN DE TOURNER ===
I0602 12:35:48.253701       1 shared_informer.go:382] "Caches are synced"
I0602 12:35:48.253710       1 shared_informer.go:382] "Caches are synced"
I0602 12:35:48.253857       1 shared_informer.go:382] "Caches are synced"
I0602 12:40:47.462572       1 schedule_one.go:67] === MON SCHEDULER MODIFIÉ EST EN TRAIN DE TOURNER ===
I0602 12:40:47.463804       1 schedule_one.go:67] === MON SCHEDULER MODIFIÉ EST EN TRAIN DE TOURNER ===
I0602 12:40:47.470680       1 schedule_one.go:67] === MON SCHEDULER MODIFIÉ EST EN TRAIN DE TOURNER ===
I0602 12:40:47.471542       1 schedule_one.go:67] === MON SCHEDULER MODIFIÉ EST EN TRAIN DE TOURNER ===
I0602 12:40:47.473722       1 schedule_one.go:67] === MON SCHEDULER MODIFIÉ EST EN TRAIN DE TOURNER ===
I0602 12:40:47.473806       1 schedule_one.go:166] "scheduling algorithm completed" duration ="11.197222ms" pod="default/fastfouriertransform-00001-deployment-78d877fd9c-8sp6c"
I0602 12:40:47.474614       1 schedule_one.go:166] "scheduling algorithm completed" duration ="14.402066ms" pod="default/genmatrix-00001-deployment-5444456b78-9p8vx"
I0602 12:40:47.476101       1 schedule_one.go:67] === MON SCHEDULER MODIFIÉ EST EN TRAIN DE TOURNER ===
I0602 12:40:47.479878       1 schedule_one.go:166] "scheduling algorithm completed" duration ="10.108774ms" pod="default/genmatrix-00001-deployment-5444456b78-w5fc5"
I0602 12:40:47.482027       1 schedule_one.go:166] "scheduling algorithm completed" duration ="11.245ms" pod="default/fastfouriertransform-00001-deployment-78d877fd9c-ch4qm"
I0602 12:40:47.483594       1 schedule_one.go:67] === MON SCHEDULER MODIFIÉ EST EN TRAIN DE TOURNER ===
I0602 12:40:47.488558       1 schedule_one.go:67] === MON SCHEDULER MODIFIÉ EST EN TRAIN DE TOURNER ===
I0602 12:40:47.490449       1 schedule_one.go:166] "scheduling algorithm completed" duration ="16.670166ms" pod="default/genmatrix-00001-deployment-5444456b78-hqjxk"
I0602 12:40:47.492291       1 schedule_one.go:166] "scheduling algorithm completed" duration ="20.296418ms" pod="default/fastfouriertransform-00001-deployment-78d877fd9c-frg9b"
I0602 12:40:47.499156       1 schedule_one.go:166] "scheduling algorithm completed" duration ="16.955204ms" pod="default/fastfouriertransform-00001-deployment-78d877fd9c-j8rnv"
I0602 12:40:47.503798       1 schedule_one.go:166] "scheduling algorithm completed" duration ="16.146979ms" pod="default/genmatrix-00001-deployment-5444456b78-n6vrv"
I0602 12:40:47.533469       1 schedule_one.go:67] === MON SCHEDULER MODIFIÉ EST EN TRAIN DE TOURNER ===
I0602 12:40:47.539077       1 schedule_one.go:67] === MON SCHEDULER MODIFIÉ EST EN TRAIN DE TOURNER ===
I0602 12:40:47.543979       1 schedule_one.go:67] === MON SCHEDULER MODIFIÉ EST EN TRAIN DE TOURNER ===
I0602 12:40:47.545088       1 schedule_one.go:67] === MON SCHEDULER MODIFIÉ EST EN TRAIN DE TOURNER ===
I0602 12:40:47.545174       1 schedule_one.go:166] "scheduling algorithm completed" duration ="12.639931ms" pod="default/fetchdata-00001-deployment-759f5b8c55-j7rfk"
I0602 12:40:47.547767       1 schedule_one.go:166] "scheduling algorithm completed" duration ="9.50868ms" pod="default/matrixmul-00001-deployment-78f7668cf4-fx2kk"
I0602 12:40:47.554300       1 schedule_one.go:166] "scheduling algorithm completed" duration ="10.231126ms" pod="default/fetchdata-00001-deployment-759f5b8c55-8dw8c"
I0602 12:40:47.554521       1 schedule_one.go:67] === MON SCHEDULER MODIFIÉ EST EN TRAIN DE TOURNER ===
I0602 12:40:47.558474       1 schedule_one.go:166] "scheduling algorithm completed" duration ="15.849034ms" pod="default/fetchdata-00001-deployment-759f5b8c55-hst7v"
I0602 12:40:47.568833       1 schedule_one.go:166] "scheduling algorithm completed" duration ="15.827515ms" pod="default/fetchdata-00001-deployment-759f5b8c55-msspr"
I0602 12:40:47.707310       1 schedule_one.go:67] === MON SCHEDULER MODIFIÉ EST EN TRAIN DE TOURNER ===
I0602 12:40:47.712052       1 schedule_one.go:166] "scheduling algorithm completed" duration ="5.467296ms" pod="default/linpack-00001-deployment-6d74694468-4twcs"
I0602 12:40:47.798091       1 schedule_one.go:67] === MON SCHEDULER MODIFIÉ EST EN TRAIN DE TOURNER ===
I0602 12:40:47.803354       1 schedule_one.go:166] "scheduling algorithm completed" duration ="5.923945ms" pod="default/matrixmul-00001-deployment-78f7668cf4-j44wv"
I0602 12:40:47.849638       1 schedule_one.go:67] === MON SCHEDULER MODIFIÉ EST EN TRAIN DE TOURNER ===
I0602 12:40:47.854658       1 schedule_one.go:166] "scheduling algorithm completed" duration ="5.793186ms" pod="default/matrixmul-00001-deployment-78f7668cf4-4bgln"
I0602 12:40:48.048219       1 schedule_one.go:67] === MON SCHEDULER MODIFIÉ EST EN TRAIN DE TOURNER ===
I0602 12:40:48.053253       1 schedule_one.go:166] "scheduling algorithm completed" duration ="5.635315ms" pod="default/linpack-00001-deployment-6d74694468-ltqc6"
I0602 12:40:48.098915       1 schedule_one.go:67] === MON SCHEDULER MODIFIÉ EST EN TRAIN DE TOURNER ===
I0602 12:40:48.102983       1 schedule_one.go:166] "scheduling algorithm completed" duration ="4.767812ms" pod="default/linpack-00001-deployment-6d74694468-bnlxv"
I0602 12:40:48.348141       1 schedule_one.go:67] === MON SCHEDULER MODIFIÉ EST EN TRAIN DE TOURNER ===
I0602 12:40:48.352619       1 schedule_one.go:166] "scheduling algorithm completed" duration ="5.125869ms" pod="default/linpack-00001-deployment-6d74694468-pjvcs"
I0602 12:40:49.947730       1 schedule_one.go:67] === MON SCHEDULER MODIFIÉ EST EN TRAIN DE TOURNER ===
I0602 12:40:49.951852       1 schedule_one.go:166] "scheduling algorithm completed" duration ="4.908202ms" pod="default/fetchdata-00001-deployment-759f5b8c55-ttfkn"
I0602 12:40:50.049463       1 schedule_one.go:67] === MON SCHEDULER MODIFIÉ EST EN TRAIN DE TOURNER ===
I0602 12:40:50.054479       1 schedule_one.go:166] "scheduling algorithm completed" duration ="6.027057ms" pod="default/linpack-00001-deployment-6d74694468-5k52j"
I0602 12:40:50.098488       1 schedule_one.go:67] === MON SCHEDULER MODIFIÉ EST EN TRAIN DE TOURNER ===
I0602 12:40:50.102775       1 schedule_one.go:166] "scheduling algorithm completed" duration ="5.133554ms" pod="default/fastfouriertransform-00001-deployment-78d877fd9c-r9k2x"
I0602 12:40:50.169763       1 schedule_one.go:67] === MON SCHEDULER MODIFIÉ EST EN TRAIN DE TOURNER ===
I0602 12:40:50.181516       1 schedule_one.go:166] "scheduling algorithm completed" duration ="12.619209ms" pod="default/genmatrix-00001-deployment-5444456b78-4v4st"
I0602 12:40:50.350686       1 schedule_one.go:67] === MON SCHEDULER MODIFIÉ EST EN TRAIN DE TOURNER ===
I0602 12:40:50.355651       1 schedule_one.go:166] "scheduling algorithm completed" duration ="5.681926ms" pod="default/fastfouriertransform-00001-deployment-78d877fd9c-gbb8k"
I0602 12:40:50.400220       1 schedule_one.go:67] === MON SCHEDULER MODIFIÉ EST EN TRAIN DE TOURNER ===
I0602 12:40:50.405310       1 schedule_one.go:166] "scheduling algorithm completed" duration ="6.58893ms" pod="default/genmatrix-00001-deployment-5444456b78-9vg59"
I0602 12:40:51.505495       1 schedule_one.go:67] === MON SCHEDULER MODIFIÉ EST EN TRAIN DE TOURNER ===
I0602 12:40:51.510461       1 schedule_one.go:166] "scheduling algorithm completed" duration ="5.633907ms" pod="default/matrixmul-00001-deployment-78f7668cf4-pnppl"
I0602 12:40:51.700467       1 schedule_one.go:67] === MON SCHEDULER MODIFIÉ EST EN TRAIN DE TOURNER ===
I0602 12:40:51.704450       1 schedule_one.go:166] "scheduling algorithm completed" duration ="4.585145ms" pod="default/fetchdata-00001-deployment-759f5b8c55-7xjn5"
I0602 12:40:51.749447       1 schedule_one.go:67] === MON SCHEDULER MODIFIÉ EST EN TRAIN DE TOURNER ===
I0602 12:40:51.753143       1 schedule_one.go:166] "scheduling algorithm completed" duration ="4.449571ms" pod="default/matrixmul-00001-deployment-78f7668cf4-chs4l"
I0602 12:40:51.999359       1 schedule_one.go:67] === MON SCHEDULER MODIFIÉ EST EN TRAIN DE TOURNER ===
I0602 12:40:52.002876       1 schedule_one.go:166] "scheduling algorithm completed" duration ="4.322459ms" pod="default/fetchdata-00001-deployment-759f5b8c55-wxfph"
I0602 12:40:52.149066       1 schedule_one.go:67] === MON SCHEDULER MODIFIÉ EST EN TRAIN DE TOURNER ===
I0602 12:40:52.152785       1 schedule_one.go:166] "scheduling algorithm completed" duration ="4.352125ms" pod="default/linpack-00001-deployment-6d74694468-gtpjg"
I0602 12:40:52.199136       1 schedule_one.go:67] === MON SCHEDULER MODIFIÉ EST EN TRAIN DE TOURNER ===
I0602 12:40:52.203678       1 schedule_one.go:166] "scheduling algorithm completed" duration ="5.334814ms" pod="default/fastfouriertransform-00001-deployment-78d877fd9c-cdldx"
I0602 12:40:53.498802       1 schedule_one.go:67] === MON SCHEDULER MODIFIÉ EST EN TRAIN DE TOURNER ===
I0602 12:40:53.503581       1 schedule_one.go:166] "scheduling algorithm completed" duration ="5.787741ms" pod="default/linpack-00001-deployment-6d74694468-f76v8"
I0602 12:40:53.999367       1 schedule_one.go:67] === MON SCHEDULER MODIFIÉ EST EN TRAIN DE TOURNER ===
I0602 12:40:54.004268       1 schedule_one.go:166] "scheduling algorithm completed" duration ="6.069039ms" pod="default/fetchdata-00001-deployment-759f5b8c55-wl9sj"
I0602 12:40:54.149850       1 schedule_one.go:67] === MON SCHEDULER MODIFIÉ EST EN TRAIN DE TOURNER ===
I0602 12:40:54.154162       1 schedule_one.go:166] "scheduling algorithm completed" duration ="5.22937ms" pod="default/fetchdata-00001-deployment-759f5b8c55-zttfj"
I0602 12:40:55.399565       1 schedule_one.go:67] === MON SCHEDULER MODIFIÉ EST EN TRAIN DE TOURNER ===
I0602 12:40:55.404029       1 schedule_one.go:166] "scheduling algorithm completed" duration ="5.22861ms" pod="default/fetchdata-00001-deployment-759f5b8c55-x4kz7"
I0602 12:40:55.555782       1 schedule_one.go:67] === MON SCHEDULER MODIFIÉ EST EN TRAIN DE TOURNER ===
I0602 12:40:55.563138       1 schedule_one.go:166] "scheduling algorithm completed" duration ="8.22325ms" pod="default/fetchdata-00001-deployment-759f5b8c55-6qgzn"
I0602 12:40:55.599366       1 schedule_one.go:67] === MON SCHEDULER MODIFIÉ EST EN TRAIN DE TOURNER ===
I0602 12:40:55.602478       1 schedule_one.go:166] "scheduling algorithm completed" duration ="3.87331ms" pod="default/fetchdata-00001-deployment-759f5b8c55-bdrsh"
I0602 12:40:57.226710       1 schedule_one.go:67] === MON SCHEDULER MODIFIÉ EST EN TRAIN DE TOURNER ===
I0602 12:40:57.231021       1 schedule_one.go:67] === MON SCHEDULER MODIFIÉ EST EN TRAIN DE TOURNER ===
I0602 12:40:57.233411       1 schedule_one.go:166] "scheduling algorithm completed" duration ="7.504544ms" pod="default/fetchdata-00001-deployment-759f5b8c55-bqhgc"
I0602 12:40:57.239549       1 schedule_one.go:67] === MON SCHEDULER MODIFIÉ EST EN TRAIN DE TOURNER ===
I0602 12:40:57.240121       1 schedule_one.go:166] "scheduling algorithm completed" duration ="9.869571ms" pod="default/matrixmul-00001-deployment-78f7668cf4-f42bt"
I0602 12:40:57.249473       1 schedule_one.go:166] "scheduling algorithm completed" duration ="10.55524ms" pod="default/matrixmul-00001-deployment-78f7668cf4-lhrs4"
I0602 12:40:59.224998       1 schedule_one.go:67] === MON SCHEDULER MODIFIÉ EST EN TRAIN DE TOURNER ===
I0602 12:40:59.228820       1 schedule_one.go:166] "scheduling algorithm completed" duration ="4.450997ms" pod="default/matrixmul-00001-deployment-78f7668cf4-d86ng"
I0602 12:41:05.227182       1 schedule_one.go:67] === MON SCHEDULER MODIFIÉ EST EN TRAIN DE TOURNER ===
I0602 12:41:05.231507       1 schedule_one.go:166] "scheduling algorithm completed" duration ="4.983869ms" pod="default/fetchdata-00001-deployment-759f5b8c55-8tt5p"
I0602 12:41:07.222839       1 schedule_one.go:67] === MON SCHEDULER MODIFIÉ EST EN TRAIN DE TOURNER ===
I0602 12:41:07.228180       1 schedule_one.go:166] "scheduling algorithm completed" duration ="5.986169ms" pod="default/fetchdata-00001-deployment-759f5b8c55-qx25k"
I0602 12:51:34.331797       1 schedule_one.go:67] === MON SCHEDULER MODIFIÉ EST EN TRAIN DE TOURNER ===
I0602 12:51:34.333339       1 schedule_one.go:67] === MON SCHEDULER MODIFIÉ EST EN TRAIN DE TOURNER ===
I0602 12:51:34.338984       1 schedule_one.go:166] "scheduling algorithm completed" duration ="7.925464ms" pod="default/genmatrix-00001-deployment-5444456b78-rjv5f"
I0602 12:51:34.340332       1 schedule_one.go:166] "scheduling algorithm completed" duration ="7.661166ms" pod="default/fastfouriertransform-00001-deployment-78d877fd9c-czz4j"
I0602 12:51:34.349230       1 schedule_one.go:67] === MON SCHEDULER MODIFIÉ EST EN TRAIN DE TOURNER ===
I0602 12:51:34.364030       1 schedule_one.go:166] "scheduling algorithm completed" duration ="15.430666ms" pod="default/fetchdata-00001-deployment-759f5b8c55-x7kqt"
I0602 12:51:34.364543       1 schedule_one.go:67] === MON SCHEDULER MODIFIÉ EST EN TRAIN DE TOURNER ===
I0602 12:51:34.379494       1 schedule_one.go:166] "scheduling algorithm completed" duration ="15.671261ms" pod="default/linpack-00001-deployment-6d74694468-5k52k"
I0602 12:51:34.466274       1 schedule_one.go:67] === MON SCHEDULER MODIFIÉ EST EN TRAIN DE TOURNER ===
I0602 12:51:34.473025       1 schedule_one.go:166] "scheduling algorithm completed" duration ="7.731407ms" pod="default/matrixmul-00001-deployment-78f7668cf4-w8rgx"
I0602 12:51:35.226112       1 schedule_one.go:67] === MON SCHEDULER MODIFIÉ EST EN TRAIN DE TOURNER ===
I0602 12:51:35.230708       1 schedule_one.go:67] === MON SCHEDULER MODIFIÉ EST EN TRAIN DE TOURNER ===
I0602 12:51:35.233231       1 schedule_one.go:67] === MON SCHEDULER MODIFIÉ EST EN TRAIN DE TOURNER ===
I0602 12:51:35.234133       1 schedule_one.go:166] "scheduling algorithm completed" duration ="8.236577ms" pod="default/genmatrix-00001-deployment-5444456b78-zzt8s"
I0602 12:51:35.240176       1 schedule_one.go:67] === MON SCHEDULER MODIFIÉ EST EN TRAIN DE TOURNER ===
I0602 12:51:35.240577       1 schedule_one.go:166] "scheduling algorithm completed" duration ="7.876908ms" pod="default/genmatrix-00001-deployment-5444456b78-jhdd7"
I0602 12:51:35.240954       1 schedule_one.go:166] "scheduling algorithm completed" duration ="10.780707ms" pod="default/fastfouriertransform-00001-deployment-78d877fd9c-5xvtj"
I0602 12:51:35.246725       1 schedule_one.go:166] "scheduling algorithm completed" duration ="7.115384ms" pod="default/fastfouriertransform-00001-deployment-78d877fd9c-c9zqn"
I0602 12:51:35.362437       1 schedule_one.go:67] === MON SCHEDULER MODIFIÉ EST EN TRAIN DE TOURNER ===
I0602 12:51:35.365962       1 schedule_one.go:166] "scheduling algorithm completed" duration ="4.270845ms" pod="default/fetchdata-00001-deployment-759f5b8c55-f2xr7"
I0602 12:51:35.483602       1 schedule_one.go:67] === MON SCHEDULER MODIFIÉ EST EN TRAIN DE TOURNER ===
I0602 12:51:35.495227       1 schedule_one.go:166] "scheduling algorithm completed" duration ="12.272458ms" pod="default/linpack-00001-deployment-6d74694468-gzr6h"
I0602 12:51:35.660292       1 schedule_one.go:67] === MON SCHEDULER MODIFIÉ EST EN TRAIN DE TOURNER ===
I0602 12:51:35.664365       1 schedule_one.go:166] "scheduling algorithm completed" duration ="4.880146ms" pod="default/matrixmul-00001-deployment-78f7668cf4-rxc6p"
I0602 12:51:35.711895       1 schedule_one.go:67] === MON SCHEDULER MODIFIÉ EST EN TRAIN DE TOURNER ===
I0602 12:51:35.716963       1 schedule_one.go:166] "scheduling algorithm completed" duration ="5.823634ms" pod="default/linpack-00001-deployment-6d74694468-9k772"
I0602 12:51:37.264890       1 schedule_one.go:67] === MON SCHEDULER MODIFIÉ EST EN TRAIN DE TOURNER ===
I0602 12:51:37.270376       1 schedule_one.go:166] "scheduling algorithm completed" duration ="6.686382ms" pod="default/fastfouriertransform-00001-deployment-78d877fd9c-jqgtf"
I0602 12:51:37.320679       1 schedule_one.go:67] === MON SCHEDULER MODIFIÉ EST EN TRAIN DE TOURNER ===
I0602 12:51:37.324425       1 schedule_one.go:166] "scheduling algorithm completed" duration ="4.55931ms" pod="default/fetchdata-00001-deployment-759f5b8c55-527lp"
I0602 12:51:37.362433       1 schedule_one.go:67] === MON SCHEDULER MODIFIÉ EST EN TRAIN DE TOURNER ===
I0602 12:51:37.398762       1 schedule_one.go:166] "scheduling algorithm completed" duration ="37.08421ms" pod="default/genmatrix-00001-deployment-5444456b78-6lbn7"
I0602 12:51:37.412642       1 schedule_one.go:67] === MON SCHEDULER MODIFIÉ EST EN TRAIN DE TOURNER ===
I0602 12:51:37.435553       1 schedule_one.go:166] "scheduling algorithm completed" duration ="23.668373ms" pod="default/fastfouriertransform-00001-deployment-78d877fd9c-rjcq7"
I0602 12:51:37.463578       1 schedule_one.go:67] === MON SCHEDULER MODIFIÉ EST EN TRAIN DE TOURNER ===
I0602 12:51:37.467387       1 schedule_one.go:166] "scheduling algorithm completed" duration ="6.053043ms" pod="default/fastfouriertransform-00001-deployment-78d877fd9c-9scbk"
I0602 12:51:37.510332       1 schedule_one.go:67] === MON SCHEDULER MODIFIÉ EST EN TRAIN DE TOURNER ===
I0602 12:51:37.535235       1 schedule_one.go:166] "scheduling algorithm completed" duration ="25.475349ms" pod="default/linpack-00001-deployment-6d74694468-bggm9"
I0602 12:51:37.560141       1 schedule_one.go:67] === MON SCHEDULER MODIFIÉ EST EN TRAIN DE TOURNER ===
I0602 12:51:37.564943       1 schedule_one.go:166] "scheduling algorithm completed" duration ="5.454668ms" pod="default/matrixmul-00001-deployment-78f7668cf4-bvx8m"
I0602 12:51:37.611299       1 schedule_one.go:67] === MON SCHEDULER MODIFIÉ EST EN TRAIN DE TOURNER ===
I0602 12:51:37.615688       1 schedule_one.go:166] "scheduling algorithm completed" duration ="4.98848ms" pod="default/fetchdata-00001-deployment-759f5b8c55-t7gbt"
I0602 12:51:37.660997       1 schedule_one.go:67] === MON SCHEDULER MODIFIÉ EST EN TRAIN DE TOURNER ===
I0602 12:51:37.664562       1 schedule_one.go:166] "scheduling algorithm completed" duration ="4.372512ms" pod="default/fetchdata-00001-deployment-759f5b8c55-f2v97"
I0602 12:51:37.763963       1 schedule_one.go:67] === MON SCHEDULER MODIFIÉ EST EN TRAIN DE TOURNER ===
I0602 12:51:37.768795       1 schedule_one.go:166] "scheduling algorithm completed" duration ="5.511076ms" pod="default/genmatrix-00001-deployment-5444456b78-nh7tb"
I0602 12:51:37.811419       1 schedule_one.go:67] === MON SCHEDULER MODIFIÉ EST EN TRAIN DE TOURNER ===
I0602 12:51:37.816120       1 schedule_one.go:166] "scheduling algorithm completed" duration ="5.34026ms" pod="default/genmatrix-00001-deployment-5444456b78-8jlnf"
I0602 12:51:37.913353       1 schedule_one.go:67] === MON SCHEDULER MODIFIÉ EST EN TRAIN DE TOURNER ===
I0602 12:51:37.917988       1 schedule_one.go:166] "scheduling algorithm completed" duration ="5.618559ms" pod="default/linpack-00001-deployment-6d74694468-mfqmk"
I0602 12:51:39.460124       1 schedule_one.go:67] === MON SCHEDULER MODIFIÉ EST EN TRAIN DE TOURNER ===
I0602 12:51:39.466374       1 schedule_one.go:166] "scheduling algorithm completed" duration ="7.014143ms" pod="default/linpack-00001-deployment-6d74694468-tngxp"
I0602 12:51:39.512173       1 schedule_one.go:67] === MON SCHEDULER MODIFIÉ EST EN TRAIN DE TOURNER ===
I0602 12:51:39.518173       1 schedule_one.go:166] "scheduling algorithm completed" duration ="6.820938ms" pod="default/matrixmul-00001-deployment-78f7668cf4-96mqs"
I0602 12:51:39.761913       1 schedule_one.go:67] === MON SCHEDULER MODIFIÉ EST EN TRAIN DE TOURNER ===
I0602 12:51:39.766466       1 schedule_one.go:166] "scheduling algorithm completed" duration ="5.365187ms" pod="default/matrixmul-00001-deployment-78f7668cf4-92v6p"
I0602 12:51:40.113760       1 schedule_one.go:67] === MON SCHEDULER MODIFIÉ EST EN TRAIN DE TOURNER ===
I0602 12:51:40.117838       1 schedule_one.go:166] "scheduling algorithm completed" duration ="4.823479ms" pod="default/fastfouriertransform-00001-deployment-78d877fd9c-m4z6v"
I0602 12:51:41.711969       1 schedule_one.go:67] === MON SCHEDULER MODIFIÉ EST EN TRAIN DE TOURNER ===
I0602 12:51:41.716491       1 schedule_one.go:166] "scheduling algorithm completed" duration ="5.439168ms" pod="default/fastfouriertransform-00001-deployment-78d877fd9c-9ztm7"
I0602 12:51:41.763255       1 schedule_one.go:67] === MON SCHEDULER MODIFIÉ EST EN TRAIN DE TOURNER ===
I0602 12:51:41.812055       1 schedule_one.go:67] === MON SCHEDULER MODIFIÉ EST EN TRAIN DE TOURNER ===
I0602 12:51:41.815121       1 schedule_one.go:166] "scheduling algorithm completed" duration ="53.144344ms" pod="default/matrixmul-00001-deployment-78f7668cf4-ln5rx"
I0602 12:51:41.818399       1 schedule_one.go:166] "scheduling algorithm completed" duration ="7.171533ms" pod="default/linpack-00001-deployment-6d74694468-d67fj"
I0602 12:51:41.961738       1 schedule_one.go:67] === MON SCHEDULER MODIFIÉ EST EN TRAIN DE TOURNER ===
I0602 12:51:41.967558       1 schedule_one.go:166] "scheduling algorithm completed" duration ="6.724696ms" pod="default/matrixmul-00001-deployment-78f7668cf4-8jcxk"
I0602 12:51:42.013888       1 schedule_one.go:67] === MON SCHEDULER MODIFIÉ EST EN TRAIN DE TOURNER ===
I0602 12:51:42.021321       1 schedule_one.go:166] "scheduling algorithm completed" duration ="9.737588ms" pod="default/matrixmul-00001-deployment-78f7668cf4-pzzwp"
I0602 12:51:42.161593       1 schedule_one.go:67] === MON SCHEDULER MODIFIÉ EST EN TRAIN DE TOURNER ===
I0602 12:51:42.166377       1 schedule_one.go:166] "scheduling algorithm completed" duration ="5.811578ms" pod="default/matrixmul-00001-deployment-78f7668cf4-nk264"
I0602 12:51:43.231470       1 schedule_one.go:67] === MON SCHEDULER MODIFIÉ EST EN TRAIN DE TOURNER ===
I0602 12:51:43.235401       1 schedule_one.go:166] "scheduling algorithm completed" duration ="6.025599ms" pod="default/linpack-00001-deployment-6d74694468-8t58s"
I0602 12:51:43.316666       1 schedule_one.go:67] === MON SCHEDULER MODIFIÉ EST EN TRAIN DE TOURNER ===
I0602 12:51:43.321659       1 schedule_one.go:166] "scheduling algorithm completed" duration ="10.590131ms" pod="default/matrixmul-00001-deployment-78f7668cf4-c5vc5"
I0602 12:51:43.413490       1 schedule_one.go:67] === MON SCHEDULER MODIFIÉ EST EN TRAIN DE TOURNER ===
I0602 12:51:43.418584       1 schedule_one.go:166] "scheduling algorithm completed" duration ="6.046025ms" pod="default/matrixmul-00001-deployment-78f7668cf4-65zjk"
I0602 12:51:43.460611       1 schedule_one.go:67] === MON SCHEDULER MODIFIÉ EST EN TRAIN DE TOURNER ===
I0602 12:51:43.465137       1 schedule_one.go:166] "scheduling algorithm completed" duration ="5.401113ms" pod="default/matrixmul-00001-deployment-78f7668cf4-cht4x"
I0602 12:51:45.233543       1 schedule_one.go:67] === MON SCHEDULER MODIFIÉ EST EN TRAIN DE TOURNER ===
I0602 12:51:45.242424       1 schedule_one.go:166] "scheduling algorithm completed" duration ="9.941997ms" pod="default/matrixmul-00001-deployment-78f7668cf4-9vscl"
I0602 12:51:49.231431       1 schedule_one.go:67] === MON SCHEDULER MODIFIÉ EST EN TRAIN DE TOURNER ===
I0602 12:51:49.266135       1 schedule_one.go:166] "scheduling algorithm completed" duration ="35.791498ms" pod="default/fastfouriertransform-00001-deployment-78d877fd9c-4m68t"
I0602 12:51:51.223384       1 schedule_one.go:67] === MON SCHEDULER MODIFIÉ EST EN TRAIN DE TOURNER ===
I0602 12:51:51.226662       1 schedule_one.go:67] === MON SCHEDULER MODIFIÉ EST EN TRAIN DE TOURNER ===
I0602 12:51:51.228797       1 schedule_one.go:166] "scheduling algorithm completed" duration ="7.349516ms" pod="default/linpack-00001-deployment-6d74694468-69dwn"
I0602 12:51:51.231802       1 schedule_one.go:166] "scheduling algorithm completed" duration ="5.864986ms" pod="default/linpack-00001-deployment-6d74694468-6vnql"
I0602 12:51:53.225699       1 schedule_one.go:67] === MON SCHEDULER MODIFIÉ EST EN TRAIN DE TOURNER ===
I0602 12:51:53.260448       1 schedule_one.go:166] "scheduling algorithm completed" duration ="35.633201ms" pod="default/linpack-00001-deployment-6d74694468-4sm8h"
I0602 13:00:40.186027       1 schedule_one.go:67] === MON SCHEDULER MODIFIÉ EST EN TRAIN DE TOURNER ===
I0602 13:00:40.187938       1 schedule_one.go:67] === MON SCHEDULER MODIFIÉ EST EN TRAIN DE TOURNER ===
I0602 13:00:40.189459       1 schedule_one.go:67] === MON SCHEDULER MODIFIÉ EST EN TRAIN DE TOURNER ===
I0602 13:00:40.190967       1 schedule_one.go:67] === MON SCHEDULER MODIFIÉ EST EN TRAIN DE TOURNER ===
I0602 13:00:40.200506       1 schedule_one.go:166] "scheduling algorithm completed" duration ="13.520629ms" pod="default/fetchdata-00001-deployment-759f5b8c55-92gpv"
I0602 13:00:40.204070       1 schedule_one.go:166] "scheduling algorithm completed" duration ="18.975839ms" pod="default/linpack-00001-deployment-6d74694468-dnzzp"
I0602 13:00:40.204807       1 schedule_one.go:166] "scheduling algorithm completed" duration ="16.69171ms" pod="default/genmatrix-00001-deployment-5444456b78-2s8jg"
I0602 13:00:40.208607       1 schedule_one.go:67] === MON SCHEDULER MODIFIÉ EST EN TRAIN DE TOURNER ===
I0602 13:00:40.209196       1 schedule_one.go:166] "scheduling algorithm completed" duration ="19.043748ms" pod="default/fastfouriertransform-00001-deployment-78d877fd9c-qw5rd"
I0602 13:00:40.227596       1 schedule_one.go:166] "scheduling algorithm completed" duration ="20.817151ms" pod="default/matrixmul-00001-deployment-78f7668cf4-j7mgz"
I0602 13:00:41.228117       1 schedule_one.go:67] === MON SCHEDULER MODIFIÉ EST EN TRAIN DE TOURNER ===
I0602 13:00:41.232755       1 schedule_one.go:67] === MON SCHEDULER MODIFIÉ EST EN TRAIN DE TOURNER ===
I0602 13:00:41.234270       1 schedule_one.go:67] === MON SCHEDULER MODIFIÉ EST EN TRAIN DE TOURNER ===
I0602 13:00:41.234784       1 schedule_one.go:166] "scheduling algorithm completed" duration ="6.782536ms" pod="default/linpack-00001-deployment-6d74694468-8mqcg"
I0602 13:00:41.235733       1 schedule_one.go:67] === MON SCHEDULER MODIFIÉ EST EN TRAIN DE TOURNER ===
I0602 13:00:41.249701       1 schedule_one.go:166] "scheduling algorithm completed" duration ="16.765118ms" pod="default/linpack-00001-deployment-6d74694468-v5m4n"
I0602 13:00:41.251595       1 schedule_one.go:166] "scheduling algorithm completed" duration ="17.236122ms" pod="default/linpack-00001-deployment-6d74694468-lbjdt"
I0602 13:00:41.257510       1 schedule_one.go:166] "scheduling algorithm completed" duration ="25.632839ms" pod="default/fetchdata-00001-deployment-759f5b8c55-kj6mm"
I0602 13:00:41.257933       1 schedule_one.go:67] === MON SCHEDULER MODIFIÉ EST EN TRAIN DE TOURNER ===
I0602 13:00:41.274786       1 schedule_one.go:166] "scheduling algorithm completed" duration ="17.815793ms" pod="default/fetchdata-00001-deployment-759f5b8c55-hfhss"
I0602 13:00:41.278925       1 schedule_one.go:67] === MON SCHEDULER MODIFIÉ EST EN TRAIN DE TOURNER ===
I0602 13:00:41.303021       1 schedule_one.go:166] "scheduling algorithm completed" duration ="25.801266ms" pod="default/fastfouriertransform-00001-deployment-78d877fd9c-2kqrn"
I0602 13:00:41.385780       1 schedule_one.go:67] === MON SCHEDULER MODIFIÉ EST EN TRAIN DE TOURNER ===
I0602 13:00:41.406545       1 schedule_one.go:166] "scheduling algorithm completed" duration ="21.673065ms" pod="default/matrixmul-00001-deployment-78f7668cf4-qn2js"
I0602 13:00:41.535436       1 schedule_one.go:67] === MON SCHEDULER MODIFIÉ EST EN TRAIN DE TOURNER ===
I0602 13:00:41.540886       1 schedule_one.go:166] "scheduling algorithm completed" duration ="6.211125ms" pod="default/genmatrix-00001-deployment-5444456b78-shscl"
I0602 13:00:43.399355       1 schedule_one.go:67] === MON SCHEDULER MODIFIÉ EST EN TRAIN DE TOURNER ===
I0602 13:00:43.403965       1 schedule_one.go:166] "scheduling algorithm completed" duration ="5.406137ms" pod="default/fastfouriertransform-00001-deployment-78d877fd9c-k6hz5"
I0602 13:00:43.436974       1 schedule_one.go:67] === MON SCHEDULER MODIFIÉ EST EN TRAIN DE TOURNER ===
I0602 13:00:43.441587       1 schedule_one.go:166] "scheduling algorithm completed" duration ="5.480359ms" pod="default/genmatrix-00001-deployment-5444456b78-bq4zb"
I0602 13:00:43.487274       1 schedule_one.go:67] === MON SCHEDULER MODIFIÉ EST EN TRAIN DE TOURNER ===
I0602 13:00:43.496845       1 schedule_one.go:166] "scheduling algorithm completed" duration ="10.384455ms" pod="default/linpack-00001-deployment-6d74694468-kr5g6"
I0602 13:00:43.585415       1 schedule_one.go:67] === MON SCHEDULER MODIFIÉ EST EN TRAIN DE TOURNER ===
I0602 13:00:43.589576       1 schedule_one.go:166] "scheduling algorithm completed" duration ="5.02293ms" pod="default/fetchdata-00001-deployment-759f5b8c55-9sprv"
I0602 13:00:43.637157       1 schedule_one.go:67] === MON SCHEDULER MODIFIÉ EST EN TRAIN DE TOURNER ===
I0602 13:00:43.643882       1 schedule_one.go:166] "scheduling algorithm completed" duration ="7.595192ms" pod="default/fastfouriertransform-00001-deployment-78d877fd9c-jkqs7"
I0602 13:00:43.686263       1 schedule_one.go:67] === MON SCHEDULER MODIFIÉ EST EN TRAIN DE TOURNER ===
I0602 13:00:43.691254       1 schedule_one.go:166] "scheduling algorithm completed" duration ="5.767565ms" pod="default/fastfouriertransform-00001-deployment-78d877fd9c-468tn"
I0602 13:00:43.886524       1 schedule_one.go:67] === MON SCHEDULER MODIFIÉ EST EN TRAIN DE TOURNER ===
I0602 13:00:43.891772       1 schedule_one.go:166] "scheduling algorithm completed" duration ="5.927307ms" pod="default/fetchdata-00001-deployment-759f5b8c55-lrvq4"
I0602 13:00:43.936492       1 schedule_one.go:67] === MON SCHEDULER MODIFIÉ EST EN TRAIN DE TOURNER ===
I0602 13:00:43.941822       1 schedule_one.go:166] "scheduling algorithm completed" duration ="6.562905ms" pod="default/fetchdata-00001-deployment-759f5b8c55-pfh9s"
I0602 13:00:44.135765       1 schedule_one.go:67] === MON SCHEDULER MODIFIÉ EST EN TRAIN DE TOURNER ===
I0602 13:00:44.142500       1 schedule_one.go:166] "scheduling algorithm completed" duration ="7.359505ms" pod="default/matrixmul-00001-deployment-78f7668cf4-5nb7z"
I0602 13:00:44.385582       1 schedule_one.go:67] === MON SCHEDULER MODIFIÉ EST EN TRAIN DE TOURNER ===
I0602 13:00:44.390461       1 schedule_one.go:166] "scheduling algorithm completed" duration ="5.587027ms" pod="default/matrixmul-00001-deployment-78f7668cf4-wtgnx"
I0602 13:00:45.587825       1 schedule_one.go:67] === MON SCHEDULER MODIFIÉ EST EN TRAIN DE TOURNER ===
I0602 13:00:45.592347       1 schedule_one.go:166] "scheduling algorithm completed" duration ="5.36971ms" pod="default/linpack-00001-deployment-6d74694468-gptpm"
I0602 13:00:45.737690       1 schedule_one.go:67] === MON SCHEDULER MODIFIÉ EST EN TRAIN DE TOURNER ===
I0602 13:00:45.742784       1 schedule_one.go:166] "scheduling algorithm completed" duration ="5.879511ms" pod="default/fastfouriertransform-00001-deployment-78d877fd9c-s497q"
I0602 13:00:45.835707       1 schedule_one.go:67] === MON SCHEDULER MODIFIÉ EST EN TRAIN DE TOURNER ===
I0602 13:00:45.840641       1 schedule_one.go:166] "scheduling algorithm completed" duration ="5.766307ms" pod="default/linpack-00001-deployment-6d74694468-rw8rq"
I0602 13:00:45.985755       1 schedule_one.go:67] === MON SCHEDULER MODIFIÉ EST EN TRAIN DE TOURNER ===
I0602 13:00:45.990175       1 schedule_one.go:166] "scheduling algorithm completed" duration ="5.295877ms" pod="default/fastfouriertransform-00001-deployment-78d877fd9c-c5nj2"
I0602 13:00:46.136348       1 schedule_one.go:67] === MON SCHEDULER MODIFIÉ EST EN TRAIN DE TOURNER ===
I0602 13:00:46.141120       1 schedule_one.go:166] "scheduling algorithm completed" duration ="5.41797ms" pod="default/matrixmul-00001-deployment-78f7668cf4-hsspk"
I0602 13:00:46.335739       1 schedule_one.go:67] === MON SCHEDULER MODIFIÉ EST EN TRAIN DE TOURNER ===
I0602 13:00:46.344337       1 schedule_one.go:166] "scheduling algorithm completed" duration ="9.452873ms" pod="default/matrixmul-00001-deployment-78f7668cf4-86sbx"
I0602 13:00:47.286233       1 schedule_one.go:67] === MON SCHEDULER MODIFIÉ EST EN TRAIN DE TOURNER ===
I0602 13:00:47.291312       1 schedule_one.go:166] "scheduling algorithm completed" duration ="6.254403ms" pod="default/matrixmul-00001-deployment-78f7668cf4-nmd4w"
I0602 13:00:47.385931       1 schedule_one.go:67] === MON SCHEDULER MODIFIÉ EST EN TRAIN DE TOURNER ===
I0602 13:00:47.391600       1 schedule_one.go:166] "scheduling algorithm completed" duration ="6.698277ms" pod="default/matrixmul-00001-deployment-78f7668cf4-5ltkl"
I0602 13:00:47.435955       1 schedule_one.go:67] === MON SCHEDULER MODIFIÉ EST EN TRAIN DE TOURNER ===
I0602 13:00:47.439960       1 schedule_one.go:166] "scheduling algorithm completed" duration ="4.845336ms" pod="default/matrixmul-00001-deployment-78f7668cf4-9vxtm"
I0602 13:00:47.541580       1 schedule_one.go:67] === MON SCHEDULER MODIFIÉ EST EN TRAIN DE TOURNER ===
I0602 13:00:47.546563       1 schedule_one.go:166] "scheduling algorithm completed" duration ="5.701417ms" pod="default/matrixmul-00001-deployment-78f7668cf4-dqwrm"
I0602 13:00:47.601499       1 schedule_one.go:67] === MON SCHEDULER MODIFIÉ EST EN TRAIN DE TOURNER ===
I0602 13:00:47.619897       1 schedule_one.go:166] "scheduling algorithm completed" duration ="22.508813ms" pod="default/linpack-00001-deployment-6d74694468-mdhz5"
I0602 13:00:49.231507       1 schedule_one.go:67] === MON SCHEDULER MODIFIÉ EST EN TRAIN DE TOURNER ===
I0602 13:00:49.233118       1 schedule_one.go:67] === MON SCHEDULER MODIFIÉ EST EN TRAIN DE TOURNER ===
I0602 13:00:49.237045       1 schedule_one.go:67] === MON SCHEDULER MODIFIÉ EST EN TRAIN DE TOURNER ===
I0602 13:00:49.239003       1 schedule_one.go:166] "scheduling algorithm completed" duration ="6.902037ms" pod="default/matrixmul-00001-deployment-78f7668cf4-js6hb"
I0602 13:00:49.248581       1 schedule_one.go:166] "scheduling algorithm completed" duration ="18.644615ms" pod="default/linpack-00001-deployment-6d74694468-b4d2l"
I0602 13:00:49.251198       1 schedule_one.go:166] "scheduling algorithm completed" duration ="15.699702ms" pod="default/matrixmul-00001-deployment-78f7668cf4-pqs28"
I0602 13:00:53.237458       1 schedule_one.go:67] === MON SCHEDULER MODIFIÉ EST EN TRAIN DE TOURNER ===
I0602 13:00:53.248270       1 schedule_one.go:166] "scheduling algorithm completed" duration ="11.827319ms" pod="default/fastfouriertransform-00001-deployment-78d877fd9c-jbjvb"
I0602 13:00:53.250496       1 schedule_one.go:67] === MON SCHEDULER MODIFIÉ EST EN TRAIN DE TOURNER ===
I0602 13:00:53.254743       1 schedule_one.go:166] "scheduling algorithm completed" duration ="7.644822ms" pod="default/fastfouriertransform-00001-deployment-78d877fd9c-5h9gq"
I0602 13:00:55.226630       1 schedule_one.go:67] === MON SCHEDULER MODIFIÉ EST EN TRAIN DE TOURNER ===
I0602 13:00:55.233111       1 schedule_one.go:67] === MON SCHEDULER MODIFIÉ EST EN TRAIN DE TOURNER ===
I0602 13:00:55.234109       1 schedule_one.go:166] "scheduling algorithm completed" duration ="9.769154ms" pod="default/fastfouriertransform-00001-deployment-78d877fd9c-vndxr"
I0602 13:00:55.241991       1 schedule_one.go:166] "scheduling algorithm completed" duration ="10.482067ms" pod="default/fastfouriertransform-00001-deployment-78d877fd9c-cxj4l"
I0602 13:10:33.403712       1 schedule_one.go:67] === MON SCHEDULER MODIFIÉ EST EN TRAIN DE TOURNER ===
I0602 13:10:33.405542       1 schedule_one.go:67] === MON SCHEDULER MODIFIÉ EST EN TRAIN DE TOURNER ===
I0602 13:10:33.406376       1 schedule_one.go:67] === MON SCHEDULER MODIFIÉ EST EN TRAIN DE TOURNER ===
I0602 13:10:33.409230       1 schedule_one.go:67] === MON SCHEDULER MODIFIÉ EST EN TRAIN DE TOURNER ===
I0602 13:10:33.411411       1 schedule_one.go:166] "scheduling algorithm completed" duration ="8.304859ms" pod="default/genmatrix-00001-deployment-5444456b78-l5wqr"
I0602 13:10:33.415651       1 schedule_one.go:166] "scheduling algorithm completed" duration ="11.050034ms" pod="default/fetchdata-00001-deployment-759f5b8c55-j65rw"
I0602 13:10:33.420716       1 schedule_one.go:166] "scheduling algorithm completed" duration ="15.002176ms" pod="default/linpack-00001-deployment-6d74694468-5tgp4"
I0602 13:10:33.420981       1 schedule_one.go:166] "scheduling algorithm completed" duration ="12.570946ms" pod="default/fastfouriertransform-00001-deployment-78d877fd9c-p98l8"
I0602 13:10:33.556916       1 schedule_one.go:67] === MON SCHEDULER MODIFIÉ EST EN TRAIN DE TOURNER ===
I0602 13:10:33.561446       1 schedule_one.go:166] "scheduling algorithm completed" duration ="5.287201ms" pod="default/matrixmul-00001-deployment-78f7668cf4-vlsjv"
I0602 13:10:35.227804       1 schedule_one.go:67] === MON SCHEDULER MODIFIÉ EST EN TRAIN DE TOURNER ===
I0602 13:10:35.228853       1 schedule_one.go:67] === MON SCHEDULER MODIFIÉ EST EN TRAIN DE TOURNER ===
I0602 13:10:35.231937       1 schedule_one.go:67] === MON SCHEDULER MODIFIÉ EST EN TRAIN DE TOURNER ===
I0602 13:10:35.235510       1 schedule_one.go:166] "scheduling algorithm completed" duration ="7.670264ms" pod="default/fetchdata-00001-deployment-759f5b8c55-6nzhn"
I0602 13:10:35.236282       1 schedule_one.go:166] "scheduling algorithm completed" duration ="9.595085ms" pod="default/fastfouriertransform-00001-deployment-78d877fd9c-b6s54"
I0602 13:10:35.241266       1 schedule_one.go:67] === MON SCHEDULER MODIFIÉ EST EN TRAIN DE TOURNER ===
I0602 13:10:35.248123       1 schedule_one.go:67] === MON SCHEDULER MODIFIÉ EST EN TRAIN DE TOURNER ===
I0602 13:10:35.249416       1 schedule_one.go:166] "scheduling algorithm completed" duration ="18.172704ms" pod="default/fetchdata-00001-deployment-759f5b8c55-gwvj7"
I0602 13:10:35.255982       1 schedule_one.go:67] === MON SCHEDULER MODIFIÉ EST EN TRAIN DE TOURNER ===
I0602 13:10:35.256780       1 schedule_one.go:166] "scheduling algorithm completed" duration ="16.170958ms" pod="default/fetchdata-00001-deployment-759f5b8c55-gnrjf"
I0602 13:10:35.264060       1 schedule_one.go:166] "scheduling algorithm completed" duration ="16.775348ms" pod="default/fastfouriertransform-00001-deployment-78d877fd9c-xx9kj"
I0602 13:10:35.274656       1 schedule_one.go:67] === MON SCHEDULER MODIFIÉ EST EN TRAIN DE TOURNER ===
I0602 13:10:35.287189       1 schedule_one.go:166] "scheduling algorithm completed" duration ="32.514582ms" pod="default/fastfouriertransform-00001-deployment-78d877fd9c-vwg6c"
I0602 13:10:35.287196       1 schedule_one.go:166] "scheduling algorithm completed" duration ="13.223319ms" pod="default/fastfouriertransform-00001-deployment-78d877fd9c-xtgh6"
I0602 13:10:35.291848       1 schedule_one.go:67] === MON SCHEDULER MODIFIÉ EST EN TRAIN DE TOURNER ===
I0602 13:10:35.305882       1 schedule_one.go:67] === MON SCHEDULER MODIFIÉ EST EN TRAIN DE TOURNER ===
I0602 13:10:35.311721       1 schedule_one.go:166] "scheduling algorithm completed" duration ="20.625249ms" pod="default/genmatrix-00001-deployment-5444456b78-ptgc2"
I0602 13:10:35.312165       1 schedule_one.go:67] === MON SCHEDULER MODIFIÉ EST EN TRAIN DE TOURNER ===
I0602 13:10:35.313922       1 schedule_one.go:67] === MON SCHEDULER MODIFIÉ EST EN TRAIN DE TOURNER ===
I0602 13:10:35.321425       1 schedule_one.go:166] "scheduling algorithm completed" duration ="16.672737ms" pod="default/linpack-00001-deployment-6d74694468-vsb2g"
I0602 13:10:35.328626       1 schedule_one.go:166] "scheduling algorithm completed" duration ="19.098189ms" pod="default/genmatrix-00001-deployment-5444456b78-2r67r"
I0602 13:10:35.328989       1 schedule_one.go:166] "scheduling algorithm completed" duration ="16.212847ms" pod="default/genmatrix-00001-deployment-5444456b78-c7rkt"
I0602 13:10:35.360261       1 schedule_one.go:67] === MON SCHEDULER MODIFIÉ EST EN TRAIN DE TOURNER ===
I0602 13:10:35.364554       1 schedule_one.go:166] "scheduling algorithm completed" duration ="5.061515ms" pod="default/linpack-00001-deployment-6d74694468-swklh"
I0602 13:10:35.414022       1 schedule_one.go:67] === MON SCHEDULER MODIFIÉ EST EN TRAIN DE TOURNER ===
I0602 13:10:35.418505       1 schedule_one.go:166] "scheduling algorithm completed" duration ="5.300424ms" pod="default/linpack-00001-deployment-6d74694468-w5sck"
I0602 13:10:35.456456       1 schedule_one.go:67] === MON SCHEDULER MODIFIÉ EST EN TRAIN DE TOURNER ===
I0602 13:10:35.460580       1 schedule_one.go:166] "scheduling algorithm completed" duration ="5.067701ms" pod="default/genmatrix-00001-deployment-5444456b78-zghnx"
I0602 13:10:35.557440       1 schedule_one.go:67] === MON SCHEDULER MODIFIÉ EST EN TRAIN DE TOURNER ===
I0602 13:10:35.562233       1 schedule_one.go:166] "scheduling algorithm completed" duration ="6.00226ms" pod="default/matrixmul-00001-deployment-78f7668cf4-vk4hm"
I0602 13:10:35.756877       1 schedule_one.go:67] === MON SCHEDULER MODIFIÉ EST EN TRAIN DE TOURNER ===
I0602 13:10:35.762527       1 schedule_one.go:166] "scheduling algorithm completed" duration ="6.459095ms" pod="default/matrixmul-00001-deployment-78f7668cf4-7ljfc"
I0602 13:10:37.406815       1 schedule_one.go:67] === MON SCHEDULER MODIFIÉ EST EN TRAIN DE TOURNER ===
I0602 13:10:37.447252       1 schedule_one.go:166] "scheduling algorithm completed" duration ="41.346777ms" pod="default/fetchdata-00001-deployment-759f5b8c55-rgbwh"
I0602 13:10:37.460711       1 schedule_one.go:67] === MON SCHEDULER MODIFIÉ EST EN TRAIN DE TOURNER ===
I0602 13:10:37.474396       1 schedule_one.go:166] "scheduling algorithm completed" duration ="14.418304ms" pod="default/matrixmul-00001-deployment-78f7668cf4-r48hf"
I0602 13:10:37.657854       1 schedule_one.go:67] === MON SCHEDULER MODIFIÉ EST EN TRAIN DE TOURNER ===
I0602 13:10:37.663276       1 schedule_one.go:166] "scheduling algorithm completed" duration ="6.042204ms" pod="default/fetchdata-00001-deployment-759f5b8c55-9j4s4"
I0602 13:10:37.707213       1 schedule_one.go:67] === MON SCHEDULER MODIFIÉ EST EN TRAIN DE TOURNER ===
I0602 13:10:37.711219       1 schedule_one.go:166] "scheduling algorithm completed" duration ="4.859552ms" pod="default/matrixmul-00001-deployment-78f7668cf4-x8jwx"
I0602 13:10:38.057183       1 schedule_one.go:67] === MON SCHEDULER MODIFIÉ EST EN TRAIN DE TOURNER ===
I0602 13:10:38.061583       1 schedule_one.go:166] "scheduling algorithm completed" duration ="5.067441ms" pod="default/linpack-00001-deployment-6d74694468-9t45w"
I0602 13:10:38.257882       1 schedule_one.go:67] === MON SCHEDULER MODIFIÉ EST EN TRAIN DE TOURNER ===
I0602 13:10:38.262177       1 schedule_one.go:166] "scheduling algorithm completed" duration ="4.889849ms" pod="default/linpack-00001-deployment-6d74694468-5x5k9"
I0602 13:10:39.358409       1 schedule_one.go:67] === MON SCHEDULER MODIFIÉ EST EN TRAIN DE TOURNER ===
I0602 13:10:39.363532       1 schedule_one.go:166] "scheduling algorithm completed" duration ="6.992855ms" pod="default/fastfouriertransform-00001-deployment-78d877fd9c-jnchn"
I0602 13:10:39.408132       1 schedule_one.go:67] === MON SCHEDULER MODIFIÉ EST EN TRAIN DE TOURNER ===
I0602 13:10:39.412737       1 schedule_one.go:166] "scheduling algorithm completed" duration ="5.492832ms" pod="default/linpack-00001-deployment-6d74694468-5rj9g"
I0602 13:10:39.607636       1 schedule_one.go:67] === MON SCHEDULER MODIFIÉ EST EN TRAIN DE TOURNER ===
I0602 13:10:39.612093       1 schedule_one.go:166] "scheduling algorithm completed" duration ="5.230701ms" pod="default/linpack-00001-deployment-6d74694468-fbrlw"
I0602 13:10:39.658015       1 schedule_one.go:67] === MON SCHEDULER MODIFIÉ EST EN TRAIN DE TOURNER ===
I0602 13:10:39.663609       1 schedule_one.go:166] "scheduling algorithm completed" duration ="6.423113ms" pod="default/linpack-00001-deployment-6d74694468-72r82"
I0602 13:10:39.707663       1 schedule_one.go:67] === MON SCHEDULER MODIFIÉ EST EN TRAIN DE TOURNER ===
I0602 13:10:39.711920       1 schedule_one.go:166] "scheduling algorithm completed" duration ="5.265813ms" pod="default/matrixmul-00001-deployment-78f7668cf4-7lnlg"
I0602 13:10:39.808521       1 schedule_one.go:67] === MON SCHEDULER MODIFIÉ EST EN TRAIN DE TOURNER ===
I0602 13:10:39.813984       1 schedule_one.go:166] "scheduling algorithm completed" duration ="6.775448ms" pod="default/linpack-00001-deployment-6d74694468-5qwqm"
I0602 13:10:39.857235       1 schedule_one.go:67] === MON SCHEDULER MODIFIÉ EST EN TRAIN DE TOURNER ===
I0602 13:10:39.862299       1 schedule_one.go:166] "scheduling algorithm completed" duration ="5.741703ms" pod="default/matrixmul-00001-deployment-78f7668cf4-gd5h4"
I0602 13:10:41.219915       1 schedule_one.go:67] === MON SCHEDULER MODIFIÉ EST EN TRAIN DE TOURNER ===
I0602 13:10:41.227276       1 schedule_one.go:67] === MON SCHEDULER MODIFIÉ EST EN TRAIN DE TOURNER ===
I0602 13:10:41.228090       1 schedule_one.go:166] "scheduling algorithm completed" duration ="8.969528ms" pod="default/linpack-00001-deployment-6d74694468-7g5q6"
I0602 13:10:41.229136       1 schedule_one.go:67] === MON SCHEDULER MODIFIÉ EST EN TRAIN DE TOURNER ===
I0602 13:10:41.232487       1 schedule_one.go:67] === MON SCHEDULER MODIFIÉ EST EN TRAIN DE TOURNER ===
I0602 13:10:41.233046       1 schedule_one.go:166] "scheduling algorithm completed" duration ="7.59045ms" pod="default/linpack-00001-deployment-6d74694468-snzdg"
I0602 13:10:41.235257       1 schedule_one.go:166] "scheduling algorithm completed" duration ="6.772132ms" pod="default/linpack-00001-deployment-6d74694468-b9t87"
I0602 13:10:41.240229       1 schedule_one.go:166] "scheduling algorithm completed" duration ="8.493472ms" pod="default/matrixmul-00001-deployment-78f7668cf4-sk87v"
I0602 13:10:41.308863       1 schedule_one.go:67] === MON SCHEDULER MODIFIÉ EST EN TRAIN DE TOURNER ===
I0602 13:10:41.313803       1 schedule_one.go:166] "scheduling algorithm completed" duration ="6.353112ms" pod="default/matrixmul-00001-deployment-78f7668cf4-822px"
I0602 13:10:43.222637       1 schedule_one.go:67] === MON SCHEDULER MODIFIÉ EST EN TRAIN DE TOURNER ===
I0602 13:10:43.227486       1 schedule_one.go:67] === MON SCHEDULER MODIFIÉ EST EN TRAIN DE TOURNER ===
I0602 13:10:43.229022       1 schedule_one.go:166] "scheduling algorithm completed" duration ="7.344393ms" pod="default/matrixmul-00001-deployment-78f7668cf4-gnmbs"
I0602 13:10:43.231995       1 schedule_one.go:166] "scheduling algorithm completed" duration ="5.176146ms" pod="default/matrixmul-00001-deployment-78f7668cf4-4b4qq"
I0602 13:10:47.231090       1 schedule_one.go:67] === MON SCHEDULER MODIFIÉ EST EN TRAIN DE TOURNER ===
I0602 13:10:47.242061       1 schedule_one.go:166] "scheduling algorithm completed" duration ="18.820505ms" pod="default/fastfouriertransform-00001-deployment-78d877fd9c-csc5h"
I0602 13:10:47.242930       1 schedule_one.go:67] === MON SCHEDULER MODIFIÉ EST EN TRAIN DE TOURNER ===
I0602 13:10:47.247098       1 schedule_one.go:67] === MON SCHEDULER MODIFIÉ EST EN TRAIN DE TOURNER ===
I0602 13:10:47.248858       1 schedule_one.go:166] "scheduling algorithm completed" duration ="17.708575ms" pod="default/fastfouriertransform-00001-deployment-78d877fd9c-7dqtp"
I0602 13:10:47.252089       1 schedule_one.go:166] "scheduling algorithm completed" duration ="9.080066ms" pod="default/fastfouriertransform-00001-deployment-78d877fd9c-cwwc9"
I0602 13:10:47.253363       1 schedule_one.go:67] === MON SCHEDULER MODIFIÉ EST EN TRAIN DE TOURNER ===
I0602 13:10:47.258094       1 schedule_one.go:67] === MON SCHEDULER MODIFIÉ EST EN TRAIN DE TOURNER ===
I0602 13:10:47.260806       1 schedule_one.go:166] "scheduling algorithm completed" duration ="13.652877ms" pod="default/fastfouriertransform-00001-deployment-78d877fd9c-5j6q8"
I0602 13:10:47.263317       1 schedule_one.go:166] "scheduling algorithm completed" duration ="9.878365ms" pod="default/fastfouriertransform-00001-deployment-78d877fd9c-s4f9m"
I0602 13:10:49.224709       1 schedule_one.go:67] === MON SCHEDULER MODIFIÉ EST EN TRAIN DE TOURNER ===
I0602 13:10:49.230559       1 schedule_one.go:67] === MON SCHEDULER MODIFIÉ EST EN TRAIN DE TOURNER ===
I0602 13:10:49.232569       1 schedule_one.go:67] === MON SCHEDULER MODIFIÉ EST EN TRAIN DE TOURNER ===
I0602 13:10:49.233717       1 schedule_one.go:166] "scheduling algorithm completed" duration ="9.896254ms" pod="default/fastfouriertransform-00001-deployment-78d877fd9c-kd7nw"
I0602 13:10:49.237599       1 schedule_one.go:166] "scheduling algorithm completed" duration ="8.670417ms" pod="default/fastfouriertransform-00001-deployment-78d877fd9c-ltkv8"
I0602 13:10:49.241871       1 schedule_one.go:166] "scheduling algorithm completed" duration ="10.24157ms" pod="default/fastfouriertransform-00001-deployment-78d877fd9c-vrtkw"
I0602 13:20:16.889897       1 schedule_one.go:67] === MON SCHEDULER MODIFIÉ EST EN TRAIN DE TOURNER ===
I0602 13:20:16.891785       1 schedule_one.go:67] === MON SCHEDULER MODIFIÉ EST EN TRAIN DE TOURNER ===
I0602 13:20:16.894554       1 schedule_one.go:67] === MON SCHEDULER MODIFIÉ EST EN TRAIN DE TOURNER ===
I0602 13:20:16.894829       1 schedule_one.go:166] "scheduling algorithm completed" duration ="6.0055ms" pod="default/fastfouriertransform-00001-deployment-78d877fd9c-f92tc"
I0602 13:20:16.895781       1 schedule_one.go:67] === MON SCHEDULER MODIFIÉ EST EN TRAIN DE TOURNER ===
I0602 13:20:16.907897       1 schedule_one.go:166] "scheduling algorithm completed" duration ="17.644184ms" pod="default/fetchdata-00001-deployment-759f5b8c55-d4vtp"
I0602 13:20:16.911391       1 schedule_one.go:166] "scheduling algorithm completed" duration ="18.045297ms" pod="default/genmatrix-00001-deployment-5444456b78-m4vwq"
I0602 13:20:16.914191       1 schedule_one.go:166] "scheduling algorithm completed" duration ="19.595233ms" pod="default/linpack-00001-deployment-6d74694468-rv9c7"
I0602 13:20:17.153408       1 schedule_one.go:67] === MON SCHEDULER MODIFIÉ EST EN TRAIN DE TOURNER ===
I0602 13:20:17.172111       1 schedule_one.go:166] "scheduling algorithm completed" duration ="19.599585ms" pod="default/matrixmul-00001-deployment-78f7668cf4-t8x5s"
I0602 13:20:17.337638       1 schedule_one.go:67] === MON SCHEDULER MODIFIÉ EST EN TRAIN DE TOURNER ===
I0602 13:20:17.341905       1 schedule_one.go:166] "scheduling algorithm completed" duration ="4.992623ms" pod="default/linpack-00001-deployment-6d74694468-zslkz"
I0602 13:20:19.218891       1 schedule_one.go:67] === MON SCHEDULER MODIFIÉ EST EN TRAIN DE TOURNER ===
I0602 13:20:19.224442       1 schedule_one.go:67] === MON SCHEDULER MODIFIÉ EST EN TRAIN DE TOURNER ===
I0602 13:20:19.224802       1 schedule_one.go:166] "scheduling algorithm completed" duration ="6.593523ms" pod="default/genmatrix-00001-deployment-5444456b78-mqt2f"
I0602 13:20:19.226478       1 schedule_one.go:67] === MON SCHEDULER MODIFIÉ EST EN TRAIN DE TOURNER ===
I0602 13:20:19.228407       1 schedule_one.go:67] === MON SCHEDULER MODIFIÉ EST EN TRAIN DE TOURNER ===
I0602 13:20:19.234571       1 schedule_one.go:67] === MON SCHEDULER MODIFIÉ EST EN TRAIN DE TOURNER ===
I0602 13:20:19.236941       1 schedule_one.go:166] "scheduling algorithm completed" duration ="11.005865ms" pod="default/genmatrix-00001-deployment-5444456b78-wt9xf"
I0602 13:20:19.240771       1 schedule_one.go:166] "scheduling algorithm completed" duration ="13.179767ms" pod="default/genmatrix-00001-deployment-5444456b78-qmdt5"
I0602 13:20:19.245827       1 schedule_one.go:166] "scheduling algorithm completed" duration ="22.127138ms" pod="default/linpack-00001-deployment-6d74694468-kj6mb"
I0602 13:20:19.247861       1 schedule_one.go:166] "scheduling algorithm completed" duration ="13.948291ms" pod="default/linpack-00001-deployment-6d74694468-hkqnr"
I0602 13:20:19.282300       1 schedule_one.go:67] === MON SCHEDULER MODIFIÉ EST EN TRAIN DE TOURNER ===
I0602 13:20:19.284304       1 schedule_one.go:67] === MON SCHEDULER MODIFIÉ EST EN TRAIN DE TOURNER ===
I0602 13:20:19.301971       1 schedule_one.go:67] === MON SCHEDULER MODIFIÉ EST EN TRAIN DE TOURNER ===
I0602 13:20:19.303159       1 schedule_one.go:67] === MON SCHEDULER MODIFIÉ EST EN TRAIN DE TOURNER ===
I0602 13:20:19.304100       1 schedule_one.go:67] === MON SCHEDULER MODIFIÉ EST EN TRAIN DE TOURNER ===
I0602 13:20:19.304575       1 schedule_one.go:166] "scheduling algorithm completed" duration ="22.936069ms" pod="default/fastfouriertransform-00001-deployment-78d877fd9c-qfjgk"
I0602 13:20:19.305669       1 schedule_one.go:166] "scheduling algorithm completed" duration ="22.801031ms" pod="default/matrixmul-00001-deployment-78f7668cf4-r7xnf"
I0602 13:20:19.307092       1 schedule_one.go:166] "scheduling algorithm completed" duration ="6.295835ms" pod="default/matrixmul-00001-deployment-78f7668cf4-9b249"
I0602 13:20:19.308454       1 schedule_one.go:166] "scheduling algorithm completed" duration ="6.448188ms" pod="default/fastfouriertransform-00001-deployment-78d877fd9c-m2w28"
I0602 13:20:19.311036       1 schedule_one.go:166] "scheduling algorithm completed" duration ="7.836548ms" pod="default/fastfouriertransform-00001-deployment-78d877fd9c-4lhlc"
I0602 13:20:19.541195       1 schedule_one.go:67] === MON SCHEDULER MODIFIÉ EST EN TRAIN DE TOURNER ===
I0602 13:20:19.547451       1 schedule_one.go:166] "scheduling algorithm completed" duration ="6.920673ms" pod="default/fetchdata-00001-deployment-759f5b8c55-hp9j7"
I0602 13:20:19.738236       1 schedule_one.go:67] === MON SCHEDULER MODIFIÉ EST EN TRAIN DE TOURNER ===
I0602 13:20:19.742214       1 schedule_one.go:166] "scheduling algorithm completed" duration ="4.724363ms" pod="default/fetchdata-00001-deployment-759f5b8c55-cq9n2"
I0602 13:20:19.789832       1 schedule_one.go:67] === MON SCHEDULER MODIFIÉ EST EN TRAIN DE TOURNER ===
I0602 13:20:19.795395       1 schedule_one.go:166] "scheduling algorithm completed" duration ="6.4893ms" pod="default/fetchdata-00001-deployment-759f5b8c55-mpcb4"
I0602 13:20:21.224088       1 schedule_one.go:67] === MON SCHEDULER MODIFIÉ EST EN TRAIN DE TOURNER ===
I0602 13:20:21.225728       1 schedule_one.go:67] === MON SCHEDULER MODIFIÉ EST EN TRAIN DE TOURNER ===
I0602 13:20:21.228223       1 schedule_one.go:67] === MON SCHEDULER MODIFIÉ EST EN TRAIN DE TOURNER ===
I0602 13:20:21.232256       1 schedule_one.go:166] "scheduling algorithm completed" duration ="9.258854ms" pod="default/fastfouriertransform-00001-deployment-78d877fd9c-7zgrn"
I0602 13:20:21.238944       1 schedule_one.go:166] "scheduling algorithm completed" duration ="11.581572ms" pod="default/fastfouriertransform-00001-deployment-78d877fd9c-hnv47"
I0602 13:20:21.239310       1 schedule_one.go:166] "scheduling algorithm completed" duration ="14.419386ms" pod="default/fetchdata-00001-deployment-759f5b8c55-nsg9f"
I0602 13:20:21.267756       1 schedule_one.go:67] === MON SCHEDULER MODIFIÉ EST EN TRAIN DE TOURNER ===
I0602 13:20:21.278926       1 schedule_one.go:166] "scheduling algorithm completed" duration ="11.880537ms" pod="default/linpack-00001-deployment-6d74694468-ncn9p"
I0602 13:20:21.293033       1 schedule_one.go:67] === MON SCHEDULER MODIFIÉ EST EN TRAIN DE TOURNER ===
I0602 13:20:21.298779       1 schedule_one.go:166] "scheduling algorithm completed" duration ="6.446207ms" pod="default/matrixmul-00001-deployment-78f7668cf4-c8l9j"
I0602 13:20:21.488702       1 schedule_one.go:67] === MON SCHEDULER MODIFIÉ EST EN TRAIN DE TOURNER ===
I0602 13:20:21.492175       1 schedule_one.go:166] "scheduling algorithm completed" duration ="4.162451ms" pod="default/matrixmul-00001-deployment-78f7668cf4-jqpws"
I0602 13:20:23.217936       1 schedule_one.go:67] === MON SCHEDULER MODIFIÉ EST EN TRAIN DE TOURNER ===
I0602 13:20:23.219715       1 schedule_one.go:67] === MON SCHEDULER MODIFIÉ EST EN TRAIN DE TOURNER ===
I0602 13:20:23.227625       1 schedule_one.go:166] "scheduling algorithm completed" duration ="10.374675ms" pod="default/fastfouriertransform-00001-deployment-78d877fd9c-9nqdp"
I0602 13:20:23.228019       1 schedule_one.go:67] === MON SCHEDULER MODIFIÉ EST EN TRAIN DE TOURNER ===
I0602 13:20:23.229185       1 schedule_one.go:166] "scheduling algorithm completed" duration ="10.246397ms" pod="default/linpack-00001-deployment-6d74694468-bvbnd"
I0602 13:20:23.241248       1 schedule_one.go:166] "scheduling algorithm completed" duration ="14.444201ms" pod="default/linpack-00001-deployment-6d74694468-hdgkz"
I0602 13:20:23.266610       1 schedule_one.go:67] === MON SCHEDULER MODIFIÉ EST EN TRAIN DE TOURNER ===
I0602 13:20:23.278393       1 schedule_one.go:166] "scheduling algorithm completed" duration ="12.804414ms" pod="default/matrixmul-00001-deployment-78f7668cf4-gxdvh"
I0602 13:20:23.353248       1 schedule_one.go:67] === MON SCHEDULER MODIFIÉ EST EN TRAIN DE TOURNER ===
I0602 13:20:23.364549       1 schedule_one.go:166] "scheduling algorithm completed" duration ="12.165336ms" pod="default/fetchdata-00001-deployment-759f5b8c55-2rwrp"
I0602 13:20:23.440305       1 schedule_one.go:67] === MON SCHEDULER MODIFIÉ EST EN TRAIN DE TOURNER ===
I0602 13:20:23.446770       1 schedule_one.go:166] "scheduling algorithm completed" duration ="7.201545ms" pod="default/matrixmul-00001-deployment-78f7668cf4-l7b5x"
I0602 13:20:25.239169       1 schedule_one.go:67] === MON SCHEDULER MODIFIÉ EST EN TRAIN DE TOURNER ===
I0602 13:20:25.245338       1 schedule_one.go:67] === MON SCHEDULER MODIFIÉ EST EN TRAIN DE TOURNER ===
I0602 13:20:25.249097       1 schedule_one.go:166] "scheduling algorithm completed" duration ="10.788142ms" pod="default/matrixmul-00001-deployment-78f7668cf4-9p2tm"
I0602 13:20:25.249199       1 schedule_one.go:67] === MON SCHEDULER MODIFIÉ EST EN TRAIN DE TOURNER ===
I0602 13:20:25.249624       1 schedule_one.go:166] "scheduling algorithm completed" duration ="5.356292ms" pod="default/matrixmul-00001-deployment-78f7668cf4-22rq4"
I0602 13:20:25.250296       1 schedule_one.go:67] === MON SCHEDULER MODIFIÉ EST EN TRAIN DE TOURNER ===
I0602 13:20:25.260508       1 schedule_one.go:166] "scheduling algorithm completed" duration ="12.047946ms" pod="default/linpack-00001-deployment-6d74694468-rbxdt"
I0602 13:20:25.263840       1 schedule_one.go:166] "scheduling algorithm completed" duration ="14.611869ms" pod="default/matrixmul-00001-deployment-78f7668cf4-qdvdc"
I0602 13:20:27.270805       1 schedule_one.go:67] === MON SCHEDULER MODIFIÉ EST EN TRAIN DE TOURNER ===
I0602 13:20:27.278552       1 schedule_one.go:166] "scheduling algorithm completed" duration ="8.603813ms" pod="default/matrixmul-00001-deployment-78f7668cf4-nh7mc"
I0602 13:20:29.226911       1 schedule_one.go:67] === MON SCHEDULER MODIFIÉ EST EN TRAIN DE TOURNER ===
I0602 13:20:29.231866       1 schedule_one.go:67] === MON SCHEDULER MODIFIÉ EST EN TRAIN DE TOURNER ===
I0602 13:20:29.234786       1 schedule_one.go:166] "scheduling algorithm completed" duration ="8.749259ms" pod="default/fastfouriertransform-00001-deployment-78d877fd9c-9v62d"
I0602 13:20:29.241898       1 schedule_one.go:166] "scheduling algorithm completed" duration ="11.064699ms" pod="default/fastfouriertransform-00001-deployment-78d877fd9c-wn2kz"
I0602 13:20:31.234217       1 schedule_one.go:67] === MON SCHEDULER MODIFIÉ EST EN TRAIN DE TOURNER ===
I0602 13:20:31.241934       1 schedule_one.go:166] "scheduling algorithm completed" duration ="8.68085ms" pod="default/fastfouriertransform-00001-deployment-78d877fd9c-bzwzv"
I0602 13:20:33.229717       1 schedule_one.go:67] === MON SCHEDULER MODIFIÉ EST EN TRAIN DE TOURNER ===
I0602 13:20:33.235381       1 schedule_one.go:166] "scheduling algorithm completed" duration ="7.488491ms" pod="default/linpack-00001-deployment-6d74694468-dk8jx"
I0602 13:20:33.238775       1 schedule_one.go:67] === MON SCHEDULER MODIFIÉ EST EN TRAIN DE TOURNER ===
I0602 13:20:33.245992       1 schedule_one.go:166] "scheduling algorithm completed" duration ="11.344405ms" pod="default/linpack-00001-deployment-6d74694468-56qgw"
I0602 13:20:35.218087       1 schedule_one.go:67] === MON SCHEDULER MODIFIÉ EST EN TRAIN DE TOURNER ===
I0602 13:20:35.222841       1 schedule_one.go:166] "scheduling algorithm completed" duration ="5.572202ms" pod="default/linpack-00001-deployment-6d74694468-rjdvk"
I0602 13:30:08.406455       1 schedule_one.go:67] === MON SCHEDULER MODIFIÉ EST EN TRAIN DE TOURNER ===
I0602 13:30:08.412866       1 schedule_one.go:166] "scheduling algorithm completed" duration ="7.405109ms" pod="default/fastfouriertransform-00001-deployment-78d877fd9c-cdm87"
I0602 13:30:08.421449       1 schedule_one.go:67] === MON SCHEDULER MODIFIÉ EST EN TRAIN DE TOURNER ===
I0602 13:30:08.424946       1 schedule_one.go:67] === MON SCHEDULER MODIFIÉ EST EN TRAIN DE TOURNER ===
I0602 13:30:08.442567       1 schedule_one.go:166] "scheduling algorithm completed" duration ="18.381263ms" pod="default/genmatrix-00001-deployment-5444456b78-wg22w"
I0602 13:30:08.446630       1 schedule_one.go:166] "scheduling algorithm completed" duration ="26.100874ms" pod="default/fetchdata-00001-deployment-759f5b8c55-rqmnw"
I0602 13:30:08.469124       1 schedule_one.go:67] === MON SCHEDULER MODIFIÉ EST EN TRAIN DE TOURNER ===
I0602 13:30:08.477497       1 schedule_one.go:166] "scheduling algorithm completed" duration ="9.458884ms" pod="default/linpack-00001-deployment-6d74694468-jmg6l"
I0602 13:30:08.499362       1 schedule_one.go:67] === MON SCHEDULER MODIFIÉ EST EN TRAIN DE TOURNER ===
I0602 13:30:08.521675       1 schedule_one.go:166] "scheduling algorithm completed" duration ="23.198576ms" pod="default/matrixmul-00001-deployment-78f7668cf4-njbj8"
I0602 13:30:09.222330       1 schedule_one.go:67] === MON SCHEDULER MODIFIÉ EST EN TRAIN DE TOURNER ===
I0602 13:30:09.229455       1 schedule_one.go:67] === MON SCHEDULER MODIFIÉ EST EN TRAIN DE TOURNER ===
I0602 13:30:09.229527       1 schedule_one.go:166] "scheduling algorithm completed" duration ="8.088262ms" pod="default/fetchdata-00001-deployment-759f5b8c55-h2wtl"
I0602 13:30:09.235219       1 schedule_one.go:166] "scheduling algorithm completed" duration ="6.691067ms" pod="default/fastfouriertransform-00001-deployment-78d877fd9c-htp4p"
I0602 13:30:09.235410       1 schedule_one.go:67] === MON SCHEDULER MODIFIÉ EST EN TRAIN DE TOURNER ===
I0602 13:30:09.241067       1 schedule_one.go:166] "scheduling algorithm completed" duration ="6.604214ms" pod="default/fastfouriertransform-00001-deployment-78d877fd9c-m2p7d"
I0602 13:30:09.366236       1 schedule_one.go:67] === MON SCHEDULER MODIFIÉ EST EN TRAIN DE TOURNER ===
I0602 13:30:09.370846       1 schedule_one.go:166] "scheduling algorithm completed" duration ="5.391891ms" pod="default/linpack-00001-deployment-6d74694468-qmxt6"
I0602 13:30:09.414731       1 schedule_one.go:67] === MON SCHEDULER MODIFIÉ EST EN TRAIN DE TOURNER ===
I0602 13:30:09.443794       1 schedule_one.go:166] "scheduling algorithm completed" duration ="29.840623ms" pod="default/matrixmul-00001-deployment-78f7668cf4-s85nb"
I0602 13:30:09.567517       1 schedule_one.go:67] === MON SCHEDULER MODIFIÉ EST EN TRAIN DE TOURNER ===
I0602 13:30:09.572367       1 schedule_one.go:166] "scheduling algorithm completed" duration ="5.539817ms" pod="default/linpack-00001-deployment-6d74694468-jg72p"
I0602 13:30:09.715747       1 schedule_one.go:67] === MON SCHEDULER MODIFIÉ EST EN TRAIN DE TOURNER ===
I0602 13:30:09.720481       1 schedule_one.go:166] "scheduling algorithm completed" duration ="5.418372ms" pod="default/genmatrix-00001-deployment-5444456b78-bs5ms"
I0602 13:30:10.015314       1 schedule_one.go:67] === MON SCHEDULER MODIFIÉ EST EN TRAIN DE TOURNER ===
I0602 13:30:10.020568       1 schedule_one.go:166] "scheduling algorithm completed" duration ="6.142063ms" pod="default/genmatrix-00001-deployment-5444456b78-pqb9j"
I0602 13:30:11.464810       1 schedule_one.go:67] === MON SCHEDULER MODIFIÉ EST EN TRAIN DE TOURNER ===
I0602 13:30:11.469045       1 schedule_one.go:166] "scheduling algorithm completed" duration ="5.034351ms" pod="default/fetchdata-00001-deployment-759f5b8c55-gbbkk"
I0602 13:30:11.615966       1 schedule_one.go:67] === MON SCHEDULER MODIFIÉ EST EN TRAIN DE TOURNER ===
I0602 13:30:11.619279       1 schedule_one.go:166] "scheduling algorithm completed" duration ="3.898047ms" pod="default/linpack-00001-deployment-6d74694468-z8jqc"
I0602 13:30:11.718383       1 schedule_one.go:67] === MON SCHEDULER MODIFIÉ EST EN TRAIN DE TOURNER ===
I0602 13:30:11.723212       1 schedule_one.go:166] "scheduling algorithm completed" duration ="5.816727ms" pod="default/fetchdata-00001-deployment-759f5b8c55-jdbmt"
I0602 13:30:11.766253       1 schedule_one.go:67] === MON SCHEDULER MODIFIÉ EST EN TRAIN DE TOURNER ===
I0602 13:30:11.770553       1 schedule_one.go:166] "scheduling algorithm completed" duration ="5.025055ms" pod="default/fetchdata-00001-deployment-759f5b8c55-76b7h"
I0602 13:30:11.868320       1 schedule_one.go:67] === MON SCHEDULER MODIFIÉ EST EN TRAIN DE TOURNER ===
I0602 13:30:11.871994       1 schedule_one.go:166] "scheduling algorithm completed" duration ="4.830961ms" pod="default/fastfouriertransform-00001-deployment-78d877fd9c-4vdbw"
I0602 13:30:11.916360       1 schedule_one.go:67] === MON SCHEDULER MODIFIÉ EST EN TRAIN DE TOURNER ===
I0602 13:30:11.921298       1 schedule_one.go:166] "scheduling algorithm completed" duration ="5.677171ms" pod="default/linpack-00001-deployment-6d74694468-x27wb"
I0602 13:30:12.015354       1 schedule_one.go:67] === MON SCHEDULER MODIFIÉ EST EN TRAIN DE TOURNER ===
I0602 13:30:12.018508       1 schedule_one.go:166] "scheduling algorithm completed" duration ="4.104104ms" pod="default/fetchdata-00001-deployment-759f5b8c55-5sqxs"
I0602 13:30:12.066398       1 schedule_one.go:67] === MON SCHEDULER MODIFIÉ EST EN TRAIN DE TOURNER ===
I0602 13:30:12.071323       1 schedule_one.go:166] "scheduling algorithm completed" duration ="5.533299ms" pod="default/genmatrix-00001-deployment-5444456b78-xksw8"
I0602 13:30:12.116041       1 schedule_one.go:67] === MON SCHEDULER MODIFIÉ EST EN TRAIN DE TOURNER ===
I0602 13:30:12.120517       1 schedule_one.go:166] "scheduling algorithm completed" duration ="5.301724ms" pod="default/fastfouriertransform-00001-deployment-78d877fd9c-sdp76"
I0602 13:30:12.216218       1 schedule_one.go:67] === MON SCHEDULER MODIFIÉ EST EN TRAIN DE TOURNER ===
I0602 13:30:12.251455       1 schedule_one.go:166] "scheduling algorithm completed" duration ="36.082353ms" pod="default/matrixmul-00001-deployment-78f7668cf4-6cx7k"
I0602 13:30:12.464484       1 schedule_one.go:67] === MON SCHEDULER MODIFIÉ EST EN TRAIN DE TOURNER ===
I0602 13:30:12.469675       1 schedule_one.go:166] "scheduling algorithm completed" duration ="5.819801ms" pod="default/matrixmul-00001-deployment-78f7668cf4-r26tb"
I0602 13:30:13.466721       1 schedule_one.go:67] === MON SCHEDULER MODIFIÉ EST EN TRAIN DE TOURNER ===
I0602 13:30:13.471233       1 schedule_one.go:166] "scheduling algorithm completed" duration ="5.72243ms" pod="default/matrixmul-00001-deployment-78f7668cf4-56nr6"
I0602 13:30:13.716985       1 schedule_one.go:67] === MON SCHEDULER MODIFIÉ EST EN TRAIN DE TOURNER ===
I0602 13:30:13.724116       1 schedule_one.go:166] "scheduling algorithm completed" duration ="7.821667ms" pod="default/matrixmul-00001-deployment-78f7668cf4-8xkv4"
I0602 13:30:13.916711       1 schedule_one.go:67] === MON SCHEDULER MODIFIÉ EST EN TRAIN DE TOURNER ===
I0602 13:30:13.921266       1 schedule_one.go:166] "scheduling algorithm completed" duration ="5.389464ms" pod="default/linpack-00001-deployment-6d74694468-8dpm5"
I0602 13:30:14.166858       1 schedule_one.go:67] === MON SCHEDULER MODIFIÉ EST EN TRAIN DE TOURNER ===
I0602 13:30:14.172358       1 schedule_one.go:166] "scheduling algorithm completed" duration ="6.748882ms" pod="default/linpack-00001-deployment-6d74694468-r4r6l"
I0602 13:30:14.216286       1 schedule_one.go:67] === MON SCHEDULER MODIFIÉ EST EN TRAIN DE TOURNER ===
I0602 13:30:14.220821       1 schedule_one.go:166] "scheduling algorithm completed" duration ="6.123062ms" pod="default/linpack-00001-deployment-6d74694468-x496l"
I0602 13:30:15.232339       1 schedule_one.go:67] === MON SCHEDULER MODIFIÉ EST EN TRAIN DE TOURNER ===
I0602 13:30:15.234843       1 schedule_one.go:67] === MON SCHEDULER MODIFIÉ EST EN TRAIN DE TOURNER ===
I0602 13:30:15.238481       1 schedule_one.go:166] "scheduling algorithm completed" duration ="6.989976ms" pod="default/linpack-00001-deployment-6d74694468-s9cck"
I0602 13:30:15.238746       1 schedule_one.go:67] === MON SCHEDULER MODIFIÉ EST EN TRAIN DE TOURNER ===
I0602 13:30:15.242305       1 schedule_one.go:67] === MON SCHEDULER MODIFIÉ EST EN TRAIN DE TOURNER ===
I0602 13:30:15.242810       1 schedule_one.go:166] "scheduling algorithm completed" duration ="8.939435ms" pod="default/linpack-00001-deployment-6d74694468-4cc4n"
I0602 13:30:15.258485       1 schedule_one.go:67] === MON SCHEDULER MODIFIÉ EST EN TRAIN DE TOURNER ===
I0602 13:30:15.260680       1 schedule_one.go:166] "scheduling algorithm completed" duration ="19.411326ms" pod="default/matrixmul-00001-deployment-78f7668cf4-bdztc"
I0602 13:30:15.261302       1 schedule_one.go:67] === MON SCHEDULER MODIFIÉ EST EN TRAIN DE TOURNER ===
I0602 13:30:15.265636       1 schedule_one.go:166] "scheduling algorithm completed" duration ="28.668782ms" pod="default/linpack-00001-deployment-6d74694468-tvz2f"
I0602 13:30:15.266096       1 schedule_one.go:166] "scheduling algorithm completed" duration ="9.193697ms" pod="default/matrixmul-00001-deployment-78f7668cf4-8js5t"
I0602 13:30:15.272537       1 schedule_one.go:67] === MON SCHEDULER MODIFIÉ EST EN TRAIN DE TOURNER ===
I0602 13:30:15.277704       1 schedule_one.go:166] "scheduling algorithm completed" duration ="19.178732ms" pod="default/matrixmul-00001-deployment-78f7668cf4-vjq98"
I0602 13:30:15.285651       1 schedule_one.go:166] "scheduling algorithm completed" duration ="19.579568ms" pod="default/matrixmul-00001-deployment-78f7668cf4-5xzv7"
I0602 13:30:17.225361       1 schedule_one.go:67] === MON SCHEDULER MODIFIÉ EST EN TRAIN DE TOURNER ===
I0602 13:30:17.229539       1 schedule_one.go:67] === MON SCHEDULER MODIFIÉ EST EN TRAIN DE TOURNER ===
I0602 13:30:17.235524       1 schedule_one.go:166] "scheduling algorithm completed" duration ="10.992561ms" pod="default/matrixmul-00001-deployment-78f7668cf4-hn2z5"
I0602 13:30:17.239742       1 schedule_one.go:166] "scheduling algorithm completed" duration ="10.8458ms" pod="default/matrixmul-00001-deployment-78f7668cf4-49z8g"
I0602 13:30:21.222958       1 schedule_one.go:67] === MON SCHEDULER MODIFIÉ EST EN TRAIN DE TOURNER ===
I0602 13:30:21.229530       1 schedule_one.go:67] === MON SCHEDULER MODIFIÉ EST EN TRAIN DE TOURNER ===
I0602 13:30:21.230640       1 schedule_one.go:67] === MON SCHEDULER MODIFIÉ EST EN TRAIN DE TOURNER ===
I0602 13:30:21.231069       1 schedule_one.go:166] "scheduling algorithm completed" duration ="9.105029ms" pod="default/fastfouriertransform-00001-deployment-78d877fd9c-pxjll"
I0602 13:30:21.236779       1 schedule_one.go:166] "scheduling algorithm completed" duration ="8.307004ms" pod="default/fastfouriertransform-00001-deployment-78d877fd9c-s6z4j"
I0602 13:30:21.236948       1 schedule_one.go:67] === MON SCHEDULER MODIFIÉ EST EN TRAIN DE TOURNER ===
I0602 13:30:21.238641       1 schedule_one.go:166] "scheduling algorithm completed" duration ="9.076196ms" pod="default/fastfouriertransform-00001-deployment-78d877fd9c-spgmh"
I0602 13:30:21.243696       1 schedule_one.go:166] "scheduling algorithm completed" duration ="9.04188ms" pod="default/fastfouriertransform-00001-deployment-78d877fd9c-nht8r"
I0602 13:30:23.219983       1 schedule_one.go:67] === MON SCHEDULER MODIFIÉ EST EN TRAIN DE TOURNER ===
I0602 13:30:23.224853       1 schedule_one.go:67] === MON SCHEDULER MODIFIÉ EST EN TRAIN DE TOURNER ===
I0602 13:30:23.226391       1 schedule_one.go:166] "scheduling algorithm completed" duration ="7.084404ms" pod="default/fastfouriertransform-00001-deployment-78d877fd9c-fdbqz"
I0602 13:30:23.227455       1 schedule_one.go:67] === MON SCHEDULER MODIFIÉ EST EN TRAIN DE TOURNER ===
I0602 13:30:23.233710       1 schedule_one.go:67] === MON SCHEDULER MODIFIÉ EST EN TRAIN DE TOURNER ===
I0602 13:30:23.235523       1 schedule_one.go:67] === MON SCHEDULER MODIFIÉ EST EN TRAIN DE TOURNER ===
I0602 13:30:23.237233       1 schedule_one.go:166] "scheduling algorithm completed" duration ="13.102613ms" pod="default/fastfouriertransform-00001-deployment-78d877fd9c-k2698"
I0602 13:30:23.239186       1 schedule_one.go:166] "scheduling algorithm completed" duration ="12.922056ms" pod="default/fastfouriertransform-00001-deployment-78d877fd9c-wbb42"
I0602 13:30:23.242978       1 schedule_one.go:166] "scheduling algorithm completed" duration ="11.616658ms" pod="default/fastfouriertransform-00001-deployment-78d877fd9c-q5gcj"
I0602 13:30:23.247593       1 schedule_one.go:166] "scheduling algorithm completed" duration ="13.843212ms" pod="default/fastfouriertransform-00001-deployment-78d877fd9c-xnnfn"
I0602 13:30:25.246329       1 schedule_one.go:67] === MON SCHEDULER MODIFIÉ EST EN TRAIN DE TOURNER ===
I0602 13:30:25.251635       1 schedule_one.go:67] === MON SCHEDULER MODIFIÉ EST EN TRAIN DE TOURNER ===
I0602 13:30:25.254453       1 schedule_one.go:67] === MON SCHEDULER MODIFIÉ EST EN TRAIN DE TOURNER ===
I0602 13:30:25.258070       1 schedule_one.go:166] "scheduling algorithm completed" duration ="13.351245ms" pod="default/fastfouriertransform-00001-deployment-78d877fd9c-7h5fr"
I0602 13:30:25.260980       1 schedule_one.go:166] "scheduling algorithm completed" duration ="9.282142ms" pod="default/fastfouriertransform-00001-deployment-78d877fd9c-8tdkd"
I0602 13:30:25.261456       1 schedule_one.go:166] "scheduling algorithm completed" duration ="11.93816ms" pod="default/fastfouriertransform-00001-deployment-78d877fd9c-5wzsj"
