I0602 12:35:47.914429       1 serving.go:386] Generated self-signed cert in-memory
W0602 12:35:47.915062       1 client_config.go:683] Neither --kubeconfig nor --master was specified.  Using the inClusterConfig.  This might not work.
I0602 12:35:47.941700       1 scheduler.go:283] ===  SCHEDULer New  ===
I0602 12:35:47.943320       1 scheduler.go:457] "fonction New() construit le scheduler, mais ne commence pas à scheduler les pods, c'est la fonction Run() qui commence le scheduling des pods." duration ="1.590591ms"
I0602 12:35:47.945452       1 server.go:175] "Starting Kubernetes Scheduler" version="v0.0.0-master+$Format:%H$"
I0602 12:35:47.945522       1 server.go:177] "Golang settings" GOGC="" GOMAXPROCS="" GOTRACEBACK=""
I0602 12:35:47.952484       1 configmap_cafile_content.go:205] "Starting controller" name="client-ca::kube-system::extension-apiserver-authentication::client-ca-file"
I0602 12:35:47.952502       1 shared_informer.go:375] "Waiting for caches to sync"
I0602 12:35:47.952482       1 requestheader_controller.go:180] Starting RequestHeaderAuthRequestController
I0602 12:35:47.952522       1 shared_informer.go:375] "Waiting for caches to sync"
I0602 12:35:47.952549       1 configmap_cafile_content.go:205] "Starting controller" name="client-ca::kube-system::extension-apiserver-authentication::requestheader-client-ca-file"
I0602 12:35:47.952559       1 shared_informer.go:375] "Waiting for caches to sync"
I0602 12:35:47.953062       1 secure_serving.go:211] Serving securely on [::]:10259
I0602 12:35:47.953583       1 tlsconfig.go:243] "Starting DynamicServingCertificateController"
I0602 12:35:48.253610       1 scheduler.go:542] ===  SCHEDULing RUN ===
I0602 12:35:48.253652       1 schedule_one.go:67] === MON SCHEDULER MODIFIÉ EST EN TRAIN DE TOURNER ===
I0602 12:35:48.253701       1 shared_informer.go:382] "Caches are synced"
I0602 12:35:48.253710       1 shared_informer.go:382] "Caches are synced"
I0602 12:35:48.253857       1 shared_informer.go:382] "Caches are synced"
I0602 12:40:47.462572       1 schedule_one.go:67] === MON SCHEDULER MODIFIÉ EST EN TRAIN DE TOURNER ===
I0602 12:40:47.463804       1 schedule_one.go:67] === MON SCHEDULER MODIFIÉ EST EN TRAIN DE TOURNER ===
I0602 12:40:47.470680       1 schedule_one.go:67] === MON SCHEDULER MODIFIÉ EST EN TRAIN DE TOURNER ===
I0602 12:40:47.471542       1 schedule_one.go:67] === MON SCHEDULER MODIFIÉ EST EN TRAIN DE TOURNER ===
I0602 12:40:47.473722       1 schedule_one.go:67] === MON SCHEDULER MODIFIÉ EST EN TRAIN DE TOURNER ===
I0602 12:40:47.473806       1 schedule_one.go:166] "scheduling algorithm completed" duration ="11.197222ms" pod="default/fastfouriertransform-00001-deployment-78d877fd9c-8sp6c"
I0602 12:40:47.474614       1 schedule_one.go:166] "scheduling algorithm completed" duration ="14.402066ms" pod="default/genmatrix-00001-deployment-5444456b78-9p8vx"
I0602 12:40:47.476101       1 schedule_one.go:67] === MON SCHEDULER MODIFIÉ EST EN TRAIN DE TOURNER ===
I0602 12:40:47.479878       1 schedule_one.go:166] "scheduling algorithm completed" duration ="10.108774ms" pod="default/genmatrix-00001-deployment-5444456b78-w5fc5"
I0602 12:40:47.482027       1 schedule_one.go:166] "scheduling algorithm completed" duration ="11.245ms" pod="default/fastfouriertransform-00001-deployment-78d877fd9c-ch4qm"
I0602 12:40:47.483594       1 schedule_one.go:67] === MON SCHEDULER MODIFIÉ EST EN TRAIN DE TOURNER ===
I0602 12:40:47.488558       1 schedule_one.go:67] === MON SCHEDULER MODIFIÉ EST EN TRAIN DE TOURNER ===
I0602 12:40:47.490449       1 schedule_one.go:166] "scheduling algorithm completed" duration ="16.670166ms" pod="default/genmatrix-00001-deployment-5444456b78-hqjxk"
I0602 12:40:47.492291       1 schedule_one.go:166] "scheduling algorithm completed" duration ="20.296418ms" pod="default/fastfouriertransform-00001-deployment-78d877fd9c-frg9b"
I0602 12:40:47.499156       1 schedule_one.go:166] "scheduling algorithm completed" duration ="16.955204ms" pod="default/fastfouriertransform-00001-deployment-78d877fd9c-j8rnv"
I0602 12:40:47.503798       1 schedule_one.go:166] "scheduling algorithm completed" duration ="16.146979ms" pod="default/genmatrix-00001-deployment-5444456b78-n6vrv"
I0602 12:40:47.533469       1 schedule_one.go:67] === MON SCHEDULER MODIFIÉ EST EN TRAIN DE TOURNER ===
I0602 12:40:47.539077       1 schedule_one.go:67] === MON SCHEDULER MODIFIÉ EST EN TRAIN DE TOURNER ===
I0602 12:40:47.543979       1 schedule_one.go:67] === MON SCHEDULER MODIFIÉ EST EN TRAIN DE TOURNER ===
I0602 12:40:47.545088       1 schedule_one.go:67] === MON SCHEDULER MODIFIÉ EST EN TRAIN DE TOURNER ===
I0602 12:40:47.545174       1 schedule_one.go:166] "scheduling algorithm completed" duration ="12.639931ms" pod="default/fetchdata-00001-deployment-759f5b8c55-j7rfk"
I0602 12:40:47.547767       1 schedule_one.go:166] "scheduling algorithm completed" duration ="9.50868ms" pod="default/matrixmul-00001-deployment-78f7668cf4-fx2kk"
I0602 12:40:47.554300       1 schedule_one.go:166] "scheduling algorithm completed" duration ="10.231126ms" pod="default/fetchdata-00001-deployment-759f5b8c55-8dw8c"
I0602 12:40:47.554521       1 schedule_one.go:67] === MON SCHEDULER MODIFIÉ EST EN TRAIN DE TOURNER ===
I0602 12:40:47.558474       1 schedule_one.go:166] "scheduling algorithm completed" duration ="15.849034ms" pod="default/fetchdata-00001-deployment-759f5b8c55-hst7v"
I0602 12:40:47.568833       1 schedule_one.go:166] "scheduling algorithm completed" duration ="15.827515ms" pod="default/fetchdata-00001-deployment-759f5b8c55-msspr"
I0602 12:40:47.707310       1 schedule_one.go:67] === MON SCHEDULER MODIFIÉ EST EN TRAIN DE TOURNER ===
I0602 12:40:47.712052       1 schedule_one.go:166] "scheduling algorithm completed" duration ="5.467296ms" pod="default/linpack-00001-deployment-6d74694468-4twcs"
I0602 12:40:47.798091       1 schedule_one.go:67] === MON SCHEDULER MODIFIÉ EST EN TRAIN DE TOURNER ===
I0602 12:40:47.803354       1 schedule_one.go:166] "scheduling algorithm completed" duration ="5.923945ms" pod="default/matrixmul-00001-deployment-78f7668cf4-j44wv"
I0602 12:40:47.849638       1 schedule_one.go:67] === MON SCHEDULER MODIFIÉ EST EN TRAIN DE TOURNER ===
I0602 12:40:47.854658       1 schedule_one.go:166] "scheduling algorithm completed" duration ="5.793186ms" pod="default/matrixmul-00001-deployment-78f7668cf4-4bgln"
I0602 12:40:48.048219       1 schedule_one.go:67] === MON SCHEDULER MODIFIÉ EST EN TRAIN DE TOURNER ===
I0602 12:40:48.053253       1 schedule_one.go:166] "scheduling algorithm completed" duration ="5.635315ms" pod="default/linpack-00001-deployment-6d74694468-ltqc6"
I0602 12:40:48.098915       1 schedule_one.go:67] === MON SCHEDULER MODIFIÉ EST EN TRAIN DE TOURNER ===
I0602 12:40:48.102983       1 schedule_one.go:166] "scheduling algorithm completed" duration ="4.767812ms" pod="default/linpack-00001-deployment-6d74694468-bnlxv"
I0602 12:40:48.348141       1 schedule_one.go:67] === MON SCHEDULER MODIFIÉ EST EN TRAIN DE TOURNER ===
I0602 12:40:48.352619       1 schedule_one.go:166] "scheduling algorithm completed" duration ="5.125869ms" pod="default/linpack-00001-deployment-6d74694468-pjvcs"
I0602 12:40:49.947730       1 schedule_one.go:67] === MON SCHEDULER MODIFIÉ EST EN TRAIN DE TOURNER ===
I0602 12:40:49.951852       1 schedule_one.go:166] "scheduling algorithm completed" duration ="4.908202ms" pod="default/fetchdata-00001-deployment-759f5b8c55-ttfkn"
I0602 12:40:50.049463       1 schedule_one.go:67] === MON SCHEDULER MODIFIÉ EST EN TRAIN DE TOURNER ===
I0602 12:40:50.054479       1 schedule_one.go:166] "scheduling algorithm completed" duration ="6.027057ms" pod="default/linpack-00001-deployment-6d74694468-5k52j"
I0602 12:40:50.098488       1 schedule_one.go:67] === MON SCHEDULER MODIFIÉ EST EN TRAIN DE TOURNER ===
I0602 12:40:50.102775       1 schedule_one.go:166] "scheduling algorithm completed" duration ="5.133554ms" pod="default/fastfouriertransform-00001-deployment-78d877fd9c-r9k2x"
I0602 12:40:50.169763       1 schedule_one.go:67] === MON SCHEDULER MODIFIÉ EST EN TRAIN DE TOURNER ===
I0602 12:40:50.181516       1 schedule_one.go:166] "scheduling algorithm completed" duration ="12.619209ms" pod="default/genmatrix-00001-deployment-5444456b78-4v4st"
I0602 12:40:50.350686       1 schedule_one.go:67] === MON SCHEDULER MODIFIÉ EST EN TRAIN DE TOURNER ===
I0602 12:40:50.355651       1 schedule_one.go:166] "scheduling algorithm completed" duration ="5.681926ms" pod="default/fastfouriertransform-00001-deployment-78d877fd9c-gbb8k"
I0602 12:40:50.400220       1 schedule_one.go:67] === MON SCHEDULER MODIFIÉ EST EN TRAIN DE TOURNER ===
I0602 12:40:50.405310       1 schedule_one.go:166] "scheduling algorithm completed" duration ="6.58893ms" pod="default/genmatrix-00001-deployment-5444456b78-9vg59"
I0602 12:40:51.505495       1 schedule_one.go:67] === MON SCHEDULER MODIFIÉ EST EN TRAIN DE TOURNER ===
I0602 12:40:51.510461       1 schedule_one.go:166] "scheduling algorithm completed" duration ="5.633907ms" pod="default/matrixmul-00001-deployment-78f7668cf4-pnppl"
I0602 12:40:51.700467       1 schedule_one.go:67] === MON SCHEDULER MODIFIÉ EST EN TRAIN DE TOURNER ===
I0602 12:40:51.704450       1 schedule_one.go:166] "scheduling algorithm completed" duration ="4.585145ms" pod="default/fetchdata-00001-deployment-759f5b8c55-7xjn5"
I0602 12:40:51.749447       1 schedule_one.go:67] === MON SCHEDULER MODIFIÉ EST EN TRAIN DE TOURNER ===
I0602 12:40:51.753143       1 schedule_one.go:166] "scheduling algorithm completed" duration ="4.449571ms" pod="default/matrixmul-00001-deployment-78f7668cf4-chs4l"
I0602 12:40:51.999359       1 schedule_one.go:67] === MON SCHEDULER MODIFIÉ EST EN TRAIN DE TOURNER ===
I0602 12:40:52.002876       1 schedule_one.go:166] "scheduling algorithm completed" duration ="4.322459ms" pod="default/fetchdata-00001-deployment-759f5b8c55-wxfph"
I0602 12:40:52.149066       1 schedule_one.go:67] === MON SCHEDULER MODIFIÉ EST EN TRAIN DE TOURNER ===
I0602 12:40:52.152785       1 schedule_one.go:166] "scheduling algorithm completed" duration ="4.352125ms" pod="default/linpack-00001-deployment-6d74694468-gtpjg"
I0602 12:40:52.199136       1 schedule_one.go:67] === MON SCHEDULER MODIFIÉ EST EN TRAIN DE TOURNER ===
I0602 12:40:52.203678       1 schedule_one.go:166] "scheduling algorithm completed" duration ="5.334814ms" pod="default/fastfouriertransform-00001-deployment-78d877fd9c-cdldx"
I0602 12:40:53.498802       1 schedule_one.go:67] === MON SCHEDULER MODIFIÉ EST EN TRAIN DE TOURNER ===
I0602 12:40:53.503581       1 schedule_one.go:166] "scheduling algorithm completed" duration ="5.787741ms" pod="default/linpack-00001-deployment-6d74694468-f76v8"
I0602 12:40:53.999367       1 schedule_one.go:67] === MON SCHEDULER MODIFIÉ EST EN TRAIN DE TOURNER ===
I0602 12:40:54.004268       1 schedule_one.go:166] "scheduling algorithm completed" duration ="6.069039ms" pod="default/fetchdata-00001-deployment-759f5b8c55-wl9sj"
I0602 12:40:54.149850       1 schedule_one.go:67] === MON SCHEDULER MODIFIÉ EST EN TRAIN DE TOURNER ===
I0602 12:40:54.154162       1 schedule_one.go:166] "scheduling algorithm completed" duration ="5.22937ms" pod="default/fetchdata-00001-deployment-759f5b8c55-zttfj"
I0602 12:40:55.399565       1 schedule_one.go:67] === MON SCHEDULER MODIFIÉ EST EN TRAIN DE TOURNER ===
I0602 12:40:55.404029       1 schedule_one.go:166] "scheduling algorithm completed" duration ="5.22861ms" pod="default/fetchdata-00001-deployment-759f5b8c55-x4kz7"
I0602 12:40:55.555782       1 schedule_one.go:67] === MON SCHEDULER MODIFIÉ EST EN TRAIN DE TOURNER ===
I0602 12:40:55.563138       1 schedule_one.go:166] "scheduling algorithm completed" duration ="8.22325ms" pod="default/fetchdata-00001-deployment-759f5b8c55-6qgzn"
I0602 12:40:55.599366       1 schedule_one.go:67] === MON SCHEDULER MODIFIÉ EST EN TRAIN DE TOURNER ===
I0602 12:40:55.602478       1 schedule_one.go:166] "scheduling algorithm completed" duration ="3.87331ms" pod="default/fetchdata-00001-deployment-759f5b8c55-bdrsh"
I0602 12:40:57.226710       1 schedule_one.go:67] === MON SCHEDULER MODIFIÉ EST EN TRAIN DE TOURNER ===
I0602 12:40:57.231021       1 schedule_one.go:67] === MON SCHEDULER MODIFIÉ EST EN TRAIN DE TOURNER ===
I0602 12:40:57.233411       1 schedule_one.go:166] "scheduling algorithm completed" duration ="7.504544ms" pod="default/fetchdata-00001-deployment-759f5b8c55-bqhgc"
I0602 12:40:57.239549       1 schedule_one.go:67] === MON SCHEDULER MODIFIÉ EST EN TRAIN DE TOURNER ===
I0602 12:40:57.240121       1 schedule_one.go:166] "scheduling algorithm completed" duration ="9.869571ms" pod="default/matrixmul-00001-deployment-78f7668cf4-f42bt"
I0602 12:40:57.249473       1 schedule_one.go:166] "scheduling algorithm completed" duration ="10.55524ms" pod="default/matrixmul-00001-deployment-78f7668cf4-lhrs4"
I0602 12:40:59.224998       1 schedule_one.go:67] === MON SCHEDULER MODIFIÉ EST EN TRAIN DE TOURNER ===
I0602 12:40:59.228820       1 schedule_one.go:166] "scheduling algorithm completed" duration ="4.450997ms" pod="default/matrixmul-00001-deployment-78f7668cf4-d86ng"
I0602 12:41:05.227182       1 schedule_one.go:67] === MON SCHEDULER MODIFIÉ EST EN TRAIN DE TOURNER ===
I0602 12:41:05.231507       1 schedule_one.go:166] "scheduling algorithm completed" duration ="4.983869ms" pod="default/fetchdata-00001-deployment-759f5b8c55-8tt5p"
I0602 12:41:07.222839       1 schedule_one.go:67] === MON SCHEDULER MODIFIÉ EST EN TRAIN DE TOURNER ===
I0602 12:41:07.228180       1 schedule_one.go:166] "scheduling algorithm completed" duration ="5.986169ms" pod="default/fetchdata-00001-deployment-759f5b8c55-qx25k"
I0602 12:51:34.331797       1 schedule_one.go:67] === MON SCHEDULER MODIFIÉ EST EN TRAIN DE TOURNER ===
I0602 12:51:34.333339       1 schedule_one.go:67] === MON SCHEDULER MODIFIÉ EST EN TRAIN DE TOURNER ===
I0602 12:51:34.338984       1 schedule_one.go:166] "scheduling algorithm completed" duration ="7.925464ms" pod="default/genmatrix-00001-deployment-5444456b78-rjv5f"
I0602 12:51:34.340332       1 schedule_one.go:166] "scheduling algorithm completed" duration ="7.661166ms" pod="default/fastfouriertransform-00001-deployment-78d877fd9c-czz4j"
I0602 12:51:34.349230       1 schedule_one.go:67] === MON SCHEDULER MODIFIÉ EST EN TRAIN DE TOURNER ===
I0602 12:51:34.364030       1 schedule_one.go:166] "scheduling algorithm completed" duration ="15.430666ms" pod="default/fetchdata-00001-deployment-759f5b8c55-x7kqt"
I0602 12:51:34.364543       1 schedule_one.go:67] === MON SCHEDULER MODIFIÉ EST EN TRAIN DE TOURNER ===
I0602 12:51:34.379494       1 schedule_one.go:166] "scheduling algorithm completed" duration ="15.671261ms" pod="default/linpack-00001-deployment-6d74694468-5k52k"
I0602 12:51:34.466274       1 schedule_one.go:67] === MON SCHEDULER MODIFIÉ EST EN TRAIN DE TOURNER ===
I0602 12:51:34.473025       1 schedule_one.go:166] "scheduling algorithm completed" duration ="7.731407ms" pod="default/matrixmul-00001-deployment-78f7668cf4-w8rgx"
I0602 12:51:35.226112       1 schedule_one.go:67] === MON SCHEDULER MODIFIÉ EST EN TRAIN DE TOURNER ===
I0602 12:51:35.230708       1 schedule_one.go:67] === MON SCHEDULER MODIFIÉ EST EN TRAIN DE TOURNER ===
I0602 12:51:35.233231       1 schedule_one.go:67] === MON SCHEDULER MODIFIÉ EST EN TRAIN DE TOURNER ===
I0602 12:51:35.234133       1 schedule_one.go:166] "scheduling algorithm completed" duration ="8.236577ms" pod="default/genmatrix-00001-deployment-5444456b78-zzt8s"
I0602 12:51:35.240176       1 schedule_one.go:67] === MON SCHEDULER MODIFIÉ EST EN TRAIN DE TOURNER ===
I0602 12:51:35.240577       1 schedule_one.go:166] "scheduling algorithm completed" duration ="7.876908ms" pod="default/genmatrix-00001-deployment-5444456b78-jhdd7"
I0602 12:51:35.240954       1 schedule_one.go:166] "scheduling algorithm completed" duration ="10.780707ms" pod="default/fastfouriertransform-00001-deployment-78d877fd9c-5xvtj"
I0602 12:51:35.246725       1 schedule_one.go:166] "scheduling algorithm completed" duration ="7.115384ms" pod="default/fastfouriertransform-00001-deployment-78d877fd9c-c9zqn"
I0602 12:51:35.362437       1 schedule_one.go:67] === MON SCHEDULER MODIFIÉ EST EN TRAIN DE TOURNER ===
I0602 12:51:35.365962       1 schedule_one.go:166] "scheduling algorithm completed" duration ="4.270845ms" pod="default/fetchdata-00001-deployment-759f5b8c55-f2xr7"
I0602 12:51:35.483602       1 schedule_one.go:67] === MON SCHEDULER MODIFIÉ EST EN TRAIN DE TOURNER ===
I0602 12:51:35.495227       1 schedule_one.go:166] "scheduling algorithm completed" duration ="12.272458ms" pod="default/linpack-00001-deployment-6d74694468-gzr6h"
I0602 12:51:35.660292       1 schedule_one.go:67] === MON SCHEDULER MODIFIÉ EST EN TRAIN DE TOURNER ===
I0602 12:51:35.664365       1 schedule_one.go:166] "scheduling algorithm completed" duration ="4.880146ms" pod="default/matrixmul-00001-deployment-78f7668cf4-rxc6p"
I0602 12:51:35.711895       1 schedule_one.go:67] === MON SCHEDULER MODIFIÉ EST EN TRAIN DE TOURNER ===
I0602 12:51:35.716963       1 schedule_one.go:166] "scheduling algorithm completed" duration ="5.823634ms" pod="default/linpack-00001-deployment-6d74694468-9k772"
I0602 12:51:37.264890       1 schedule_one.go:67] === MON SCHEDULER MODIFIÉ EST EN TRAIN DE TOURNER ===
I0602 12:51:37.270376       1 schedule_one.go:166] "scheduling algorithm completed" duration ="6.686382ms" pod="default/fastfouriertransform-00001-deployment-78d877fd9c-jqgtf"
I0602 12:51:37.320679       1 schedule_one.go:67] === MON SCHEDULER MODIFIÉ EST EN TRAIN DE TOURNER ===
I0602 12:51:37.324425       1 schedule_one.go:166] "scheduling algorithm completed" duration ="4.55931ms" pod="default/fetchdata-00001-deployment-759f5b8c55-527lp"
I0602 12:51:37.362433       1 schedule_one.go:67] === MON SCHEDULER MODIFIÉ EST EN TRAIN DE TOURNER ===
I0602 12:51:37.398762       1 schedule_one.go:166] "scheduling algorithm completed" duration ="37.08421ms" pod="default/genmatrix-00001-deployment-5444456b78-6lbn7"
I0602 12:51:37.412642       1 schedule_one.go:67] === MON SCHEDULER MODIFIÉ EST EN TRAIN DE TOURNER ===
I0602 12:51:37.435553       1 schedule_one.go:166] "scheduling algorithm completed" duration ="23.668373ms" pod="default/fastfouriertransform-00001-deployment-78d877fd9c-rjcq7"
I0602 12:51:37.463578       1 schedule_one.go:67] === MON SCHEDULER MODIFIÉ EST EN TRAIN DE TOURNER ===
I0602 12:51:37.467387       1 schedule_one.go:166] "scheduling algorithm completed" duration ="6.053043ms" pod="default/fastfouriertransform-00001-deployment-78d877fd9c-9scbk"
I0602 12:51:37.510332       1 schedule_one.go:67] === MON SCHEDULER MODIFIÉ EST EN TRAIN DE TOURNER ===
I0602 12:51:37.535235       1 schedule_one.go:166] "scheduling algorithm completed" duration ="25.475349ms" pod="default/linpack-00001-deployment-6d74694468-bggm9"
I0602 12:51:37.560141       1 schedule_one.go:67] === MON SCHEDULER MODIFIÉ EST EN TRAIN DE TOURNER ===
I0602 12:51:37.564943       1 schedule_one.go:166] "scheduling algorithm completed" duration ="5.454668ms" pod="default/matrixmul-00001-deployment-78f7668cf4-bvx8m"
I0602 12:51:37.611299       1 schedule_one.go:67] === MON SCHEDULER MODIFIÉ EST EN TRAIN DE TOURNER ===
I0602 12:51:37.615688       1 schedule_one.go:166] "scheduling algorithm completed" duration ="4.98848ms" pod="default/fetchdata-00001-deployment-759f5b8c55-t7gbt"
I0602 12:51:37.660997       1 schedule_one.go:67] === MON SCHEDULER MODIFIÉ EST EN TRAIN DE TOURNER ===
I0602 12:51:37.664562       1 schedule_one.go:166] "scheduling algorithm completed" duration ="4.372512ms" pod="default/fetchdata-00001-deployment-759f5b8c55-f2v97"
I0602 12:51:37.763963       1 schedule_one.go:67] === MON SCHEDULER MODIFIÉ EST EN TRAIN DE TOURNER ===
I0602 12:51:37.768795       1 schedule_one.go:166] "scheduling algorithm completed" duration ="5.511076ms" pod="default/genmatrix-00001-deployment-5444456b78-nh7tb"
I0602 12:51:37.811419       1 schedule_one.go:67] === MON SCHEDULER MODIFIÉ EST EN TRAIN DE TOURNER ===
I0602 12:51:37.816120       1 schedule_one.go:166] "scheduling algorithm completed" duration ="5.34026ms" pod="default/genmatrix-00001-deployment-5444456b78-8jlnf"
I0602 12:51:37.913353       1 schedule_one.go:67] === MON SCHEDULER MODIFIÉ EST EN TRAIN DE TOURNER ===
I0602 12:51:37.917988       1 schedule_one.go:166] "scheduling algorithm completed" duration ="5.618559ms" pod="default/linpack-00001-deployment-6d74694468-mfqmk"
I0602 12:51:39.460124       1 schedule_one.go:67] === MON SCHEDULER MODIFIÉ EST EN TRAIN DE TOURNER ===
I0602 12:51:39.466374       1 schedule_one.go:166] "scheduling algorithm completed" duration ="7.014143ms" pod="default/linpack-00001-deployment-6d74694468-tngxp"
I0602 12:51:39.512173       1 schedule_one.go:67] === MON SCHEDULER MODIFIÉ EST EN TRAIN DE TOURNER ===
I0602 12:51:39.518173       1 schedule_one.go:166] "scheduling algorithm completed" duration ="6.820938ms" pod="default/matrixmul-00001-deployment-78f7668cf4-96mqs"
I0602 12:51:39.761913       1 schedule_one.go:67] === MON SCHEDULER MODIFIÉ EST EN TRAIN DE TOURNER ===
I0602 12:51:39.766466       1 schedule_one.go:166] "scheduling algorithm completed" duration ="5.365187ms" pod="default/matrixmul-00001-deployment-78f7668cf4-92v6p"
I0602 12:51:40.113760       1 schedule_one.go:67] === MON SCHEDULER MODIFIÉ EST EN TRAIN DE TOURNER ===
I0602 12:51:40.117838       1 schedule_one.go:166] "scheduling algorithm completed" duration ="4.823479ms" pod="default/fastfouriertransform-00001-deployment-78d877fd9c-m4z6v"
I0602 12:51:41.711969       1 schedule_one.go:67] === MON SCHEDULER MODIFIÉ EST EN TRAIN DE TOURNER ===
I0602 12:51:41.716491       1 schedule_one.go:166] "scheduling algorithm completed" duration ="5.439168ms" pod="default/fastfouriertransform-00001-deployment-78d877fd9c-9ztm7"
I0602 12:51:41.763255       1 schedule_one.go:67] === MON SCHEDULER MODIFIÉ EST EN TRAIN DE TOURNER ===
I0602 12:51:41.812055       1 schedule_one.go:67] === MON SCHEDULER MODIFIÉ EST EN TRAIN DE TOURNER ===
I0602 12:51:41.815121       1 schedule_one.go:166] "scheduling algorithm completed" duration ="53.144344ms" pod="default/matrixmul-00001-deployment-78f7668cf4-ln5rx"
I0602 12:51:41.818399       1 schedule_one.go:166] "scheduling algorithm completed" duration ="7.171533ms" pod="default/linpack-00001-deployment-6d74694468-d67fj"
I0602 12:51:41.961738       1 schedule_one.go:67] === MON SCHEDULER MODIFIÉ EST EN TRAIN DE TOURNER ===
I0602 12:51:41.967558       1 schedule_one.go:166] "scheduling algorithm completed" duration ="6.724696ms" pod="default/matrixmul-00001-deployment-78f7668cf4-8jcxk"
I0602 12:51:42.013888       1 schedule_one.go:67] === MON SCHEDULER MODIFIÉ EST EN TRAIN DE TOURNER ===
I0602 12:51:42.021321       1 schedule_one.go:166] "scheduling algorithm completed" duration ="9.737588ms" pod="default/matrixmul-00001-deployment-78f7668cf4-pzzwp"
I0602 12:51:42.161593       1 schedule_one.go:67] === MON SCHEDULER MODIFIÉ EST EN TRAIN DE TOURNER ===
I0602 12:51:42.166377       1 schedule_one.go:166] "scheduling algorithm completed" duration ="5.811578ms" pod="default/matrixmul-00001-deployment-78f7668cf4-nk264"
I0602 12:51:43.231470       1 schedule_one.go:67] === MON SCHEDULER MODIFIÉ EST EN TRAIN DE TOURNER ===
I0602 12:51:43.235401       1 schedule_one.go:166] "scheduling algorithm completed" duration ="6.025599ms" pod="default/linpack-00001-deployment-6d74694468-8t58s"
I0602 12:51:43.316666       1 schedule_one.go:67] === MON SCHEDULER MODIFIÉ EST EN TRAIN DE TOURNER ===
I0602 12:51:43.321659       1 schedule_one.go:166] "scheduling algorithm completed" duration ="10.590131ms" pod="default/matrixmul-00001-deployment-78f7668cf4-c5vc5"
I0602 12:51:43.413490       1 schedule_one.go:67] === MON SCHEDULER MODIFIÉ EST EN TRAIN DE TOURNER ===
I0602 12:51:43.418584       1 schedule_one.go:166] "scheduling algorithm completed" duration ="6.046025ms" pod="default/matrixmul-00001-deployment-78f7668cf4-65zjk"
I0602 12:51:43.460611       1 schedule_one.go:67] === MON SCHEDULER MODIFIÉ EST EN TRAIN DE TOURNER ===
I0602 12:51:43.465137       1 schedule_one.go:166] "scheduling algorithm completed" duration ="5.401113ms" pod="default/matrixmul-00001-deployment-78f7668cf4-cht4x"
I0602 12:51:45.233543       1 schedule_one.go:67] === MON SCHEDULER MODIFIÉ EST EN TRAIN DE TOURNER ===
I0602 12:51:45.242424       1 schedule_one.go:166] "scheduling algorithm completed" duration ="9.941997ms" pod="default/matrixmul-00001-deployment-78f7668cf4-9vscl"
I0602 12:51:49.231431       1 schedule_one.go:67] === MON SCHEDULER MODIFIÉ EST EN TRAIN DE TOURNER ===
I0602 12:51:49.266135       1 schedule_one.go:166] "scheduling algorithm completed" duration ="35.791498ms" pod="default/fastfouriertransform-00001-deployment-78d877fd9c-4m68t"
I0602 12:51:51.223384       1 schedule_one.go:67] === MON SCHEDULER MODIFIÉ EST EN TRAIN DE TOURNER ===
I0602 12:51:51.226662       1 schedule_one.go:67] === MON SCHEDULER MODIFIÉ EST EN TRAIN DE TOURNER ===
I0602 12:51:51.228797       1 schedule_one.go:166] "scheduling algorithm completed" duration ="7.349516ms" pod="default/linpack-00001-deployment-6d74694468-69dwn"
I0602 12:51:51.231802       1 schedule_one.go:166] "scheduling algorithm completed" duration ="5.864986ms" pod="default/linpack-00001-deployment-6d74694468-6vnql"
I0602 12:51:53.225699       1 schedule_one.go:67] === MON SCHEDULER MODIFIÉ EST EN TRAIN DE TOURNER ===
I0602 12:51:53.260448       1 schedule_one.go:166] "scheduling algorithm completed" duration ="35.633201ms" pod="default/linpack-00001-deployment-6d74694468-4sm8h"
I0602 13:00:40.186027       1 schedule_one.go:67] === MON SCHEDULER MODIFIÉ EST EN TRAIN DE TOURNER ===
I0602 13:00:40.187938       1 schedule_one.go:67] === MON SCHEDULER MODIFIÉ EST EN TRAIN DE TOURNER ===
I0602 13:00:40.189459       1 schedule_one.go:67] === MON SCHEDULER MODIFIÉ EST EN TRAIN DE TOURNER ===
I0602 13:00:40.190967       1 schedule_one.go:67] === MON SCHEDULER MODIFIÉ EST EN TRAIN DE TOURNER ===
I0602 13:00:40.200506       1 schedule_one.go:166] "scheduling algorithm completed" duration ="13.520629ms" pod="default/fetchdata-00001-deployment-759f5b8c55-92gpv"
I0602 13:00:40.204070       1 schedule_one.go:166] "scheduling algorithm completed" duration ="18.975839ms" pod="default/linpack-00001-deployment-6d74694468-dnzzp"
I0602 13:00:40.204807       1 schedule_one.go:166] "scheduling algorithm completed" duration ="16.69171ms" pod="default/genmatrix-00001-deployment-5444456b78-2s8jg"
I0602 13:00:40.208607       1 schedule_one.go:67] === MON SCHEDULER MODIFIÉ EST EN TRAIN DE TOURNER ===
I0602 13:00:40.209196       1 schedule_one.go:166] "scheduling algorithm completed" duration ="19.043748ms" pod="default/fastfouriertransform-00001-deployment-78d877fd9c-qw5rd"
I0602 13:00:40.227596       1 schedule_one.go:166] "scheduling algorithm completed" duration ="20.817151ms" pod="default/matrixmul-00001-deployment-78f7668cf4-j7mgz"
I0602 13:00:41.228117       1 schedule_one.go:67] === MON SCHEDULER MODIFIÉ EST EN TRAIN DE TOURNER ===
I0602 13:00:41.232755       1 schedule_one.go:67] === MON SCHEDULER MODIFIÉ EST EN TRAIN DE TOURNER ===
I0602 13:00:41.234270       1 schedule_one.go:67] === MON SCHEDULER MODIFIÉ EST EN TRAIN DE TOURNER ===
I0602 13:00:41.234784       1 schedule_one.go:166] "scheduling algorithm completed" duration ="6.782536ms" pod="default/linpack-00001-deployment-6d74694468-8mqcg"
I0602 13:00:41.235733       1 schedule_one.go:67] === MON SCHEDULER MODIFIÉ EST EN TRAIN DE TOURNER ===
I0602 13:00:41.249701       1 schedule_one.go:166] "scheduling algorithm completed" duration ="16.765118ms" pod="default/linpack-00001-deployment-6d74694468-v5m4n"
I0602 13:00:41.251595       1 schedule_one.go:166] "scheduling algorithm completed" duration ="17.236122ms" pod="default/linpack-00001-deployment-6d74694468-lbjdt"
I0602 13:00:41.257510       1 schedule_one.go:166] "scheduling algorithm completed" duration ="25.632839ms" pod="default/fetchdata-00001-deployment-759f5b8c55-kj6mm"
I0602 13:00:41.257933       1 schedule_one.go:67] === MON SCHEDULER MODIFIÉ EST EN TRAIN DE TOURNER ===
I0602 13:00:41.274786       1 schedule_one.go:166] "scheduling algorithm completed" duration ="17.815793ms" pod="default/fetchdata-00001-deployment-759f5b8c55-hfhss"
I0602 13:00:41.278925       1 schedule_one.go:67] === MON SCHEDULER MODIFIÉ EST EN TRAIN DE TOURNER ===
I0602 13:00:41.303021       1 schedule_one.go:166] "scheduling algorithm completed" duration ="25.801266ms" pod="default/fastfouriertransform-00001-deployment-78d877fd9c-2kqrn"
I0602 13:00:41.385780       1 schedule_one.go:67] === MON SCHEDULER MODIFIÉ EST EN TRAIN DE TOURNER ===
I0602 13:00:41.406545       1 schedule_one.go:166] "scheduling algorithm completed" duration ="21.673065ms" pod="default/matrixmul-00001-deployment-78f7668cf4-qn2js"
I0602 13:00:41.535436       1 schedule_one.go:67] === MON SCHEDULER MODIFIÉ EST EN TRAIN DE TOURNER ===
I0602 13:00:41.540886       1 schedule_one.go:166] "scheduling algorithm completed" duration ="6.211125ms" pod="default/genmatrix-00001-deployment-5444456b78-shscl"
I0602 13:00:43.399355       1 schedule_one.go:67] === MON SCHEDULER MODIFIÉ EST EN TRAIN DE TOURNER ===
I0602 13:00:43.403965       1 schedule_one.go:166] "scheduling algorithm completed" duration ="5.406137ms" pod="default/fastfouriertransform-00001-deployment-78d877fd9c-k6hz5"
I0602 13:00:43.436974       1 schedule_one.go:67] === MON SCHEDULER MODIFIÉ EST EN TRAIN DE TOURNER ===
I0602 13:00:43.441587       1 schedule_one.go:166] "scheduling algorithm completed" duration ="5.480359ms" pod="default/genmatrix-00001-deployment-5444456b78-bq4zb"
I0602 13:00:43.487274       1 schedule_one.go:67] === MON SCHEDULER MODIFIÉ EST EN TRAIN DE TOURNER ===
I0602 13:00:43.496845       1 schedule_one.go:166] "scheduling algorithm completed" duration ="10.384455ms" pod="default/linpack-00001-deployment-6d74694468-kr5g6"
I0602 13:00:43.585415       1 schedule_one.go:67] === MON SCHEDULER MODIFIÉ EST EN TRAIN DE TOURNER ===
I0602 13:00:43.589576       1 schedule_one.go:166] "scheduling algorithm completed" duration ="5.02293ms" pod="default/fetchdata-00001-deployment-759f5b8c55-9sprv"
I0602 13:00:43.637157       1 schedule_one.go:67] === MON SCHEDULER MODIFIÉ EST EN TRAIN DE TOURNER ===
I0602 13:00:43.643882       1 schedule_one.go:166] "scheduling algorithm completed" duration ="7.595192ms" pod="default/fastfouriertransform-00001-deployment-78d877fd9c-jkqs7"
I0602 13:00:43.686263       1 schedule_one.go:67] === MON SCHEDULER MODIFIÉ EST EN TRAIN DE TOURNER ===
I0602 13:00:43.691254       1 schedule_one.go:166] "scheduling algorithm completed" duration ="5.767565ms" pod="default/fastfouriertransform-00001-deployment-78d877fd9c-468tn"
I0602 13:00:43.886524       1 schedule_one.go:67] === MON SCHEDULER MODIFIÉ EST EN TRAIN DE TOURNER ===
I0602 13:00:43.891772       1 schedule_one.go:166] "scheduling algorithm completed" duration ="5.927307ms" pod="default/fetchdata-00001-deployment-759f5b8c55-lrvq4"
I0602 13:00:43.936492       1 schedule_one.go:67] === MON SCHEDULER MODIFIÉ EST EN TRAIN DE TOURNER ===
I0602 13:00:43.941822       1 schedule_one.go:166] "scheduling algorithm completed" duration ="6.562905ms" pod="default/fetchdata-00001-deployment-759f5b8c55-pfh9s"
I0602 13:00:44.135765       1 schedule_one.go:67] === MON SCHEDULER MODIFIÉ EST EN TRAIN DE TOURNER ===
I0602 13:00:44.142500       1 schedule_one.go:166] "scheduling algorithm completed" duration ="7.359505ms" pod="default/matrixmul-00001-deployment-78f7668cf4-5nb7z"
I0602 13:00:44.385582       1 schedule_one.go:67] === MON SCHEDULER MODIFIÉ EST EN TRAIN DE TOURNER ===
I0602 13:00:44.390461       1 schedule_one.go:166] "scheduling algorithm completed" duration ="5.587027ms" pod="default/matrixmul-00001-deployment-78f7668cf4-wtgnx"
I0602 13:00:45.587825       1 schedule_one.go:67] === MON SCHEDULER MODIFIÉ EST EN TRAIN DE TOURNER ===
I0602 13:00:45.592347       1 schedule_one.go:166] "scheduling algorithm completed" duration ="5.36971ms" pod="default/linpack-00001-deployment-6d74694468-gptpm"
I0602 13:00:45.737690       1 schedule_one.go:67] === MON SCHEDULER MODIFIÉ EST EN TRAIN DE TOURNER ===
I0602 13:00:45.742784       1 schedule_one.go:166] "scheduling algorithm completed" duration ="5.879511ms" pod="default/fastfouriertransform-00001-deployment-78d877fd9c-s497q"
I0602 13:00:45.835707       1 schedule_one.go:67] === MON SCHEDULER MODIFIÉ EST EN TRAIN DE TOURNER ===
I0602 13:00:45.840641       1 schedule_one.go:166] "scheduling algorithm completed" duration ="5.766307ms" pod="default/linpack-00001-deployment-6d74694468-rw8rq"
I0602 13:00:45.985755       1 schedule_one.go:67] === MON SCHEDULER MODIFIÉ EST EN TRAIN DE TOURNER ===
I0602 13:00:45.990175       1 schedule_one.go:166] "scheduling algorithm completed" duration ="5.295877ms" pod="default/fastfouriertransform-00001-deployment-78d877fd9c-c5nj2"
I0602 13:00:46.136348       1 schedule_one.go:67] === MON SCHEDULER MODIFIÉ EST EN TRAIN DE TOURNER ===
I0602 13:00:46.141120       1 schedule_one.go:166] "scheduling algorithm completed" duration ="5.41797ms" pod="default/matrixmul-00001-deployment-78f7668cf4-hsspk"
I0602 13:00:46.335739       1 schedule_one.go:67] === MON SCHEDULER MODIFIÉ EST EN TRAIN DE TOURNER ===
I0602 13:00:46.344337       1 schedule_one.go:166] "scheduling algorithm completed" duration ="9.452873ms" pod="default/matrixmul-00001-deployment-78f7668cf4-86sbx"
I0602 13:00:47.286233       1 schedule_one.go:67] === MON SCHEDULER MODIFIÉ EST EN TRAIN DE TOURNER ===
I0602 13:00:47.291312       1 schedule_one.go:166] "scheduling algorithm completed" duration ="6.254403ms" pod="default/matrixmul-00001-deployment-78f7668cf4-nmd4w"
I0602 13:00:47.385931       1 schedule_one.go:67] === MON SCHEDULER MODIFIÉ EST EN TRAIN DE TOURNER ===
I0602 13:00:47.391600       1 schedule_one.go:166] "scheduling algorithm completed" duration ="6.698277ms" pod="default/matrixmul-00001-deployment-78f7668cf4-5ltkl"
I0602 13:00:47.435955       1 schedule_one.go:67] === MON SCHEDULER MODIFIÉ EST EN TRAIN DE TOURNER ===
I0602 13:00:47.439960       1 schedule_one.go:166] "scheduling algorithm completed" duration ="4.845336ms" pod="default/matrixmul-00001-deployment-78f7668cf4-9vxtm"
I0602 13:00:47.541580       1 schedule_one.go:67] === MON SCHEDULER MODIFIÉ EST EN TRAIN DE TOURNER ===
I0602 13:00:47.546563       1 schedule_one.go:166] "scheduling algorithm completed" duration ="5.701417ms" pod="default/matrixmul-00001-deployment-78f7668cf4-dqwrm"
I0602 13:00:47.601499       1 schedule_one.go:67] === MON SCHEDULER MODIFIÉ EST EN TRAIN DE TOURNER ===
I0602 13:00:47.619897       1 schedule_one.go:166] "scheduling algorithm completed" duration ="22.508813ms" pod="default/linpack-00001-deployment-6d74694468-mdhz5"
I0602 13:00:49.231507       1 schedule_one.go:67] === MON SCHEDULER MODIFIÉ EST EN TRAIN DE TOURNER ===
I0602 13:00:49.233118       1 schedule_one.go:67] === MON SCHEDULER MODIFIÉ EST EN TRAIN DE TOURNER ===
I0602 13:00:49.237045       1 schedule_one.go:67] === MON SCHEDULER MODIFIÉ EST EN TRAIN DE TOURNER ===
I0602 13:00:49.239003       1 schedule_one.go:166] "scheduling algorithm completed" duration ="6.902037ms" pod="default/matrixmul-00001-deployment-78f7668cf4-js6hb"
I0602 13:00:49.248581       1 schedule_one.go:166] "scheduling algorithm completed" duration ="18.644615ms" pod="default/linpack-00001-deployment-6d74694468-b4d2l"
I0602 13:00:49.251198       1 schedule_one.go:166] "scheduling algorithm completed" duration ="15.699702ms" pod="default/matrixmul-00001-deployment-78f7668cf4-pqs28"
I0602 13:00:53.237458       1 schedule_one.go:67] === MON SCHEDULER MODIFIÉ EST EN TRAIN DE TOURNER ===
I0602 13:00:53.248270       1 schedule_one.go:166] "scheduling algorithm completed" duration ="11.827319ms" pod="default/fastfouriertransform-00001-deployment-78d877fd9c-jbjvb"
I0602 13:00:53.250496       1 schedule_one.go:67] === MON SCHEDULER MODIFIÉ EST EN TRAIN DE TOURNER ===
I0602 13:00:53.254743       1 schedule_one.go:166] "scheduling algorithm completed" duration ="7.644822ms" pod="default/fastfouriertransform-00001-deployment-78d877fd9c-5h9gq"
I0602 13:00:55.226630       1 schedule_one.go:67] === MON SCHEDULER MODIFIÉ EST EN TRAIN DE TOURNER ===
I0602 13:00:55.233111       1 schedule_one.go:67] === MON SCHEDULER MODIFIÉ EST EN TRAIN DE TOURNER ===
I0602 13:00:55.234109       1 schedule_one.go:166] "scheduling algorithm completed" duration ="9.769154ms" pod="default/fastfouriertransform-00001-deployment-78d877fd9c-vndxr"
I0602 13:00:55.241991       1 schedule_one.go:166] "scheduling algorithm completed" duration ="10.482067ms" pod="default/fastfouriertransform-00001-deployment-78d877fd9c-cxj4l"
I0602 13:10:33.403712       1 schedule_one.go:67] === MON SCHEDULER MODIFIÉ EST EN TRAIN DE TOURNER ===
I0602 13:10:33.405542       1 schedule_one.go:67] === MON SCHEDULER MODIFIÉ EST EN TRAIN DE TOURNER ===
I0602 13:10:33.406376       1 schedule_one.go:67] === MON SCHEDULER MODIFIÉ EST EN TRAIN DE TOURNER ===
I0602 13:10:33.409230       1 schedule_one.go:67] === MON SCHEDULER MODIFIÉ EST EN TRAIN DE TOURNER ===
I0602 13:10:33.411411       1 schedule_one.go:166] "scheduling algorithm completed" duration ="8.304859ms" pod="default/genmatrix-00001-deployment-5444456b78-l5wqr"
I0602 13:10:33.415651       1 schedule_one.go:166] "scheduling algorithm completed" duration ="11.050034ms" pod="default/fetchdata-00001-deployment-759f5b8c55-j65rw"
I0602 13:10:33.420716       1 schedule_one.go:166] "scheduling algorithm completed" duration ="15.002176ms" pod="default/linpack-00001-deployment-6d74694468-5tgp4"
I0602 13:10:33.420981       1 schedule_one.go:166] "scheduling algorithm completed" duration ="12.570946ms" pod="default/fastfouriertransform-00001-deployment-78d877fd9c-p98l8"
I0602 13:10:33.556916       1 schedule_one.go:67] === MON SCHEDULER MODIFIÉ EST EN TRAIN DE TOURNER ===
I0602 13:10:33.561446       1 schedule_one.go:166] "scheduling algorithm completed" duration ="5.287201ms" pod="default/matrixmul-00001-deployment-78f7668cf4-vlsjv"
I0602 13:10:35.227804       1 schedule_one.go:67] === MON SCHEDULER MODIFIÉ EST EN TRAIN DE TOURNER ===
I0602 13:10:35.228853       1 schedule_one.go:67] === MON SCHEDULER MODIFIÉ EST EN TRAIN DE TOURNER ===
I0602 13:10:35.231937       1 schedule_one.go:67] === MON SCHEDULER MODIFIÉ EST EN TRAIN DE TOURNER ===
I0602 13:10:35.235510       1 schedule_one.go:166] "scheduling algorithm completed" duration ="7.670264ms" pod="default/fetchdata-00001-deployment-759f5b8c55-6nzhn"
I0602 13:10:35.236282       1 schedule_one.go:166] "scheduling algorithm completed" duration ="9.595085ms" pod="default/fastfouriertransform-00001-deployment-78d877fd9c-b6s54"
I0602 13:10:35.241266       1 schedule_one.go:67] === MON SCHEDULER MODIFIÉ EST EN TRAIN DE TOURNER ===
I0602 13:10:35.248123       1 schedule_one.go:67] === MON SCHEDULER MODIFIÉ EST EN TRAIN DE TOURNER ===
I0602 13:10:35.249416       1 schedule_one.go:166] "scheduling algorithm completed" duration ="18.172704ms" pod="default/fetchdata-00001-deployment-759f5b8c55-gwvj7"
I0602 13:10:35.255982       1 schedule_one.go:67] === MON SCHEDULER MODIFIÉ EST EN TRAIN DE TOURNER ===
I0602 13:10:35.256780       1 schedule_one.go:166] "scheduling algorithm completed" duration ="16.170958ms" pod="default/fetchdata-00001-deployment-759f5b8c55-gnrjf"
I0602 13:10:35.264060       1 schedule_one.go:166] "scheduling algorithm completed" duration ="16.775348ms" pod="default/fastfouriertransform-00001-deployment-78d877fd9c-xx9kj"
I0602 13:10:35.274656       1 schedule_one.go:67] === MON SCHEDULER MODIFIÉ EST EN TRAIN DE TOURNER ===
I0602 13:10:35.287189       1 schedule_one.go:166] "scheduling algorithm completed" duration ="32.514582ms" pod="default/fastfouriertransform-00001-deployment-78d877fd9c-vwg6c"
I0602 13:10:35.287196       1 schedule_one.go:166] "scheduling algorithm completed" duration ="13.223319ms" pod="default/fastfouriertransform-00001-deployment-78d877fd9c-xtgh6"
I0602 13:10:35.291848       1 schedule_one.go:67] === MON SCHEDULER MODIFIÉ EST EN TRAIN DE TOURNER ===
I0602 13:10:35.305882       1 schedule_one.go:67] === MON SCHEDULER MODIFIÉ EST EN TRAIN DE TOURNER ===
I0602 13:10:35.311721       1 schedule_one.go:166] "scheduling algorithm completed" duration ="20.625249ms" pod="default/genmatrix-00001-deployment-5444456b78-ptgc2"
I0602 13:10:35.312165       1 schedule_one.go:67] === MON SCHEDULER MODIFIÉ EST EN TRAIN DE TOURNER ===
I0602 13:10:35.313922       1 schedule_one.go:67] === MON SCHEDULER MODIFIÉ EST EN TRAIN DE TOURNER ===
I0602 13:10:35.321425       1 schedule_one.go:166] "scheduling algorithm completed" duration ="16.672737ms" pod="default/linpack-00001-deployment-6d74694468-vsb2g"
I0602 13:10:35.328626       1 schedule_one.go:166] "scheduling algorithm completed" duration ="19.098189ms" pod="default/genmatrix-00001-deployment-5444456b78-2r67r"
I0602 13:10:35.328989       1 schedule_one.go:166] "scheduling algorithm completed" duration ="16.212847ms" pod="default/genmatrix-00001-deployment-5444456b78-c7rkt"
I0602 13:10:35.360261       1 schedule_one.go:67] === MON SCHEDULER MODIFIÉ EST EN TRAIN DE TOURNER ===
I0602 13:10:35.364554       1 schedule_one.go:166] "scheduling algorithm completed" duration ="5.061515ms" pod="default/linpack-00001-deployment-6d74694468-swklh"
I0602 13:10:35.414022       1 schedule_one.go:67] === MON SCHEDULER MODIFIÉ EST EN TRAIN DE TOURNER ===
I0602 13:10:35.418505       1 schedule_one.go:166] "scheduling algorithm completed" duration ="5.300424ms" pod="default/linpack-00001-deployment-6d74694468-w5sck"
I0602 13:10:35.456456       1 schedule_one.go:67] === MON SCHEDULER MODIFIÉ EST EN TRAIN DE TOURNER ===
I0602 13:10:35.460580       1 schedule_one.go:166] "scheduling algorithm completed" duration ="5.067701ms" pod="default/genmatrix-00001-deployment-5444456b78-zghnx"
I0602 13:10:35.557440       1 schedule_one.go:67] === MON SCHEDULER MODIFIÉ EST EN TRAIN DE TOURNER ===
I0602 13:10:35.562233       1 schedule_one.go:166] "scheduling algorithm completed" duration ="6.00226ms" pod="default/matrixmul-00001-deployment-78f7668cf4-vk4hm"
I0602 13:10:35.756877       1 schedule_one.go:67] === MON SCHEDULER MODIFIÉ EST EN TRAIN DE TOURNER ===
I0602 13:10:35.762527       1 schedule_one.go:166] "scheduling algorithm completed" duration ="6.459095ms" pod="default/matrixmul-00001-deployment-78f7668cf4-7ljfc"
I0602 13:10:37.406815       1 schedule_one.go:67] === MON SCHEDULER MODIFIÉ EST EN TRAIN DE TOURNER ===
I0602 13:10:37.447252       1 schedule_one.go:166] "scheduling algorithm completed" duration ="41.346777ms" pod="default/fetchdata-00001-deployment-759f5b8c55-rgbwh"
I0602 13:10:37.460711       1 schedule_one.go:67] === MON SCHEDULER MODIFIÉ EST EN TRAIN DE TOURNER ===
I0602 13:10:37.474396       1 schedule_one.go:166] "scheduling algorithm completed" duration ="14.418304ms" pod="default/matrixmul-00001-deployment-78f7668cf4-r48hf"
I0602 13:10:37.657854       1 schedule_one.go:67] === MON SCHEDULER MODIFIÉ EST EN TRAIN DE TOURNER ===
I0602 13:10:37.663276       1 schedule_one.go:166] "scheduling algorithm completed" duration ="6.042204ms" pod="default/fetchdata-00001-deployment-759f5b8c55-9j4s4"
I0602 13:10:37.707213       1 schedule_one.go:67] === MON SCHEDULER MODIFIÉ EST EN TRAIN DE TOURNER ===
I0602 13:10:37.711219       1 schedule_one.go:166] "scheduling algorithm completed" duration ="4.859552ms" pod="default/matrixmul-00001-deployment-78f7668cf4-x8jwx"
I0602 13:10:38.057183       1 schedule_one.go:67] === MON SCHEDULER MODIFIÉ EST EN TRAIN DE TOURNER ===
I0602 13:10:38.061583       1 schedule_one.go:166] "scheduling algorithm completed" duration ="5.067441ms" pod="default/linpack-00001-deployment-6d74694468-9t45w"
I0602 13:10:38.257882       1 schedule_one.go:67] === MON SCHEDULER MODIFIÉ EST EN TRAIN DE TOURNER ===
I0602 13:10:38.262177       1 schedule_one.go:166] "scheduling algorithm completed" duration ="4.889849ms" pod="default/linpack-00001-deployment-6d74694468-5x5k9"
I0602 13:10:39.358409       1 schedule_one.go:67] === MON SCHEDULER MODIFIÉ EST EN TRAIN DE TOURNER ===
I0602 13:10:39.363532       1 schedule_one.go:166] "scheduling algorithm completed" duration ="6.992855ms" pod="default/fastfouriertransform-00001-deployment-78d877fd9c-jnchn"
I0602 13:10:39.408132       1 schedule_one.go:67] === MON SCHEDULER MODIFIÉ EST EN TRAIN DE TOURNER ===
I0602 13:10:39.412737       1 schedule_one.go:166] "scheduling algorithm completed" duration ="5.492832ms" pod="default/linpack-00001-deployment-6d74694468-5rj9g"
I0602 13:10:39.607636       1 schedule_one.go:67] === MON SCHEDULER MODIFIÉ EST EN TRAIN DE TOURNER ===
I0602 13:10:39.612093       1 schedule_one.go:166] "scheduling algorithm completed" duration ="5.230701ms" pod="default/linpack-00001-deployment-6d74694468-fbrlw"
I0602 13:10:39.658015       1 schedule_one.go:67] === MON SCHEDULER MODIFIÉ EST EN TRAIN DE TOURNER ===
I0602 13:10:39.663609       1 schedule_one.go:166] "scheduling algorithm completed" duration ="6.423113ms" pod="default/linpack-00001-deployment-6d74694468-72r82"
I0602 13:10:39.707663       1 schedule_one.go:67] === MON SCHEDULER MODIFIÉ EST EN TRAIN DE TOURNER ===
I0602 13:10:39.711920       1 schedule_one.go:166] "scheduling algorithm completed" duration ="5.265813ms" pod="default/matrixmul-00001-deployment-78f7668cf4-7lnlg"
I0602 13:10:39.808521       1 schedule_one.go:67] === MON SCHEDULER MODIFIÉ EST EN TRAIN DE TOURNER ===
I0602 13:10:39.813984       1 schedule_one.go:166] "scheduling algorithm completed" duration ="6.775448ms" pod="default/linpack-00001-deployment-6d74694468-5qwqm"
I0602 13:10:39.857235       1 schedule_one.go:67] === MON SCHEDULER MODIFIÉ EST EN TRAIN DE TOURNER ===
I0602 13:10:39.862299       1 schedule_one.go:166] "scheduling algorithm completed" duration ="5.741703ms" pod="default/matrixmul-00001-deployment-78f7668cf4-gd5h4"
I0602 13:10:41.219915       1 schedule_one.go:67] === MON SCHEDULER MODIFIÉ EST EN TRAIN DE TOURNER ===
I0602 13:10:41.227276       1 schedule_one.go:67] === MON SCHEDULER MODIFIÉ EST EN TRAIN DE TOURNER ===
I0602 13:10:41.228090       1 schedule_one.go:166] "scheduling algorithm completed" duration ="8.969528ms" pod="default/linpack-00001-deployment-6d74694468-7g5q6"
I0602 13:10:41.229136       1 schedule_one.go:67] === MON SCHEDULER MODIFIÉ EST EN TRAIN DE TOURNER ===
I0602 13:10:41.232487       1 schedule_one.go:67] === MON SCHEDULER MODIFIÉ EST EN TRAIN DE TOURNER ===
I0602 13:10:41.233046       1 schedule_one.go:166] "scheduling algorithm completed" duration ="7.59045ms" pod="default/linpack-00001-deployment-6d74694468-snzdg"
I0602 13:10:41.235257       1 schedule_one.go:166] "scheduling algorithm completed" duration ="6.772132ms" pod="default/linpack-00001-deployment-6d74694468-b9t87"
I0602 13:10:41.240229       1 schedule_one.go:166] "scheduling algorithm completed" duration ="8.493472ms" pod="default/matrixmul-00001-deployment-78f7668cf4-sk87v"
I0602 13:10:41.308863       1 schedule_one.go:67] === MON SCHEDULER MODIFIÉ EST EN TRAIN DE TOURNER ===
I0602 13:10:41.313803       1 schedule_one.go:166] "scheduling algorithm completed" duration ="6.353112ms" pod="default/matrixmul-00001-deployment-78f7668cf4-822px"
I0602 13:10:43.222637       1 schedule_one.go:67] === MON SCHEDULER MODIFIÉ EST EN TRAIN DE TOURNER ===
I0602 13:10:43.227486       1 schedule_one.go:67] === MON SCHEDULER MODIFIÉ EST EN TRAIN DE TOURNER ===
I0602 13:10:43.229022       1 schedule_one.go:166] "scheduling algorithm completed" duration ="7.344393ms" pod="default/matrixmul-00001-deployment-78f7668cf4-gnmbs"
I0602 13:10:43.231995       1 schedule_one.go:166] "scheduling algorithm completed" duration ="5.176146ms" pod="default/matrixmul-00001-deployment-78f7668cf4-4b4qq"
I0602 13:10:47.231090       1 schedule_one.go:67] === MON SCHEDULER MODIFIÉ EST EN TRAIN DE TOURNER ===
I0602 13:10:47.242061       1 schedule_one.go:166] "scheduling algorithm completed" duration ="18.820505ms" pod="default/fastfouriertransform-00001-deployment-78d877fd9c-csc5h"
I0602 13:10:47.242930       1 schedule_one.go:67] === MON SCHEDULER MODIFIÉ EST EN TRAIN DE TOURNER ===
I0602 13:10:47.247098       1 schedule_one.go:67] === MON SCHEDULER MODIFIÉ EST EN TRAIN DE TOURNER ===
I0602 13:10:47.248858       1 schedule_one.go:166] "scheduling algorithm completed" duration ="17.708575ms" pod="default/fastfouriertransform-00001-deployment-78d877fd9c-7dqtp"
I0602 13:10:47.252089       1 schedule_one.go:166] "scheduling algorithm completed" duration ="9.080066ms" pod="default/fastfouriertransform-00001-deployment-78d877fd9c-cwwc9"
I0602 13:10:47.253363       1 schedule_one.go:67] === MON SCHEDULER MODIFIÉ EST EN TRAIN DE TOURNER ===
I0602 13:10:47.258094       1 schedule_one.go:67] === MON SCHEDULER MODIFIÉ EST EN TRAIN DE TOURNER ===
I0602 13:10:47.260806       1 schedule_one.go:166] "scheduling algorithm completed" duration ="13.652877ms" pod="default/fastfouriertransform-00001-deployment-78d877fd9c-5j6q8"
I0602 13:10:47.263317       1 schedule_one.go:166] "scheduling algorithm completed" duration ="9.878365ms" pod="default/fastfouriertransform-00001-deployment-78d877fd9c-s4f9m"
I0602 13:10:49.224709       1 schedule_one.go:67] === MON SCHEDULER MODIFIÉ EST EN TRAIN DE TOURNER ===
I0602 13:10:49.230559       1 schedule_one.go:67] === MON SCHEDULER MODIFIÉ EST EN TRAIN DE TOURNER ===
I0602 13:10:49.232569       1 schedule_one.go:67] === MON SCHEDULER MODIFIÉ EST EN TRAIN DE TOURNER ===
I0602 13:10:49.233717       1 schedule_one.go:166] "scheduling algorithm completed" duration ="9.896254ms" pod="default/fastfouriertransform-00001-deployment-78d877fd9c-kd7nw"
I0602 13:10:49.237599       1 schedule_one.go:166] "scheduling algorithm completed" duration ="8.670417ms" pod="default/fastfouriertransform-00001-deployment-78d877fd9c-ltkv8"
I0602 13:10:49.241871       1 schedule_one.go:166] "scheduling algorithm completed" duration ="10.24157ms" pod="default/fastfouriertransform-00001-deployment-78d877fd9c-vrtkw"
