I0604 10:29:42.547598       1 serving.go:386] Generated self-signed cert in-memory
W0604 10:29:42.548355       1 client_config.go:683] Neither --kubeconfig nor --master was specified.  Using the inClusterConfig.  This might not work.
I0604 10:29:42.574168       1 scheduler.go:283] ===  SCHEDULer New  ===
I0604 10:29:42.575694       1 scheduler.go:457] "fonction New() construit le scheduler, mais ne commence pas à scheduler les pods, c'est la fonction Run() qui commence le scheduling des pods." duration ="1.492186ms"
I0604 10:29:42.577676       1 server.go:175] "Starting Kubernetes Scheduler" version="v0.0.0-master+$Format:%H$"
I0604 10:29:42.577691       1 server.go:177] "Golang settings" GOGC="" GOMAXPROCS="" GOTRACEBACK=""
I0604 10:29:42.584119       1 requestheader_controller.go:180] Starting RequestHeaderAuthRequestController
I0604 10:29:42.584132       1 configmap_cafile_content.go:205] "Starting controller" name="client-ca::kube-system::extension-apiserver-authentication::client-ca-file"
I0604 10:29:42.584142       1 shared_informer.go:375] "Waiting for caches to sync"
I0604 10:29:42.584146       1 shared_informer.go:375] "Waiting for caches to sync"
I0604 10:29:42.584180       1 configmap_cafile_content.go:205] "Starting controller" name="client-ca::kube-system::extension-apiserver-authentication::requestheader-client-ca-file"
I0604 10:29:42.584189       1 shared_informer.go:375] "Waiting for caches to sync"
I0604 10:29:42.584339       1 secure_serving.go:211] Serving securely on [::]:10259
I0604 10:29:42.584435       1 tlsconfig.go:243] "Starting DynamicServingCertificateController"
I0604 10:29:43.184720       1 shared_informer.go:382] "Caches are synced"
I0604 10:29:43.184735       1 shared_informer.go:382] "Caches are synced"
I0604 10:29:43.184746       1 shared_informer.go:382] "Caches are synced"
I0604 10:29:43.184761       1 scheduler.go:542] ===  SCHEDULing RUN ===
I0604 10:29:43.184823       1 schedule_one.go:67] === MON SCHEDULER MODIFIÉ EST EN TRAIN DE TOURNER ===
I0604 10:40:19.832719       1 schedule_one.go:67] === MON SCHEDULER MODIFIÉ EST EN TRAIN DE TOURNER ===
I0604 10:40:19.833673       1 schedule_one.go:67] === MON SCHEDULER MODIFIÉ EST EN TRAIN DE TOURNER ===
I0604 10:40:19.834336       1 schedule_one.go:67] === MON SCHEDULER MODIFIÉ EST EN TRAIN DE TOURNER ===
I0604 10:40:19.836129       1 schedule_one.go:67] === MON SCHEDULER MODIFIÉ EST EN TRAIN DE TOURNER ===
I0604 10:40:19.836722       1 schedule_one.go:67] === MON SCHEDULER MODIFIÉ EST EN TRAIN DE TOURNER ===
I0604 10:40:19.842110       1 schedule_one.go:166] "scheduling algorithm completed" duration ="10.998736ms" pod="default/genmatrix-00001-deployment-5444456b78-q5f5l"
I0604 10:40:19.848863       1 schedule_one.go:166] "scheduling algorithm completed" duration ="13.501472ms" pod="default/linpack-00001-deployment-6d74694468-6f2n5"
I0604 10:40:19.850269       1 schedule_one.go:166] "scheduling algorithm completed" duration ="16.566234ms" pod="default/matrixmul-00001-deployment-78f7668cf4-xlq9d"
I0604 10:40:19.850901       1 schedule_one.go:166] "scheduling algorithm completed" duration ="18.149588ms" pod="default/fetchdata-00001-deployment-759f5b8c55-wq9cx"
I0604 10:40:19.856948       1 schedule_one.go:166] "scheduling algorithm completed" duration ="20.752195ms" pod="default/fastfouriertransform-00001-deployment-78d877fd9c-6z8mj"
I0604 10:40:21.306303       1 schedule_one.go:67] === MON SCHEDULER MODIFIÉ EST EN TRAIN DE TOURNER ===
I0604 10:40:21.312616       1 schedule_one.go:67] === MON SCHEDULER MODIFIÉ EST EN TRAIN DE TOURNER ===
I0604 10:40:21.316041       1 schedule_one.go:67] === MON SCHEDULER MODIFIÉ EST EN TRAIN DE TOURNER ===
I0604 10:40:21.322449       1 schedule_one.go:166] "scheduling algorithm completed" duration ="17.093667ms" pod="default/fastfouriertransform-00001-deployment-78d877fd9c-pr6m5"
I0604 10:40:21.322887       1 schedule_one.go:166] "scheduling algorithm completed" duration ="10.810159ms" pod="default/fetchdata-00001-deployment-759f5b8c55-2479q"
I0604 10:40:21.324305       1 schedule_one.go:166] "scheduling algorithm completed" duration ="8.799318ms" pod="default/fastfouriertransform-00001-deployment-78d877fd9c-mpw5l"
I0604 10:40:21.375900       1 schedule_one.go:67] === MON SCHEDULER MODIFIÉ EST EN TRAIN DE TOURNER ===
I0604 10:40:21.379684       1 schedule_one.go:166] "scheduling algorithm completed" duration ="4.617986ms" pod="default/genmatrix-00001-deployment-5444456b78-pszmm"
I0604 10:40:21.441071       1 schedule_one.go:67] === MON SCHEDULER MODIFIÉ EST EN TRAIN DE TOURNER ===
I0604 10:40:21.451376       1 schedule_one.go:166] "scheduling algorithm completed" duration ="11.265999ms" pod="default/linpack-00001-deployment-6d74694468-g7sjf"
I0604 10:40:21.575957       1 schedule_one.go:67] === MON SCHEDULER MODIFIÉ EST EN TRAIN DE TOURNER ===
I0604 10:40:21.579666       1 schedule_one.go:166] "scheduling algorithm completed" duration ="4.35776ms" pod="default/matrixmul-00001-deployment-78f7668cf4-q6jlr"
I0604 10:40:23.303637       1 schedule_one.go:67] === MON SCHEDULER MODIFIÉ EST EN TRAIN DE TOURNER ===
I0604 10:40:23.306317       1 schedule_one.go:67] === MON SCHEDULER MODIFIÉ EST EN TRAIN DE TOURNER ===
I0604 10:40:23.308017       1 schedule_one.go:166] "scheduling algorithm completed" duration ="5.04788ms" pod="default/fetchdata-00001-deployment-759f5b8c55-lh94x"
I0604 10:40:23.310369       1 schedule_one.go:166] "scheduling algorithm completed" duration ="5.101937ms" pod="default/fastfouriertransform-00001-deployment-78d877fd9c-d5td6"
I0604 10:40:23.432276       1 schedule_one.go:67] === MON SCHEDULER MODIFIÉ EST EN TRAIN DE TOURNER ===
I0604 10:40:23.436217       1 schedule_one.go:166] "scheduling algorithm completed" duration ="4.749136ms" pod="default/linpack-00001-deployment-6d74694468-wdvwf"
I0604 10:40:25.303692       1 schedule_one.go:67] === MON SCHEDULER MODIFIÉ EST EN TRAIN DE TOURNER ===
I0604 10:40:25.333996       1 schedule_one.go:166] "scheduling algorithm completed" duration ="30.953829ms" pod="default/linpack-00001-deployment-6d74694468-bgp8n"
I0604 10:41:37.887729       1 schedule_one.go:67] === MON SCHEDULER MODIFIÉ EST EN TRAIN DE TOURNER ===
I0604 10:41:37.892999       1 schedule_one.go:166] "scheduling algorithm completed" duration ="6.32986ms" pod="default/matrixmul-00001-deployment-78f7668cf4-h2whv"
I0604 10:41:39.302045       1 schedule_one.go:67] === MON SCHEDULER MODIFIÉ EST EN TRAIN DE TOURNER ===
I0604 10:41:39.307984       1 schedule_one.go:166] "scheduling algorithm completed" duration ="6.564492ms" pod="default/matrixmul-00001-deployment-78f7668cf4-gbhz5"
I0604 10:41:41.304358       1 schedule_one.go:67] === MON SCHEDULER MODIFIÉ EST EN TRAIN DE TOURNER ===
I0604 10:41:41.309133       1 schedule_one.go:166] "scheduling algorithm completed" duration ="5.611462ms" pod="default/matrixmul-00001-deployment-78f7668cf4-9n67w"
I0604 10:41:45.300324       1 schedule_one.go:67] === MON SCHEDULER MODIFIÉ EST EN TRAIN DE TOURNER ===
I0604 10:41:45.305272       1 schedule_one.go:166] "scheduling algorithm completed" duration ="5.739556ms" pod="default/fastfouriertransform-00001-deployment-78d877fd9c-sskxb"
