I0626 07:25:23.987614       1 serving.go:386] Generated self-signed cert in-memory
W0626 07:25:23.996860       1 client_config.go:683] Neither --kubeconfig nor --master was specified.  Using the inClusterConfig.  This might not work.
I0626 07:25:24.081762       1 scheduler.go:283] ===  SCHEDULer New  ===
I0626 07:25:24.094826       1 scheduler.go:457] "fonction New() construit le scheduler, mais ne commence pas à scheduler les pods, c'est la fonction Run() qui commence le scheduling des pods." duration ="13.03613ms"
I0626 07:25:24.096705       1 server.go:175] "Starting Kubernetes Scheduler" version="v0.0.0-master+$Format:%H$"
I0626 07:25:24.096720       1 server.go:177] "Golang settings" GOGC="" GOMAXPROCS="" GOTRACEBACK=""
I0626 07:25:24.103325       1 secure_serving.go:211] Serving securely on [::]:10259
I0626 07:25:24.103406       1 requestheader_controller.go:180] Starting RequestHeaderAuthRequestController
I0626 07:25:24.103418       1 shared_informer.go:375] "Waiting for caches to sync"
I0626 07:25:24.103493       1 configmap_cafile_content.go:205] "Starting controller" name="client-ca::kube-system::extension-apiserver-authentication::requestheader-client-ca-file"
I0626 07:25:24.103516       1 shared_informer.go:375] "Waiting for caches to sync"
I0626 07:25:24.111506       1 tlsconfig.go:243] "Starting DynamicServingCertificateController"
I0626 07:25:24.115560       1 configmap_cafile_content.go:205] "Starting controller" name="client-ca::kube-system::extension-apiserver-authentication::client-ca-file"
I0626 07:25:24.115579       1 shared_informer.go:375] "Waiting for caches to sync"
I0626 07:25:24.503982       1 shared_informer.go:382] "Caches are synced"
I0626 07:25:24.504122       1 scheduler.go:542] ===  SCHEDULing RUN ===
I0626 07:25:24.504159       1 schedule_one.go:67] === MON SCHEDULER MODIFIÉ EST EN TRAIN DE TOURNER ===
I0626 07:25:24.504182       1 shared_informer.go:382] "Caches are synced"
I0626 07:25:24.516366       1 shared_informer.go:382] "Caches are synced"
I0626 07:28:34.602872       1 schedule_one.go:67] === MON SCHEDULER MODIFIÉ EST EN TRAIN DE TOURNER ===
I0626 07:28:34.603849       1 schedule_one.go:67] === MON SCHEDULER MODIFIÉ EST EN TRAIN DE TOURNER ===
I0626 07:28:34.614715       1 schedule_one.go:166] "scheduling algorithm completed" duration ="11.800439ms" pod="default/linpack-00001-deployment-65fff5d977-h9sps"
I0626 07:28:34.615502       1 schedule_one.go:166] "scheduling algorithm completed" duration ="14.786109ms" pod="default/genmatrix-00001-deployment-9c875447c-ssgh5"
I0626 07:28:34.636628       1 schedule_one.go:67] === MON SCHEDULER MODIFIÉ EST EN TRAIN DE TOURNER ===
I0626 07:28:34.658651       1 schedule_one.go:166] "scheduling algorithm completed" duration ="22.7315ms" pod="default/matrixmul-00001-deployment-55fdf86969-gqfrg"
I0626 07:28:34.660238       1 schedule_one.go:67] === MON SCHEDULER MODIFIÉ EST EN TRAIN DE TOURNER ===
I0626 07:28:34.665633       1 schedule_one.go:67] === MON SCHEDULER MODIFIÉ EST EN TRAIN DE TOURNER ===
I0626 07:28:34.667521       1 schedule_one.go:166] "scheduling algorithm completed" duration ="8.870398ms" pod="default/fetchdata-00001-deployment-7849f4674f-kdnln"
I0626 07:28:34.671785       1 schedule_one.go:166] "scheduling algorithm completed" duration ="7.533889ms" pod="default/fastfouriertransform-00001-deployment-5d7bc9c94d-sqhg4"
I0626 07:28:36.196304       1 schedule_one.go:67] === MON SCHEDULER MODIFIÉ EST EN TRAIN DE TOURNER ===
I0626 07:28:36.201085       1 schedule_one.go:67] === MON SCHEDULER MODIFIÉ EST EN TRAIN DE TOURNER ===
I0626 07:28:36.202610       1 schedule_one.go:67] === MON SCHEDULER MODIFIÉ EST EN TRAIN DE TOURNER ===
I0626 07:28:36.203545       1 schedule_one.go:166] "scheduling algorithm completed" duration ="7.81439ms" pod="default/genmatrix-00001-deployment-9c875447c-pzcg2"
I0626 07:28:36.206284       1 schedule_one.go:67] === MON SCHEDULER MODIFIÉ EST EN TRAIN DE TOURNER ===
I0626 07:28:36.208056       1 schedule_one.go:67] === MON SCHEDULER MODIFIÉ EST EN TRAIN DE TOURNER ===
I0626 07:28:36.208901       1 schedule_one.go:166] "scheduling algorithm completed" duration ="8.361616ms" pod="default/fastfouriertransform-00001-deployment-5d7bc9c94d-fcrhb"
I0626 07:28:36.209161       1 schedule_one.go:166] "scheduling algorithm completed" duration ="7.527629ms" pod="default/genmatrix-00001-deployment-9c875447c-266sm"
I0626 07:28:36.210351       1 schedule_one.go:67] === MON SCHEDULER MODIFIÉ EST EN TRAIN DE TOURNER ===
I0626 07:28:36.212988       1 schedule_one.go:166] "scheduling algorithm completed" duration ="7.225886ms" pod="default/genmatrix-00001-deployment-9c875447c-d884w"
I0626 07:28:36.220311       1 schedule_one.go:166] "scheduling algorithm completed" duration ="12.857927ms" pod="default/fastfouriertransform-00001-deployment-5d7bc9c94d-l5x96"
I0626 07:28:36.223327       1 schedule_one.go:166] "scheduling algorithm completed" duration ="14.464698ms" pod="default/fastfouriertransform-00001-deployment-5d7bc9c94d-5b6md"
I0626 07:28:36.253317       1 schedule_one.go:67] === MON SCHEDULER MODIFIÉ EST EN TRAIN DE TOURNER ===
I0626 07:28:36.257818       1 schedule_one.go:166] "scheduling algorithm completed" duration ="5.15563ms" pod="default/matrixmul-00001-deployment-55fdf86969-r8858"
I0626 07:28:36.391014       1 schedule_one.go:67] === MON SCHEDULER MODIFIÉ EST EN TRAIN DE TOURNER ===
I0626 07:28:36.402645       1 schedule_one.go:166] "scheduling algorithm completed" duration ="12.282811ms" pod="default/linpack-00001-deployment-65fff5d977-8hgcz"
I0626 07:28:36.528017       1 schedule_one.go:67] === MON SCHEDULER MODIFIÉ EST EN TRAIN DE TOURNER ===
I0626 07:28:36.532431       1 schedule_one.go:166] "scheduling algorithm completed" duration ="4.997573ms" pod="default/fetchdata-00001-deployment-7849f4674f-vr29x"
I0626 07:28:36.678463       1 schedule_one.go:67] === MON SCHEDULER MODIFIÉ EST EN TRAIN DE TOURNER ===
I0626 07:28:36.682830       1 schedule_one.go:166] "scheduling algorithm completed" duration ="5.676412ms" pod="default/linpack-00001-deployment-65fff5d977-hdvxn"
I0626 07:28:36.827745       1 schedule_one.go:67] === MON SCHEDULER MODIFIÉ EST EN TRAIN DE TOURNER ===
I0626 07:28:36.831874       1 schedule_one.go:166] "scheduling algorithm completed" duration ="4.78359ms" pod="default/fetchdata-00001-deployment-7849f4674f-lk6sj"
I0626 07:28:36.877432       1 schedule_one.go:67] === MON SCHEDULER MODIFIÉ EST EN TRAIN DE TOURNER ===
I0626 07:28:36.882264       1 schedule_one.go:166] "scheduling algorithm completed" duration ="5.523892ms" pod="default/fetchdata-00001-deployment-7849f4674f-v8fxq"
I0626 07:28:38.199568       1 schedule_one.go:67] === MON SCHEDULER MODIFIÉ EST EN TRAIN DE TOURNER ===
I0626 07:28:38.200636       1 schedule_one.go:67] === MON SCHEDULER MODIFIÉ EST EN TRAIN DE TOURNER ===
I0626 07:28:38.205550       1 schedule_one.go:166] "scheduling algorithm completed" duration ="6.895994ms" pod="default/genmatrix-00001-deployment-9c875447c-hxj72"
I0626 07:28:38.207393       1 schedule_one.go:166] "scheduling algorithm completed" duration ="7.361016ms" pod="default/fetchdata-00001-deployment-7849f4674f-2kgrn"
I0626 07:28:38.376439       1 schedule_one.go:67] === MON SCHEDULER MODIFIÉ EST EN TRAIN DE TOURNER ===
I0626 07:28:38.380152       1 schedule_one.go:166] "scheduling algorithm completed" duration ="4.326734ms" pod="default/linpack-00001-deployment-65fff5d977-7sl4w"
I0626 07:28:38.481276       1 schedule_one.go:67] === MON SCHEDULER MODIFIÉ EST EN TRAIN DE TOURNER ===
I0626 07:28:38.486086       1 schedule_one.go:166] "scheduling algorithm completed" duration ="5.342186ms" pod="default/matrixmul-00001-deployment-55fdf86969-pfrjd"
I0626 07:28:38.528515       1 schedule_one.go:67] === MON SCHEDULER MODIFIÉ EST EN TRAIN DE TOURNER ===
I0626 07:28:38.533892       1 schedule_one.go:166] "scheduling algorithm completed" duration ="6.050451ms" pod="default/fastfouriertransform-00001-deployment-5d7bc9c94d-rjg4m"
I0626 07:28:40.342015       1 schedule_one.go:67] === MON SCHEDULER MODIFIÉ EST EN TRAIN DE TOURNER ===
I0626 07:28:40.354575       1 schedule_one.go:166] "scheduling algorithm completed" duration ="13.331668ms" pod="default/linpack-00001-deployment-65fff5d977-g4szt"
I0626 07:28:40.377503       1 schedule_one.go:67] === MON SCHEDULER MODIFIÉ EST EN TRAIN DE TOURNER ===
I0626 07:28:40.383471       1 schedule_one.go:166] "scheduling algorithm completed" duration ="6.575417ms" pod="default/fastfouriertransform-00001-deployment-5d7bc9c94d-zbltl"
I0626 07:28:40.426628       1 schedule_one.go:67] === MON SCHEDULER MODIFIÉ EST EN TRAIN DE TOURNER ===
I0626 07:28:40.431124       1 schedule_one.go:166] "scheduling algorithm completed" duration ="5.070295ms" pod="default/fetchdata-00001-deployment-7849f4674f-rhj55"
I0626 07:28:40.526884       1 schedule_one.go:67] === MON SCHEDULER MODIFIÉ EST EN TRAIN DE TOURNER ===
I0626 07:28:40.530607       1 schedule_one.go:166] "scheduling algorithm completed" duration ="4.438532ms" pod="default/genmatrix-00001-deployment-9c875447c-4p9dl"
I0626 07:28:40.628454       1 schedule_one.go:67] === MON SCHEDULER MODIFIÉ EST EN TRAIN DE TOURNER ===
I0626 07:28:40.633853       1 schedule_one.go:166] "scheduling algorithm completed" duration ="6.174173ms" pod="default/linpack-00001-deployment-65fff5d977-4zdks"
I0626 07:28:40.678243       1 schedule_one.go:67] === MON SCHEDULER MODIFIÉ EST EN TRAIN DE TOURNER ===
I0626 07:28:40.682202       1 schedule_one.go:166] "scheduling algorithm completed" duration ="4.633829ms" pod="default/fastfouriertransform-00001-deployment-5d7bc9c94d-m5qxd"
I0626 07:28:40.728792       1 schedule_one.go:67] === MON SCHEDULER MODIFIÉ EST EN TRAIN DE TOURNER ===
I0626 07:28:40.732547       1 schedule_one.go:166] "scheduling algorithm completed" duration ="4.708644ms" pod="default/fetchdata-00001-deployment-7849f4674f-hw5c8"
I0626 07:28:40.828138       1 schedule_one.go:67] === MON SCHEDULER MODIFIÉ EST EN TRAIN DE TOURNER ===
I0626 07:28:40.832473       1 schedule_one.go:166] "scheduling algorithm completed" duration ="4.934257ms" pod="default/genmatrix-00001-deployment-9c875447c-ts56b"
I0626 07:28:41.077222       1 schedule_one.go:67] === MON SCHEDULER MODIFIÉ EST EN TRAIN DE TOURNER ===
I0626 07:28:41.081842       1 schedule_one.go:166] "scheduling algorithm completed" duration ="5.180703ms" pod="default/matrixmul-00001-deployment-55fdf86969-rfrrn"
I0626 07:28:42.683987       1 schedule_one.go:67] === MON SCHEDULER MODIFIÉ EST EN TRAIN DE TOURNER ===
I0626 07:28:42.689449       1 schedule_one.go:166] "scheduling algorithm completed" duration ="6.379545ms" pod="default/genmatrix-00001-deployment-9c875447c-pvrcs"
I0626 07:28:44.196314       1 schedule_one.go:67] === MON SCHEDULER MODIFIÉ EST EN TRAIN DE TOURNER ===
I0626 07:28:44.200104       1 schedule_one.go:166] "scheduling algorithm completed" duration ="4.489771ms" pod="default/linpack-00001-deployment-65fff5d977-xd49w"
I0626 07:28:44.210028       1 schedule_one.go:67] === MON SCHEDULER MODIFIÉ EST EN TRAIN DE TOURNER ===
I0626 07:28:44.216737       1 schedule_one.go:166] "scheduling algorithm completed" duration ="7.315347ms" pod="default/fastfouriertransform-00001-deployment-5d7bc9c94d-ph4mp"
I0626 07:28:44.234549       1 schedule_one.go:67] === MON SCHEDULER MODIFIÉ EST EN TRAIN DE TOURNER ===
I0626 07:28:44.255303       1 schedule_one.go:166] "scheduling algorithm completed" duration ="21.599352ms" pod="default/fetchdata-00001-deployment-7849f4674f-g8lmn"
I0626 07:28:46.197357       1 schedule_one.go:67] === MON SCHEDULER MODIFIÉ EST EN TRAIN DE TOURNER ===
I0626 07:28:46.204059       1 schedule_one.go:166] "scheduling algorithm completed" duration ="7.500755ms" pod="default/linpack-00001-deployment-65fff5d977-b25pt"
I0626 07:28:46.213548       1 schedule_one.go:67] === MON SCHEDULER MODIFIÉ EST EN TRAIN DE TOURNER ===
I0626 07:28:46.218584       1 schedule_one.go:166] "scheduling algorithm completed" duration ="6.007634ms" pod="default/fastfouriertransform-00001-deployment-5d7bc9c94d-tt9m2"
I0626 07:28:48.204191       1 schedule_one.go:67] === MON SCHEDULER MODIFIÉ EST EN TRAIN DE TOURNER ===
I0626 07:28:48.209335       1 schedule_one.go:67] === MON SCHEDULER MODIFIÉ EST EN TRAIN DE TOURNER ===
I0626 07:28:48.213209       1 schedule_one.go:67] === MON SCHEDULER MODIFIÉ EST EN TRAIN DE TOURNER ===
I0626 07:28:48.216567       1 schedule_one.go:166] "scheduling algorithm completed" duration ="15.296288ms" pod="default/linpack-00001-deployment-65fff5d977-978vt"
I0626 07:28:48.217066       1 schedule_one.go:166] "scheduling algorithm completed" duration ="11.423447ms" pod="default/fastfouriertransform-00001-deployment-5d7bc9c94d-r7qht"
I0626 07:28:48.218225       1 schedule_one.go:67] === MON SCHEDULER MODIFIÉ EST EN TRAIN DE TOURNER ===
I0626 07:28:48.223472       1 schedule_one.go:166] "scheduling algorithm completed" duration ="14.089373ms" pod="default/linpack-00001-deployment-65fff5d977-8hlpj"
I0626 07:28:48.228529       1 schedule_one.go:166] "scheduling algorithm completed" duration ="14.241133ms" pod="default/linpack-00001-deployment-65fff5d977-g8pft"
I0626 07:28:50.204045       1 schedule_one.go:67] === MON SCHEDULER MODIFIÉ EST EN TRAIN DE TOURNER ===
I0626 07:28:50.211911       1 schedule_one.go:67] === MON SCHEDULER MODIFIÉ EST EN TRAIN DE TOURNER ===
I0626 07:28:50.214951       1 schedule_one.go:67] === MON SCHEDULER MODIFIÉ EST EN TRAIN DE TOURNER ===
I0626 07:28:50.217061       1 schedule_one.go:166] "scheduling algorithm completed" duration ="14.733283ms" pod="default/linpack-00001-deployment-65fff5d977-ngzzg"
I0626 07:28:50.220354       1 schedule_one.go:166] "scheduling algorithm completed" duration ="16.258609ms" pod="default/matrixmul-00001-deployment-55fdf86969-hxr4g"
I0626 07:28:50.228399       1 schedule_one.go:166] "scheduling algorithm completed" duration ="16.437554ms" pod="default/linpack-00001-deployment-65fff5d977-lpdbh"
I0626 07:28:50.229976       1 schedule_one.go:67] === MON SCHEDULER MODIFIÉ EST EN TRAIN DE TOURNER ===
I0626 07:28:50.255826       1 schedule_one.go:166] "scheduling algorithm completed" duration ="27.865556ms" pod="default/fastfouriertransform-00001-deployment-5d7bc9c94d-cnqfl"
I0626 07:28:52.204040       1 schedule_one.go:67] === MON SCHEDULER MODIFIÉ EST EN TRAIN DE TOURNER ===
I0626 07:28:52.212219       1 schedule_one.go:166] "scheduling algorithm completed" duration ="10.79146ms" pod="default/fastfouriertransform-00001-deployment-5d7bc9c94d-dkjn8"
I0626 07:28:54.203715       1 schedule_one.go:67] === MON SCHEDULER MODIFIÉ EST EN TRAIN DE TOURNER ===
I0626 07:28:54.209297       1 schedule_one.go:166] "scheduling algorithm completed" duration ="7.868959ms" pod="default/matrixmul-00001-deployment-55fdf86969-s787d"
I0626 07:41:42.178482       1 schedule_one.go:67] === MON SCHEDULER MODIFIÉ EST EN TRAIN DE TOURNER ===
I0626 07:41:42.179659       1 schedule_one.go:67] === MON SCHEDULER MODIFIÉ EST EN TRAIN DE TOURNER ===
I0626 07:41:42.180825       1 schedule_one.go:67] === MON SCHEDULER MODIFIÉ EST EN TRAIN DE TOURNER ===
I0626 07:41:42.181702       1 schedule_one.go:67] === MON SCHEDULER MODIFIÉ EST EN TRAIN DE TOURNER ===
I0626 07:41:42.189987       1 schedule_one.go:166] "scheduling algorithm completed" duration ="12.178149ms" pod="default/fetchdata-00001-deployment-7849f4674f-vqhgz"
I0626 07:41:42.190365       1 schedule_one.go:166] "scheduling algorithm completed" duration ="11.726981ms" pod="default/fastfouriertransform-00001-deployment-5d7bc9c94d-wxglz"
I0626 07:41:42.192010       1 schedule_one.go:166] "scheduling algorithm completed" duration ="12.128334ms" pod="default/linpack-00001-deployment-65fff5d977-stmhr"
I0626 07:41:42.194337       1 schedule_one.go:166] "scheduling algorithm completed" duration ="13.412652ms" pod="default/genmatrix-00001-deployment-9c875447c-x2mxm"
I0626 07:41:42.382009       1 schedule_one.go:67] === MON SCHEDULER MODIFIÉ EST EN TRAIN DE TOURNER ===
I0626 07:41:42.385841       1 schedule_one.go:166] "scheduling algorithm completed" duration ="4.487421ms" pod="default/matrixmul-00001-deployment-55fdf86969-bwtsp"
I0626 07:41:44.200682       1 schedule_one.go:67] === MON SCHEDULER MODIFIÉ EST EN TRAIN DE TOURNER ===
I0626 07:41:44.203541       1 schedule_one.go:67] === MON SCHEDULER MODIFIÉ EST EN TRAIN DE TOURNER ===
I0626 07:41:44.207148       1 schedule_one.go:67] === MON SCHEDULER MODIFIÉ EST EN TRAIN DE TOURNER ===
I0626 07:41:44.207556       1 schedule_one.go:166] "scheduling algorithm completed" duration ="7.626246ms" pod="default/linpack-00001-deployment-65fff5d977-gbplp"
I0626 07:41:44.213861       1 schedule_one.go:166] "scheduling algorithm completed" duration ="11.043219ms" pod="default/matrixmul-00001-deployment-55fdf86969-fswkp"
I0626 07:41:44.215908       1 schedule_one.go:166] "scheduling algorithm completed" duration ="9.90079ms" pod="default/linpack-00001-deployment-65fff5d977-f7wnt"
I0626 07:41:44.232360       1 schedule_one.go:67] === MON SCHEDULER MODIFIÉ EST EN TRAIN DE TOURNER ===
I0626 07:41:44.244361       1 schedule_one.go:166] "scheduling algorithm completed" duration ="12.768299ms" pod="default/fastfouriertransform-00001-deployment-5d7bc9c94d-9ttdq"
I0626 07:41:44.245261       1 schedule_one.go:67] === MON SCHEDULER MODIFIÉ EST EN TRAIN DE TOURNER ===
I0626 07:41:44.253929       1 schedule_one.go:166] "scheduling algorithm completed" duration ="9.944845ms" pod="default/fastfouriertransform-00001-deployment-5d7bc9c94d-wggk2"
I0626 07:41:44.263601       1 schedule_one.go:67] === MON SCHEDULER MODIFIÉ EST EN TRAIN DE TOURNER ===
I0626 07:41:44.265429       1 schedule_one.go:67] === MON SCHEDULER MODIFIÉ EST EN TRAIN DE TOURNER ===
I0626 07:41:44.267708       1 schedule_one.go:166] "scheduling algorithm completed" duration ="5.625333ms" pod="default/genmatrix-00001-deployment-9c875447c-4xg6z"
I0626 07:41:44.270175       1 schedule_one.go:166] "scheduling algorithm completed" duration ="5.544147ms" pod="default/genmatrix-00001-deployment-9c875447c-bmhq9"
I0626 07:41:44.531244       1 schedule_one.go:67] === MON SCHEDULER MODIFIÉ EST EN TRAIN DE TOURNER ===
I0626 07:41:44.535226       1 schedule_one.go:166] "scheduling algorithm completed" duration ="5.012368ms" pod="default/fetchdata-00001-deployment-7849f4674f-p4qrq"
I0626 07:41:44.782655       1 schedule_one.go:67] === MON SCHEDULER MODIFIÉ EST EN TRAIN DE TOURNER ===
I0626 07:41:44.787461       1 schedule_one.go:166] "scheduling algorithm completed" duration ="5.91111ms" pod="default/fetchdata-00001-deployment-7849f4674f-g4npc"
I0626 07:41:46.200751       1 schedule_one.go:67] === MON SCHEDULER MODIFIÉ EST EN TRAIN DE TOURNER ===
I0626 07:41:46.206915       1 schedule_one.go:67] === MON SCHEDULER MODIFIÉ EST EN TRAIN DE TOURNER ===
I0626 07:41:46.208573       1 schedule_one.go:166] "scheduling algorithm completed" duration ="8.883546ms" pod="default/fetchdata-00001-deployment-7849f4674f-8w54f"
I0626 07:41:46.211204       1 schedule_one.go:166] "scheduling algorithm completed" duration ="5.381516ms" pod="default/linpack-00001-deployment-65fff5d977-ggjjt"
I0626 07:41:46.211857       1 schedule_one.go:67] === MON SCHEDULER MODIFIÉ EST EN TRAIN DE TOURNER ===
I0626 07:41:46.212998       1 schedule_one.go:67] === MON SCHEDULER MODIFIÉ EST EN TRAIN DE TOURNER ===
I0626 07:41:46.218468       1 schedule_one.go:166] "scheduling algorithm completed" duration ="7.778024ms" pod="default/fetchdata-00001-deployment-7849f4674f-jww64"
I0626 07:41:46.219612       1 schedule_one.go:166] "scheduling algorithm completed" duration ="7.724246ms" pod="default/linpack-00001-deployment-65fff5d977-8xnqr"
I0626 07:41:46.234495       1 schedule_one.go:67] === MON SCHEDULER MODIFIÉ EST EN TRAIN DE TOURNER ===
I0626 07:41:46.239608       1 schedule_one.go:166] "scheduling algorithm completed" duration ="5.801092ms" pod="default/matrixmul-00001-deployment-55fdf86969-pf75v"
I0626 07:41:46.433580       1 schedule_one.go:67] === MON SCHEDULER MODIFIÉ EST EN TRAIN DE TOURNER ===
I0626 07:41:46.438069       1 schedule_one.go:166] "scheduling algorithm completed" duration ="5.537943ms" pod="default/matrixmul-00001-deployment-55fdf86969-bb6kq"
I0626 07:41:46.481357       1 schedule_one.go:67] === MON SCHEDULER MODIFIÉ EST EN TRAIN DE TOURNER ===
I0626 07:41:46.485669       1 schedule_one.go:166] "scheduling algorithm completed" duration ="5.047627ms" pod="default/matrixmul-00001-deployment-55fdf86969-zwfct"
I0626 07:41:46.530802       1 schedule_one.go:67] === MON SCHEDULER MODIFIÉ EST EN TRAIN DE TOURNER ===
I0626 07:41:46.535750       1 schedule_one.go:166] "scheduling algorithm completed" duration ="5.809814ms" pod="default/fastfouriertransform-00001-deployment-5d7bc9c94d-jmkcd"
I0626 07:41:46.782244       1 schedule_one.go:67] === MON SCHEDULER MODIFIÉ EST EN TRAIN DE TOURNER ===
I0626 07:41:46.786086       1 schedule_one.go:166] "scheduling algorithm completed" duration ="4.608737ms" pod="default/fastfouriertransform-00001-deployment-5d7bc9c94d-q6xvd"
I0626 07:41:48.531269       1 schedule_one.go:67] === MON SCHEDULER MODIFIÉ EST EN TRAIN DE TOURNER ===
I0626 07:41:48.535537       1 schedule_one.go:166] "scheduling algorithm completed" duration ="5.159418ms" pod="default/fastfouriertransform-00001-deployment-5d7bc9c94d-7s2zh"
I0626 07:41:48.595576       1 schedule_one.go:67] === MON SCHEDULER MODIFIÉ EST EN TRAIN DE TOURNER ===
I0626 07:41:48.607215       1 schedule_one.go:166] "scheduling algorithm completed" duration ="12.234989ms" pod="default/linpack-00001-deployment-65fff5d977-p6f7b"
I0626 07:41:48.830196       1 schedule_one.go:67] === MON SCHEDULER MODIFIÉ EST EN TRAIN DE TOURNER ===
I0626 07:41:48.834068       1 schedule_one.go:166] "scheduling algorithm completed" duration ="4.520806ms" pod="default/linpack-00001-deployment-65fff5d977-jvq84"
I0626 07:41:48.883485       1 schedule_one.go:67] === MON SCHEDULER MODIFIÉ EST EN TRAIN DE TOURNER ===
I0626 07:41:48.888825       1 schedule_one.go:166] "scheduling algorithm completed" duration ="6.109475ms" pod="default/linpack-00001-deployment-65fff5d977-4g42c"
I0626 07:41:49.035162       1 schedule_one.go:67] === MON SCHEDULER MODIFIÉ EST EN TRAIN DE TOURNER ===
I0626 07:41:49.040502       1 schedule_one.go:166] "scheduling algorithm completed" duration ="6.566797ms" pod="default/matrixmul-00001-deployment-55fdf86969-s5ldv"
I0626 07:41:49.281110       1 schedule_one.go:67] === MON SCHEDULER MODIFIÉ EST EN TRAIN DE TOURNER ===
I0626 07:41:49.284900       1 schedule_one.go:166] "scheduling algorithm completed" duration ="4.698159ms" pod="default/matrixmul-00001-deployment-55fdf86969-2pgb9"
I0626 07:41:49.331663       1 schedule_one.go:67] === MON SCHEDULER MODIFIÉ EST EN TRAIN DE TOURNER ===
I0626 07:41:49.335706       1 schedule_one.go:166] "scheduling algorithm completed" duration ="4.800381ms" pod="default/matrixmul-00001-deployment-55fdf86969-xsxdr"
I0626 07:41:50.333788       1 schedule_one.go:67] === MON SCHEDULER MODIFIÉ EST EN TRAIN DE TOURNER ===
I0626 07:41:50.338750       1 schedule_one.go:166] "scheduling algorithm completed" duration ="5.563192ms" pod="default/matrixmul-00001-deployment-55fdf86969-cl6wb"
I0626 07:41:50.382339       1 schedule_one.go:67] === MON SCHEDULER MODIFIÉ EST EN TRAIN DE TOURNER ===
I0626 07:41:50.386421       1 schedule_one.go:166] "scheduling algorithm completed" duration ="4.84177ms" pod="default/linpack-00001-deployment-65fff5d977-2wmfs"
I0626 07:41:50.482058       1 schedule_one.go:67] === MON SCHEDULER MODIFIÉ EST EN TRAIN DE TOURNER ===
I0626 07:41:50.486796       1 schedule_one.go:166] "scheduling algorithm completed" duration ="5.913485ms" pod="default/matrixmul-00001-deployment-55fdf86969-kq8td"
I0626 07:41:50.535105       1 schedule_one.go:67] === MON SCHEDULER MODIFIÉ EST EN TRAIN DE TOURNER ===
I0626 07:41:50.539410       1 schedule_one.go:166] "scheduling algorithm completed" duration ="6.335279ms" pod="default/matrixmul-00001-deployment-55fdf86969-2zthf"
I0626 07:41:50.586243       1 schedule_one.go:67] === MON SCHEDULER MODIFIÉ EST EN TRAIN DE TOURNER ===
I0626 07:41:50.591970       1 schedule_one.go:166] "scheduling algorithm completed" duration ="6.533704ms" pod="default/linpack-00001-deployment-65fff5d977-7k6mz"
I0626 07:41:50.681944       1 schedule_one.go:67] === MON SCHEDULER MODIFIÉ EST EN TRAIN DE TOURNER ===
I0626 07:41:50.686091       1 schedule_one.go:166] "scheduling algorithm completed" duration ="5.238841ms" pod="default/matrixmul-00001-deployment-55fdf86969-dbhj2"
I0626 07:41:52.206509       1 schedule_one.go:67] === MON SCHEDULER MODIFIÉ EST EN TRAIN DE TOURNER ===
I0626 07:41:52.210977       1 schedule_one.go:67] === MON SCHEDULER MODIFIÉ EST EN TRAIN DE TOURNER ===
I0626 07:41:52.212967       1 schedule_one.go:166] "scheduling algorithm completed" duration ="7.439996ms" pod="default/linpack-00001-deployment-65fff5d977-xqmwf"
I0626 07:41:52.217464       1 schedule_one.go:166] "scheduling algorithm completed" duration ="8.496546ms" pod="default/matrixmul-00001-deployment-55fdf86969-2lk7t"
I0626 07:41:52.217749       1 schedule_one.go:67] === MON SCHEDULER MODIFIÉ EST EN TRAIN DE TOURNER ===
I0626 07:41:52.220491       1 schedule_one.go:67] === MON SCHEDULER MODIFIÉ EST EN TRAIN DE TOURNER ===
I0626 07:41:52.221986       1 schedule_one.go:166] "scheduling algorithm completed" duration ="6.338577ms" pod="default/matrixmul-00001-deployment-55fdf86969-8wl47"
I0626 07:41:52.227429       1 schedule_one.go:166] "scheduling algorithm completed" duration ="8.776914ms" pod="default/matrixmul-00001-deployment-55fdf86969-vsqtf"
I0626 07:41:54.235177       1 schedule_one.go:67] === MON SCHEDULER MODIFIÉ EST EN TRAIN DE TOURNER ===
I0626 07:41:54.236365       1 schedule_one.go:67] === MON SCHEDULER MODIFIÉ EST EN TRAIN DE TOURNER ===
I0626 07:41:54.240574       1 schedule_one.go:166] "scheduling algorithm completed" duration ="10.755608ms" pod="default/matrixmul-00001-deployment-55fdf86969-656kk"
I0626 07:41:54.244973       1 schedule_one.go:166] "scheduling algorithm completed" duration ="9.742392ms" pod="default/matrixmul-00001-deployment-55fdf86969-blfx6"
I0626 07:41:56.205460       1 schedule_one.go:67] === MON SCHEDULER MODIFIÉ EST EN TRAIN DE TOURNER ===
I0626 07:41:56.210901       1 schedule_one.go:166] "scheduling algorithm completed" duration ="9.002433ms" pod="default/fastfouriertransform-00001-deployment-5d7bc9c94d-bltj2"
I0626 07:41:58.211991       1 schedule_one.go:67] === MON SCHEDULER MODIFIÉ EST EN TRAIN DE TOURNER ===
I0626 07:41:58.215285       1 schedule_one.go:67] === MON SCHEDULER MODIFIÉ EST EN TRAIN DE TOURNER ===
I0626 07:41:58.218566       1 schedule_one.go:67] === MON SCHEDULER MODIFIÉ EST EN TRAIN DE TOURNER ===
I0626 07:41:58.218678       1 schedule_one.go:166] "scheduling algorithm completed" duration ="7.520034ms" pod="default/fastfouriertransform-00001-deployment-5d7bc9c94d-9gmqk"
I0626 07:41:58.221315       1 schedule_one.go:166] "scheduling algorithm completed" duration ="7.062999ms" pod="default/fastfouriertransform-00001-deployment-5d7bc9c94d-875zm"
I0626 07:41:58.221979       1 schedule_one.go:67] === MON SCHEDULER MODIFIÉ EST EN TRAIN DE TOURNER ===
I0626 07:41:58.223507       1 schedule_one.go:166] "scheduling algorithm completed" duration ="5.94245ms" pod="default/fastfouriertransform-00001-deployment-5d7bc9c94d-psq28"
I0626 07:41:58.223843       1 schedule_one.go:67] === MON SCHEDULER MODIFIÉ EST EN TRAIN DE TOURNER ===
I0626 07:41:58.229192       1 schedule_one.go:166] "scheduling algorithm completed" duration ="6.753779ms" pod="default/fastfouriertransform-00001-deployment-5d7bc9c94d-949fp"
I0626 07:41:58.231658       1 schedule_one.go:166] "scheduling algorithm completed" duration ="11.398421ms" pod="default/fastfouriertransform-00001-deployment-5d7bc9c94d-wq9j7"
I0626 07:42:00.199025       1 schedule_one.go:67] === MON SCHEDULER MODIFIÉ EST EN TRAIN DE TOURNER ===
I0626 07:42:00.202110       1 schedule_one.go:67] === MON SCHEDULER MODIFIÉ EST EN TRAIN DE TOURNER ===
I0626 07:42:00.203424       1 schedule_one.go:166] "scheduling algorithm completed" duration ="5.136621ms" pod="default/fastfouriertransform-00001-deployment-5d7bc9c94d-cj45l"
I0626 07:42:00.205652       1 schedule_one.go:67] === MON SCHEDULER MODIFIÉ EST EN TRAIN DE TOURNER ===
I0626 07:42:00.206223       1 schedule_one.go:166] "scheduling algorithm completed" duration ="5.216677ms" pod="default/fastfouriertransform-00001-deployment-5d7bc9c94d-cfljp"
I0626 07:42:00.208237       1 schedule_one.go:67] === MON SCHEDULER MODIFIÉ EST EN TRAIN DE TOURNER ===
I0626 07:42:00.213346       1 schedule_one.go:166] "scheduling algorithm completed" duration ="11.032609ms" pod="default/fastfouriertransform-00001-deployment-5d7bc9c94d-8nn25"
I0626 07:42:00.214074       1 schedule_one.go:166] "scheduling algorithm completed" duration ="8.382585ms" pod="default/fastfouriertransform-00001-deployment-5d7bc9c94d-f98xj"
I0626 07:50:14.370572       1 schedule_one.go:67] === MON SCHEDULER MODIFIÉ EST EN TRAIN DE TOURNER ===
I0626 07:50:14.371873       1 schedule_one.go:67] === MON SCHEDULER MODIFIÉ EST EN TRAIN DE TOURNER ===
I0626 07:50:14.372828       1 schedule_one.go:67] === MON SCHEDULER MODIFIÉ EST EN TRAIN DE TOURNER ===
I0626 07:50:14.373710       1 schedule_one.go:67] === MON SCHEDULER MODIFIÉ EST EN TRAIN DE TOURNER ===
I0626 07:50:14.387083       1 schedule_one.go:166] "scheduling algorithm completed" duration ="17.517743ms" pod="default/fetchdata-00001-deployment-7849f4674f-2xdc9"
I0626 07:50:14.388904       1 schedule_one.go:166] "scheduling algorithm completed" duration ="16.835408ms" pod="default/genmatrix-00001-deployment-9c875447c-kqmhr"
I0626 07:50:14.390506       1 schedule_one.go:166] "scheduling algorithm completed" duration ="19.898356ms" pod="default/linpack-00001-deployment-65fff5d977-rxx7k"
I0626 07:50:14.391737       1 schedule_one.go:166] "scheduling algorithm completed" duration ="18.784651ms" pod="default/fastfouriertransform-00001-deployment-5d7bc9c94d-gv2cz"
I0626 07:50:14.399061       1 schedule_one.go:67] === MON SCHEDULER MODIFIÉ EST EN TRAIN DE TOURNER ===
I0626 07:50:14.413197       1 schedule_one.go:166] "scheduling algorithm completed" duration ="14.859258ms" pod="default/matrixmul-00001-deployment-55fdf86969-wxkmp"
I0626 07:50:16.194891       1 schedule_one.go:67] === MON SCHEDULER MODIFIÉ EST EN TRAIN DE TOURNER ===
I0626 07:50:16.198240       1 schedule_one.go:67] === MON SCHEDULER MODIFIÉ EST EN TRAIN DE TOURNER ===
I0626 07:50:16.200292       1 schedule_one.go:67] === MON SCHEDULER MODIFIÉ EST EN TRAIN DE TOURNER ===
I0626 07:50:16.201351       1 schedule_one.go:166] "scheduling algorithm completed" duration ="7.168101ms" pod="default/genmatrix-00001-deployment-9c875447c-bjncc"
I0626 07:50:16.206780       1 schedule_one.go:166] "scheduling algorithm completed" duration ="7.41099ms" pod="default/genmatrix-00001-deployment-9c875447c-nfm7k"
I0626 07:50:16.208868       1 schedule_one.go:166] "scheduling algorithm completed" duration ="11.281828ms" pod="default/linpack-00001-deployment-65fff5d977-9kt9p"
I0626 07:50:16.243665       1 schedule_one.go:67] === MON SCHEDULER MODIFIÉ EST EN TRAIN DE TOURNER ===
I0626 07:50:16.249580       1 schedule_one.go:67] === MON SCHEDULER MODIFIÉ EST EN TRAIN DE TOURNER ===
I0626 07:50:16.251647       1 schedule_one.go:166] "scheduling algorithm completed" duration ="8.908326ms" pod="default/matrixmul-00001-deployment-55fdf86969-rqlmr"
I0626 07:50:16.269821       1 schedule_one.go:166] "scheduling algorithm completed" duration ="20.995766ms" pod="default/fastfouriertransform-00001-deployment-5d7bc9c94d-ffcbh"
I0626 07:50:16.289946       1 schedule_one.go:67] === MON SCHEDULER MODIFIÉ EST EN TRAIN DE TOURNER ===
I0626 07:50:16.294862       1 schedule_one.go:166] "scheduling algorithm completed" duration ="5.727636ms" pod="default/fastfouriertransform-00001-deployment-5d7bc9c94d-9gxt8"
I0626 07:50:16.437786       1 schedule_one.go:67] === MON SCHEDULER MODIFIÉ EST EN TRAIN DE TOURNER ===
I0626 07:50:16.442125       1 schedule_one.go:166] "scheduling algorithm completed" duration ="5.072765ms" pod="default/fetchdata-00001-deployment-7849f4674f-zzbbp"
I0626 07:50:18.197505       1 schedule_one.go:67] === MON SCHEDULER MODIFIÉ EST EN TRAIN DE TOURNER ===
I0626 07:50:18.203668       1 schedule_one.go:67] === MON SCHEDULER MODIFIÉ EST EN TRAIN DE TOURNER ===
I0626 07:50:18.203949       1 schedule_one.go:166] "scheduling algorithm completed" duration ="7.286304ms" pod="default/genmatrix-00001-deployment-9c875447c-q4xdd"
I0626 07:50:18.206028       1 schedule_one.go:67] === MON SCHEDULER MODIFIÉ EST EN TRAIN DE TOURNER ===
I0626 07:50:18.209950       1 schedule_one.go:166] "scheduling algorithm completed" duration ="7.011286ms" pod="default/genmatrix-00001-deployment-9c875447c-ngzlx"
I0626 07:50:18.211946       1 schedule_one.go:67] === MON SCHEDULER MODIFIÉ EST EN TRAIN DE TOURNER ===
I0626 07:50:18.214904       1 schedule_one.go:166] "scheduling algorithm completed" duration ="10.160697ms" pod="default/linpack-00001-deployment-65fff5d977-bg7dz"
I0626 07:50:18.219242       1 schedule_one.go:166] "scheduling algorithm completed" duration ="9.600696ms" pod="default/linpack-00001-deployment-65fff5d977-ltfjh"
I0626 07:50:18.359879       1 schedule_one.go:67] === MON SCHEDULER MODIFIÉ EST EN TRAIN DE TOURNER ===
I0626 07:50:18.371647       1 schedule_one.go:166] "scheduling algorithm completed" duration ="12.523941ms" pod="default/matrixmul-00001-deployment-55fdf86969-pc6jz"
I0626 07:50:18.389563       1 schedule_one.go:67] === MON SCHEDULER MODIFIÉ EST EN TRAIN DE TOURNER ===
I0626 07:50:18.393378       1 schedule_one.go:166] "scheduling algorithm completed" duration ="4.635172ms" pod="default/fastfouriertransform-00001-deployment-5d7bc9c94d-w5lgs"
I0626 07:50:18.490155       1 schedule_one.go:67] === MON SCHEDULER MODIFIÉ EST EN TRAIN DE TOURNER ===
I0626 07:50:18.494352       1 schedule_one.go:166] "scheduling algorithm completed" duration ="5.109394ms" pod="default/fetchdata-00001-deployment-7849f4674f-zts2l"
I0626 07:50:18.739782       1 schedule_one.go:67] === MON SCHEDULER MODIFIÉ EST EN TRAIN DE TOURNER ===
I0626 07:50:18.744810       1 schedule_one.go:166] "scheduling algorithm completed" duration ="5.98697ms" pod="default/fetchdata-00001-deployment-7849f4674f-rb42b"
I0626 07:50:20.198427       1 schedule_one.go:67] === MON SCHEDULER MODIFIÉ EST EN TRAIN DE TOURNER ===
I0626 07:50:20.199707       1 schedule_one.go:67] === MON SCHEDULER MODIFIÉ EST EN TRAIN DE TOURNER ===
I0626 07:50:20.203635       1 schedule_one.go:166] "scheduling algorithm completed" duration ="5.861747ms" pod="default/matrixmul-00001-deployment-55fdf86969-6n4xg"
I0626 07:50:20.203635       1 schedule_one.go:166] "scheduling algorithm completed" duration ="4.653487ms" pod="default/linpack-00001-deployment-65fff5d977-b8wgp"
I0626 07:50:20.237887       1 schedule_one.go:67] === MON SCHEDULER MODIFIÉ EST EN TRAIN DE TOURNER ===
I0626 07:50:20.242032       1 schedule_one.go:166] "scheduling algorithm completed" duration ="4.838357ms" pod="default/matrixmul-00001-deployment-55fdf86969-kkcww"
I0626 07:50:20.288600       1 schedule_one.go:67] === MON SCHEDULER MODIFIÉ EST EN TRAIN DE TOURNER ===
I0626 07:50:20.307067       1 schedule_one.go:166] "scheduling algorithm completed" duration ="19.522893ms" pod="default/linpack-00001-deployment-65fff5d977-8f5vn"
I0626 07:50:20.361428       1 schedule_one.go:67] === MON SCHEDULER MODIFIÉ EST EN TRAIN DE TOURNER ===
I0626 07:50:20.374007       1 schedule_one.go:166] "scheduling algorithm completed" duration ="13.437034ms" pod="default/linpack-00001-deployment-65fff5d977-xqg5f"
I0626 07:50:20.388880       1 schedule_one.go:67] === MON SCHEDULER MODIFIÉ EST EN TRAIN DE TOURNER ===
I0626 07:50:20.394206       1 schedule_one.go:166] "scheduling algorithm completed" duration ="6.101452ms" pod="default/fastfouriertransform-00001-deployment-5d7bc9c94d-7whc4"
I0626 07:50:20.438566       1 schedule_one.go:67] === MON SCHEDULER MODIFIÉ EST EN TRAIN DE TOURNER ===
I0626 07:50:20.443082       1 schedule_one.go:166] "scheduling algorithm completed" duration ="5.111969ms" pod="default/fetchdata-00001-deployment-7849f4674f-nfz65"
I0626 07:50:22.198165       1 schedule_one.go:67] === MON SCHEDULER MODIFIÉ EST EN TRAIN DE TOURNER ===
I0626 07:50:22.201678       1 schedule_one.go:67] === MON SCHEDULER MODIFIÉ EST EN TRAIN DE TOURNER ===
I0626 07:50:22.203646       1 schedule_one.go:67] === MON SCHEDULER MODIFIÉ EST EN TRAIN DE TOURNER ===
I0626 07:50:22.203713       1 schedule_one.go:166] "scheduling algorithm completed" duration ="6.426415ms" pod="default/linpack-00001-deployment-65fff5d977-pf7t8"
I0626 07:50:22.206460       1 schedule_one.go:67] === MON SCHEDULER MODIFIÉ EST EN TRAIN DE TOURNER ===
I0626 07:50:22.206820       1 schedule_one.go:166] "scheduling algorithm completed" duration ="5.704118ms" pod="default/matrixmul-00001-deployment-55fdf86969-q5xkq"
I0626 07:50:22.209080       1 schedule_one.go:166] "scheduling algorithm completed" duration ="6.037545ms" pod="default/linpack-00001-deployment-65fff5d977-lhs5n"
I0626 07:50:22.211214       1 schedule_one.go:166] "scheduling algorithm completed" duration ="5.349858ms" pod="default/matrixmul-00001-deployment-55fdf86969-twpld"
I0626 07:50:22.243157       1 schedule_one.go:67] === MON SCHEDULER MODIFIÉ EST EN TRAIN DE TOURNER ===
I0626 07:50:22.247228       1 schedule_one.go:166] "scheduling algorithm completed" duration ="5.259932ms" pod="default/matrixmul-00001-deployment-55fdf86969-kbswd"
I0626 07:50:22.356793       1 schedule_one.go:67] === MON SCHEDULER MODIFIÉ EST EN TRAIN DE TOURNER ===
I0626 07:50:22.361569       1 schedule_one.go:166] "scheduling algorithm completed" duration ="5.51071ms" pod="default/fetchdata-00001-deployment-7849f4674f-grr9k"
I0626 07:50:22.513298       1 schedule_one.go:67] === MON SCHEDULER MODIFIÉ EST EN TRAIN DE TOURNER ===
I0626 07:50:22.525171       1 schedule_one.go:166] "scheduling algorithm completed" duration ="12.500459ms" pod="default/fetchdata-00001-deployment-7849f4674f-wwm5r"
I0626 07:50:24.203409       1 schedule_one.go:67] === MON SCHEDULER MODIFIÉ EST EN TRAIN DE TOURNER ===
I0626 07:50:24.206677       1 schedule_one.go:67] === MON SCHEDULER MODIFIÉ EST EN TRAIN DE TOURNER ===
I0626 07:50:24.211853       1 schedule_one.go:67] === MON SCHEDULER MODIFIÉ EST EN TRAIN DE TOURNER ===
I0626 07:50:24.212182       1 schedule_one.go:166] "scheduling algorithm completed" duration ="9.432715ms" pod="default/linpack-00001-deployment-65fff5d977-dbn8d"
I0626 07:50:24.214227       1 schedule_one.go:166] "scheduling algorithm completed" duration ="8.157325ms" pod="default/linpack-00001-deployment-65fff5d977-q297q"
I0626 07:50:24.217490       1 schedule_one.go:67] === MON SCHEDULER MODIFIÉ EST EN TRAIN DE TOURNER ===
I0626 07:50:24.218295       1 schedule_one.go:166] "scheduling algorithm completed" duration ="7.033046ms" pod="default/matrixmul-00001-deployment-55fdf86969-r95ns"
I0626 07:50:24.224218       1 schedule_one.go:166] "scheduling algorithm completed" duration ="7.421305ms" pod="default/matrixmul-00001-deployment-55fdf86969-94x8z"
I0626 07:50:26.206228       1 schedule_one.go:67] === MON SCHEDULER MODIFIÉ EST EN TRAIN DE TOURNER ===
I0626 07:50:26.207805       1 schedule_one.go:67] === MON SCHEDULER MODIFIÉ EST EN TRAIN DE TOURNER ===
I0626 07:50:26.211461       1 schedule_one.go:166] "scheduling algorithm completed" duration ="8.597974ms" pod="default/matrixmul-00001-deployment-55fdf86969-jkzk9"
I0626 07:50:26.213007       1 schedule_one.go:166] "scheduling algorithm completed" duration ="6.16873ms" pod="default/matrixmul-00001-deployment-55fdf86969-jlljh"
I0626 07:50:28.203017       1 schedule_one.go:67] === MON SCHEDULER MODIFIÉ EST EN TRAIN DE TOURNER ===
I0626 07:50:28.207416       1 schedule_one.go:67] === MON SCHEDULER MODIFIÉ EST EN TRAIN DE TOURNER ===
I0626 07:50:28.207980       1 schedule_one.go:166] "scheduling algorithm completed" duration ="6.257007ms" pod="default/fastfouriertransform-00001-deployment-5d7bc9c94d-bvhw9"
I0626 07:50:28.210348       1 schedule_one.go:67] === MON SCHEDULER MODIFIÉ EST EN TRAIN DE TOURNER ===
I0626 07:50:28.212008       1 schedule_one.go:67] === MON SCHEDULER MODIFIÉ EST EN TRAIN DE TOURNER ===
I0626 07:50:28.213345       1 schedule_one.go:166] "scheduling algorithm completed" duration ="6.926712ms" pod="default/fastfouriertransform-00001-deployment-5d7bc9c94d-z5ccm"
I0626 07:50:28.214016       1 schedule_one.go:67] === MON SCHEDULER MODIFIÉ EST EN TRAIN DE TOURNER ===
I0626 07:50:28.216457       1 schedule_one.go:166] "scheduling algorithm completed" duration ="7.387231ms" pod="default/fastfouriertransform-00001-deployment-5d7bc9c94d-5mnc5"
I0626 07:50:28.218322       1 schedule_one.go:166] "scheduling algorithm completed" duration ="7.452194ms" pod="default/fastfouriertransform-00001-deployment-5d7bc9c94d-rv9xl"
I0626 07:50:28.220619       1 schedule_one.go:166] "scheduling algorithm completed" duration ="8.569177ms" pod="default/fastfouriertransform-00001-deployment-5d7bc9c94d-67tjw"
I0626 07:50:30.199692       1 schedule_one.go:67] === MON SCHEDULER MODIFIÉ EST EN TRAIN DE TOURNER ===
I0626 07:50:30.203313       1 schedule_one.go:67] === MON SCHEDULER MODIFIÉ EST EN TRAIN DE TOURNER ===
I0626 07:50:30.204383       1 schedule_one.go:166] "scheduling algorithm completed" duration ="5.382359ms" pod="default/fastfouriertransform-00001-deployment-5d7bc9c94d-jvzdz"
I0626 07:50:30.204818       1 schedule_one.go:67] === MON SCHEDULER MODIFIÉ EST EN TRAIN DE TOURNER ===
I0626 07:50:30.208644       1 schedule_one.go:67] === MON SCHEDULER MODIFIÉ EST EN TRAIN DE TOURNER ===
I0626 07:50:30.209182       1 schedule_one.go:166] "scheduling algorithm completed" duration ="6.934323ms" pod="default/fastfouriertransform-00001-deployment-5d7bc9c94d-l6566"
I0626 07:50:30.210061       1 schedule_one.go:67] === MON SCHEDULER MODIFIÉ EST EN TRAIN DE TOURNER ===
I0626 07:50:30.211651       1 schedule_one.go:166] "scheduling algorithm completed" duration ="7.813546ms" pod="default/fastfouriertransform-00001-deployment-5d7bc9c94d-6bvr4"
I0626 07:50:30.214522       1 schedule_one.go:166] "scheduling algorithm completed" duration ="7.825362ms" pod="default/fastfouriertransform-00001-deployment-5d7bc9c94d-ks8lp"
I0626 07:50:30.242579       1 schedule_one.go:166] "scheduling algorithm completed" duration ="33.8928ms" pod="default/fastfouriertransform-00001-deployment-5d7bc9c94d-dq7tg"
I0626 07:50:32.207056       1 schedule_one.go:67] === MON SCHEDULER MODIFIÉ EST EN TRAIN DE TOURNER ===
I0626 07:50:32.210949       1 schedule_one.go:67] === MON SCHEDULER MODIFIÉ EST EN TRAIN DE TOURNER ===
I0626 07:50:32.213392       1 schedule_one.go:67] === MON SCHEDULER MODIFIÉ EST EN TRAIN DE TOURNER ===
I0626 07:50:32.214200       1 schedule_one.go:166] "scheduling algorithm completed" duration ="7.821565ms" pod="default/fastfouriertransform-00001-deployment-5d7bc9c94d-ddhr9"
I0626 07:50:32.219176       1 schedule_one.go:166] "scheduling algorithm completed" duration ="8.875437ms" pod="default/fastfouriertransform-00001-deployment-5d7bc9c94d-swzvc"
I0626 07:50:32.226459       1 schedule_one.go:166] "scheduling algorithm completed" duration ="13.744054ms" pod="default/fastfouriertransform-00001-deployment-5d7bc9c94d-4b6d2"
I0626 08:00:10.035185       1 schedule_one.go:67] === MON SCHEDULER MODIFIÉ EST EN TRAIN DE TOURNER ===
I0626 08:00:10.036690       1 schedule_one.go:67] === MON SCHEDULER MODIFIÉ EST EN TRAIN DE TOURNER ===
I0626 08:00:10.044867       1 schedule_one.go:166] "scheduling algorithm completed" duration ="9.637431ms" pod="default/genmatrix-00001-deployment-9c875447c-wsktp"
I0626 08:00:10.046127       1 schedule_one.go:166] "scheduling algorithm completed" duration ="11.955261ms" pod="default/fastfouriertransform-00001-deployment-5d7bc9c94d-p8r47"
I0626 08:00:10.077766       1 schedule_one.go:67] === MON SCHEDULER MODIFIÉ EST EN TRAIN DE TOURNER ===
I0626 08:00:10.087143       1 schedule_one.go:67] === MON SCHEDULER MODIFIÉ EST EN TRAIN DE TOURNER ===
I0626 08:00:10.088625       1 schedule_one.go:166] "scheduling algorithm completed" duration ="11.692298ms" pod="default/fetchdata-00001-deployment-7849f4674f-q8k7l"
I0626 08:00:10.102021       1 schedule_one.go:166] "scheduling algorithm completed" duration ="15.703255ms" pod="default/linpack-00001-deployment-65fff5d977-8wqhx"
I0626 08:00:10.229118       1 schedule_one.go:67] === MON SCHEDULER MODIFIÉ EST EN TRAIN DE TOURNER ===
I0626 08:00:10.233924       1 schedule_one.go:166] "scheduling algorithm completed" duration ="5.461918ms" pod="default/matrixmul-00001-deployment-55fdf86969-6m5xl"
I0626 08:00:12.197987       1 schedule_one.go:67] === MON SCHEDULER MODIFIÉ EST EN TRAIN DE TOURNER ===
I0626 08:00:12.205200       1 schedule_one.go:166] "scheduling algorithm completed" duration ="8.319433ms" pod="default/genmatrix-00001-deployment-9c875447c-b55fl"
I0626 08:00:12.209236       1 schedule_one.go:67] === MON SCHEDULER MODIFIÉ EST EN TRAIN DE TOURNER ===
I0626 08:00:12.221423       1 schedule_one.go:166] "scheduling algorithm completed" duration ="12.918574ms" pod="default/fetchdata-00001-deployment-7849f4674f-ztd86"
I0626 08:00:12.227443       1 schedule_one.go:67] === MON SCHEDULER MODIFIÉ EST EN TRAIN DE TOURNER ===
I0626 08:00:12.233996       1 schedule_one.go:166] "scheduling algorithm completed" duration ="7.320323ms" pod="default/fetchdata-00001-deployment-7849f4674f-8nhrq"
I0626 08:00:12.255260       1 schedule_one.go:67] === MON SCHEDULER MODIFIÉ EST EN TRAIN DE TOURNER ===
I0626 08:00:12.259572       1 schedule_one.go:67] === MON SCHEDULER MODIFIÉ EST EN TRAIN DE TOURNER ===
I0626 08:00:12.266885       1 schedule_one.go:67] === MON SCHEDULER MODIFIÉ EST EN TRAIN DE TOURNER ===
I0626 08:00:12.269783       1 schedule_one.go:166] "scheduling algorithm completed" duration ="15.310645ms" pod="default/linpack-00001-deployment-65fff5d977-lv5qk"
I0626 08:00:12.276225       1 schedule_one.go:166] "scheduling algorithm completed" duration ="17.463326ms" pod="default/matrixmul-00001-deployment-55fdf86969-6krcj"
I0626 08:00:12.276826       1 schedule_one.go:166] "scheduling algorithm completed" duration ="10.954502ms" pod="default/linpack-00001-deployment-65fff5d977-vl4t4"
I0626 08:00:12.384127       1 schedule_one.go:67] === MON SCHEDULER MODIFIÉ EST EN TRAIN DE TOURNER ===
I0626 08:00:12.387907       1 schedule_one.go:166] "scheduling algorithm completed" duration ="4.444364ms" pod="default/fastfouriertransform-00001-deployment-5d7bc9c94d-75css"
I0626 08:00:12.578453       1 schedule_one.go:67] === MON SCHEDULER MODIFIÉ EST EN TRAIN DE TOURNER ===
I0626 08:00:12.583241       1 schedule_one.go:166] "scheduling algorithm completed" duration ="5.520363ms" pod="default/fastfouriertransform-00001-deployment-5d7bc9c94d-g5p25"
I0626 08:00:14.198445       1 schedule_one.go:67] === MON SCHEDULER MODIFIÉ EST EN TRAIN DE TOURNER ===
I0626 08:00:14.205337       1 schedule_one.go:67] === MON SCHEDULER MODIFIÉ EST EN TRAIN DE TOURNER ===
I0626 08:00:14.205827       1 schedule_one.go:166] "scheduling algorithm completed" duration ="8.0331ms" pod="default/matrixmul-00001-deployment-55fdf86969-bkrd5"
I0626 08:00:14.211190       1 schedule_one.go:166] "scheduling algorithm completed" duration ="10.350597ms" pod="default/fastfouriertransform-00001-deployment-5d7bc9c94d-7dtsg"
I0626 08:00:14.227016       1 schedule_one.go:67] === MON SCHEDULER MODIFIÉ EST EN TRAIN DE TOURNER ===
I0626 08:00:14.233232       1 schedule_one.go:166] "scheduling algorithm completed" duration ="6.846009ms" pod="default/matrixmul-00001-deployment-55fdf86969-fcp78"
I0626 08:00:14.277325       1 schedule_one.go:67] === MON SCHEDULER MODIFIÉ EST EN TRAIN DE TOURNER ===
I0626 08:00:14.280975       1 schedule_one.go:166] "scheduling algorithm completed" duration ="4.385846ms" pod="default/fastfouriertransform-00001-deployment-5d7bc9c94d-87qm8"
I0626 08:00:14.327208       1 schedule_one.go:67] === MON SCHEDULER MODIFIÉ EST EN TRAIN DE TOURNER ===
I0626 08:00:14.332088       1 schedule_one.go:166] "scheduling algorithm completed" duration ="5.694028ms" pod="default/fetchdata-00001-deployment-7849f4674f-9469z"
I0626 08:00:14.378513       1 schedule_one.go:67] === MON SCHEDULER MODIFIÉ EST EN TRAIN DE TOURNER ===
I0626 08:00:14.382790       1 schedule_one.go:166] "scheduling algorithm completed" duration ="4.957345ms" pod="default/linpack-00001-deployment-65fff5d977-vpvzl"
I0626 08:00:14.528136       1 schedule_one.go:67] === MON SCHEDULER MODIFIÉ EST EN TRAIN DE TOURNER ===
I0626 08:00:14.564904       1 schedule_one.go:166] "scheduling algorithm completed" duration ="37.40165ms" pod="default/fetchdata-00001-deployment-7849f4674f-x9njj"
I0626 08:00:14.579139       1 schedule_one.go:67] === MON SCHEDULER MODIFIÉ EST EN TRAIN DE TOURNER ===
I0626 08:00:14.597753       1 schedule_one.go:166] "scheduling algorithm completed" duration ="19.245676ms" pod="default/linpack-00001-deployment-65fff5d977-k9gcw"
I0626 08:00:16.279167       1 schedule_one.go:67] === MON SCHEDULER MODIFIÉ EST EN TRAIN DE TOURNER ===
I0626 08:00:16.287026       1 schedule_one.go:166] "scheduling algorithm completed" duration ="8.480636ms" pod="default/linpack-00001-deployment-65fff5d977-fc5dj"
I0626 08:00:16.326747       1 schedule_one.go:67] === MON SCHEDULER MODIFIÉ EST EN TRAIN DE TOURNER ===
I0626 08:00:16.347335       1 schedule_one.go:166] "scheduling algorithm completed" duration ="21.347748ms" pod="default/fastfouriertransform-00001-deployment-5d7bc9c94d-wcr9r"
I0626 08:00:16.377276       1 schedule_one.go:67] === MON SCHEDULER MODIFIÉ EST EN TRAIN DE TOURNER ===
I0626 08:00:16.382105       1 schedule_one.go:166] "scheduling algorithm completed" duration ="5.567122ms" pod="default/matrixmul-00001-deployment-55fdf86969-z762p"
I0626 08:00:16.428671       1 schedule_one.go:67] === MON SCHEDULER MODIFIÉ EST EN TRAIN DE TOURNER ===
I0626 08:00:16.434100       1 schedule_one.go:166] "scheduling algorithm completed" duration ="6.398342ms" pod="default/linpack-00001-deployment-65fff5d977-swwfv"
I0626 08:00:16.478442       1 schedule_one.go:67] === MON SCHEDULER MODIFIÉ EST EN TRAIN DE TOURNER ===
I0626 08:00:16.483065       1 schedule_one.go:166] "scheduling algorithm completed" duration ="5.272789ms" pod="default/linpack-00001-deployment-65fff5d977-58d4j"
I0626 08:00:16.528392       1 schedule_one.go:67] === MON SCHEDULER MODIFIÉ EST EN TRAIN DE TOURNER ===
I0626 08:00:16.532822       1 schedule_one.go:166] "scheduling algorithm completed" duration ="5.023474ms" pod="default/fastfouriertransform-00001-deployment-5d7bc9c94d-g2vrq"
I0626 08:00:16.575896       1 schedule_one.go:67] === MON SCHEDULER MODIFIÉ EST EN TRAIN DE TOURNER ===
I0626 08:00:16.579562       1 schedule_one.go:166] "scheduling algorithm completed" duration ="4.332864ms" pod="default/matrixmul-00001-deployment-55fdf86969-mf75k"
I0626 08:00:16.627677       1 schedule_one.go:67] === MON SCHEDULER MODIFIÉ EST EN TRAIN DE TOURNER ===
I0626 08:00:16.631999       1 schedule_one.go:166] "scheduling algorithm completed" duration ="5.016789ms" pod="default/linpack-00001-deployment-65fff5d977-8rxdb"
I0626 08:00:18.199715       1 schedule_one.go:67] === MON SCHEDULER MODIFIÉ EST EN TRAIN DE TOURNER ===
I0626 08:00:18.201951       1 schedule_one.go:67] === MON SCHEDULER MODIFIÉ EST EN TRAIN DE TOURNER ===
I0626 08:00:18.207312       1 schedule_one.go:166] "scheduling algorithm completed" duration ="8.513155ms" pod="default/matrixmul-00001-deployment-55fdf86969-2dvkp"
I0626 08:00:18.208105       1 schedule_one.go:166] "scheduling algorithm completed" duration ="8.337692ms" pod="default/linpack-00001-deployment-65fff5d977-pkbr6"
I0626 08:00:18.209307       1 schedule_one.go:67] === MON SCHEDULER MODIFIÉ EST EN TRAIN DE TOURNER ===
I0626 08:00:18.211717       1 schedule_one.go:67] === MON SCHEDULER MODIFIÉ EST EN TRAIN DE TOURNER ===
I0626 08:00:18.215932       1 schedule_one.go:166] "scheduling algorithm completed" duration ="9.227061ms" pod="default/linpack-00001-deployment-65fff5d977-qxbc9"
I0626 08:00:18.220993       1 schedule_one.go:166] "scheduling algorithm completed" duration ="11.605798ms" pod="default/matrixmul-00001-deployment-55fdf86969-g82zk"
I0626 08:00:18.226395       1 schedule_one.go:67] === MON SCHEDULER MODIFIÉ EST EN TRAIN DE TOURNER ===
I0626 08:00:18.239232       1 schedule_one.go:166] "scheduling algorithm completed" duration ="13.628388ms" pod="default/fastfouriertransform-00001-deployment-5d7bc9c94d-t6x2d"
I0626 08:00:20.200153       1 schedule_one.go:67] === MON SCHEDULER MODIFIÉ EST EN TRAIN DE TOURNER ===
I0626 08:00:20.205125       1 schedule_one.go:67] === MON SCHEDULER MODIFIÉ EST EN TRAIN DE TOURNER ===
I0626 08:00:20.206870       1 schedule_one.go:166] "scheduling algorithm completed" duration ="7.943489ms" pod="default/matrixmul-00001-deployment-55fdf86969-qh4cb"
I0626 08:00:20.210358       1 schedule_one.go:166] "scheduling algorithm completed" duration ="6.025214ms" pod="default/matrixmul-00001-deployment-55fdf86969-vssx6"
I0626 08:00:22.200670       1 schedule_one.go:67] === MON SCHEDULER MODIFIÉ EST EN TRAIN DE TOURNER ===
I0626 08:00:22.204837       1 schedule_one.go:67] === MON SCHEDULER MODIFIÉ EST EN TRAIN DE TOURNER ===
I0626 08:00:22.207084       1 schedule_one.go:166] "scheduling algorithm completed" duration ="7.259009ms" pod="default/matrixmul-00001-deployment-55fdf86969-zqksj"
I0626 08:00:22.210475       1 schedule_one.go:166] "scheduling algorithm completed" duration ="6.668083ms" pod="default/fastfouriertransform-00001-deployment-5d7bc9c94d-jddsf"
I0626 08:00:24.204844       1 schedule_one.go:67] === MON SCHEDULER MODIFIÉ EST EN TRAIN DE TOURNER ===
I0626 08:00:24.208943       1 schedule_one.go:166] "scheduling algorithm completed" duration ="4.908864ms" pod="default/fastfouriertransform-00001-deployment-5d7bc9c94d-qvv5k"
I0626 08:00:26.217127       1 schedule_one.go:67] === MON SCHEDULER MODIFIÉ EST EN TRAIN DE TOURNER ===
I0626 08:00:26.226985       1 schedule_one.go:166] "scheduling algorithm completed" duration ="11.177356ms" pod="default/fetchdata-00001-deployment-7849f4674f-xzkt8"
I0626 08:00:28.201348       1 schedule_one.go:67] === MON SCHEDULER MODIFIÉ EST EN TRAIN DE TOURNER ===
I0626 08:00:28.205363       1 schedule_one.go:67] === MON SCHEDULER MODIFIÉ EST EN TRAIN DE TOURNER ===
I0626 08:00:28.206940       1 schedule_one.go:166] "scheduling algorithm completed" duration ="6.666546ms" pod="default/fetchdata-00001-deployment-7849f4674f-hjqk7"
I0626 08:00:28.209699       1 schedule_one.go:67] === MON SCHEDULER MODIFIÉ EST EN TRAIN DE TOURNER ===
I0626 08:00:28.210092       1 schedule_one.go:166] "scheduling algorithm completed" duration ="5.548845ms" pod="default/fetchdata-00001-deployment-7849f4674f-tnc98"
I0626 08:00:28.213732       1 schedule_one.go:166] "scheduling algorithm completed" duration ="7.700378ms" pod="default/fetchdata-00001-deployment-7849f4674f-c5vx5"
I0626 08:00:30.209645       1 schedule_one.go:67] === MON SCHEDULER MODIFIÉ EST EN TRAIN DE TOURNER ===
I0626 08:00:30.215872       1 schedule_one.go:166] "scheduling algorithm completed" duration ="7.322694ms" pod="default/fetchdata-00001-deployment-7849f4674f-x7b2z"
