I0626 07:25:23.987614       1 serving.go:386] Generated self-signed cert in-memory
W0626 07:25:23.996860       1 client_config.go:683] Neither --kubeconfig nor --master was specified.  Using the inClusterConfig.  This might not work.
I0626 07:25:24.081762       1 scheduler.go:283] ===  SCHEDULer New  ===
I0626 07:25:24.094826       1 scheduler.go:457] "fonction New() construit le scheduler, mais ne commence pas à scheduler les pods, c'est la fonction Run() qui commence le scheduling des pods." duration ="13.03613ms"
I0626 07:25:24.096705       1 server.go:175] "Starting Kubernetes Scheduler" version="v0.0.0-master+$Format:%H$"
I0626 07:25:24.096720       1 server.go:177] "Golang settings" GOGC="" GOMAXPROCS="" GOTRACEBACK=""
I0626 07:25:24.103325       1 secure_serving.go:211] Serving securely on [::]:10259
I0626 07:25:24.103406       1 requestheader_controller.go:180] Starting RequestHeaderAuthRequestController
I0626 07:25:24.103418       1 shared_informer.go:375] "Waiting for caches to sync"
I0626 07:25:24.103493       1 configmap_cafile_content.go:205] "Starting controller" name="client-ca::kube-system::extension-apiserver-authentication::requestheader-client-ca-file"
I0626 07:25:24.103516       1 shared_informer.go:375] "Waiting for caches to sync"
I0626 07:25:24.111506       1 tlsconfig.go:243] "Starting DynamicServingCertificateController"
I0626 07:25:24.115560       1 configmap_cafile_content.go:205] "Starting controller" name="client-ca::kube-system::extension-apiserver-authentication::client-ca-file"
I0626 07:25:24.115579       1 shared_informer.go:375] "Waiting for caches to sync"
I0626 07:25:24.503982       1 shared_informer.go:382] "Caches are synced"
I0626 07:25:24.504122       1 scheduler.go:542] ===  SCHEDULing RUN ===
I0626 07:25:24.504159       1 schedule_one.go:67] === MON SCHEDULER MODIFIÉ EST EN TRAIN DE TOURNER ===
I0626 07:25:24.504182       1 shared_informer.go:382] "Caches are synced"
I0626 07:25:24.516366       1 shared_informer.go:382] "Caches are synced"
I0626 07:28:34.602872       1 schedule_one.go:67] === MON SCHEDULER MODIFIÉ EST EN TRAIN DE TOURNER ===
I0626 07:28:34.603849       1 schedule_one.go:67] === MON SCHEDULER MODIFIÉ EST EN TRAIN DE TOURNER ===
I0626 07:28:34.614715       1 schedule_one.go:166] "scheduling algorithm completed" duration ="11.800439ms" pod="default/linpack-00001-deployment-65fff5d977-h9sps"
I0626 07:28:34.615502       1 schedule_one.go:166] "scheduling algorithm completed" duration ="14.786109ms" pod="default/genmatrix-00001-deployment-9c875447c-ssgh5"
I0626 07:28:34.636628       1 schedule_one.go:67] === MON SCHEDULER MODIFIÉ EST EN TRAIN DE TOURNER ===
I0626 07:28:34.658651       1 schedule_one.go:166] "scheduling algorithm completed" duration ="22.7315ms" pod="default/matrixmul-00001-deployment-55fdf86969-gqfrg"
I0626 07:28:34.660238       1 schedule_one.go:67] === MON SCHEDULER MODIFIÉ EST EN TRAIN DE TOURNER ===
I0626 07:28:34.665633       1 schedule_one.go:67] === MON SCHEDULER MODIFIÉ EST EN TRAIN DE TOURNER ===
I0626 07:28:34.667521       1 schedule_one.go:166] "scheduling algorithm completed" duration ="8.870398ms" pod="default/fetchdata-00001-deployment-7849f4674f-kdnln"
I0626 07:28:34.671785       1 schedule_one.go:166] "scheduling algorithm completed" duration ="7.533889ms" pod="default/fastfouriertransform-00001-deployment-5d7bc9c94d-sqhg4"
I0626 07:28:36.196304       1 schedule_one.go:67] === MON SCHEDULER MODIFIÉ EST EN TRAIN DE TOURNER ===
I0626 07:28:36.201085       1 schedule_one.go:67] === MON SCHEDULER MODIFIÉ EST EN TRAIN DE TOURNER ===
I0626 07:28:36.202610       1 schedule_one.go:67] === MON SCHEDULER MODIFIÉ EST EN TRAIN DE TOURNER ===
I0626 07:28:36.203545       1 schedule_one.go:166] "scheduling algorithm completed" duration ="7.81439ms" pod="default/genmatrix-00001-deployment-9c875447c-pzcg2"
I0626 07:28:36.206284       1 schedule_one.go:67] === MON SCHEDULER MODIFIÉ EST EN TRAIN DE TOURNER ===
I0626 07:28:36.208056       1 schedule_one.go:67] === MON SCHEDULER MODIFIÉ EST EN TRAIN DE TOURNER ===
I0626 07:28:36.208901       1 schedule_one.go:166] "scheduling algorithm completed" duration ="8.361616ms" pod="default/fastfouriertransform-00001-deployment-5d7bc9c94d-fcrhb"
I0626 07:28:36.209161       1 schedule_one.go:166] "scheduling algorithm completed" duration ="7.527629ms" pod="default/genmatrix-00001-deployment-9c875447c-266sm"
I0626 07:28:36.210351       1 schedule_one.go:67] === MON SCHEDULER MODIFIÉ EST EN TRAIN DE TOURNER ===
I0626 07:28:36.212988       1 schedule_one.go:166] "scheduling algorithm completed" duration ="7.225886ms" pod="default/genmatrix-00001-deployment-9c875447c-d884w"
I0626 07:28:36.220311       1 schedule_one.go:166] "scheduling algorithm completed" duration ="12.857927ms" pod="default/fastfouriertransform-00001-deployment-5d7bc9c94d-l5x96"
I0626 07:28:36.223327       1 schedule_one.go:166] "scheduling algorithm completed" duration ="14.464698ms" pod="default/fastfouriertransform-00001-deployment-5d7bc9c94d-5b6md"
I0626 07:28:36.253317       1 schedule_one.go:67] === MON SCHEDULER MODIFIÉ EST EN TRAIN DE TOURNER ===
I0626 07:28:36.257818       1 schedule_one.go:166] "scheduling algorithm completed" duration ="5.15563ms" pod="default/matrixmul-00001-deployment-55fdf86969-r8858"
I0626 07:28:36.391014       1 schedule_one.go:67] === MON SCHEDULER MODIFIÉ EST EN TRAIN DE TOURNER ===
I0626 07:28:36.402645       1 schedule_one.go:166] "scheduling algorithm completed" duration ="12.282811ms" pod="default/linpack-00001-deployment-65fff5d977-8hgcz"
I0626 07:28:36.528017       1 schedule_one.go:67] === MON SCHEDULER MODIFIÉ EST EN TRAIN DE TOURNER ===
I0626 07:28:36.532431       1 schedule_one.go:166] "scheduling algorithm completed" duration ="4.997573ms" pod="default/fetchdata-00001-deployment-7849f4674f-vr29x"
I0626 07:28:36.678463       1 schedule_one.go:67] === MON SCHEDULER MODIFIÉ EST EN TRAIN DE TOURNER ===
I0626 07:28:36.682830       1 schedule_one.go:166] "scheduling algorithm completed" duration ="5.676412ms" pod="default/linpack-00001-deployment-65fff5d977-hdvxn"
I0626 07:28:36.827745       1 schedule_one.go:67] === MON SCHEDULER MODIFIÉ EST EN TRAIN DE TOURNER ===
I0626 07:28:36.831874       1 schedule_one.go:166] "scheduling algorithm completed" duration ="4.78359ms" pod="default/fetchdata-00001-deployment-7849f4674f-lk6sj"
I0626 07:28:36.877432       1 schedule_one.go:67] === MON SCHEDULER MODIFIÉ EST EN TRAIN DE TOURNER ===
I0626 07:28:36.882264       1 schedule_one.go:166] "scheduling algorithm completed" duration ="5.523892ms" pod="default/fetchdata-00001-deployment-7849f4674f-v8fxq"
I0626 07:28:38.199568       1 schedule_one.go:67] === MON SCHEDULER MODIFIÉ EST EN TRAIN DE TOURNER ===
I0626 07:28:38.200636       1 schedule_one.go:67] === MON SCHEDULER MODIFIÉ EST EN TRAIN DE TOURNER ===
I0626 07:28:38.205550       1 schedule_one.go:166] "scheduling algorithm completed" duration ="6.895994ms" pod="default/genmatrix-00001-deployment-9c875447c-hxj72"
I0626 07:28:38.207393       1 schedule_one.go:166] "scheduling algorithm completed" duration ="7.361016ms" pod="default/fetchdata-00001-deployment-7849f4674f-2kgrn"
I0626 07:28:38.376439       1 schedule_one.go:67] === MON SCHEDULER MODIFIÉ EST EN TRAIN DE TOURNER ===
I0626 07:28:38.380152       1 schedule_one.go:166] "scheduling algorithm completed" duration ="4.326734ms" pod="default/linpack-00001-deployment-65fff5d977-7sl4w"
I0626 07:28:38.481276       1 schedule_one.go:67] === MON SCHEDULER MODIFIÉ EST EN TRAIN DE TOURNER ===
I0626 07:28:38.486086       1 schedule_one.go:166] "scheduling algorithm completed" duration ="5.342186ms" pod="default/matrixmul-00001-deployment-55fdf86969-pfrjd"
I0626 07:28:38.528515       1 schedule_one.go:67] === MON SCHEDULER MODIFIÉ EST EN TRAIN DE TOURNER ===
I0626 07:28:38.533892       1 schedule_one.go:166] "scheduling algorithm completed" duration ="6.050451ms" pod="default/fastfouriertransform-00001-deployment-5d7bc9c94d-rjg4m"
I0626 07:28:40.342015       1 schedule_one.go:67] === MON SCHEDULER MODIFIÉ EST EN TRAIN DE TOURNER ===
I0626 07:28:40.354575       1 schedule_one.go:166] "scheduling algorithm completed" duration ="13.331668ms" pod="default/linpack-00001-deployment-65fff5d977-g4szt"
I0626 07:28:40.377503       1 schedule_one.go:67] === MON SCHEDULER MODIFIÉ EST EN TRAIN DE TOURNER ===
I0626 07:28:40.383471       1 schedule_one.go:166] "scheduling algorithm completed" duration ="6.575417ms" pod="default/fastfouriertransform-00001-deployment-5d7bc9c94d-zbltl"
I0626 07:28:40.426628       1 schedule_one.go:67] === MON SCHEDULER MODIFIÉ EST EN TRAIN DE TOURNER ===
I0626 07:28:40.431124       1 schedule_one.go:166] "scheduling algorithm completed" duration ="5.070295ms" pod="default/fetchdata-00001-deployment-7849f4674f-rhj55"
I0626 07:28:40.526884       1 schedule_one.go:67] === MON SCHEDULER MODIFIÉ EST EN TRAIN DE TOURNER ===
I0626 07:28:40.530607       1 schedule_one.go:166] "scheduling algorithm completed" duration ="4.438532ms" pod="default/genmatrix-00001-deployment-9c875447c-4p9dl"
I0626 07:28:40.628454       1 schedule_one.go:67] === MON SCHEDULER MODIFIÉ EST EN TRAIN DE TOURNER ===
I0626 07:28:40.633853       1 schedule_one.go:166] "scheduling algorithm completed" duration ="6.174173ms" pod="default/linpack-00001-deployment-65fff5d977-4zdks"
I0626 07:28:40.678243       1 schedule_one.go:67] === MON SCHEDULER MODIFIÉ EST EN TRAIN DE TOURNER ===
I0626 07:28:40.682202       1 schedule_one.go:166] "scheduling algorithm completed" duration ="4.633829ms" pod="default/fastfouriertransform-00001-deployment-5d7bc9c94d-m5qxd"
I0626 07:28:40.728792       1 schedule_one.go:67] === MON SCHEDULER MODIFIÉ EST EN TRAIN DE TOURNER ===
I0626 07:28:40.732547       1 schedule_one.go:166] "scheduling algorithm completed" duration ="4.708644ms" pod="default/fetchdata-00001-deployment-7849f4674f-hw5c8"
I0626 07:28:40.828138       1 schedule_one.go:67] === MON SCHEDULER MODIFIÉ EST EN TRAIN DE TOURNER ===
I0626 07:28:40.832473       1 schedule_one.go:166] "scheduling algorithm completed" duration ="4.934257ms" pod="default/genmatrix-00001-deployment-9c875447c-ts56b"
I0626 07:28:41.077222       1 schedule_one.go:67] === MON SCHEDULER MODIFIÉ EST EN TRAIN DE TOURNER ===
I0626 07:28:41.081842       1 schedule_one.go:166] "scheduling algorithm completed" duration ="5.180703ms" pod="default/matrixmul-00001-deployment-55fdf86969-rfrrn"
I0626 07:28:42.683987       1 schedule_one.go:67] === MON SCHEDULER MODIFIÉ EST EN TRAIN DE TOURNER ===
I0626 07:28:42.689449       1 schedule_one.go:166] "scheduling algorithm completed" duration ="6.379545ms" pod="default/genmatrix-00001-deployment-9c875447c-pvrcs"
I0626 07:28:44.196314       1 schedule_one.go:67] === MON SCHEDULER MODIFIÉ EST EN TRAIN DE TOURNER ===
I0626 07:28:44.200104       1 schedule_one.go:166] "scheduling algorithm completed" duration ="4.489771ms" pod="default/linpack-00001-deployment-65fff5d977-xd49w"
I0626 07:28:44.210028       1 schedule_one.go:67] === MON SCHEDULER MODIFIÉ EST EN TRAIN DE TOURNER ===
I0626 07:28:44.216737       1 schedule_one.go:166] "scheduling algorithm completed" duration ="7.315347ms" pod="default/fastfouriertransform-00001-deployment-5d7bc9c94d-ph4mp"
I0626 07:28:44.234549       1 schedule_one.go:67] === MON SCHEDULER MODIFIÉ EST EN TRAIN DE TOURNER ===
I0626 07:28:44.255303       1 schedule_one.go:166] "scheduling algorithm completed" duration ="21.599352ms" pod="default/fetchdata-00001-deployment-7849f4674f-g8lmn"
I0626 07:28:46.197357       1 schedule_one.go:67] === MON SCHEDULER MODIFIÉ EST EN TRAIN DE TOURNER ===
I0626 07:28:46.204059       1 schedule_one.go:166] "scheduling algorithm completed" duration ="7.500755ms" pod="default/linpack-00001-deployment-65fff5d977-b25pt"
I0626 07:28:46.213548       1 schedule_one.go:67] === MON SCHEDULER MODIFIÉ EST EN TRAIN DE TOURNER ===
I0626 07:28:46.218584       1 schedule_one.go:166] "scheduling algorithm completed" duration ="6.007634ms" pod="default/fastfouriertransform-00001-deployment-5d7bc9c94d-tt9m2"
I0626 07:28:48.204191       1 schedule_one.go:67] === MON SCHEDULER MODIFIÉ EST EN TRAIN DE TOURNER ===
I0626 07:28:48.209335       1 schedule_one.go:67] === MON SCHEDULER MODIFIÉ EST EN TRAIN DE TOURNER ===
I0626 07:28:48.213209       1 schedule_one.go:67] === MON SCHEDULER MODIFIÉ EST EN TRAIN DE TOURNER ===
I0626 07:28:48.216567       1 schedule_one.go:166] "scheduling algorithm completed" duration ="15.296288ms" pod="default/linpack-00001-deployment-65fff5d977-978vt"
I0626 07:28:48.217066       1 schedule_one.go:166] "scheduling algorithm completed" duration ="11.423447ms" pod="default/fastfouriertransform-00001-deployment-5d7bc9c94d-r7qht"
I0626 07:28:48.218225       1 schedule_one.go:67] === MON SCHEDULER MODIFIÉ EST EN TRAIN DE TOURNER ===
I0626 07:28:48.223472       1 schedule_one.go:166] "scheduling algorithm completed" duration ="14.089373ms" pod="default/linpack-00001-deployment-65fff5d977-8hlpj"
I0626 07:28:48.228529       1 schedule_one.go:166] "scheduling algorithm completed" duration ="14.241133ms" pod="default/linpack-00001-deployment-65fff5d977-g8pft"
I0626 07:28:50.204045       1 schedule_one.go:67] === MON SCHEDULER MODIFIÉ EST EN TRAIN DE TOURNER ===
I0626 07:28:50.211911       1 schedule_one.go:67] === MON SCHEDULER MODIFIÉ EST EN TRAIN DE TOURNER ===
I0626 07:28:50.214951       1 schedule_one.go:67] === MON SCHEDULER MODIFIÉ EST EN TRAIN DE TOURNER ===
I0626 07:28:50.217061       1 schedule_one.go:166] "scheduling algorithm completed" duration ="14.733283ms" pod="default/linpack-00001-deployment-65fff5d977-ngzzg"
I0626 07:28:50.220354       1 schedule_one.go:166] "scheduling algorithm completed" duration ="16.258609ms" pod="default/matrixmul-00001-deployment-55fdf86969-hxr4g"
I0626 07:28:50.228399       1 schedule_one.go:166] "scheduling algorithm completed" duration ="16.437554ms" pod="default/linpack-00001-deployment-65fff5d977-lpdbh"
I0626 07:28:50.229976       1 schedule_one.go:67] === MON SCHEDULER MODIFIÉ EST EN TRAIN DE TOURNER ===
I0626 07:28:50.255826       1 schedule_one.go:166] "scheduling algorithm completed" duration ="27.865556ms" pod="default/fastfouriertransform-00001-deployment-5d7bc9c94d-cnqfl"
I0626 07:28:52.204040       1 schedule_one.go:67] === MON SCHEDULER MODIFIÉ EST EN TRAIN DE TOURNER ===
I0626 07:28:52.212219       1 schedule_one.go:166] "scheduling algorithm completed" duration ="10.79146ms" pod="default/fastfouriertransform-00001-deployment-5d7bc9c94d-dkjn8"
I0626 07:28:54.203715       1 schedule_one.go:67] === MON SCHEDULER MODIFIÉ EST EN TRAIN DE TOURNER ===
I0626 07:28:54.209297       1 schedule_one.go:166] "scheduling algorithm completed" duration ="7.868959ms" pod="default/matrixmul-00001-deployment-55fdf86969-s787d"
I0626 07:41:42.178482       1 schedule_one.go:67] === MON SCHEDULER MODIFIÉ EST EN TRAIN DE TOURNER ===
I0626 07:41:42.179659       1 schedule_one.go:67] === MON SCHEDULER MODIFIÉ EST EN TRAIN DE TOURNER ===
I0626 07:41:42.180825       1 schedule_one.go:67] === MON SCHEDULER MODIFIÉ EST EN TRAIN DE TOURNER ===
I0626 07:41:42.181702       1 schedule_one.go:67] === MON SCHEDULER MODIFIÉ EST EN TRAIN DE TOURNER ===
I0626 07:41:42.189987       1 schedule_one.go:166] "scheduling algorithm completed" duration ="12.178149ms" pod="default/fetchdata-00001-deployment-7849f4674f-vqhgz"
I0626 07:41:42.190365       1 schedule_one.go:166] "scheduling algorithm completed" duration ="11.726981ms" pod="default/fastfouriertransform-00001-deployment-5d7bc9c94d-wxglz"
I0626 07:41:42.192010       1 schedule_one.go:166] "scheduling algorithm completed" duration ="12.128334ms" pod="default/linpack-00001-deployment-65fff5d977-stmhr"
I0626 07:41:42.194337       1 schedule_one.go:166] "scheduling algorithm completed" duration ="13.412652ms" pod="default/genmatrix-00001-deployment-9c875447c-x2mxm"
I0626 07:41:42.382009       1 schedule_one.go:67] === MON SCHEDULER MODIFIÉ EST EN TRAIN DE TOURNER ===
I0626 07:41:42.385841       1 schedule_one.go:166] "scheduling algorithm completed" duration ="4.487421ms" pod="default/matrixmul-00001-deployment-55fdf86969-bwtsp"
I0626 07:41:44.200682       1 schedule_one.go:67] === MON SCHEDULER MODIFIÉ EST EN TRAIN DE TOURNER ===
I0626 07:41:44.203541       1 schedule_one.go:67] === MON SCHEDULER MODIFIÉ EST EN TRAIN DE TOURNER ===
I0626 07:41:44.207148       1 schedule_one.go:67] === MON SCHEDULER MODIFIÉ EST EN TRAIN DE TOURNER ===
I0626 07:41:44.207556       1 schedule_one.go:166] "scheduling algorithm completed" duration ="7.626246ms" pod="default/linpack-00001-deployment-65fff5d977-gbplp"
I0626 07:41:44.213861       1 schedule_one.go:166] "scheduling algorithm completed" duration ="11.043219ms" pod="default/matrixmul-00001-deployment-55fdf86969-fswkp"
I0626 07:41:44.215908       1 schedule_one.go:166] "scheduling algorithm completed" duration ="9.90079ms" pod="default/linpack-00001-deployment-65fff5d977-f7wnt"
I0626 07:41:44.232360       1 schedule_one.go:67] === MON SCHEDULER MODIFIÉ EST EN TRAIN DE TOURNER ===
I0626 07:41:44.244361       1 schedule_one.go:166] "scheduling algorithm completed" duration ="12.768299ms" pod="default/fastfouriertransform-00001-deployment-5d7bc9c94d-9ttdq"
I0626 07:41:44.245261       1 schedule_one.go:67] === MON SCHEDULER MODIFIÉ EST EN TRAIN DE TOURNER ===
I0626 07:41:44.253929       1 schedule_one.go:166] "scheduling algorithm completed" duration ="9.944845ms" pod="default/fastfouriertransform-00001-deployment-5d7bc9c94d-wggk2"
I0626 07:41:44.263601       1 schedule_one.go:67] === MON SCHEDULER MODIFIÉ EST EN TRAIN DE TOURNER ===
I0626 07:41:44.265429       1 schedule_one.go:67] === MON SCHEDULER MODIFIÉ EST EN TRAIN DE TOURNER ===
I0626 07:41:44.267708       1 schedule_one.go:166] "scheduling algorithm completed" duration ="5.625333ms" pod="default/genmatrix-00001-deployment-9c875447c-4xg6z"
I0626 07:41:44.270175       1 schedule_one.go:166] "scheduling algorithm completed" duration ="5.544147ms" pod="default/genmatrix-00001-deployment-9c875447c-bmhq9"
I0626 07:41:44.531244       1 schedule_one.go:67] === MON SCHEDULER MODIFIÉ EST EN TRAIN DE TOURNER ===
I0626 07:41:44.535226       1 schedule_one.go:166] "scheduling algorithm completed" duration ="5.012368ms" pod="default/fetchdata-00001-deployment-7849f4674f-p4qrq"
I0626 07:41:44.782655       1 schedule_one.go:67] === MON SCHEDULER MODIFIÉ EST EN TRAIN DE TOURNER ===
I0626 07:41:44.787461       1 schedule_one.go:166] "scheduling algorithm completed" duration ="5.91111ms" pod="default/fetchdata-00001-deployment-7849f4674f-g4npc"
I0626 07:41:46.200751       1 schedule_one.go:67] === MON SCHEDULER MODIFIÉ EST EN TRAIN DE TOURNER ===
I0626 07:41:46.206915       1 schedule_one.go:67] === MON SCHEDULER MODIFIÉ EST EN TRAIN DE TOURNER ===
I0626 07:41:46.208573       1 schedule_one.go:166] "scheduling algorithm completed" duration ="8.883546ms" pod="default/fetchdata-00001-deployment-7849f4674f-8w54f"
I0626 07:41:46.211204       1 schedule_one.go:166] "scheduling algorithm completed" duration ="5.381516ms" pod="default/linpack-00001-deployment-65fff5d977-ggjjt"
I0626 07:41:46.211857       1 schedule_one.go:67] === MON SCHEDULER MODIFIÉ EST EN TRAIN DE TOURNER ===
I0626 07:41:46.212998       1 schedule_one.go:67] === MON SCHEDULER MODIFIÉ EST EN TRAIN DE TOURNER ===
I0626 07:41:46.218468       1 schedule_one.go:166] "scheduling algorithm completed" duration ="7.778024ms" pod="default/fetchdata-00001-deployment-7849f4674f-jww64"
I0626 07:41:46.219612       1 schedule_one.go:166] "scheduling algorithm completed" duration ="7.724246ms" pod="default/linpack-00001-deployment-65fff5d977-8xnqr"
I0626 07:41:46.234495       1 schedule_one.go:67] === MON SCHEDULER MODIFIÉ EST EN TRAIN DE TOURNER ===
I0626 07:41:46.239608       1 schedule_one.go:166] "scheduling algorithm completed" duration ="5.801092ms" pod="default/matrixmul-00001-deployment-55fdf86969-pf75v"
I0626 07:41:46.433580       1 schedule_one.go:67] === MON SCHEDULER MODIFIÉ EST EN TRAIN DE TOURNER ===
I0626 07:41:46.438069       1 schedule_one.go:166] "scheduling algorithm completed" duration ="5.537943ms" pod="default/matrixmul-00001-deployment-55fdf86969-bb6kq"
I0626 07:41:46.481357       1 schedule_one.go:67] === MON SCHEDULER MODIFIÉ EST EN TRAIN DE TOURNER ===
I0626 07:41:46.485669       1 schedule_one.go:166] "scheduling algorithm completed" duration ="5.047627ms" pod="default/matrixmul-00001-deployment-55fdf86969-zwfct"
I0626 07:41:46.530802       1 schedule_one.go:67] === MON SCHEDULER MODIFIÉ EST EN TRAIN DE TOURNER ===
I0626 07:41:46.535750       1 schedule_one.go:166] "scheduling algorithm completed" duration ="5.809814ms" pod="default/fastfouriertransform-00001-deployment-5d7bc9c94d-jmkcd"
I0626 07:41:46.782244       1 schedule_one.go:67] === MON SCHEDULER MODIFIÉ EST EN TRAIN DE TOURNER ===
I0626 07:41:46.786086       1 schedule_one.go:166] "scheduling algorithm completed" duration ="4.608737ms" pod="default/fastfouriertransform-00001-deployment-5d7bc9c94d-q6xvd"
I0626 07:41:48.531269       1 schedule_one.go:67] === MON SCHEDULER MODIFIÉ EST EN TRAIN DE TOURNER ===
I0626 07:41:48.535537       1 schedule_one.go:166] "scheduling algorithm completed" duration ="5.159418ms" pod="default/fastfouriertransform-00001-deployment-5d7bc9c94d-7s2zh"
I0626 07:41:48.595576       1 schedule_one.go:67] === MON SCHEDULER MODIFIÉ EST EN TRAIN DE TOURNER ===
I0626 07:41:48.607215       1 schedule_one.go:166] "scheduling algorithm completed" duration ="12.234989ms" pod="default/linpack-00001-deployment-65fff5d977-p6f7b"
I0626 07:41:48.830196       1 schedule_one.go:67] === MON SCHEDULER MODIFIÉ EST EN TRAIN DE TOURNER ===
I0626 07:41:48.834068       1 schedule_one.go:166] "scheduling algorithm completed" duration ="4.520806ms" pod="default/linpack-00001-deployment-65fff5d977-jvq84"
I0626 07:41:48.883485       1 schedule_one.go:67] === MON SCHEDULER MODIFIÉ EST EN TRAIN DE TOURNER ===
I0626 07:41:48.888825       1 schedule_one.go:166] "scheduling algorithm completed" duration ="6.109475ms" pod="default/linpack-00001-deployment-65fff5d977-4g42c"
I0626 07:41:49.035162       1 schedule_one.go:67] === MON SCHEDULER MODIFIÉ EST EN TRAIN DE TOURNER ===
I0626 07:41:49.040502       1 schedule_one.go:166] "scheduling algorithm completed" duration ="6.566797ms" pod="default/matrixmul-00001-deployment-55fdf86969-s5ldv"
I0626 07:41:49.281110       1 schedule_one.go:67] === MON SCHEDULER MODIFIÉ EST EN TRAIN DE TOURNER ===
I0626 07:41:49.284900       1 schedule_one.go:166] "scheduling algorithm completed" duration ="4.698159ms" pod="default/matrixmul-00001-deployment-55fdf86969-2pgb9"
I0626 07:41:49.331663       1 schedule_one.go:67] === MON SCHEDULER MODIFIÉ EST EN TRAIN DE TOURNER ===
I0626 07:41:49.335706       1 schedule_one.go:166] "scheduling algorithm completed" duration ="4.800381ms" pod="default/matrixmul-00001-deployment-55fdf86969-xsxdr"
I0626 07:41:50.333788       1 schedule_one.go:67] === MON SCHEDULER MODIFIÉ EST EN TRAIN DE TOURNER ===
I0626 07:41:50.338750       1 schedule_one.go:166] "scheduling algorithm completed" duration ="5.563192ms" pod="default/matrixmul-00001-deployment-55fdf86969-cl6wb"
I0626 07:41:50.382339       1 schedule_one.go:67] === MON SCHEDULER MODIFIÉ EST EN TRAIN DE TOURNER ===
I0626 07:41:50.386421       1 schedule_one.go:166] "scheduling algorithm completed" duration ="4.84177ms" pod="default/linpack-00001-deployment-65fff5d977-2wmfs"
I0626 07:41:50.482058       1 schedule_one.go:67] === MON SCHEDULER MODIFIÉ EST EN TRAIN DE TOURNER ===
I0626 07:41:50.486796       1 schedule_one.go:166] "scheduling algorithm completed" duration ="5.913485ms" pod="default/matrixmul-00001-deployment-55fdf86969-kq8td"
I0626 07:41:50.535105       1 schedule_one.go:67] === MON SCHEDULER MODIFIÉ EST EN TRAIN DE TOURNER ===
I0626 07:41:50.539410       1 schedule_one.go:166] "scheduling algorithm completed" duration ="6.335279ms" pod="default/matrixmul-00001-deployment-55fdf86969-2zthf"
I0626 07:41:50.586243       1 schedule_one.go:67] === MON SCHEDULER MODIFIÉ EST EN TRAIN DE TOURNER ===
I0626 07:41:50.591970       1 schedule_one.go:166] "scheduling algorithm completed" duration ="6.533704ms" pod="default/linpack-00001-deployment-65fff5d977-7k6mz"
I0626 07:41:50.681944       1 schedule_one.go:67] === MON SCHEDULER MODIFIÉ EST EN TRAIN DE TOURNER ===
I0626 07:41:50.686091       1 schedule_one.go:166] "scheduling algorithm completed" duration ="5.238841ms" pod="default/matrixmul-00001-deployment-55fdf86969-dbhj2"
I0626 07:41:52.206509       1 schedule_one.go:67] === MON SCHEDULER MODIFIÉ EST EN TRAIN DE TOURNER ===
I0626 07:41:52.210977       1 schedule_one.go:67] === MON SCHEDULER MODIFIÉ EST EN TRAIN DE TOURNER ===
I0626 07:41:52.212967       1 schedule_one.go:166] "scheduling algorithm completed" duration ="7.439996ms" pod="default/linpack-00001-deployment-65fff5d977-xqmwf"
I0626 07:41:52.217464       1 schedule_one.go:166] "scheduling algorithm completed" duration ="8.496546ms" pod="default/matrixmul-00001-deployment-55fdf86969-2lk7t"
I0626 07:41:52.217749       1 schedule_one.go:67] === MON SCHEDULER MODIFIÉ EST EN TRAIN DE TOURNER ===
I0626 07:41:52.220491       1 schedule_one.go:67] === MON SCHEDULER MODIFIÉ EST EN TRAIN DE TOURNER ===
I0626 07:41:52.221986       1 schedule_one.go:166] "scheduling algorithm completed" duration ="6.338577ms" pod="default/matrixmul-00001-deployment-55fdf86969-8wl47"
I0626 07:41:52.227429       1 schedule_one.go:166] "scheduling algorithm completed" duration ="8.776914ms" pod="default/matrixmul-00001-deployment-55fdf86969-vsqtf"
I0626 07:41:54.235177       1 schedule_one.go:67] === MON SCHEDULER MODIFIÉ EST EN TRAIN DE TOURNER ===
I0626 07:41:54.236365       1 schedule_one.go:67] === MON SCHEDULER MODIFIÉ EST EN TRAIN DE TOURNER ===
I0626 07:41:54.240574       1 schedule_one.go:166] "scheduling algorithm completed" duration ="10.755608ms" pod="default/matrixmul-00001-deployment-55fdf86969-656kk"
I0626 07:41:54.244973       1 schedule_one.go:166] "scheduling algorithm completed" duration ="9.742392ms" pod="default/matrixmul-00001-deployment-55fdf86969-blfx6"
I0626 07:41:56.205460       1 schedule_one.go:67] === MON SCHEDULER MODIFIÉ EST EN TRAIN DE TOURNER ===
I0626 07:41:56.210901       1 schedule_one.go:166] "scheduling algorithm completed" duration ="9.002433ms" pod="default/fastfouriertransform-00001-deployment-5d7bc9c94d-bltj2"
I0626 07:41:58.211991       1 schedule_one.go:67] === MON SCHEDULER MODIFIÉ EST EN TRAIN DE TOURNER ===
I0626 07:41:58.215285       1 schedule_one.go:67] === MON SCHEDULER MODIFIÉ EST EN TRAIN DE TOURNER ===
I0626 07:41:58.218566       1 schedule_one.go:67] === MON SCHEDULER MODIFIÉ EST EN TRAIN DE TOURNER ===
I0626 07:41:58.218678       1 schedule_one.go:166] "scheduling algorithm completed" duration ="7.520034ms" pod="default/fastfouriertransform-00001-deployment-5d7bc9c94d-9gmqk"
I0626 07:41:58.221315       1 schedule_one.go:166] "scheduling algorithm completed" duration ="7.062999ms" pod="default/fastfouriertransform-00001-deployment-5d7bc9c94d-875zm"
I0626 07:41:58.221979       1 schedule_one.go:67] === MON SCHEDULER MODIFIÉ EST EN TRAIN DE TOURNER ===
I0626 07:41:58.223507       1 schedule_one.go:166] "scheduling algorithm completed" duration ="5.94245ms" pod="default/fastfouriertransform-00001-deployment-5d7bc9c94d-psq28"
I0626 07:41:58.223843       1 schedule_one.go:67] === MON SCHEDULER MODIFIÉ EST EN TRAIN DE TOURNER ===
I0626 07:41:58.229192       1 schedule_one.go:166] "scheduling algorithm completed" duration ="6.753779ms" pod="default/fastfouriertransform-00001-deployment-5d7bc9c94d-949fp"
I0626 07:41:58.231658       1 schedule_one.go:166] "scheduling algorithm completed" duration ="11.398421ms" pod="default/fastfouriertransform-00001-deployment-5d7bc9c94d-wq9j7"
I0626 07:42:00.199025       1 schedule_one.go:67] === MON SCHEDULER MODIFIÉ EST EN TRAIN DE TOURNER ===
I0626 07:42:00.202110       1 schedule_one.go:67] === MON SCHEDULER MODIFIÉ EST EN TRAIN DE TOURNER ===
I0626 07:42:00.203424       1 schedule_one.go:166] "scheduling algorithm completed" duration ="5.136621ms" pod="default/fastfouriertransform-00001-deployment-5d7bc9c94d-cj45l"
I0626 07:42:00.205652       1 schedule_one.go:67] === MON SCHEDULER MODIFIÉ EST EN TRAIN DE TOURNER ===
I0626 07:42:00.206223       1 schedule_one.go:166] "scheduling algorithm completed" duration ="5.216677ms" pod="default/fastfouriertransform-00001-deployment-5d7bc9c94d-cfljp"
I0626 07:42:00.208237       1 schedule_one.go:67] === MON SCHEDULER MODIFIÉ EST EN TRAIN DE TOURNER ===
I0626 07:42:00.213346       1 schedule_one.go:166] "scheduling algorithm completed" duration ="11.032609ms" pod="default/fastfouriertransform-00001-deployment-5d7bc9c94d-8nn25"
I0626 07:42:00.214074       1 schedule_one.go:166] "scheduling algorithm completed" duration ="8.382585ms" pod="default/fastfouriertransform-00001-deployment-5d7bc9c94d-f98xj"
