I0604 07:25:31.854508       1 serving.go:386] Generated self-signed cert in-memory
W0604 07:25:31.855160       1 client_config.go:683] Neither --kubeconfig nor --master was specified.  Using the inClusterConfig.  This might not work.
I0604 07:25:31.877905       1 scheduler.go:283] ===  SCHEDULer New  ===
I0604 07:25:31.882111       1 scheduler.go:457] "fonction New() construit le scheduler, mais ne commence pas à scheduler les pods, c'est la fonction Run() qui commence le scheduling des pods." duration ="4.173429ms"
I0604 07:25:31.883975       1 server.go:175] "Starting Kubernetes Scheduler" version="v0.0.0-master+$Format:%H$"
I0604 07:25:31.883990       1 server.go:177] "Golang settings" GOGC="" GOMAXPROCS="" GOTRACEBACK=""
I0604 07:25:31.890294       1 requestheader_controller.go:180] Starting RequestHeaderAuthRequestController
I0604 07:25:31.890317       1 shared_informer.go:375] "Waiting for caches to sync"
I0604 07:25:31.890357       1 configmap_cafile_content.go:205] "Starting controller" name="client-ca::kube-system::extension-apiserver-authentication::client-ca-file"
I0604 07:25:31.890367       1 shared_informer.go:375] "Waiting for caches to sync"
I0604 07:25:31.890444       1 configmap_cafile_content.go:205] "Starting controller" name="client-ca::kube-system::extension-apiserver-authentication::requestheader-client-ca-file"
I0604 07:25:31.890457       1 shared_informer.go:375] "Waiting for caches to sync"
I0604 07:25:31.890519       1 secure_serving.go:211] Serving securely on [::]:10259
I0604 07:25:31.890599       1 tlsconfig.go:243] "Starting DynamicServingCertificateController"
I0604 07:25:31.990413       1 shared_informer.go:382] "Caches are synced"
I0604 07:25:31.990708       1 shared_informer.go:382] "Caches are synced"
I0604 07:25:31.991271       1 shared_informer.go:382] "Caches are synced"
I0604 07:25:32.190867       1 scheduler.go:542] ===  SCHEDULing RUN ===
I0604 07:25:32.190928       1 schedule_one.go:67] === MON SCHEDULER MODIFIÉ EST EN TRAIN DE TOURNER ===
I0604 07:27:23.741030       1 schedule_one.go:67] === MON SCHEDULER MODIFIÉ EST EN TRAIN DE TOURNER ===
I0604 07:27:23.741850       1 schedule_one.go:67] === MON SCHEDULER MODIFIÉ EST EN TRAIN DE TOURNER ===
I0604 07:27:23.747260       1 schedule_one.go:166] "scheduling algorithm completed" duration ="8.715711ms" pod="default/fastfouriertransform-00001-deployment-78d877fd9c-f924s"
I0604 07:27:23.747605       1 schedule_one.go:166] "scheduling algorithm completed" duration ="6.527404ms" pod="default/genmatrix-00001-deployment-5444456b78-2cnlm"
I0604 07:27:25.037266       1 schedule_one.go:67] === MON SCHEDULER MODIFIÉ EST EN TRAIN DE TOURNER ===
I0604 07:27:25.041207       1 schedule_one.go:166] "scheduling algorithm completed" duration ="4.659376ms" pod="default/fetchdata-00001-deployment-759f5b8c55-wvc6l"
I0604 07:27:27.038619       1 schedule_one.go:67] === MON SCHEDULER MODIFIÉ EST EN TRAIN DE TOURNER ===
I0604 07:27:27.067701       1 schedule_one.go:166] "scheduling algorithm completed" duration ="29.943929ms" pod="default/linpack-00001-deployment-6d74694468-lntqm"
I0604 07:27:37.044440       1 schedule_one.go:67] === MON SCHEDULER MODIFIÉ EST EN TRAIN DE TOURNER ===
I0604 07:27:37.049011       1 schedule_one.go:166] "scheduling algorithm completed" duration ="5.32799ms" pod="default/matrixmul-00001-deployment-78f7668cf4-hq99q"
I0604 08:03:20.616049       1 schedule_one.go:67] === MON SCHEDULER MODIFIÉ EST EN TRAIN DE TOURNER ===
I0604 08:03:20.624790       1 schedule_one.go:166] "scheduling algorithm completed" duration ="9.646083ms" pod="default/fastfouriertransform-00001-deployment-78d877fd9c-pzz9h"
I0604 08:03:21.522387       1 schedule_one.go:67] === MON SCHEDULER MODIFIÉ EST EN TRAIN DE TOURNER ===
I0604 08:03:21.528121       1 schedule_one.go:166] "scheduling algorithm completed" duration ="6.458531ms" pod="default/genmatrix-00001-deployment-5444456b78-6krgf"
I0604 08:03:22.522101       1 schedule_one.go:67] === MON SCHEDULER MODIFIÉ EST EN TRAIN DE TOURNER ===
I0604 08:03:22.527453       1 schedule_one.go:166] "scheduling algorithm completed" duration ="6.246252ms" pod="default/fetchdata-00001-deployment-759f5b8c55-4csxl"
I0604 08:03:24.519950       1 schedule_one.go:67] === MON SCHEDULER MODIFIÉ EST EN TRAIN DE TOURNER ===
I0604 08:03:24.524525       1 schedule_one.go:166] "scheduling algorithm completed" duration ="5.35434ms" pod="default/linpack-00001-deployment-6d74694468-b4ccv"
I0604 08:03:35.520301       1 schedule_one.go:67] === MON SCHEDULER MODIFIÉ EST EN TRAIN DE TOURNER ===
I0604 08:03:35.525519       1 schedule_one.go:166] "scheduling algorithm completed" duration ="6.262864ms" pod="default/matrixmul-00001-deployment-78f7668cf4-nzbmx"
