I0520 10:44:21.911670       1 serving.go:386] Generated self-signed cert in-memory
W0520 10:44:21.912287       1 client_config.go:683] Neither --kubeconfig nor --master was specified.  Using the inClusterConfig.  This might not work.
I0520 10:44:21.936533       1 scheduler.go:283] ===  SCHEDULer New  ===
I0520 10:44:21.938042       1 scheduler.go:457] "fonction New() construit le scheduler, mais ne commence pas à scheduler les pods, c'est la fonction Run() qui commence le scheduling des pods." duration ="1.481057ms"
I0520 10:44:21.940400       1 server.go:175] "Starting Kubernetes Scheduler" version="v0.0.0-master+$Format:%H$"
I0520 10:44:21.940432       1 server.go:177] "Golang settings" GOGC="" GOMAXPROCS="" GOTRACEBACK=""
I0520 10:44:21.947415       1 requestheader_controller.go:180] Starting RequestHeaderAuthRequestController
I0520 10:44:21.947434       1 shared_informer.go:375] "Waiting for caches to sync"
I0520 10:44:21.947472       1 configmap_cafile_content.go:205] "Starting controller" name="client-ca::kube-system::extension-apiserver-authentication::requestheader-client-ca-file"
I0520 10:44:21.947487       1 shared_informer.go:375] "Waiting for caches to sync"
I0520 10:44:21.947504       1 configmap_cafile_content.go:205] "Starting controller" name="client-ca::kube-system::extension-apiserver-authentication::client-ca-file"
I0520 10:44:21.947532       1 shared_informer.go:375] "Waiting for caches to sync"
I0520 10:44:21.947645       1 secure_serving.go:211] Serving securely on [::]:10259
I0520 10:44:21.947707       1 tlsconfig.go:243] "Starting DynamicServingCertificateController"
I0520 10:44:22.048468       1 shared_informer.go:382] "Caches are synced"
I0520 10:44:22.048640       1 shared_informer.go:382] "Caches are synced"
I0520 10:44:22.048674       1 shared_informer.go:382] "Caches are synced"
I0520 10:44:22.148598       1 scheduler.go:542] ===  SCHEDULing RUN ===
I0520 10:44:22.148660       1 schedule_one.go:67] === MON SCHEDULER MODIFIÉ EST EN TRAIN DE TOURNER ===
I0520 11:01:12.929506       1 schedule_one.go:67] === MON SCHEDULER MODIFIÉ EST EN TRAIN DE TOURNER ===
I0520 11:01:12.930457       1 schedule_one.go:67] === MON SCHEDULER MODIFIÉ EST EN TRAIN DE TOURNER ===
I0520 11:01:12.933727       1 schedule_one.go:166] "scheduling algorithm completed" duration ="6.076505ms" pod="default/mobilenet-00001-deployment-84db65c7f9-tb5gh"
I0520 11:01:12.935310       1 schedule_one.go:166] "scheduling algorithm completed" duration ="5.770524ms" pod="default/resnet-00001-deployment-5697b6d685-dp57l"
I0520 11:01:14.705556       1 schedule_one.go:67] === MON SCHEDULER MODIFIÉ EST EN TRAIN DE TOURNER ===
I0520 11:01:14.712218       1 schedule_one.go:67] === MON SCHEDULER MODIFIÉ EST EN TRAIN DE TOURNER ===
I0520 11:01:14.713318       1 schedule_one.go:67] === MON SCHEDULER MODIFIÉ EST EN TRAIN DE TOURNER ===
I0520 11:01:14.714625       1 schedule_one.go:166] "scheduling algorithm completed" duration ="9.660639ms" pod="default/mobilenet-00001-deployment-84db65c7f9-tzw8l"
I0520 11:01:14.716441       1 schedule_one.go:67] === MON SCHEDULER MODIFIÉ EST EN TRAIN DE TOURNER ===
I0520 11:01:14.717350       1 schedule_one.go:67] === MON SCHEDULER MODIFIÉ EST EN TRAIN DE TOURNER ===
I0520 11:01:14.718579       1 schedule_one.go:67] === MON SCHEDULER MODIFIÉ EST EN TRAIN DE TOURNER ===
I0520 11:01:14.718943       1 schedule_one.go:166] "scheduling algorithm completed" duration ="7.495193ms" pod="default/resnet-00001-deployment-5697b6d685-vksvn"
I0520 11:01:14.723099       1 schedule_one.go:67] === MON SCHEDULER MODIFIÉ EST EN TRAIN DE TOURNER ===
I0520 11:01:14.728000       1 schedule_one.go:166] "scheduling algorithm completed" duration ="15.747367ms" pod="default/mobilenet-00001-deployment-84db65c7f9-hzmw2"
I0520 11:01:14.728393       1 schedule_one.go:67] === MON SCHEDULER MODIFIÉ EST EN TRAIN DE TOURNER ===
I0520 11:01:14.732822       1 schedule_one.go:166] "scheduling algorithm completed" duration ="16.35159ms" pod="default/resnet-00001-deployment-5697b6d685-nvwl4"
I0520 11:01:14.734257       1 schedule_one.go:67] === MON SCHEDULER MODIFIÉ EST EN TRAIN DE TOURNER ===
I0520 11:01:14.736277       1 schedule_one.go:67] === MON SCHEDULER MODIFIÉ EST EN TRAIN DE TOURNER ===
I0520 11:01:14.737616       1 schedule_one.go:166] "scheduling algorithm completed" duration ="22.01628ms" pod="default/mobilenet-00001-deployment-84db65c7f9-pztqc"
I0520 11:01:14.739464       1 schedule_one.go:67] === MON SCHEDULER MODIFIÉ EST EN TRAIN DE TOURNER ===
I0520 11:01:14.740218       1 schedule_one.go:67] === MON SCHEDULER MODIFIÉ EST EN TRAIN DE TOURNER ===
I0520 11:01:14.740975       1 schedule_one.go:166] "scheduling algorithm completed" duration ="23.352596ms" pod="default/resnet-00001-deployment-5697b6d685-sj6bs"
I0520 11:01:14.741039       1 schedule_one.go:166] "scheduling algorithm completed" duration ="18.549907ms" pod="default/mobilenet-00001-deployment-84db65c7f9-jppcd"
I0520 11:01:14.744272       1 schedule_one.go:166] "scheduling algorithm completed" duration ="16.521979ms" pod="default/resnet-00001-deployment-5697b6d685-ccncj"
I0520 11:01:14.747173       1 schedule_one.go:166] "scheduling algorithm completed" duration ="14.193588ms" pod="default/mobilenet-00001-deployment-84db65c7f9-pqg29"
I0520 11:01:14.747229       1 schedule_one.go:166] "scheduling algorithm completed" duration ="9.444861ms" pod="default/resnet-00001-deployment-5697b6d685-tbjgh"
I0520 11:01:14.759029       1 schedule_one.go:166] "scheduling algorithm completed" duration ="23.737356ms" pod="default/resnet-00001-deployment-5697b6d685-kbj85"
I0520 11:01:14.761994       1 schedule_one.go:166] "scheduling algorithm completed" duration ="22.502503ms" pod="default/mobilenet-00001-deployment-84db65c7f9-t9zlp"
I0520 11:01:16.708704       1 schedule_one.go:67] === MON SCHEDULER MODIFIÉ EST EN TRAIN DE TOURNER ===
I0520 11:01:16.711687       1 schedule_one.go:67] === MON SCHEDULER MODIFIÉ EST EN TRAIN DE TOURNER ===
I0520 11:01:16.714619       1 schedule_one.go:166] "scheduling algorithm completed" duration ="6.696506ms" pod="default/mobilenet-00001-deployment-84db65c7f9-7tn64"
I0520 11:01:16.715053       1 schedule_one.go:67] === MON SCHEDULER MODIFIÉ EST EN TRAIN DE TOURNER ===
I0520 11:01:16.718651       1 schedule_one.go:67] === MON SCHEDULER MODIFIÉ EST EN TRAIN DE TOURNER ===
I0520 11:01:16.719654       1 schedule_one.go:67] === MON SCHEDULER MODIFIÉ EST EN TRAIN DE TOURNER ===
I0520 11:01:16.720671       1 schedule_one.go:166] "scheduling algorithm completed" duration ="9.972177ms" pod="default/resnet-00001-deployment-5697b6d685-7wbk2"
I0520 11:01:16.721073       1 schedule_one.go:67] === MON SCHEDULER MODIFIÉ EST EN TRAIN DE TOURNER ===
I0520 11:01:16.722419       1 schedule_one.go:166] "scheduling algorithm completed" duration ="8.112156ms" pod="default/mobilenet-00001-deployment-84db65c7f9-qj7pp"
I0520 11:01:16.725828       1 schedule_one.go:166] "scheduling algorithm completed" duration ="7.806137ms" pod="default/mobilenet-00001-deployment-84db65c7f9-qwm2b"
I0520 11:01:16.726163       1 schedule_one.go:166] "scheduling algorithm completed" duration ="7.187914ms" pod="default/resnet-00001-deployment-5697b6d685-rn5tc"
I0520 11:01:16.726633       1 schedule_one.go:67] === MON SCHEDULER MODIFIÉ EST EN TRAIN DE TOURNER ===
I0520 11:01:16.728215       1 schedule_one.go:166] "scheduling algorithm completed" duration ="7.880934ms" pod="default/resnet-00001-deployment-5697b6d685-n88hm"
I0520 11:01:16.739996       1 schedule_one.go:166] "scheduling algorithm completed" duration ="14.176532ms" pod="default/mobilenet-00001-deployment-84db65c7f9-gq8gr"
I0520 11:01:18.709711       1 schedule_one.go:67] === MON SCHEDULER MODIFIÉ EST EN TRAIN DE TOURNER ===
I0520 11:01:18.720173       1 schedule_one.go:166] "scheduling algorithm completed" duration ="11.441011ms" pod="default/resnet-00001-deployment-5697b6d685-rq5l9"
I0520 11:01:18.720346       1 schedule_one.go:67] === MON SCHEDULER MODIFIÉ EST EN TRAIN DE TOURNER ===
I0520 11:01:18.728072       1 schedule_one.go:67] === MON SCHEDULER MODIFIÉ EST EN TRAIN DE TOURNER ===
I0520 11:01:18.733188       1 schedule_one.go:67] === MON SCHEDULER MODIFIÉ EST EN TRAIN DE TOURNER ===
I0520 11:01:18.741445       1 schedule_one.go:166] "scheduling algorithm completed" duration ="21.962706ms" pod="default/resnet-00001-deployment-5697b6d685-j779l"
I0520 11:01:18.748619       1 schedule_one.go:67] === MON SCHEDULER MODIFIÉ EST EN TRAIN DE TOURNER ===
I0520 11:01:18.749780       1 schedule_one.go:166] "scheduling algorithm completed" duration ="22.677947ms" pod="default/mobilenet-00001-deployment-84db65c7f9-dpwhl"
I0520 11:01:18.750773       1 schedule_one.go:67] === MON SCHEDULER MODIFIÉ EST EN TRAIN DE TOURNER ===
I0520 11:01:18.750870       1 schedule_one.go:166] "scheduling algorithm completed" duration ="18.411054ms" pod="default/resnet-00001-deployment-5697b6d685-hpl8w"
I0520 11:01:18.755263       1 schedule_one.go:166] "scheduling algorithm completed" duration ="8.180526ms" pod="default/resnet-00001-deployment-5697b6d685-s57w5"
I0520 11:01:18.759765       1 schedule_one.go:166] "scheduling algorithm completed" duration ="11.105918ms" pod="default/resnet-00001-deployment-5697b6d685-8sphr"
I0520 11:01:20.704423       1 schedule_one.go:67] === MON SCHEDULER MODIFIÉ EST EN TRAIN DE TOURNER ===
I0520 11:01:20.707869       1 schedule_one.go:67] === MON SCHEDULER MODIFIÉ EST EN TRAIN DE TOURNER ===
I0520 11:01:20.709257       1 schedule_one.go:166] "scheduling algorithm completed" duration ="6.362691ms" pod="default/resnet-00001-deployment-5697b6d685-8b9hr"
I0520 11:01:20.710552       1 schedule_one.go:67] === MON SCHEDULER MODIFIÉ EST EN TRAIN DE TOURNER ===
I0520 11:01:20.713520       1 schedule_one.go:67] === MON SCHEDULER MODIFIÉ EST EN TRAIN DE TOURNER ===
I0520 11:01:20.713570       1 schedule_one.go:166] "scheduling algorithm completed" duration ="6.649099ms" pod="default/resnet-00001-deployment-5697b6d685-7mxg6"
I0520 11:01:20.714427       1 schedule_one.go:67] === MON SCHEDULER MODIFIÉ EST EN TRAIN DE TOURNER ===
I0520 11:01:20.716161       1 schedule_one.go:67] === MON SCHEDULER MODIFIÉ EST EN TRAIN DE TOURNER ===
I0520 11:01:20.716639       1 schedule_one.go:166] "scheduling algorithm completed" duration ="7.734192ms" pod="default/resnet-00001-deployment-5697b6d685-gcnv2"
I0520 11:01:20.720684       1 schedule_one.go:166] "scheduling algorithm completed" duration ="7.115118ms" pod="default/resnet-00001-deployment-5697b6d685-t8x8z"
I0520 11:01:20.722545       1 schedule_one.go:166] "scheduling algorithm completed" duration ="10.129102ms" pod="default/resnet-00001-deployment-5697b6d685-sn98l"
I0520 11:01:20.724961       1 schedule_one.go:166] "scheduling algorithm completed" duration ="9.822176ms" pod="default/resnet-00001-deployment-5697b6d685-5js2v"
I0520 11:01:22.706506       1 schedule_one.go:67] === MON SCHEDULER MODIFIÉ EST EN TRAIN DE TOURNER ===
I0520 11:01:22.712284       1 schedule_one.go:67] === MON SCHEDULER MODIFIÉ EST EN TRAIN DE TOURNER ===
I0520 11:01:22.712843       1 schedule_one.go:166] "scheduling algorithm completed" duration ="7.628841ms" pod="default/resnet-00001-deployment-5697b6d685-jwnnr"
I0520 11:01:22.716198       1 schedule_one.go:67] === MON SCHEDULER MODIFIÉ EST EN TRAIN DE TOURNER ===
I0520 11:01:22.718552       1 schedule_one.go:67] === MON SCHEDULER MODIFIÉ EST EN TRAIN DE TOURNER ===
I0520 11:01:22.720301       1 schedule_one.go:67] === MON SCHEDULER MODIFIÉ EST EN TRAIN DE TOURNER ===
I0520 11:01:22.721793       1 schedule_one.go:166] "scheduling algorithm completed" duration ="11.380937ms" pod="default/resnet-00001-deployment-5697b6d685-vtwwd"
I0520 11:01:22.723363       1 schedule_one.go:166] "scheduling algorithm completed" duration ="11.03501ms" pod="default/resnet-00001-deployment-5697b6d685-89krl"
I0520 11:01:22.726199       1 schedule_one.go:166] "scheduling algorithm completed" duration ="9.941584ms" pod="default/resnet-00001-deployment-5697b6d685-pxwvl"
I0520 11:01:22.728811       1 schedule_one.go:166] "scheduling algorithm completed" duration ="10.18938ms" pod="default/resnet-00001-deployment-5697b6d685-qswlr"
I0520 11:01:24.709790       1 schedule_one.go:67] === MON SCHEDULER MODIFIÉ EST EN TRAIN DE TOURNER ===
I0520 11:01:24.716619       1 schedule_one.go:67] === MON SCHEDULER MODIFIÉ EST EN TRAIN DE TOURNER ===
I0520 11:01:24.716996       1 schedule_one.go:166] "scheduling algorithm completed" duration ="8.071842ms" pod="default/resnet-00001-deployment-5697b6d685-xj65p"
I0520 11:01:24.718872       1 schedule_one.go:67] === MON SCHEDULER MODIFIÉ EST EN TRAIN DE TOURNER ===
I0520 11:01:24.721548       1 schedule_one.go:166] "scheduling algorithm completed" duration ="6.745802ms" pod="default/resnet-00001-deployment-5697b6d685-4npvf"
I0520 11:01:24.725665       1 schedule_one.go:166] "scheduling algorithm completed" duration ="9.005731ms" pod="default/resnet-00001-deployment-5697b6d685-ndl48"
I0520 11:10:49.503866       1 schedule_one.go:67] === MON SCHEDULER MODIFIÉ EST EN TRAIN DE TOURNER ===
I0520 11:10:49.504874       1 schedule_one.go:67] === MON SCHEDULER MODIFIÉ EST EN TRAIN DE TOURNER ===
I0520 11:10:49.509259       1 schedule_one.go:166] "scheduling algorithm completed" duration ="6.698636ms" pod="default/resnet-00001-deployment-5697b6d685-fd5jn"
I0520 11:10:49.512570       1 schedule_one.go:166] "scheduling algorithm completed" duration ="8.67336ms" pod="default/mobilenet-00001-deployment-84db65c7f9-nkkf5"
I0520 11:10:50.701803       1 schedule_one.go:67] === MON SCHEDULER MODIFIÉ EST EN TRAIN DE TOURNER ===
I0520 11:10:50.710077       1 schedule_one.go:67] === MON SCHEDULER MODIFIÉ EST EN TRAIN DE TOURNER ===
I0520 11:10:50.711260       1 schedule_one.go:67] === MON SCHEDULER MODIFIÉ EST EN TRAIN DE TOURNER ===
I0520 11:10:50.711804       1 schedule_one.go:166] "scheduling algorithm completed" duration ="10.541159ms" pod="default/mobilenet-00001-deployment-84db65c7f9-v4tt7"
I0520 11:10:50.714428       1 schedule_one.go:67] === MON SCHEDULER MODIFIÉ EST EN TRAIN DE TOURNER ===
I0520 11:10:50.715087       1 schedule_one.go:166] "scheduling algorithm completed" duration ="4.378912ms" pod="default/mobilenet-00001-deployment-84db65c7f9-5lgjl"
I0520 11:10:50.715383       1 schedule_one.go:67] === MON SCHEDULER MODIFIÉ EST EN TRAIN DE TOURNER ===
I0520 11:10:50.715817       1 schedule_one.go:166] "scheduling algorithm completed" duration ="6.30471ms" pod="default/mobilenet-00001-deployment-84db65c7f9-5gzkk"
I0520 11:10:50.720993       1 schedule_one.go:67] === MON SCHEDULER MODIFIÉ EST EN TRAIN DE TOURNER ===
I0520 11:10:50.721568       1 schedule_one.go:166] "scheduling algorithm completed" duration ="8.057064ms" pod="default/mobilenet-00001-deployment-84db65c7f9-d2hjh"
I0520 11:10:50.722688       1 schedule_one.go:166] "scheduling algorithm completed" duration ="8.232341ms" pod="default/mobilenet-00001-deployment-84db65c7f9-kplfg"
I0520 11:10:50.729130       1 schedule_one.go:67] === MON SCHEDULER MODIFIÉ EST EN TRAIN DE TOURNER ===
I0520 11:10:50.733477       1 schedule_one.go:166] "scheduling algorithm completed" duration ="13.05592ms" pod="default/resnet-00001-deployment-5697b6d685-9z8db"
I0520 11:10:50.733733       1 schedule_one.go:67] === MON SCHEDULER MODIFIÉ EST EN TRAIN DE TOURNER ===
I0520 11:10:50.746505       1 schedule_one.go:67] === MON SCHEDULER MODIFIÉ EST EN TRAIN DE TOURNER ===
I0520 11:10:50.746874       1 schedule_one.go:166] "scheduling algorithm completed" duration ="18.313758ms" pod="default/resnet-00001-deployment-5697b6d685-mptw4"
I0520 11:10:50.747138       1 schedule_one.go:166] "scheduling algorithm completed" duration ="14.033699ms" pod="default/resnet-00001-deployment-5697b6d685-wvgsl"
I0520 11:10:50.757059       1 schedule_one.go:166] "scheduling algorithm completed" duration ="11.08064ms" pod="default/resnet-00001-deployment-5697b6d685-fpp28"
I0520 11:10:52.708328       1 schedule_one.go:67] === MON SCHEDULER MODIFIÉ EST EN TRAIN DE TOURNER ===
I0520 11:10:52.709987       1 schedule_one.go:67] === MON SCHEDULER MODIFIÉ EST EN TRAIN DE TOURNER ===
I0520 11:10:52.713081       1 schedule_one.go:67] === MON SCHEDULER MODIFIÉ EST EN TRAIN DE TOURNER ===
I0520 11:10:52.714956       1 schedule_one.go:166] "scheduling algorithm completed" duration ="8.274674ms" pod="default/mobilenet-00001-deployment-84db65c7f9-nz9dh"
I0520 11:10:52.715805       1 schedule_one.go:67] === MON SCHEDULER MODIFIÉ EST EN TRAIN DE TOURNER ===
I0520 11:10:52.716687       1 schedule_one.go:166] "scheduling algorithm completed" duration ="8.3066ms" pod="default/resnet-00001-deployment-5697b6d685-dczb4"
I0520 11:10:52.716969       1 schedule_one.go:67] === MON SCHEDULER MODIFIÉ EST EN TRAIN DE TOURNER ===
I0520 11:10:52.718750       1 schedule_one.go:67] === MON SCHEDULER MODIFIÉ EST EN TRAIN DE TOURNER ===
I0520 11:10:52.720256       1 schedule_one.go:166] "scheduling algorithm completed" duration ="8.425212ms" pod="default/mobilenet-00001-deployment-84db65c7f9-ww8np"
I0520 11:10:52.720426       1 schedule_one.go:166] "scheduling algorithm completed" duration ="6.687524ms" pod="default/mobilenet-00001-deployment-84db65c7f9-p84s7"
I0520 11:10:52.722824       1 schedule_one.go:166] "scheduling algorithm completed" duration ="6.986562ms" pod="default/resnet-00001-deployment-5697b6d685-blnpb"
I0520 11:10:52.726301       1 schedule_one.go:166] "scheduling algorithm completed" duration ="8.403934ms" pod="default/resnet-00001-deployment-5697b6d685-rnwmm"
I0520 11:10:52.726543       1 schedule_one.go:67] === MON SCHEDULER MODIFIÉ EST EN TRAIN DE TOURNER ===
I0520 11:10:52.738375       1 schedule_one.go:166] "scheduling algorithm completed" duration ="12.811178ms" pod="default/resnet-00001-deployment-5697b6d685-7gwz8"
I0520 11:10:54.702462       1 schedule_one.go:67] === MON SCHEDULER MODIFIÉ EST EN TRAIN DE TOURNER ===
I0520 11:10:54.705005       1 schedule_one.go:67] === MON SCHEDULER MODIFIÉ EST EN TRAIN DE TOURNER ===
I0520 11:10:54.707694       1 schedule_one.go:67] === MON SCHEDULER MODIFIÉ EST EN TRAIN DE TOURNER ===
I0520 11:10:54.714686       1 schedule_one.go:166] "scheduling algorithm completed" duration ="13.18292ms" pod="default/resnet-00001-deployment-5697b6d685-g6nfn"
I0520 11:10:54.718377       1 schedule_one.go:166] "scheduling algorithm completed" duration ="13.975272ms" pod="default/resnet-00001-deployment-5697b6d685-7szwn"
I0520 11:10:54.723321       1 schedule_one.go:166] "scheduling algorithm completed" duration ="17.483794ms" pod="default/resnet-00001-deployment-5697b6d685-5ftjf"
I0520 11:10:54.726849       1 schedule_one.go:67] === MON SCHEDULER MODIFIÉ EST EN TRAIN DE TOURNER ===
I0520 11:10:54.728298       1 schedule_one.go:67] === MON SCHEDULER MODIFIÉ EST EN TRAIN DE TOURNER ===
I0520 11:10:54.729190       1 schedule_one.go:67] === MON SCHEDULER MODIFIÉ EST EN TRAIN DE TOURNER ===
I0520 11:10:54.730897       1 schedule_one.go:67] === MON SCHEDULER MODIFIÉ EST EN TRAIN DE TOURNER ===
I0520 11:10:54.733154       1 schedule_one.go:166] "scheduling algorithm completed" duration ="7.98123ms" pod="default/resnet-00001-deployment-5697b6d685-tz687"
I0520 11:10:54.734048       1 schedule_one.go:166] "scheduling algorithm completed" duration ="7.160451ms" pod="default/resnet-00001-deployment-5697b6d685-kqhnm"
I0520 11:10:54.737538       1 schedule_one.go:166] "scheduling algorithm completed" duration ="9.134175ms" pod="default/resnet-00001-deployment-5697b6d685-2lsjm"
I0520 11:10:54.739735       1 schedule_one.go:166] "scheduling algorithm completed" duration ="9.658584ms" pod="default/resnet-00001-deployment-5697b6d685-7zxr8"
I0520 11:10:56.730513       1 schedule_one.go:67] === MON SCHEDULER MODIFIÉ EST EN TRAIN DE TOURNER ===
I0520 11:10:56.736644       1 schedule_one.go:166] "scheduling algorithm completed" duration ="6.793469ms" pod="default/resnet-00001-deployment-5697b6d685-4x824"
I0520 11:10:56.740072       1 schedule_one.go:67] === MON SCHEDULER MODIFIÉ EST EN TRAIN DE TOURNER ===
I0520 11:10:56.744504       1 schedule_one.go:67] === MON SCHEDULER MODIFIÉ EST EN TRAIN DE TOURNER ===
I0520 11:10:56.745138       1 schedule_one.go:166] "scheduling algorithm completed" duration ="8.079804ms" pod="default/resnet-00001-deployment-5697b6d685-f4lzj"
I0520 11:10:56.748313       1 schedule_one.go:166] "scheduling algorithm completed" duration ="8.118729ms" pod="default/resnet-00001-deployment-5697b6d685-wsctp"
I0520 11:10:56.754636       1 schedule_one.go:67] === MON SCHEDULER MODIFIÉ EST EN TRAIN DE TOURNER ===
I0520 11:10:56.755922       1 schedule_one.go:67] === MON SCHEDULER MODIFIÉ EST EN TRAIN DE TOURNER ===
I0520 11:10:56.757230       1 schedule_one.go:67] === MON SCHEDULER MODIFIÉ EST EN TRAIN DE TOURNER ===
I0520 11:10:56.761527       1 schedule_one.go:166] "scheduling algorithm completed" duration ="7.715304ms" pod="default/resnet-00001-deployment-5697b6d685-j45nz"
I0520 11:10:56.762809       1 schedule_one.go:166] "scheduling algorithm completed" duration ="7.512285ms" pod="default/resnet-00001-deployment-5697b6d685-jgwpk"
I0520 11:10:56.769526       1 schedule_one.go:67] === MON SCHEDULER MODIFIÉ EST EN TRAIN DE TOURNER ===
I0520 11:10:56.773983       1 schedule_one.go:166] "scheduling algorithm completed" duration ="15.224051ms" pod="default/resnet-00001-deployment-5697b6d685-6pkrt"
I0520 11:10:56.776371       1 schedule_one.go:166] "scheduling algorithm completed" duration ="20.346834ms" pod="default/resnet-00001-deployment-5697b6d685-kt8mw"
I0520 11:10:58.707183       1 schedule_one.go:67] === MON SCHEDULER MODIFIÉ EST EN TRAIN DE TOURNER ===
I0520 11:10:58.710448       1 schedule_one.go:67] === MON SCHEDULER MODIFIÉ EST EN TRAIN DE TOURNER ===
I0520 11:10:58.711811       1 schedule_one.go:67] === MON SCHEDULER MODIFIÉ EST EN TRAIN DE TOURNER ===
I0520 11:10:58.712809       1 schedule_one.go:166] "scheduling algorithm completed" duration ="7.247081ms" pod="default/resnet-00001-deployment-5697b6d685-kffdx"
I0520 11:10:58.714408       1 schedule_one.go:166] "scheduling algorithm completed" duration ="6.078913ms" pod="default/resnet-00001-deployment-5697b6d685-d45h6"
I0520 11:10:58.717017       1 schedule_one.go:67] === MON SCHEDULER MODIFIÉ EST EN TRAIN DE TOURNER ===
I0520 11:10:58.717679       1 schedule_one.go:166] "scheduling algorithm completed" duration ="6.806265ms" pod="default/resnet-00001-deployment-5697b6d685-8pqks"
I0520 11:10:58.720832       1 schedule_one.go:166] "scheduling algorithm completed" duration ="4.540652ms" pod="default/resnet-00001-deployment-5697b6d685-xx5jp"
I0520 11:11:00.704594       1 schedule_one.go:67] === MON SCHEDULER MODIFIÉ EST EN TRAIN DE TOURNER ===
I0520 11:11:00.709774       1 schedule_one.go:166] "scheduling algorithm completed" duration ="6.339913ms" pod="default/resnet-00001-deployment-5697b6d685-2hdbc"
