I0609 12:50:56.999251       1 serving.go:386] Generated self-signed cert in-memory
W0609 12:50:56.999953       1 client_config.go:683] Neither --kubeconfig nor --master was specified.  Using the inClusterConfig.  This might not work.
I0609 12:50:57.019426       1 scheduler.go:283] ===  SCHEDULer New  ===
I0609 12:50:57.021078       1 scheduler.go:457] "fonction New() construit le scheduler, mais ne commence pas à scheduler les pods, c'est la fonction Run() qui commence le scheduling des pods." duration ="1.616352ms"
I0609 12:50:57.023045       1 server.go:175] "Starting Kubernetes Scheduler" version="v0.0.0-master+$Format:%H$"
I0609 12:50:57.023062       1 server.go:177] "Golang settings" GOGC="" GOMAXPROCS="" GOTRACEBACK=""
I0609 12:50:57.027966       1 requestheader_controller.go:180] Starting RequestHeaderAuthRequestController
I0609 12:50:57.027988       1 shared_informer.go:375] "Waiting for caches to sync"
I0609 12:50:57.028013       1 configmap_cafile_content.go:205] "Starting controller" name="client-ca::kube-system::extension-apiserver-authentication::client-ca-file"
I0609 12:50:57.028549       1 shared_informer.go:375] "Waiting for caches to sync"
I0609 12:50:57.028025       1 configmap_cafile_content.go:205] "Starting controller" name="client-ca::kube-system::extension-apiserver-authentication::requestheader-client-ca-file"
I0609 12:50:57.028597       1 shared_informer.go:375] "Waiting for caches to sync"
I0609 12:50:57.028300       1 secure_serving.go:211] Serving securely on [::]:10259
I0609 12:50:57.028314       1 tlsconfig.go:243] "Starting DynamicServingCertificateController"
I0609 12:50:57.729060       1 shared_informer.go:382] "Caches are synced"
I0609 12:50:57.729147       1 shared_informer.go:382] "Caches are synced"
I0609 12:50:57.729155       1 scheduler.go:542] ===  SCHEDULing RUN ===
I0609 12:50:57.729171       1 shared_informer.go:382] "Caches are synced"
I0609 12:50:57.729204       1 schedule_one.go:67] === MON SCHEDULER MODIFIÉ EST EN TRAIN DE TOURNER ===
I0609 12:53:38.736670       1 schedule_one.go:67] === MON SCHEDULER MODIFIÉ EST EN TRAIN DE TOURNER ===
I0609 12:53:38.746604       1 schedule_one.go:166] "scheduling algorithm completed" duration ="11.771038ms" pod="default/fastfouriertransform-00001-deployment-5bb577bc85-gf8jn"
I0609 12:53:40.076477       1 schedule_one.go:67] === MON SCHEDULER MODIFIÉ EST EN TRAIN DE TOURNER ===
I0609 12:53:40.077220       1 schedule_one.go:67] === MON SCHEDULER MODIFIÉ EST EN TRAIN DE TOURNER ===
I0609 12:53:40.087314       1 schedule_one.go:166] "scheduling algorithm completed" duration ="10.73639ms" pod="default/genmatrix-00001-deployment-6774b76f77-rg47m"
I0609 12:53:40.089599       1 schedule_one.go:166] "scheduling algorithm completed" duration ="13.720483ms" pod="default/fetchdata-00001-deployment-66f645596-gcmjg"
I0609 12:53:42.070635       1 schedule_one.go:67] === MON SCHEDULER MODIFIÉ EST EN TRAIN DE TOURNER ===
I0609 12:53:42.085977       1 schedule_one.go:166] "scheduling algorithm completed" duration ="15.96278ms" pod="default/linpack-00001-deployment-5fcdf8b7f7-wr9bw"
I0609 12:53:54.059060       1 schedule_one.go:67] === MON SCHEDULER MODIFIÉ EST EN TRAIN DE TOURNER ===
I0609 12:53:54.066699       1 schedule_one.go:166] "scheduling algorithm completed" duration ="8.197001ms" pod="default/matrixmul-00001-deployment-5cb8b76cf6-rhw7c"
I0609 13:34:05.357586       1 schedule_one.go:67] === MON SCHEDULER MODIFIÉ EST EN TRAIN DE TOURNER ===
I0609 13:34:05.368860       1 schedule_one.go:166] "scheduling algorithm completed" duration ="12.111002ms" pod="default/fastfouriertransform-00001-deployment-5bb577bc85-rdtmh"
I0609 13:34:05.729486       1 schedule_one.go:67] === MON SCHEDULER MODIFIÉ EST EN TRAIN DE TOURNER ===
I0609 13:34:05.734791       1 schedule_one.go:166] "scheduling algorithm completed" duration ="5.794242ms" pod="default/genmatrix-00001-deployment-6774b76f77-xmltj"
I0609 13:34:06.724601       1 schedule_one.go:67] === MON SCHEDULER MODIFIÉ EST EN TRAIN DE TOURNER ===
I0609 13:34:06.734759       1 schedule_one.go:166] "scheduling algorithm completed" duration ="10.690187ms" pod="default/fetchdata-00001-deployment-66f645596-f6zt4"
I0609 13:34:08.723671       1 schedule_one.go:67] === MON SCHEDULER MODIFIÉ EST EN TRAIN DE TOURNER ===
I0609 13:34:08.730767       1 schedule_one.go:166] "scheduling algorithm completed" duration ="7.649039ms" pod="default/linpack-00001-deployment-5fcdf8b7f7-hxfs7"
I0609 13:34:19.723788       1 schedule_one.go:67] === MON SCHEDULER MODIFIÉ EST EN TRAIN DE TOURNER ===
I0609 13:34:19.734814       1 schedule_one.go:166] "scheduling algorithm completed" duration ="10.866279ms" pod="default/matrixmul-00001-deployment-5cb8b76cf6-7kzqw"
