I0520 15:56:32.120745       1 serving.go:386] Generated self-signed cert in-memory
W0520 15:56:32.121451       1 client_config.go:683] Neither --kubeconfig nor --master was specified.  Using the inClusterConfig.  This might not work.
I0520 15:56:32.147311       1 scheduler.go:283] ===  SCHEDULer New  ===
I0520 15:56:32.148993       1 scheduler.go:457] "fonction New() construit le scheduler, mais ne commence pas à scheduler les pods, c'est la fonction Run() qui commence le scheduling des pods." duration ="1.605488ms"
I0520 15:56:32.150885       1 server.go:175] "Starting Kubernetes Scheduler" version="v0.0.0-master+$Format:%H$"
I0520 15:56:32.150899       1 server.go:177] "Golang settings" GOGC="" GOMAXPROCS="" GOTRACEBACK=""
I0520 15:56:32.156944       1 requestheader_controller.go:180] Starting RequestHeaderAuthRequestController
I0520 15:56:32.156959       1 configmap_cafile_content.go:205] "Starting controller" name="client-ca::kube-system::extension-apiserver-authentication::client-ca-file"
I0520 15:56:32.156965       1 shared_informer.go:375] "Waiting for caches to sync"
I0520 15:56:32.156984       1 shared_informer.go:375] "Waiting for caches to sync"
I0520 15:56:32.157002       1 configmap_cafile_content.go:205] "Starting controller" name="client-ca::kube-system::extension-apiserver-authentication::requestheader-client-ca-file"
I0520 15:56:32.157028       1 shared_informer.go:375] "Waiting for caches to sync"
I0520 15:56:32.157188       1 secure_serving.go:211] Serving securely on [::]:10259
I0520 15:56:32.157267       1 tlsconfig.go:243] "Starting DynamicServingCertificateController"
I0520 15:56:32.757385       1 shared_informer.go:382] "Caches are synced"
I0520 15:56:32.757413       1 shared_informer.go:382] "Caches are synced"
I0520 15:56:32.757385       1 shared_informer.go:382] "Caches are synced"
I0520 15:56:32.757645       1 scheduler.go:542] ===  SCHEDULing RUN ===
I0520 15:56:32.757671       1 schedule_one.go:67] === MON SCHEDULER MODIFIÉ EST EN TRAIN DE TOURNER ===
I0520 16:00:24.869316       1 schedule_one.go:67] === MON SCHEDULER MODIFIÉ EST EN TRAIN DE TOURNER ===
I0520 16:00:24.870372       1 schedule_one.go:67] === MON SCHEDULER MODIFIÉ EST EN TRAIN DE TOURNER ===
I0520 16:00:24.874533       1 schedule_one.go:166] "scheduling algorithm completed" duration ="7.976419ms" pod="default/mobilenet-00001-deployment-84db65c7f9-44kgl"
I0520 16:00:24.875957       1 schedule_one.go:166] "scheduling algorithm completed" duration ="6.59571ms" pod="default/resnet-00001-deployment-5697b6d685-ngnlf"
