I0423 11:02:05.023071       1 serving.go:386] Generated self-signed cert in-memory
W0423 11:02:05.023663       1 client_config.go:683] Neither --kubeconfig nor --master was specified.  Using the inClusterConfig.  This might not work.
I0423 11:02:05.048088       1 scheduler.go:283] ===  SCHEDULer New  ===
I0423 11:02:05.050361       1 scheduler.go:457] "fonction New() construit le scheduler, mais ne commence pas à scheduler les pods, c'est la fonction Run() qui commence le scheduling des pods." duration ="2.235853ms"
I0423 11:02:05.053493       1 server.go:175] "Starting Kubernetes Scheduler" version="v0.0.0-master+$Format:%H$"
I0423 11:02:05.053515       1 server.go:177] "Golang settings" GOGC="" GOMAXPROCS="" GOTRACEBACK=""
I0423 11:02:05.060280       1 requestheader_controller.go:180] Starting RequestHeaderAuthRequestController
I0423 11:02:05.060301       1 shared_informer.go:375] "Waiting for caches to sync"
I0423 11:02:05.060342       1 configmap_cafile_content.go:205] "Starting controller" name="client-ca::kube-system::extension-apiserver-authentication::client-ca-file"
I0423 11:02:05.060350       1 shared_informer.go:375] "Waiting for caches to sync"
I0423 11:02:05.060350       1 configmap_cafile_content.go:205] "Starting controller" name="client-ca::kube-system::extension-apiserver-authentication::requestheader-client-ca-file"
I0423 11:02:05.060361       1 shared_informer.go:375] "Waiting for caches to sync"
I0423 11:02:05.060517       1 secure_serving.go:211] Serving securely on [::]:10259
I0423 11:02:05.060582       1 tlsconfig.go:243] "Starting DynamicServingCertificateController"
I0423 11:02:05.261101       1 shared_informer.go:382] "Caches are synced"
I0423 11:02:05.261118       1 shared_informer.go:382] "Caches are synced"
I0423 11:02:05.261112       1 shared_informer.go:382] "Caches are synced"
I0423 11:02:05.261191       1 scheduler.go:542] ===  SCHEDULing RUN ===
I0423 11:02:05.261235       1 schedule_one.go:67] === MON SCHEDULER MODIFIÉ EST EN TRAIN DE TOURNER ===
I0423 11:06:09.164227       1 schedule_one.go:67] === MON SCHEDULER MODIFIÉ EST EN TRAIN DE TOURNER ===
I0423 11:06:09.165437       1 schedule_one.go:67] === MON SCHEDULER MODIFIÉ EST EN TRAIN DE TOURNER ===
I0423 11:06:09.166155       1 schedule_one.go:67] === MON SCHEDULER MODIFIÉ EST EN TRAIN DE TOURNER ===
I0423 11:06:09.167557       1 schedule_one.go:67] === MON SCHEDULER MODIFIÉ EST EN TRAIN DE TOURNER ===
I0423 11:06:09.175829       1 schedule_one.go:166] "scheduling algorithm completed" duration ="11.558413ms" pod="default/fastfouriertransform-00001-deployment-657cc65f49-scfmv"
I0423 11:06:09.175873       1 schedule_one.go:166] "scheduling algorithm completed" duration ="13.849765ms" pod="default/grayscale-00001-deployment-5bdd67fc57-dkg4d"
I0423 11:06:09.177456       1 schedule_one.go:166] "scheduling algorithm completed" duration ="11.983598ms" pod="default/genmatrix-00001-deployment-5df4b84798-4zknq"
I0423 11:06:09.182591       1 schedule_one.go:166] "scheduling algorithm completed" duration ="16.365489ms" pod="default/pagerank-00001-deployment-5868dc586f-97k22"
I0423 11:06:10.120626       1 schedule_one.go:67] === MON SCHEDULER MODIFIÉ EST EN TRAIN DE TOURNER ===
I0423 11:06:10.127103       1 schedule_one.go:67] === MON SCHEDULER MODIFIÉ EST EN TRAIN DE TOURNER ===
I0423 11:06:10.128843       1 schedule_one.go:67] === MON SCHEDULER MODIFIÉ EST EN TRAIN DE TOURNER ===
I0423 11:06:10.130828       1 schedule_one.go:166] "scheduling algorithm completed" duration ="10.984876ms" pod="default/resnet-00001-deployment-58d467dc88-pwjg8"
I0423 11:06:10.131879       1 schedule_one.go:166] "scheduling algorithm completed" duration ="5.781428ms" pod="default/fastfouriertransform-00001-deployment-657cc65f49-9rxs2"
I0423 11:06:10.137458       1 schedule_one.go:166] "scheduling algorithm completed" duration ="9.630283ms" pod="default/resnet-00001-deployment-58d467dc88-jrmg4"
I0423 11:06:10.150823       1 schedule_one.go:67] === MON SCHEDULER MODIFIÉ EST EN TRAIN DE TOURNER ===
I0423 11:06:10.162419       1 schedule_one.go:166] "scheduling algorithm completed" duration ="12.407302ms" pod="default/mobilenet-00001-deployment-799ff7446f-w6dfb"
I0423 11:06:10.222742       1 schedule_one.go:67] === MON SCHEDULER MODIFIÉ EST EN TRAIN DE TOURNER ===
I0423 11:06:10.227241       1 schedule_one.go:166] "scheduling algorithm completed" duration ="6.431892ms" pod="default/fetchdata-00001-deployment-6f7fd5c6-x5ldv"
I0423 11:06:10.419439       1 schedule_one.go:67] === MON SCHEDULER MODIFIÉ EST EN TRAIN DE TOURNER ===
I0423 11:06:10.424529       1 schedule_one.go:166] "scheduling algorithm completed" duration ="6.379651ms" pod="default/graphgen-00001-deployment-6f84b8d49c-sxmt4"
I0423 11:06:10.767254       1 schedule_one.go:67] === MON SCHEDULER MODIFIÉ EST EN TRAIN DE TOURNER ===
I0423 11:06:10.771780       1 schedule_one.go:166] "scheduling algorithm completed" duration ="5.466299ms" pod="default/linpack-00001-deployment-5786f975fd-btxrl"
I0423 11:06:10.966872       1 schedule_one.go:67] === MON SCHEDULER MODIFIÉ EST EN TRAIN DE TOURNER ===
I0423 11:06:10.972205       1 schedule_one.go:166] "scheduling algorithm completed" duration ="5.926688ms" pod="default/matrixmul-00001-deployment-7bd6bb5956-qhq42"
I0423 11:06:12.123019       1 schedule_one.go:67] === MON SCHEDULER MODIFIÉ EST EN TRAIN DE TOURNER ===
I0423 11:06:12.127910       1 schedule_one.go:166] "scheduling algorithm completed" duration ="5.632059ms" pod="default/linpack-00001-deployment-5786f975fd-69947"
I0423 11:06:14.124362       1 schedule_one.go:67] === MON SCHEDULER MODIFIÉ EST EN TRAIN DE TOURNER ===
I0423 11:06:14.128113       1 schedule_one.go:67] === MON SCHEDULER MODIFIÉ EST EN TRAIN DE TOURNER ===
I0423 11:06:14.133296       1 schedule_one.go:166] "scheduling algorithm completed" duration ="9.533894ms" pod="default/graphgen-00001-deployment-6f84b8d49c-njg4z"
I0423 11:06:14.133793       1 schedule_one.go:166] "scheduling algorithm completed" duration ="6.213336ms" pod="default/grayscale-00001-deployment-5bdd67fc57-zzjm2"
I0423 11:06:16.123827       1 schedule_one.go:67] === MON SCHEDULER MODIFIÉ EST EN TRAIN DE TOURNER ===
I0423 11:06:16.127219       1 schedule_one.go:67] === MON SCHEDULER MODIFIÉ EST EN TRAIN DE TOURNER ===
I0423 11:06:16.132523       1 schedule_one.go:166] "scheduling algorithm completed" duration ="9.327227ms" pod="default/grayscale-00001-deployment-5bdd67fc57-s5wgj"
I0423 11:06:16.163369       1 schedule_one.go:67] === MON SCHEDULER MODIFIÉ EST EN TRAIN DE TOURNER ===
I0423 11:06:16.167725       1 schedule_one.go:166] "scheduling algorithm completed" duration ="5.164947ms" pod="default/matrixmul-00001-deployment-7bd6bb5956-x54f8"
I0423 11:06:16.175225       1 schedule_one.go:166] "scheduling algorithm completed" duration ="48.682227ms" pod="default/graphgen-00001-deployment-6f84b8d49c-df6dr"
I0423 11:06:18.120305       1 schedule_one.go:67] === MON SCHEDULER MODIFIÉ EST EN TRAIN DE TOURNER ===
I0423 11:06:18.124974       1 schedule_one.go:166] "scheduling algorithm completed" duration ="5.362318ms" pod="default/grayscale-00001-deployment-5bdd67fc57-dndcz"
I0423 11:06:22.122108       1 schedule_one.go:67] === MON SCHEDULER MODIFIÉ EST EN TRAIN DE TOURNER ===
I0423 11:06:22.127541       1 schedule_one.go:166] "scheduling algorithm completed" duration ="6.100577ms" pod="default/grayscale-00001-deployment-5bdd67fc57-52rkr"
I0423 11:07:28.175397       1 schedule_one.go:67] === MON SCHEDULER MODIFIÉ EST EN TRAIN DE TOURNER ===
I0423 11:07:28.179819       1 schedule_one.go:166] "scheduling algorithm completed" duration ="5.067336ms" pod="default/matrixmul-00001-deployment-7bd6bb5956-l7v97"
I0423 11:07:34.123562       1 schedule_one.go:67] === MON SCHEDULER MODIFIÉ EST EN TRAIN DE TOURNER ===
I0423 11:07:34.128914       1 schedule_one.go:166] "scheduling algorithm completed" duration ="6.000911ms" pod="default/grayscale-00001-deployment-5bdd67fc57-s9hnt"
I0423 11:07:38.121550       1 schedule_one.go:67] === MON SCHEDULER MODIFIÉ EST EN TRAIN DE TOURNER ===
I0423 11:07:38.125827       1 schedule_one.go:166] "scheduling algorithm completed" duration ="4.81115ms" pod="default/grayscale-00001-deployment-5bdd67fc57-gfrwm"
