I0618 15:54:20.528961       1 serving.go:386] Generated self-signed cert in-memory
W0618 15:54:20.529543       1 client_config.go:683] Neither --kubeconfig nor --master was specified.  Using the inClusterConfig.  This might not work.
I0618 15:54:20.553718       1 scheduler.go:283] ===  SCHEDULer New  ===
I0618 15:54:20.555380       1 scheduler.go:457] "fonction New() construit le scheduler, mais ne commence pas à scheduler les pods, c'est la fonction Run() qui commence le scheduling des pods." duration ="1.624833ms"
I0618 15:54:20.557378       1 server.go:175] "Starting Kubernetes Scheduler" version="v0.0.0-master+$Format:%H$"
I0618 15:54:20.557394       1 server.go:177] "Golang settings" GOGC="" GOMAXPROCS="" GOTRACEBACK=""
I0618 15:54:20.563417       1 requestheader_controller.go:180] Starting RequestHeaderAuthRequestController
I0618 15:54:20.563435       1 shared_informer.go:375] "Waiting for caches to sync"
I0618 15:54:20.563468       1 configmap_cafile_content.go:205] "Starting controller" name="client-ca::kube-system::extension-apiserver-authentication::client-ca-file"
I0618 15:54:20.563475       1 configmap_cafile_content.go:205] "Starting controller" name="client-ca::kube-system::extension-apiserver-authentication::requestheader-client-ca-file"
I0618 15:54:20.563491       1 shared_informer.go:375] "Waiting for caches to sync"
I0618 15:54:20.563481       1 shared_informer.go:375] "Waiting for caches to sync"
I0618 15:54:20.563595       1 secure_serving.go:211] Serving securely on [::]:10259
I0618 15:54:20.563662       1 tlsconfig.go:243] "Starting DynamicServingCertificateController"
I0618 15:54:21.164022       1 shared_informer.go:382] "Caches are synced"
I0618 15:54:21.164058       1 shared_informer.go:382] "Caches are synced"
I0618 15:54:21.164203       1 shared_informer.go:382] "Caches are synced"
I0618 15:54:21.164227       1 scheduler.go:542] ===  SCHEDULing RUN ===
I0618 15:54:21.164273       1 schedule_one.go:67] === MON SCHEDULER MODIFIÉ EST EN TRAIN DE TOURNER ===
I0619 07:43:47.706898       1 schedule_one.go:67] === MON SCHEDULER MODIFIÉ EST EN TRAIN DE TOURNER ===
I0619 07:43:47.717413       1 schedule_one.go:67] === MON SCHEDULER MODIFIÉ EST EN TRAIN DE TOURNER ===
I0619 07:43:47.718263       1 schedule_one.go:67] === MON SCHEDULER MODIFIÉ EST EN TRAIN DE TOURNER ===
I0619 07:43:47.718921       1 schedule_one.go:67] === MON SCHEDULER MODIFIÉ EST EN TRAIN DE TOURNER ===
I0619 07:43:47.740545       1 schedule_one.go:166] "scheduling algorithm completed" duration ="23.767479ms" pod="default/fastfouriertransform-00001-deployment-5bb577bc85-7nlpw"
I0619 07:43:47.753828       1 schedule_one.go:166] "scheduling algorithm completed" duration ="36.382967ms" pod="default/fetchdata-00001-deployment-66f645596-n66wv"
I0619 07:43:47.756156       1 schedule_one.go:166] "scheduling algorithm completed" duration ="50.739547ms" pod="default/genmatrix-00001-deployment-6774b76f77-5292c"
I0619 07:43:47.756156       1 schedule_one.go:166] "scheduling algorithm completed" duration ="37.867818ms" pod="default/linpack-00001-deployment-5fcdf8b7f7-9gv7l"
I0619 07:43:49.174599       1 schedule_one.go:67] === MON SCHEDULER MODIFIÉ EST EN TRAIN DE TOURNER ===
I0619 07:43:49.180288       1 schedule_one.go:166] "scheduling algorithm completed" duration ="6.449883ms" pod="default/matrixmul-00001-deployment-5cb8b76cf6-84dnz"
I0619 07:43:51.186796       1 schedule_one.go:67] === MON SCHEDULER MODIFIÉ EST EN TRAIN DE TOURNER ===
I0619 07:43:51.187916       1 schedule_one.go:67] === MON SCHEDULER MODIFIÉ EST EN TRAIN DE TOURNER ===
I0619 07:43:51.193576       1 schedule_one.go:166] "scheduling algorithm completed" duration ="7.344382ms" pod="default/linpack-00001-deployment-5fcdf8b7f7-kddb5"
I0619 07:43:51.210391       1 schedule_one.go:166] "scheduling algorithm completed" duration ="22.940664ms" pod="default/fastfouriertransform-00001-deployment-5bb577bc85-8sqbr"
I0619 07:45:45.417308       1 schedule_one.go:67] === MON SCHEDULER MODIFIÉ EST EN TRAIN DE TOURNER ===
I0619 07:45:45.422247       1 schedule_one.go:166] "scheduling algorithm completed" duration ="5.537477ms" pod="default/linpack-00001-deployment-5fcdf8b7f7-dd84z"
