I0520 12:37:15.589005       1 serving.go:386] Generated self-signed cert in-memory
W0520 12:37:15.589630       1 client_config.go:683] Neither --kubeconfig nor --master was specified.  Using the inClusterConfig.  This might not work.
I0520 12:37:15.615311       1 scheduler.go:283] ===  SCHEDULer New  ===
I0520 12:37:15.617119       1 scheduler.go:457] "fonction New() construit le scheduler, mais ne commence pas à scheduler les pods, c'est la fonction Run() qui commence le scheduling des pods." duration ="1.736186ms"
I0520 12:37:15.619120       1 server.go:175] "Starting Kubernetes Scheduler" version="v0.0.0-master+$Format:%H$"
I0520 12:37:15.619169       1 server.go:177] "Golang settings" GOGC="" GOMAXPROCS="" GOTRACEBACK=""
I0520 12:37:15.626034       1 requestheader_controller.go:180] Starting RequestHeaderAuthRequestController
I0520 12:37:15.626137       1 shared_informer.go:375] "Waiting for caches to sync"
I0520 12:37:15.626121       1 configmap_cafile_content.go:205] "Starting controller" name="client-ca::kube-system::extension-apiserver-authentication::requestheader-client-ca-file"
I0520 12:37:15.626216       1 shared_informer.go:375] "Waiting for caches to sync"
I0520 12:37:15.626248       1 secure_serving.go:211] Serving securely on [::]:10259
I0520 12:37:15.626105       1 configmap_cafile_content.go:205] "Starting controller" name="client-ca::kube-system::extension-apiserver-authentication::client-ca-file"
I0520 12:37:15.627290       1 shared_informer.go:375] "Waiting for caches to sync"
I0520 12:37:15.626313       1 tlsconfig.go:243] "Starting DynamicServingCertificateController"
I0520 12:37:15.826493       1 shared_informer.go:382] "Caches are synced"
I0520 12:37:15.826531       1 scheduler.go:542] ===  SCHEDULing RUN ===
I0520 12:37:15.826493       1 shared_informer.go:382] "Caches are synced"
I0520 12:37:15.826577       1 schedule_one.go:67] === MON SCHEDULER MODIFIÉ EST EN TRAIN DE TOURNER ===
I0520 12:37:15.827772       1 shared_informer.go:382] "Caches are synced"
I0520 12:40:54.756536       1 schedule_one.go:67] === MON SCHEDULER MODIFIÉ EST EN TRAIN DE TOURNER ===
I0520 12:40:54.757874       1 schedule_one.go:67] === MON SCHEDULER MODIFIÉ EST EN TRAIN DE TOURNER ===
I0520 12:40:54.761976       1 schedule_one.go:166] "scheduling algorithm completed" duration ="7.165722ms" pod="default/mobilenet-00001-deployment-84db65c7f9-7tmww"
I0520 12:40:54.763193       1 schedule_one.go:166] "scheduling algorithm completed" duration ="6.064556ms" pod="default/resnet-00001-deployment-5697b6d685-vpx66"
I0520 12:40:56.234127       1 schedule_one.go:67] === MON SCHEDULER MODIFIÉ EST EN TRAIN DE TOURNER ===
I0520 12:40:56.235402       1 schedule_one.go:67] === MON SCHEDULER MODIFIÉ EST EN TRAIN DE TOURNER ===
I0520 12:40:56.237119       1 schedule_one.go:67] === MON SCHEDULER MODIFIÉ EST EN TRAIN DE TOURNER ===
I0520 12:40:56.238525       1 schedule_one.go:67] === MON SCHEDULER MODIFIÉ EST EN TRAIN DE TOURNER ===
I0520 12:40:56.239694       1 schedule_one.go:166] "scheduling algorithm completed" duration ="6.701056ms" pod="default/mobilenet-00001-deployment-84db65c7f9-qsmdf"
I0520 12:40:56.241425       1 schedule_one.go:166] "scheduling algorithm completed" duration ="7.244518ms" pod="default/resnet-00001-deployment-5697b6d685-2gnw7"
I0520 12:40:56.245104       1 schedule_one.go:166] "scheduling algorithm completed" duration ="8.960741ms" pod="default/mobilenet-00001-deployment-84db65c7f9-7g4x8"
I0520 12:40:56.249286       1 schedule_one.go:166] "scheduling algorithm completed" duration ="11.42876ms" pod="default/resnet-00001-deployment-5697b6d685-frjpq"
I0520 12:40:58.234105       1 schedule_one.go:67] === MON SCHEDULER MODIFIÉ EST EN TRAIN DE TOURNER ===
I0520 12:40:58.236607       1 schedule_one.go:67] === MON SCHEDULER MODIFIÉ EST EN TRAIN DE TOURNER ===
I0520 12:40:58.240038       1 schedule_one.go:166] "scheduling algorithm completed" duration ="6.748518ms" pod="default/mobilenet-00001-deployment-84db65c7f9-qsrkg"
I0520 12:40:58.240990       1 schedule_one.go:67] === MON SCHEDULER MODIFIÉ EST EN TRAIN DE TOURNER ===
I0520 12:40:58.242359       1 schedule_one.go:166] "scheduling algorithm completed" duration ="6.647056ms" pod="default/resnet-00001-deployment-5697b6d685-4c8nb"
I0520 12:40:58.244615       1 schedule_one.go:67] === MON SCHEDULER MODIFIÉ EST EN TRAIN DE TOURNER ===
I0520 12:40:58.245984       1 schedule_one.go:67] === MON SCHEDULER MODIFIÉ EST EN TRAIN DE TOURNER ===
I0520 12:40:58.247025       1 schedule_one.go:166] "scheduling algorithm completed" duration ="7.004ms" pod="default/mobilenet-00001-deployment-84db65c7f9-ngbbl"
I0520 12:40:58.250474       1 schedule_one.go:166] "scheduling algorithm completed" duration ="6.892185ms" pod="default/resnet-00001-deployment-5697b6d685-qt46b"
I0520 12:40:58.250963       1 schedule_one.go:166] "scheduling algorithm completed" duration ="6.305352ms" pod="default/resnet-00001-deployment-5697b6d685-q85l5"
I0520 12:41:00.235465       1 schedule_one.go:67] === MON SCHEDULER MODIFIÉ EST EN TRAIN DE TOURNER ===
I0520 12:41:00.239032       1 schedule_one.go:67] === MON SCHEDULER MODIFIÉ EST EN TRAIN DE TOURNER ===
I0520 12:41:00.241325       1 schedule_one.go:67] === MON SCHEDULER MODIFIÉ EST EN TRAIN DE TOURNER ===
I0520 12:41:00.243914       1 schedule_one.go:166] "scheduling algorithm completed" duration ="5.637092ms" pod="default/resnet-00001-deployment-5697b6d685-4z2j4"
I0520 12:41:00.244270       1 schedule_one.go:67] === MON SCHEDULER MODIFIÉ EST EN TRAIN DE TOURNER ===
I0520 12:41:00.245968       1 schedule_one.go:166] "scheduling algorithm completed" duration ="5.468815ms" pod="default/resnet-00001-deployment-5697b6d685-vw9th"
I0520 12:41:00.249591       1 schedule_one.go:166] "scheduling algorithm completed" duration ="6.207075ms" pod="default/resnet-00001-deployment-5697b6d685-wbctb"
I0520 12:41:00.270760       1 schedule_one.go:166] "scheduling algorithm completed" duration ="36.124315ms" pod="default/resnet-00001-deployment-5697b6d685-2n84c"
I0520 12:42:10.262123       1 schedule_one.go:67] === MON SCHEDULER MODIFIÉ EST EN TRAIN DE TOURNER ===
I0520 12:42:10.265301       1 schedule_one.go:67] === MON SCHEDULER MODIFIÉ EST EN TRAIN DE TOURNER ===
I0520 12:42:10.267621       1 schedule_one.go:166] "scheduling algorithm completed" duration ="6.407796ms" pod="default/resnet-00001-deployment-5697b6d685-glbcs"
I0520 12:42:10.270417       1 schedule_one.go:166] "scheduling algorithm completed" duration ="6.019037ms" pod="default/resnet-00001-deployment-5697b6d685-dxwrq"
I0520 12:42:12.233608       1 schedule_one.go:67] === MON SCHEDULER MODIFIÉ EST EN TRAIN DE TOURNER ===
I0520 12:42:12.237915       1 schedule_one.go:67] === MON SCHEDULER MODIFIÉ EST EN TRAIN DE TOURNER ===
I0520 12:42:12.239238       1 schedule_one.go:166] "scheduling algorithm completed" duration ="6.529093ms" pod="default/resnet-00001-deployment-5697b6d685-5rjj9"
I0520 12:42:12.242495       1 schedule_one.go:166] "scheduling algorithm completed" duration ="5.523555ms" pod="default/resnet-00001-deployment-5697b6d685-ns9dr"
I0520 12:42:14.234797       1 schedule_one.go:67] === MON SCHEDULER MODIFIÉ EST EN TRAIN DE TOURNER ===
I0520 12:42:14.240220       1 schedule_one.go:166] "scheduling algorithm completed" duration ="6.210741ms" pod="default/resnet-00001-deployment-5697b6d685-jshhn"
I0520 12:50:38.769739       1 schedule_one.go:67] === MON SCHEDULER MODIFIÉ EST EN TRAIN DE TOURNER ===
I0520 12:50:38.775265       1 schedule_one.go:166] "scheduling algorithm completed" duration ="6.574349ms" pod="default/mobilenet-00001-deployment-84db65c7f9-bjzg8"
I0520 12:50:38.804129       1 schedule_one.go:67] === MON SCHEDULER MODIFIÉ EST EN TRAIN DE TOURNER ===
I0520 12:50:38.807251       1 schedule_one.go:166] "scheduling algorithm completed" duration ="3.90648ms" pod="default/resnet-00001-deployment-5697b6d685-n4z9w"
I0520 12:50:42.236481       1 schedule_one.go:67] === MON SCHEDULER MODIFIÉ EST EN TRAIN DE TOURNER ===
I0520 12:50:42.241022       1 schedule_one.go:166] "scheduling algorithm completed" duration ="5.064257ms" pod="default/mobilenet-00001-deployment-84db65c7f9-fsljh"
I0520 12:50:42.245684       1 schedule_one.go:67] === MON SCHEDULER MODIFIÉ EST EN TRAIN DE TOURNER ===
I0520 12:50:42.249624       1 schedule_one.go:67] === MON SCHEDULER MODIFIÉ EST EN TRAIN DE TOURNER ===
I0520 12:50:42.249949       1 schedule_one.go:166] "scheduling algorithm completed" duration ="4.964739ms" pod="default/resnet-00001-deployment-5697b6d685-vkpww"
I0520 12:50:42.256030       1 schedule_one.go:166] "scheduling algorithm completed" duration ="7.008923ms" pod="default/resnet-00001-deployment-5697b6d685-svfl8"
I0520 12:50:44.245052       1 schedule_one.go:67] === MON SCHEDULER MODIFIÉ EST EN TRAIN DE TOURNER ===
I0520 12:50:44.247745       1 schedule_one.go:67] === MON SCHEDULER MODIFIÉ EST EN TRAIN DE TOURNER ===
I0520 12:50:44.248678       1 schedule_one.go:166] "scheduling algorithm completed" duration ="4.228146ms" pod="default/resnet-00001-deployment-5697b6d685-s56kl"
I0520 12:50:44.251073       1 schedule_one.go:166] "scheduling algorithm completed" duration ="3.844628ms" pod="default/resnet-00001-deployment-5697b6d685-lzqvl"
I0520 12:50:46.239504       1 schedule_one.go:67] === MON SCHEDULER MODIFIÉ EST EN TRAIN DE TOURNER ===
I0520 12:50:46.243675       1 schedule_one.go:67] === MON SCHEDULER MODIFIÉ EST EN TRAIN DE TOURNER ===
I0520 12:50:46.246372       1 schedule_one.go:166] "scheduling algorithm completed" duration ="7.712145ms" pod="default/resnet-00001-deployment-5697b6d685-qjmtd"
I0520 12:50:46.248506       1 schedule_one.go:166] "scheduling algorithm completed" duration ="5.613183ms" pod="default/resnet-00001-deployment-5697b6d685-84wtn"
I0520 12:51:50.704272       1 schedule_one.go:67] === MON SCHEDULER MODIFIÉ EST EN TRAIN DE TOURNER ===
I0520 12:51:50.710325       1 schedule_one.go:166] "scheduling algorithm completed" duration ="6.718237ms" pod="default/resnet-00001-deployment-5697b6d685-8mrp6"
I0520 12:51:52.239872       1 schedule_one.go:67] === MON SCHEDULER MODIFIÉ EST EN TRAIN DE TOURNER ===
I0520 12:51:52.246075       1 schedule_one.go:166] "scheduling algorithm completed" duration ="6.746164ms" pod="default/resnet-00001-deployment-5697b6d685-fnfqv"
I0520 12:51:54.237960       1 schedule_one.go:67] === MON SCHEDULER MODIFIÉ EST EN TRAIN DE TOURNER ===
I0520 12:51:54.242346       1 schedule_one.go:166] "scheduling algorithm completed" duration ="5.10972ms" pod="default/resnet-00001-deployment-5697b6d685-cv6zt"
I0520 13:04:57.309922       1 schedule_one.go:67] === MON SCHEDULER MODIFIÉ EST EN TRAIN DE TOURNER ===
I0520 13:04:57.312270       1 schedule_one.go:67] === MON SCHEDULER MODIFIÉ EST EN TRAIN DE TOURNER ===
I0520 13:04:57.315465       1 schedule_one.go:166] "scheduling algorithm completed" duration ="6.253753ms" pod="default/mobilenet-00001-deployment-84db65c7f9-6vk85"
I0520 13:04:57.319482       1 schedule_one.go:166] "scheduling algorithm completed" duration ="7.785413ms" pod="default/resnet-00001-deployment-5697b6d685-zf24m"
I0520 13:05:00.242659       1 schedule_one.go:67] === MON SCHEDULER MODIFIÉ EST EN TRAIN DE TOURNER ===
I0520 13:05:00.247730       1 schedule_one.go:67] === MON SCHEDULER MODIFIÉ EST EN TRAIN DE TOURNER ===
I0520 13:05:00.248121       1 schedule_one.go:166] "scheduling algorithm completed" duration ="6.25453ms" pod="default/mobilenet-00001-deployment-84db65c7f9-rpf2h"
I0520 13:05:00.249586       1 schedule_one.go:67] === MON SCHEDULER MODIFIÉ EST EN TRAIN DE TOURNER ===
I0520 13:05:00.251612       1 schedule_one.go:67] === MON SCHEDULER MODIFIÉ EST EN TRAIN DE TOURNER ===
I0520 13:05:00.252484       1 schedule_one.go:166] "scheduling algorithm completed" duration ="5.818384ms" pod="default/resnet-00001-deployment-5697b6d685-5p669"
I0520 13:05:00.261567       1 schedule_one.go:166] "scheduling algorithm completed" duration ="10.819623ms" pod="default/resnet-00001-deployment-5697b6d685-hxvp4"
I0520 13:05:00.264578       1 schedule_one.go:166] "scheduling algorithm completed" duration ="16.59397ms" pod="default/mobilenet-00001-deployment-84db65c7f9-8knbs"
I0520 13:05:02.237377       1 schedule_one.go:67] === MON SCHEDULER MODIFIÉ EST EN TRAIN DE TOURNER ===
I0520 13:05:02.241566       1 schedule_one.go:67] === MON SCHEDULER MODIFIÉ EST EN TRAIN DE TOURNER ===
I0520 13:05:02.242363       1 schedule_one.go:166] "scheduling algorithm completed" duration ="5.825476ms" pod="default/resnet-00001-deployment-5697b6d685-f6fql"
I0520 13:05:02.255422       1 schedule_one.go:166] "scheduling algorithm completed" duration ="14.791903ms" pod="default/resnet-00001-deployment-5697b6d685-h5qfz"
I0520 13:05:04.243274       1 schedule_one.go:67] === MON SCHEDULER MODIFIÉ EST EN TRAIN DE TOURNER ===
I0520 13:05:04.247976       1 schedule_one.go:67] === MON SCHEDULER MODIFIÉ EST EN TRAIN DE TOURNER ===
I0520 13:05:04.248258       1 schedule_one.go:166] "scheduling algorithm completed" duration ="5.808235ms" pod="default/resnet-00001-deployment-5697b6d685-sr4qm"
I0520 13:05:04.253710       1 schedule_one.go:166] "scheduling algorithm completed" duration ="6.579343ms" pod="default/resnet-00001-deployment-5697b6d685-mhhch"
I0520 13:06:06.600603       1 schedule_one.go:67] === MON SCHEDULER MODIFIÉ EST EN TRAIN DE TOURNER ===
I0520 13:06:06.605379       1 schedule_one.go:166] "scheduling algorithm completed" duration ="5.464035ms" pod="default/resnet-00001-deployment-5697b6d685-b4655"
I0520 13:06:08.242051       1 schedule_one.go:67] === MON SCHEDULER MODIFIÉ EST EN TRAIN DE TOURNER ===
I0520 13:06:08.246804       1 schedule_one.go:67] === MON SCHEDULER MODIFIÉ EST EN TRAIN DE TOURNER ===
I0520 13:06:08.247671       1 schedule_one.go:166] "scheduling algorithm completed" duration ="6.390716ms" pod="default/resnet-00001-deployment-5697b6d685-7rzk7"
I0520 13:06:08.252447       1 schedule_one.go:166] "scheduling algorithm completed" duration ="6.629216ms" pod="default/resnet-00001-deployment-5697b6d685-fmb4d"
I0520 13:06:10.238699       1 schedule_one.go:67] === MON SCHEDULER MODIFIÉ EST EN TRAIN DE TOURNER ===
I0520 13:06:10.252982       1 schedule_one.go:166] "scheduling algorithm completed" duration ="15.000944ms" pod="default/resnet-00001-deployment-5697b6d685-c82td"
I0520 13:12:12.863466       1 schedule_one.go:67] === MON SCHEDULER MODIFIÉ EST EN TRAIN DE TOURNER ===
I0520 13:12:12.865846       1 schedule_one.go:67] === MON SCHEDULER MODIFIÉ EST EN TRAIN DE TOURNER ===
I0520 13:12:12.869879       1 schedule_one.go:166] "scheduling algorithm completed" duration ="7.15461ms" pod="default/mobilenet-00001-deployment-84db65c7f9-wgmqv"
I0520 13:12:12.871919       1 schedule_one.go:166] "scheduling algorithm completed" duration ="6.956741ms" pod="default/resnet-00001-deployment-5697b6d685-g4dsw"
I0520 13:12:16.251290       1 schedule_one.go:67] === MON SCHEDULER MODIFIÉ EST EN TRAIN DE TOURNER ===
I0520 13:12:16.255919       1 schedule_one.go:166] "scheduling algorithm completed" duration ="5.207042ms" pod="default/mobilenet-00001-deployment-84db65c7f9-m2pqd"
I0520 13:12:16.257300       1 schedule_one.go:67] === MON SCHEDULER MODIFIÉ EST EN TRAIN DE TOURNER ===
I0520 13:12:16.260537       1 schedule_one.go:67] === MON SCHEDULER MODIFIÉ EST EN TRAIN DE TOURNER ===
I0520 13:12:16.263353       1 schedule_one.go:166] "scheduling algorithm completed" duration ="7.615554ms" pod="default/resnet-00001-deployment-5697b6d685-d6xdq"
I0520 13:12:16.265493       1 schedule_one.go:166] "scheduling algorithm completed" duration ="5.50943ms" pod="default/resnet-00001-deployment-5697b6d685-wt42z"
I0520 13:12:18.237655       1 schedule_one.go:67] === MON SCHEDULER MODIFIÉ EST EN TRAIN DE TOURNER ===
I0520 13:12:18.240903       1 schedule_one.go:67] === MON SCHEDULER MODIFIÉ EST EN TRAIN DE TOURNER ===
I0520 13:12:18.241927       1 schedule_one.go:166] "scheduling algorithm completed" duration ="5.08619ms" pod="default/resnet-00001-deployment-5697b6d685-9cc6h"
I0520 13:12:18.245397       1 schedule_one.go:166] "scheduling algorithm completed" duration ="5.347134ms" pod="default/resnet-00001-deployment-5697b6d685-9ltz9"
I0520 13:12:20.236739       1 schedule_one.go:67] === MON SCHEDULER MODIFIÉ EST EN TRAIN DE TOURNER ===
I0520 13:12:20.242112       1 schedule_one.go:166] "scheduling algorithm completed" duration ="6.128762ms" pod="default/resnet-00001-deployment-5697b6d685-hsd6s"
I0520 13:13:24.485484       1 schedule_one.go:67] === MON SCHEDULER MODIFIÉ EST EN TRAIN DE TOURNER ===
I0520 13:13:24.491645       1 schedule_one.go:166] "scheduling algorithm completed" duration ="7.060557ms" pod="default/resnet-00001-deployment-5697b6d685-n2v5v"
I0520 13:13:26.238556       1 schedule_one.go:67] === MON SCHEDULER MODIFIÉ EST EN TRAIN DE TOURNER ===
I0520 13:13:26.244024       1 schedule_one.go:166] "scheduling algorithm completed" duration ="6.317337ms" pod="default/resnet-00001-deployment-5697b6d685-lzz24"
I0520 13:13:28.243898       1 schedule_one.go:67] === MON SCHEDULER MODIFIÉ EST EN TRAIN DE TOURNER ===
I0520 13:13:28.248022       1 schedule_one.go:166] "scheduling algorithm completed" duration ="4.918969ms" pod="default/resnet-00001-deployment-5697b6d685-dz2l9"
