I0708 10:03:37.612091       1 serving.go:386] Generated self-signed cert in-memory
W0708 10:03:37.612786       1 client_config.go:683] Neither --kubeconfig nor --master was specified.  Using the inClusterConfig.  This might not work.
I0708 10:03:37.632084       1 scheduler.go:283] ===  SCHEDULer New  ===
I0708 10:03:37.633552       1 scheduler.go:457] "fonction New() construit le scheduler, mais ne commence pas à scheduler les pods, c'est la fonction Run() qui commence le scheduling des pods." duration ="1.43376ms"
I0708 10:03:37.635455       1 server.go:175] "Starting Kubernetes Scheduler" version="v0.0.0-master+$Format:%H$"
I0708 10:03:37.635475       1 server.go:177] "Golang settings" GOGC="" GOMAXPROCS="" GOTRACEBACK=""
I0708 10:03:37.640094       1 requestheader_controller.go:180] Starting RequestHeaderAuthRequestController
I0708 10:03:37.640115       1 shared_informer.go:375] "Waiting for caches to sync"
I0708 10:03:37.640152       1 configmap_cafile_content.go:205] "Starting controller" name="client-ca::kube-system::extension-apiserver-authentication::client-ca-file"
I0708 10:03:37.640154       1 configmap_cafile_content.go:205] "Starting controller" name="client-ca::kube-system::extension-apiserver-authentication::requestheader-client-ca-file"
I0708 10:03:37.640170       1 shared_informer.go:375] "Waiting for caches to sync"
I0708 10:03:37.640161       1 shared_informer.go:375] "Waiting for caches to sync"
I0708 10:03:37.640697       1 secure_serving.go:211] Serving securely on [::]:10259
I0708 10:03:37.640748       1 tlsconfig.go:243] "Starting DynamicServingCertificateController"
I0708 10:03:37.940968       1 shared_informer.go:382] "Caches are synced"
I0708 10:03:37.940979       1 shared_informer.go:382] "Caches are synced"
I0708 10:03:37.941002       1 scheduler.go:542] ===  SCHEDULing RUN ===
I0708 10:03:37.941039       1 schedule_one.go:67] === MON SCHEDULER MODIFIÉ EST EN TRAIN DE TOURNER ===
I0708 10:03:37.941053       1 shared_informer.go:382] "Caches are synced"
I0708 10:20:02.676234       1 schedule_one.go:67] === MON SCHEDULER MODIFIÉ EST EN TRAIN DE TOURNER ===
I0708 10:20:02.678599       1 schedule_one.go:67] === MON SCHEDULER MODIFIÉ EST EN TRAIN DE TOURNER ===
I0708 10:20:02.692728       1 schedule_one.go:166] "scheduling algorithm completed" duration ="18.424453ms" pod="default/mobilenet-00001-deployment-855b8bc6bc-8m85v"
I0708 10:20:02.700353       1 schedule_one.go:166] "scheduling algorithm completed" duration ="22.597344ms" pod="default/resnet-00001-deployment-5687dd4f7c-qzkz6"
I0708 10:20:05.209178       1 schedule_one.go:67] === MON SCHEDULER MODIFIÉ EST EN TRAIN DE TOURNER ===
I0708 10:20:05.218655       1 schedule_one.go:67] === MON SCHEDULER MODIFIÉ EST EN TRAIN DE TOURNER ===
I0708 10:20:05.229973       1 schedule_one.go:166] "scheduling algorithm completed" duration ="22.147121ms" pod="default/mobilenet-00001-deployment-855b8bc6bc-b4vqf"
I0708 10:20:05.241091       1 schedule_one.go:166] "scheduling algorithm completed" duration ="23.241974ms" pod="default/resnet-00001-deployment-5687dd4f7c-dd8n9"
I0708 10:20:09.176865       1 schedule_one.go:67] === MON SCHEDULER MODIFIÉ EST EN TRAIN DE TOURNER ===
I0708 10:20:09.182216       1 schedule_one.go:166] "scheduling algorithm completed" duration ="6.185336ms" pod="default/resnet-00001-deployment-5687dd4f7c-xvl72"
I0708 10:21:17.419846       1 schedule_one.go:67] === MON SCHEDULER MODIFIÉ EST EN TRAIN DE TOURNER ===
I0708 10:21:17.424761       1 schedule_one.go:166] "scheduling algorithm completed" duration ="5.548744ms" pod="default/resnet-00001-deployment-5687dd4f7c-cqbsp"
I0708 10:22:21.452580       1 schedule_one.go:67] === MON SCHEDULER MODIFIÉ EST EN TRAIN DE TOURNER ===
I0708 10:22:21.459822       1 schedule_one.go:166] "scheduling algorithm completed" duration ="7.930578ms" pod="default/resnet-00001-deployment-5687dd4f7c-9st4q"
I0708 10:22:23.176009       1 schedule_one.go:67] === MON SCHEDULER MODIFIÉ EST EN TRAIN DE TOURNER ===
I0708 10:22:23.183888       1 schedule_one.go:166] "scheduling algorithm completed" duration ="8.805319ms" pod="default/resnet-00001-deployment-5687dd4f7c-glg7q"
