I0422 12:08:40.010276       1 serving.go:386] Generated self-signed cert in-memory
W0422 12:08:40.010892       1 client_config.go:683] Neither --kubeconfig nor --master was specified.  Using the inClusterConfig.  This might not work.
I0422 12:08:40.034773       1 scheduler.go:283] ===  SCHEDULer New  ===
I0422 12:08:40.036240       1 scheduler.go:457] "fonction New() construit le scheduler, mais ne commence pas à scheduler les pods, c'est la fonction Run() qui commence le scheduling des pods." duration ="1.436888ms"
I0422 12:08:40.039682       1 server.go:175] "Starting Kubernetes Scheduler" version="v0.0.0-master+$Format:%H$"
I0422 12:08:40.039713       1 server.go:177] "Golang settings" GOGC="" GOMAXPROCS="" GOTRACEBACK=""
I0422 12:08:40.046646       1 requestheader_controller.go:180] Starting RequestHeaderAuthRequestController
I0422 12:08:40.046665       1 shared_informer.go:375] "Waiting for caches to sync"
I0422 12:08:40.046700       1 configmap_cafile_content.go:205] "Starting controller" name="client-ca::kube-system::extension-apiserver-authentication::requestheader-client-ca-file"
I0422 12:08:40.046706       1 configmap_cafile_content.go:205] "Starting controller" name="client-ca::kube-system::extension-apiserver-authentication::client-ca-file"
I0422 12:08:40.046721       1 shared_informer.go:375] "Waiting for caches to sync"
I0422 12:08:40.046712       1 shared_informer.go:375] "Waiting for caches to sync"
I0422 12:08:40.046949       1 secure_serving.go:211] Serving securely on [::]:10259
I0422 12:08:40.047020       1 tlsconfig.go:243] "Starting DynamicServingCertificateController"
I0422 12:08:40.246833       1 shared_informer.go:382] "Caches are synced"
I0422 12:08:40.246832       1 shared_informer.go:382] "Caches are synced"
I0422 12:08:40.246832       1 shared_informer.go:382] "Caches are synced"
I0422 12:08:40.247067       1 scheduler.go:542] ===  SCHEDULing RUN ===
I0422 12:08:40.247112       1 schedule_one.go:67] === MON SCHEDULER MODIFIÉ EST EN TRAIN DE TOURNER ===
I0422 12:13:17.999521       1 schedule_one.go:67] === MON SCHEDULER MODIFIÉ EST EN TRAIN DE TOURNER ===
I0422 12:13:18.000773       1 schedule_one.go:67] === MON SCHEDULER MODIFIÉ EST EN TRAIN DE TOURNER ===
I0422 12:13:18.006911       1 schedule_one.go:166] "scheduling algorithm completed" duration ="9.5695ms" pod="default/fastfouriertransform-00001-deployment-657cc65f49-q8w6z"
I0422 12:13:18.008087       1 schedule_one.go:166] "scheduling algorithm completed" duration ="8.302814ms" pod="default/grayscale-00001-deployment-5bdd67fc57-wmc7j"
I0422 12:13:19.549413       1 schedule_one.go:67] === MON SCHEDULER MODIFIÉ EST EN TRAIN DE TOURNER ===
I0422 12:13:19.550918       1 schedule_one.go:67] === MON SCHEDULER MODIFIÉ EST EN TRAIN DE TOURNER ===
I0422 12:13:19.559444       1 schedule_one.go:166] "scheduling algorithm completed" duration ="9.53187ms" pod="default/genmatrix-00001-deployment-5df4b84798-p5rhc"
I0422 12:13:19.584530       1 schedule_one.go:67] === MON SCHEDULER MODIFIÉ EST EN TRAIN DE TOURNER ===
I0422 12:13:19.585225       1 schedule_one.go:166] "scheduling algorithm completed" duration ="36.377906ms" pod="default/pagerank-00001-deployment-5868dc586f-q7l9v"
I0422 12:13:19.599857       1 schedule_one.go:166] "scheduling algorithm completed" duration ="15.848629ms" pod="default/resnet-00001-deployment-58d467dc88-c4hh5"
I0422 12:13:19.603959       1 schedule_one.go:67] === MON SCHEDULER MODIFIÉ EST EN TRAIN DE TOURNER ===
I0422 12:13:19.610044       1 schedule_one.go:166] "scheduling algorithm completed" duration ="7.120629ms" pod="default/graphgen-00001-deployment-6f84b8d49c-qzm54"
I0422 12:13:21.540849       1 schedule_one.go:67] === MON SCHEDULER MODIFIÉ EST EN TRAIN DE TOURNER ===
I0422 12:13:21.548227       1 schedule_one.go:67] === MON SCHEDULER MODIFIÉ EST EN TRAIN DE TOURNER ===
I0422 12:13:21.554325       1 schedule_one.go:166] "scheduling algorithm completed" duration ="6.750814ms" pod="default/matrixmul-00001-deployment-7bd6bb5956-tmznm"
I0422 12:13:21.572179       1 schedule_one.go:166] "scheduling algorithm completed" duration ="32.033684ms" pod="default/linpack-00001-deployment-5786f975fd-swbf6"
I0422 12:13:23.544886       1 schedule_one.go:67] === MON SCHEDULER MODIFIÉ EST EN TRAIN DE TOURNER ===
I0422 12:13:23.549373       1 schedule_one.go:166] "scheduling algorithm completed" duration ="5.084444ms" pod="default/mobilenet-00001-deployment-799ff7446f-bwkvs"
I0422 12:13:25.543773       1 schedule_one.go:67] === MON SCHEDULER MODIFIÉ EST EN TRAIN DE TOURNER ===
I0422 12:13:25.549464       1 schedule_one.go:166] "scheduling algorithm completed" duration ="6.53ms" pod="default/fetchdata-00001-deployment-6f7fd5c6-l6lw7"
I0422 12:13:37.545561       1 schedule_one.go:67] === MON SCHEDULER MODIFIÉ EST EN TRAIN DE TOURNER ===
I0422 12:13:37.551051       1 schedule_one.go:166] "scheduling algorithm completed" duration ="6.078407ms" pod="default/grayscale-00001-deployment-5bdd67fc57-fv46j"
I0422 12:15:23.652702       1 schedule_one.go:67] === MON SCHEDULER MODIFIÉ EST EN TRAIN DE TOURNER ===
I0422 12:15:23.657829       1 schedule_one.go:166] "scheduling algorithm completed" duration ="6.146334ms" pod="default/grayscale-00001-deployment-5bdd67fc57-zd7m2"
I0422 12:19:08.174952       1 schedule_one.go:67] === MON SCHEDULER MODIFIÉ EST EN TRAIN DE TOURNER ===
I0422 12:19:08.179889       1 schedule_one.go:166] "scheduling algorithm completed" duration ="5.573797ms" pod="default/grayscale-00001-deployment-5bdd67fc57-ngjkn"
I0422 12:23:58.780903       1 schedule_one.go:67] === MON SCHEDULER MODIFIÉ EST EN TRAIN DE TOURNER ===
I0422 12:23:58.784381       1 schedule_one.go:166] "scheduling algorithm completed" duration ="4.563631ms" pod="default/fastfouriertransform-00001-deployment-657cc65f49-vq94k"
I0422 12:23:58.956967       1 schedule_one.go:67] === MON SCHEDULER MODIFIÉ EST EN TRAIN DE TOURNER ===
I0422 12:23:58.961798       1 schedule_one.go:166] "scheduling algorithm completed" duration ="5.506058ms" pod="default/grayscale-00001-deployment-5bdd67fc57-6pq7f"
I0422 12:23:59.157047       1 schedule_one.go:67] === MON SCHEDULER MODIFIÉ EST EN TRAIN DE TOURNER ===
I0422 12:23:59.161988       1 schedule_one.go:166] "scheduling algorithm completed" duration ="5.643057ms" pod="default/genmatrix-00001-deployment-5df4b84798-2dwbr"
I0422 12:23:59.553486       1 schedule_one.go:67] === MON SCHEDULER MODIFIÉ EST EN TRAIN DE TOURNER ===
I0422 12:23:59.559388       1 schedule_one.go:166] "scheduling algorithm completed" duration ="6.869928ms" pod="default/pagerank-00001-deployment-5868dc586f-zswdv"
I0422 12:23:59.754030       1 schedule_one.go:67] === MON SCHEDULER MODIFIÉ EST EN TRAIN DE TOURNER ===
I0422 12:23:59.758741       1 schedule_one.go:166] "scheduling algorithm completed" duration ="5.567742ms" pod="default/resnet-00001-deployment-58d467dc88-khgfr"
I0422 12:23:59.954057       1 schedule_one.go:67] === MON SCHEDULER MODIFIÉ EST EN TRAIN DE TOURNER ===
I0422 12:23:59.960286       1 schedule_one.go:166] "scheduling algorithm completed" duration ="6.936835ms" pod="default/graphgen-00001-deployment-6f84b8d49c-bq7xp"
I0422 12:24:01.753829       1 schedule_one.go:67] === MON SCHEDULER MODIFIÉ EST EN TRAIN DE TOURNER ===
I0422 12:24:01.758500       1 schedule_one.go:166] "scheduling algorithm completed" duration ="5.297261ms" pod="default/matrixmul-00001-deployment-7bd6bb5956-ndqgb"
I0422 12:24:02.755048       1 schedule_one.go:67] === MON SCHEDULER MODIFIÉ EST EN TRAIN DE TOURNER ===
I0422 12:24:02.759269       1 schedule_one.go:166] "scheduling algorithm completed" duration ="4.875557ms" pod="default/linpack-00001-deployment-5786f975fd-hkpkt"
I0422 12:24:03.355596       1 schedule_one.go:67] === MON SCHEDULER MODIFIÉ EST EN TRAIN DE TOURNER ===
I0422 12:24:03.360408       1 schedule_one.go:166] "scheduling algorithm completed" duration ="5.336761ms" pod="default/mobilenet-00001-deployment-799ff7446f-ddjx6"
I0422 12:24:06.556165       1 schedule_one.go:67] === MON SCHEDULER MODIFIÉ EST EN TRAIN DE TOURNER ===
I0422 12:24:06.560970       1 schedule_one.go:166] "scheduling algorithm completed" duration ="5.766076ms" pod="default/fetchdata-00001-deployment-6f7fd5c6-67kvx"
I0422 12:24:15.545608       1 schedule_one.go:67] === MON SCHEDULER MODIFIÉ EST EN TRAIN DE TOURNER ===
I0422 12:24:15.550699       1 schedule_one.go:166] "scheduling algorithm completed" duration ="5.846279ms" pod="default/grayscale-00001-deployment-5bdd67fc57-kmvn2"
I0422 12:25:41.559077       1 schedule_one.go:67] === MON SCHEDULER MODIFIÉ EST EN TRAIN DE TOURNER ===
I0422 12:25:41.563882       1 schedule_one.go:166] "scheduling algorithm completed" duration ="5.745816ms" pod="default/grayscale-00001-deployment-5bdd67fc57-4tb2c"
I0422 12:29:49.565134       1 schedule_one.go:67] === MON SCHEDULER MODIFIÉ EST EN TRAIN DE TOURNER ===
I0422 12:29:49.570263       1 schedule_one.go:166] "scheduling algorithm completed" duration ="6.033872ms" pod="default/grayscale-00001-deployment-5bdd67fc57-4qtk7"
I0422 12:36:26.464542       1 schedule_one.go:67] === MON SCHEDULER MODIFIÉ EST EN TRAIN DE TOURNER ===
I0422 12:36:26.470274       1 schedule_one.go:166] "scheduling algorithm completed" duration ="6.750753ms" pod="default/fastfouriertransform-00001-deployment-657cc65f49-hhzgs"
I0422 12:36:26.477655       1 schedule_one.go:67] === MON SCHEDULER MODIFIÉ EST EN TRAIN DE TOURNER ===
I0422 12:36:26.486601       1 schedule_one.go:166] "scheduling algorithm completed" duration ="9.703006ms" pod="default/grayscale-00001-deployment-5bdd67fc57-s2cj4"
I0422 12:36:26.673385       1 schedule_one.go:67] === MON SCHEDULER MODIFIÉ EST EN TRAIN DE TOURNER ===
I0422 12:36:26.676726       1 schedule_one.go:166] "scheduling algorithm completed" duration ="3.883351ms" pod="default/genmatrix-00001-deployment-5df4b84798-9fdrf"
I0422 12:36:27.077030       1 schedule_one.go:67] === MON SCHEDULER MODIFIÉ EST EN TRAIN DE TOURNER ===
I0422 12:36:27.082595       1 schedule_one.go:166] "scheduling algorithm completed" duration ="6.090602ms" pod="default/pagerank-00001-deployment-5868dc586f-gh8sv"
I0422 12:36:27.272657       1 schedule_one.go:67] === MON SCHEDULER MODIFIÉ EST EN TRAIN DE TOURNER ===
I0422 12:36:27.277408       1 schedule_one.go:166] "scheduling algorithm completed" duration ="5.308431ms" pod="default/resnet-00001-deployment-58d467dc88-ckk8r"
I0422 12:36:27.475468       1 schedule_one.go:67] === MON SCHEDULER MODIFIÉ EST EN TRAIN DE TOURNER ===
I0422 12:36:27.478813       1 schedule_one.go:166] "scheduling algorithm completed" duration ="3.943925ms" pod="default/graphgen-00001-deployment-6f84b8d49c-zwnzg"
I0422 12:36:29.275839       1 schedule_one.go:67] === MON SCHEDULER MODIFIÉ EST EN TRAIN DE TOURNER ===
I0422 12:36:29.282704       1 schedule_one.go:166] "scheduling algorithm completed" duration ="7.503608ms" pod="default/matrixmul-00001-deployment-7bd6bb5956-2wvmt"
I0422 12:36:30.273189       1 schedule_one.go:67] === MON SCHEDULER MODIFIÉ EST EN TRAIN DE TOURNER ===
I0422 12:36:30.278335       1 schedule_one.go:166] "scheduling algorithm completed" duration ="5.831823ms" pod="default/linpack-00001-deployment-5786f975fd-xr2jn"
I0422 12:36:30.870246       1 schedule_one.go:67] === MON SCHEDULER MODIFIÉ EST EN TRAIN DE TOURNER ===
I0422 12:36:30.876157       1 schedule_one.go:166] "scheduling algorithm completed" duration ="6.466602ms" pod="default/mobilenet-00001-deployment-799ff7446f-hjsv9"
I0422 12:36:34.073573       1 schedule_one.go:67] === MON SCHEDULER MODIFIÉ EST EN TRAIN DE TOURNER ===
I0422 12:36:34.078020       1 schedule_one.go:166] "scheduling algorithm completed" duration ="5.442431ms" pod="default/fetchdata-00001-deployment-6f7fd5c6-txj4g"
I0422 12:36:41.545024       1 schedule_one.go:67] === MON SCHEDULER MODIFIÉ EST EN TRAIN DE TOURNER ===
I0422 12:36:41.550108       1 schedule_one.go:166] "scheduling algorithm completed" duration ="5.884378ms" pod="default/grayscale-00001-deployment-5bdd67fc57-g69pz"
I0422 12:38:34.147010       1 schedule_one.go:67] === MON SCHEDULER MODIFIÉ EST EN TRAIN DE TOURNER ===
I0422 12:38:34.151235       1 schedule_one.go:166] "scheduling algorithm completed" duration ="5.10376ms" pod="default/grayscale-00001-deployment-5bdd67fc57-qkdgd"
I0422 12:38:39.542494       1 schedule_one.go:67] === MON SCHEDULER MODIFIÉ EST EN TRAIN DE TOURNER ===
I0422 12:38:39.546998       1 schedule_one.go:166] "scheduling algorithm completed" duration ="5.377057ms" pod="default/grayscale-00001-deployment-5bdd67fc57-zprsf"
I0422 12:42:17.596363       1 schedule_one.go:67] === MON SCHEDULER MODIFIÉ EST EN TRAIN DE TOURNER ===
I0422 12:42:17.602081       1 schedule_one.go:166] "scheduling algorithm completed" duration ="6.702611ms" pod="default/grayscale-00001-deployment-5bdd67fc57-lrjjt"
I0422 12:47:24.034741       1 schedule_one.go:67] === MON SCHEDULER MODIFIÉ EST EN TRAIN DE TOURNER ===
I0422 12:47:24.041269       1 schedule_one.go:166] "scheduling algorithm completed" duration ="7.541367ms" pod="default/fastfouriertransform-00001-deployment-657cc65f49-dsh55"
I0422 12:47:24.048108       1 schedule_one.go:67] === MON SCHEDULER MODIFIÉ EST EN TRAIN DE TOURNER ===
I0422 12:47:24.054694       1 schedule_one.go:166] "scheduling algorithm completed" duration ="7.310459ms" pod="default/grayscale-00001-deployment-5bdd67fc57-2b982"
I0422 12:47:24.241058       1 schedule_one.go:67] === MON SCHEDULER MODIFIÉ EST EN TRAIN DE TOURNER ===
I0422 12:47:24.245967       1 schedule_one.go:166] "scheduling algorithm completed" duration ="5.536882ms" pod="default/genmatrix-00001-deployment-5df4b84798-8ldl7"
I0422 12:47:24.644024       1 schedule_one.go:67] === MON SCHEDULER MODIFIÉ EST EN TRAIN DE TOURNER ===
I0422 12:47:24.648465       1 schedule_one.go:166] "scheduling algorithm completed" duration ="5.342419ms" pod="default/pagerank-00001-deployment-5868dc586f-ffllz"
I0422 12:47:24.842960       1 schedule_one.go:67] === MON SCHEDULER MODIFIÉ EST EN TRAIN DE TOURNER ===
I0422 12:47:24.847448       1 schedule_one.go:166] "scheduling algorithm completed" duration ="5.294937ms" pod="default/resnet-00001-deployment-58d467dc88-nx278"
I0422 12:47:25.043991       1 schedule_one.go:67] === MON SCHEDULER MODIFIÉ EST EN TRAIN DE TOURNER ===
I0422 12:47:25.047781       1 schedule_one.go:166] "scheduling algorithm completed" duration ="4.541639ms" pod="default/graphgen-00001-deployment-6f84b8d49c-7w8dq"
I0422 12:47:26.845140       1 schedule_one.go:67] === MON SCHEDULER MODIFIÉ EST EN TRAIN DE TOURNER ===
I0422 12:47:26.850293       1 schedule_one.go:166] "scheduling algorithm completed" duration ="5.914604ms" pod="default/matrixmul-00001-deployment-7bd6bb5956-snrjd"
I0422 12:47:27.844649       1 schedule_one.go:67] === MON SCHEDULER MODIFIÉ EST EN TRAIN DE TOURNER ===
I0422 12:47:27.851884       1 schedule_one.go:166] "scheduling algorithm completed" duration ="7.865165ms" pod="default/linpack-00001-deployment-5786f975fd-267fk"
I0422 12:47:28.450695       1 schedule_one.go:67] === MON SCHEDULER MODIFIÉ EST EN TRAIN DE TOURNER ===
I0422 12:47:28.454812       1 schedule_one.go:166] "scheduling algorithm completed" duration ="4.759399ms" pod="default/mobilenet-00001-deployment-799ff7446f-8sffs"
I0422 12:47:31.564078       1 schedule_one.go:67] === MON SCHEDULER MODIFIÉ EST EN TRAIN DE TOURNER ===
I0422 12:47:31.569609       1 schedule_one.go:166] "scheduling algorithm completed" duration ="6.101568ms" pod="default/resnet-00001-deployment-58d467dc88-mtkvw"
I0422 12:47:31.644651       1 schedule_one.go:67] === MON SCHEDULER MODIFIÉ EST EN TRAIN DE TOURNER ===
I0422 12:47:31.648754       1 schedule_one.go:166] "scheduling algorithm completed" duration ="4.721529ms" pod="default/fetchdata-00001-deployment-6f7fd5c6-hwwc9"
I0422 12:47:43.554283       1 schedule_one.go:67] === MON SCHEDULER MODIFIÉ EST EN TRAIN DE TOURNER ===
I0422 12:47:43.560086       1 schedule_one.go:166] "scheduling algorithm completed" duration ="6.708218ms" pod="default/grayscale-00001-deployment-5bdd67fc57-k5gw7"
I0422 12:49:31.858805       1 schedule_one.go:67] === MON SCHEDULER MODIFIÉ EST EN TRAIN DE TOURNER ===
I0422 12:49:31.864770       1 schedule_one.go:166] "scheduling algorithm completed" duration ="6.88668ms" pod="default/grayscale-00001-deployment-5bdd67fc57-zlvjt"
I0422 12:49:35.545347       1 schedule_one.go:67] === MON SCHEDULER MODIFIÉ EST EN TRAIN DE TOURNER ===
I0422 12:49:35.549776       1 schedule_one.go:166] "scheduling algorithm completed" duration ="6.451901ms" pod="default/grayscale-00001-deployment-5bdd67fc57-rks9s"
I0422 12:53:15.586122       1 schedule_one.go:67] === MON SCHEDULER MODIFIÉ EST EN TRAIN DE TOURNER ===
I0422 12:53:15.598162       1 schedule_one.go:166] "scheduling algorithm completed" duration ="13.065354ms" pod="default/grayscale-00001-deployment-5bdd67fc57-wh4cc"
I0422 13:00:24.171657       1 schedule_one.go:67] === MON SCHEDULER MODIFIÉ EST EN TRAIN DE TOURNER ===
I0422 13:00:24.176305       1 schedule_one.go:166] "scheduling algorithm completed" duration ="5.618415ms" pod="default/fastfouriertransform-00001-deployment-657cc65f49-g5f5m"
I0422 13:00:24.183025       1 schedule_one.go:67] === MON SCHEDULER MODIFIÉ EST EN TRAIN DE TOURNER ===
I0422 13:00:24.188436       1 schedule_one.go:166] "scheduling algorithm completed" duration ="6.265453ms" pod="default/grayscale-00001-deployment-5bdd67fc57-kxvx6"
I0422 13:00:24.393383       1 schedule_one.go:67] === MON SCHEDULER MODIFIÉ EST EN TRAIN DE TOURNER ===
I0422 13:00:24.398383       1 schedule_one.go:166] "scheduling algorithm completed" duration ="5.66823ms" pod="default/genmatrix-00001-deployment-5df4b84798-zqr6h"
I0422 13:00:24.786950       1 schedule_one.go:67] === MON SCHEDULER MODIFIÉ EST EN TRAIN DE TOURNER ===
I0422 13:00:24.791380       1 schedule_one.go:166] "scheduling algorithm completed" duration ="5.199636ms" pod="default/pagerank-00001-deployment-5868dc586f-bmt2c"
I0422 13:00:24.987570       1 schedule_one.go:67] === MON SCHEDULER MODIFIÉ EST EN TRAIN DE TOURNER ===
I0422 13:00:24.992662       1 schedule_one.go:166] "scheduling algorithm completed" duration ="5.846434ms" pod="default/resnet-00001-deployment-58d467dc88-gtsr7"
I0422 13:00:25.185399       1 schedule_one.go:67] === MON SCHEDULER MODIFIÉ EST EN TRAIN DE TOURNER ===
I0422 13:00:25.190488       1 schedule_one.go:166] "scheduling algorithm completed" duration ="5.917804ms" pod="default/graphgen-00001-deployment-6f84b8d49c-pgwpk"
I0422 13:00:27.004321       1 schedule_one.go:67] === MON SCHEDULER MODIFIÉ EST EN TRAIN DE TOURNER ===
I0422 13:00:27.008978       1 schedule_one.go:166] "scheduling algorithm completed" duration ="5.635526ms" pod="default/matrixmul-00001-deployment-7bd6bb5956-nl8lv"
I0422 13:00:27.981289       1 schedule_one.go:67] === MON SCHEDULER MODIFIÉ EST EN TRAIN DE TOURNER ===
I0422 13:00:27.988804       1 schedule_one.go:166] "scheduling algorithm completed" duration ="8.299714ms" pod="default/linpack-00001-deployment-5786f975fd-bppjg"
I0422 13:00:28.585021       1 schedule_one.go:67] === MON SCHEDULER MODIFIÉ EST EN TRAIN DE TOURNER ===
I0422 13:00:28.589482       1 schedule_one.go:166] "scheduling algorithm completed" duration ="5.184969ms" pod="default/mobilenet-00001-deployment-799ff7446f-hs2pj"
I0422 13:00:31.785196       1 schedule_one.go:67] === MON SCHEDULER MODIFIÉ EST EN TRAIN DE TOURNER ===
I0422 13:00:31.790457       1 schedule_one.go:166] "scheduling algorithm completed" duration ="6.032638ms" pod="default/fetchdata-00001-deployment-6f7fd5c6-8tcrj"
I0422 13:02:31.686975       1 schedule_one.go:67] === MON SCHEDULER MODIFIÉ EST EN TRAIN DE TOURNER ===
I0422 13:02:31.692701       1 schedule_one.go:166] "scheduling algorithm completed" duration ="6.629676ms" pod="default/grayscale-00001-deployment-5bdd67fc57-wjlpg"
I0422 13:02:35.545326       1 schedule_one.go:67] === MON SCHEDULER MODIFIÉ EST EN TRAIN DE TOURNER ===
I0422 13:02:35.549701       1 schedule_one.go:166] "scheduling algorithm completed" duration ="4.926858ms" pod="default/grayscale-00001-deployment-5bdd67fc57-r6ghb"
I0422 13:06:14.176557       1 schedule_one.go:67] === MON SCHEDULER MODIFIÉ EST EN TRAIN DE TOURNER ===
I0422 13:06:14.181781       1 schedule_one.go:166] "scheduling algorithm completed" duration ="6.080693ms" pod="default/grayscale-00001-deployment-5bdd67fc57-4ncvb"
I0422 13:16:10.450594       1 schedule_one.go:67] === MON SCHEDULER MODIFIÉ EST EN TRAIN DE TOURNER ===
I0422 13:16:10.456327       1 schedule_one.go:166] "scheduling algorithm completed" duration ="6.693715ms" pod="default/fastfouriertransform-00001-deployment-657cc65f49-dq6lt"
I0422 13:16:10.480317       1 schedule_one.go:67] === MON SCHEDULER MODIFIÉ EST EN TRAIN DE TOURNER ===
I0422 13:16:10.485841       1 schedule_one.go:166] "scheduling algorithm completed" duration ="6.358474ms" pod="default/grayscale-00001-deployment-5bdd67fc57-b9l7l"
I0422 13:16:10.678368       1 schedule_one.go:67] === MON SCHEDULER MODIFIÉ EST EN TRAIN DE TOURNER ===
I0422 13:16:10.683258       1 schedule_one.go:166] "scheduling algorithm completed" duration ="5.591787ms" pod="default/genmatrix-00001-deployment-5df4b84798-pl7pm"
I0422 13:16:11.078983       1 schedule_one.go:67] === MON SCHEDULER MODIFIÉ EST EN TRAIN DE TOURNER ===
I0422 13:16:11.084228       1 schedule_one.go:166] "scheduling algorithm completed" duration ="6.433271ms" pod="default/pagerank-00001-deployment-5868dc586f-x4gq4"
I0422 13:16:11.291471       1 schedule_one.go:67] === MON SCHEDULER MODIFIÉ EST EN TRAIN DE TOURNER ===
I0422 13:16:11.296393       1 schedule_one.go:166] "scheduling algorithm completed" duration ="5.780917ms" pod="default/resnet-00001-deployment-58d467dc88-8gjkb"
I0422 13:16:11.483642       1 schedule_one.go:67] === MON SCHEDULER MODIFIÉ EST EN TRAIN DE TOURNER ===
I0422 13:16:11.488383       1 schedule_one.go:166] "scheduling algorithm completed" duration ="5.444639ms" pod="default/graphgen-00001-deployment-6f84b8d49c-wlwks"
I0422 13:16:13.273775       1 schedule_one.go:67] === MON SCHEDULER MODIFIÉ EST EN TRAIN DE TOURNER ===
I0422 13:16:13.278862       1 schedule_one.go:166] "scheduling algorithm completed" duration ="5.73351ms" pod="default/matrixmul-00001-deployment-7bd6bb5956-6hrbl"
I0422 13:16:14.278169       1 schedule_one.go:67] === MON SCHEDULER MODIFIÉ EST EN TRAIN DE TOURNER ===
I0422 13:16:14.283096       1 schedule_one.go:166] "scheduling algorithm completed" duration ="5.535176ms" pod="default/linpack-00001-deployment-5786f975fd-67vp6"
I0422 13:16:14.877564       1 schedule_one.go:67] === MON SCHEDULER MODIFIÉ EST EN TRAIN DE TOURNER ===
I0422 13:16:14.882128       1 schedule_one.go:166] "scheduling algorithm completed" duration ="5.165676ms" pod="default/mobilenet-00001-deployment-799ff7446f-8546q"
I0422 13:16:18.079404       1 schedule_one.go:67] === MON SCHEDULER MODIFIÉ EST EN TRAIN DE TOURNER ===
I0422 13:16:18.083347       1 schedule_one.go:166] "scheduling algorithm completed" duration ="6.009381ms" pod="default/fetchdata-00001-deployment-6f7fd5c6-nl9fc"
I0422 13:16:27.546879       1 schedule_one.go:67] === MON SCHEDULER MODIFIÉ EST EN TRAIN DE TOURNER ===
I0422 13:16:27.556828       1 schedule_one.go:166] "scheduling algorithm completed" duration ="11.000648ms" pod="default/grayscale-00001-deployment-5bdd67fc57-kfjng"
I0422 13:17:53.794820       1 schedule_one.go:67] === MON SCHEDULER MODIFIÉ EST EN TRAIN DE TOURNER ===
I0422 13:17:53.798784       1 schedule_one.go:166] "scheduling algorithm completed" duration ="4.943601ms" pod="default/grayscale-00001-deployment-5bdd67fc57-bch26"
I0422 13:22:01.564250       1 schedule_one.go:67] === MON SCHEDULER MODIFIÉ EST EN TRAIN DE TOURNER ===
I0422 13:22:01.568764       1 schedule_one.go:166] "scheduling algorithm completed" duration ="5.509138ms" pod="default/grayscale-00001-deployment-5bdd67fc57-psblq"
I0422 13:30:50.363360       1 schedule_one.go:67] === MON SCHEDULER MODIFIÉ EST EN TRAIN DE TOURNER ===
I0422 13:30:50.383112       1 schedule_one.go:166] "scheduling algorithm completed" duration ="20.691787ms" pod="default/fastfouriertransform-00001-deployment-657cc65f49-2q2r9"
I0422 13:30:50.539850       1 schedule_one.go:67] === MON SCHEDULER MODIFIÉ EST EN TRAIN DE TOURNER ===
I0422 13:30:50.545044       1 schedule_one.go:166] "scheduling algorithm completed" duration ="5.914582ms" pod="default/grayscale-00001-deployment-5bdd67fc57-fkvrd"
I0422 13:30:50.732809       1 schedule_one.go:67] === MON SCHEDULER MODIFIÉ EST EN TRAIN DE TOURNER ===
I0422 13:30:50.737868       1 schedule_one.go:166] "scheduling algorithm completed" duration ="5.77323ms" pod="default/genmatrix-00001-deployment-5df4b84798-jtp96"
I0422 13:30:51.136918       1 schedule_one.go:67] === MON SCHEDULER MODIFIÉ EST EN TRAIN DE TOURNER ===
I0422 13:30:51.141893       1 schedule_one.go:166] "scheduling algorithm completed" duration ="5.85136ms" pod="default/pagerank-00001-deployment-5868dc586f-js5f2"
I0422 13:30:51.335080       1 schedule_one.go:67] === MON SCHEDULER MODIFIÉ EST EN TRAIN DE TOURNER ===
I0422 13:30:51.340092       1 schedule_one.go:166] "scheduling algorithm completed" duration ="5.68099ms" pod="default/resnet-00001-deployment-58d467dc88-5gg45"
I0422 13:30:51.540507       1 schedule_one.go:67] === MON SCHEDULER MODIFIÉ EST EN TRAIN DE TOURNER ===
I0422 13:30:51.545931       1 schedule_one.go:166] "scheduling algorithm completed" duration ="6.335657ms" pod="default/graphgen-00001-deployment-6f84b8d49c-fk8n8"
I0422 13:30:53.338270       1 schedule_one.go:67] === MON SCHEDULER MODIFIÉ EST EN TRAIN DE TOURNER ===
I0422 13:30:53.343126       1 schedule_one.go:166] "scheduling algorithm completed" duration ="5.665359ms" pod="default/matrixmul-00001-deployment-7bd6bb5956-h5shb"
I0422 13:30:54.332245       1 schedule_one.go:67] === MON SCHEDULER MODIFIÉ EST EN TRAIN DE TOURNER ===
I0422 13:30:54.337520       1 schedule_one.go:166] "scheduling algorithm completed" duration ="5.857638ms" pod="default/linpack-00001-deployment-5786f975fd-fhlzm"
I0422 13:30:54.935453       1 schedule_one.go:67] === MON SCHEDULER MODIFIÉ EST EN TRAIN DE TOURNER ===
I0422 13:30:54.938631       1 schedule_one.go:166] "scheduling algorithm completed" duration ="3.756802ms" pod="default/mobilenet-00001-deployment-799ff7446f-v9rwf"
I0422 13:30:58.129882       1 schedule_one.go:67] === MON SCHEDULER MODIFIÉ EST EN TRAIN DE TOURNER ===
I0422 13:30:58.134673       1 schedule_one.go:166] "scheduling algorithm completed" duration ="5.348915ms" pod="default/fetchdata-00001-deployment-6f7fd5c6-9vh5g"
I0422 13:31:05.553785       1 schedule_one.go:67] === MON SCHEDULER MODIFIÉ EST EN TRAIN DE TOURNER ===
I0422 13:31:05.558188       1 schedule_one.go:166] "scheduling algorithm completed" duration ="5.1576ms" pod="default/grayscale-00001-deployment-5bdd67fc57-v7znx"
I0422 13:32:57.565800       1 schedule_one.go:67] === MON SCHEDULER MODIFIÉ EST EN TRAIN DE TOURNER ===
I0422 13:32:57.570679       1 schedule_one.go:166] "scheduling algorithm completed" duration ="5.739341ms" pod="default/grayscale-00001-deployment-5bdd67fc57-5hjxs"
I0422 13:33:03.544557       1 schedule_one.go:67] === MON SCHEDULER MODIFIÉ EST EN TRAIN DE TOURNER ===
I0422 13:33:03.550005       1 schedule_one.go:166] "scheduling algorithm completed" duration ="5.988582ms" pod="default/grayscale-00001-deployment-5bdd67fc57-bhwkr"
I0422 13:36:41.585632       1 schedule_one.go:67] === MON SCHEDULER MODIFIÉ EST EN TRAIN DE TOURNER ===
I0422 13:36:41.592010       1 schedule_one.go:166] "scheduling algorithm completed" duration ="7.268417ms" pod="default/grayscale-00001-deployment-5bdd67fc57-vn89q"
I0422 13:42:12.373230       1 schedule_one.go:67] === MON SCHEDULER MODIFIÉ EST EN TRAIN DE TOURNER ===
I0422 13:42:12.378705       1 schedule_one.go:166] "scheduling algorithm completed" duration ="6.303267ms" pod="default/fastfouriertransform-00001-deployment-657cc65f49-w8lql"
I0422 13:42:12.382525       1 schedule_one.go:67] === MON SCHEDULER MODIFIÉ EST EN TRAIN DE TOURNER ===
I0422 13:42:12.387787       1 schedule_one.go:166] "scheduling algorithm completed" duration ="6.016711ms" pod="default/grayscale-00001-deployment-5bdd67fc57-4bhjc"
I0422 13:42:12.595228       1 schedule_one.go:67] === MON SCHEDULER MODIFIÉ EST EN TRAIN DE TOURNER ===
I0422 13:42:12.600668       1 schedule_one.go:166] "scheduling algorithm completed" duration ="6.273156ms" pod="default/genmatrix-00001-deployment-5df4b84798-xdsgz"
I0422 13:42:12.981963       1 schedule_one.go:67] === MON SCHEDULER MODIFIÉ EST EN TRAIN DE TOURNER ===
I0422 13:42:12.987341       1 schedule_one.go:166] "scheduling algorithm completed" duration ="6.059507ms" pod="default/pagerank-00001-deployment-5868dc586f-l5vsq"
I0422 13:42:13.193040       1 schedule_one.go:67] === MON SCHEDULER MODIFIÉ EST EN TRAIN DE TOURNER ===
I0422 13:42:13.198424       1 schedule_one.go:166] "scheduling algorithm completed" duration ="6.069156ms" pod="default/resnet-00001-deployment-58d467dc88-zbtl9"
I0422 13:42:13.383221       1 schedule_one.go:67] === MON SCHEDULER MODIFIÉ EST EN TRAIN DE TOURNER ===
I0422 13:42:13.413666       1 schedule_one.go:166] "scheduling algorithm completed" duration ="31.086114ms" pod="default/graphgen-00001-deployment-6f84b8d49c-9frjd"
I0422 13:42:15.185471       1 schedule_one.go:67] === MON SCHEDULER MODIFIÉ EST EN TRAIN DE TOURNER ===
I0422 13:42:15.191210       1 schedule_one.go:166] "scheduling algorithm completed" duration ="6.361749ms" pod="default/matrixmul-00001-deployment-7bd6bb5956-44m7v"
I0422 13:42:16.180991       1 schedule_one.go:67] === MON SCHEDULER MODIFIÉ EST EN TRAIN DE TOURNER ===
I0422 13:42:16.186070       1 schedule_one.go:166] "scheduling algorithm completed" duration ="5.634693ms" pod="default/linpack-00001-deployment-5786f975fd-smx5b"
I0422 13:42:16.776494       1 schedule_one.go:67] === MON SCHEDULER MODIFIÉ EST EN TRAIN DE TOURNER ===
I0422 13:42:16.783990       1 schedule_one.go:166] "scheduling algorithm completed" duration ="8.212473ms" pod="default/mobilenet-00001-deployment-799ff7446f-ls8b9"
I0422 13:42:19.981990       1 schedule_one.go:67] === MON SCHEDULER MODIFIÉ EST EN TRAIN DE TOURNER ===
I0422 13:42:19.986990       1 schedule_one.go:166] "scheduling algorithm completed" duration ="5.848359ms" pod="default/fetchdata-00001-deployment-6f7fd5c6-jrdct"
I0422 13:42:27.555042       1 schedule_one.go:67] === MON SCHEDULER MODIFIÉ EST EN TRAIN DE TOURNER ===
I0422 13:42:27.560956       1 schedule_one.go:166] "scheduling algorithm completed" duration ="8.461122ms" pod="default/grayscale-00001-deployment-5bdd67fc57-dtb2f"
I0422 13:44:20.177136       1 schedule_one.go:67] === MON SCHEDULER MODIFIÉ EST EN TRAIN DE TOURNER ===
I0422 13:44:20.182588       1 schedule_one.go:166] "scheduling algorithm completed" duration ="6.291947ms" pod="default/grayscale-00001-deployment-5bdd67fc57-xnpjz"
I0422 13:44:25.549118       1 schedule_one.go:67] === MON SCHEDULER MODIFIÉ EST EN TRAIN DE TOURNER ===
I0422 13:44:25.552864       1 schedule_one.go:166] "scheduling algorithm completed" duration ="4.410915ms" pod="default/grayscale-00001-deployment-5bdd67fc57-bd6dv"
I0422 13:48:03.573299       1 schedule_one.go:67] === MON SCHEDULER MODIFIÉ EST EN TRAIN DE TOURNER ===
I0422 13:48:03.577769       1 schedule_one.go:166] "scheduling algorithm completed" duration ="5.239234ms" pod="default/grayscale-00001-deployment-5bdd67fc57-gkgkp"
I0422 13:53:17.535328       1 schedule_one.go:67] === MON SCHEDULER MODIFIÉ EST EN TRAIN DE TOURNER ===
I0422 13:53:17.540351       1 schedule_one.go:166] "scheduling algorithm completed" duration ="5.980035ms" pod="default/fastfouriertransform-00001-deployment-657cc65f49-gr6p7"
I0422 13:53:17.544646       1 schedule_one.go:67] === MON SCHEDULER MODIFIÉ EST EN TRAIN DE TOURNER ===
I0422 13:53:17.548103       1 schedule_one.go:166] "scheduling algorithm completed" duration ="4.167942ms" pod="default/grayscale-00001-deployment-5bdd67fc57-4c52f"
I0422 13:53:17.772280       1 schedule_one.go:67] === MON SCHEDULER MODIFIÉ EST EN TRAIN DE TOURNER ===
I0422 13:53:17.777087       1 schedule_one.go:166] "scheduling algorithm completed" duration ="5.569757ms" pod="default/genmatrix-00001-deployment-5df4b84798-jctg6"
I0422 13:53:18.148777       1 schedule_one.go:67] === MON SCHEDULER MODIFIÉ EST EN TRAIN DE TOURNER ===
I0422 13:53:18.154294       1 schedule_one.go:166] "scheduling algorithm completed" duration ="6.347775ms" pod="default/pagerank-00001-deployment-5868dc586f-tr7g6"
I0422 13:53:18.340976       1 schedule_one.go:67] === MON SCHEDULER MODIFIÉ EST EN TRAIN DE TOURNER ===
I0422 13:53:18.345708       1 schedule_one.go:166] "scheduling algorithm completed" duration ="5.442831ms" pod="default/resnet-00001-deployment-58d467dc88-zlnzz"
I0422 13:53:18.540323       1 schedule_one.go:67] === MON SCHEDULER MODIFIÉ EST EN TRAIN DE TOURNER ===
I0422 13:53:18.544932       1 schedule_one.go:166] "scheduling algorithm completed" duration ="5.227183ms" pod="default/graphgen-00001-deployment-6f84b8d49c-s7rl4"
I0422 13:53:20.351181       1 schedule_one.go:67] === MON SCHEDULER MODIFIÉ EST EN TRAIN DE TOURNER ===
I0422 13:53:20.357009       1 schedule_one.go:166] "scheduling algorithm completed" duration ="6.421924ms" pod="default/matrixmul-00001-deployment-7bd6bb5956-xmtj5"
I0422 13:53:21.345732       1 schedule_one.go:67] === MON SCHEDULER MODIFIÉ EST EN TRAIN DE TOURNER ===
I0422 13:53:21.351179       1 schedule_one.go:166] "scheduling algorithm completed" duration ="6.335998ms" pod="default/linpack-00001-deployment-5786f975fd-zpzzb"
I0422 13:53:21.940706       1 schedule_one.go:67] === MON SCHEDULER MODIFIÉ EST EN TRAIN DE TOURNER ===
I0422 13:53:21.945863       1 schedule_one.go:166] "scheduling algorithm completed" duration ="5.723553ms" pod="default/mobilenet-00001-deployment-799ff7446f-4l5mx"
I0422 13:53:25.140554       1 schedule_one.go:67] === MON SCHEDULER MODIFIÉ EST EN TRAIN DE TOURNER ===
I0422 13:53:25.145971       1 schedule_one.go:166] "scheduling algorithm completed" duration ="6.368868ms" pod="default/fetchdata-00001-deployment-6f7fd5c6-gsgxj"
I0422 13:53:37.546466       1 schedule_one.go:67] === MON SCHEDULER MODIFIÉ EST EN TRAIN DE TOURNER ===
I0422 13:53:37.551299       1 schedule_one.go:166] "scheduling algorithm completed" duration ="5.687461ms" pod="default/grayscale-00001-deployment-5bdd67fc57-d5l5t"
I0422 13:55:23.699689       1 schedule_one.go:67] === MON SCHEDULER MODIFIÉ EST EN TRAIN DE TOURNER ===
I0422 13:55:23.703964       1 schedule_one.go:166] "scheduling algorithm completed" duration ="5.095592ms" pod="default/grayscale-00001-deployment-5bdd67fc57-dwclt"
I0422 13:59:07.581286       1 schedule_one.go:67] === MON SCHEDULER MODIFIÉ EST EN TRAIN DE TOURNER ===
I0422 13:59:07.586122       1 schedule_one.go:166] "scheduling algorithm completed" duration ="5.519446ms" pod="default/grayscale-00001-deployment-5bdd67fc57-frchb"
