I0521 07:29:55.240931       1 serving.go:386] Generated self-signed cert in-memory
W0521 07:29:55.241522       1 client_config.go:683] Neither --kubeconfig nor --master was specified.  Using the inClusterConfig.  This might not work.
I0521 07:29:55.266144       1 scheduler.go:283] ===  SCHEDULer New  ===
I0521 07:29:55.267720       1 scheduler.go:457] "fonction New() construit le scheduler, mais ne commence pas à scheduler les pods, c'est la fonction Run() qui commence le scheduling des pods." duration ="1.54519ms"
I0521 07:29:55.269769       1 server.go:175] "Starting Kubernetes Scheduler" version="v0.0.0-master+$Format:%H$"
I0521 07:29:55.269865       1 server.go:177] "Golang settings" GOGC="" GOMAXPROCS="" GOTRACEBACK=""
I0521 07:29:55.275858       1 requestheader_controller.go:180] Starting RequestHeaderAuthRequestController
I0521 07:29:55.275882       1 shared_informer.go:375] "Waiting for caches to sync"
I0521 07:29:55.275916       1 configmap_cafile_content.go:205] "Starting controller" name="client-ca::kube-system::extension-apiserver-authentication::client-ca-file"
I0521 07:29:55.275930       1 shared_informer.go:375] "Waiting for caches to sync"
I0521 07:29:55.275916       1 configmap_cafile_content.go:205] "Starting controller" name="client-ca::kube-system::extension-apiserver-authentication::requestheader-client-ca-file"
I0521 07:29:55.275956       1 shared_informer.go:375] "Waiting for caches to sync"
I0521 07:29:55.276146       1 secure_serving.go:211] Serving securely on [::]:10259
I0521 07:29:55.276215       1 tlsconfig.go:243] "Starting DynamicServingCertificateController"
I0521 07:29:55.476296       1 shared_informer.go:382] "Caches are synced"
I0521 07:29:55.476313       1 shared_informer.go:382] "Caches are synced"
I0521 07:29:55.476299       1 shared_informer.go:382] "Caches are synced"
I0521 07:29:55.476511       1 scheduler.go:542] ===  SCHEDULing RUN ===
I0521 07:29:55.476536       1 schedule_one.go:67] === MON SCHEDULER MODIFIÉ EST EN TRAIN DE TOURNER ===
I0521 07:33:08.941212       1 schedule_one.go:67] === MON SCHEDULER MODIFIÉ EST EN TRAIN DE TOURNER ===
I0521 07:33:08.942367       1 schedule_one.go:67] === MON SCHEDULER MODIFIÉ EST EN TRAIN DE TOURNER ===
I0521 07:33:08.947567       1 schedule_one.go:166] "scheduling algorithm completed" duration ="8.590135ms" pod="default/resnet-00001-deployment-5697b6d685-c8rbz"
I0521 07:33:08.947762       1 schedule_one.go:166] "scheduling algorithm completed" duration ="6.513259ms" pod="default/mobilenet-00001-deployment-84db65c7f9-cbff5"
I0521 08:11:03.370989       1 schedule_one.go:67] === MON SCHEDULER MODIFIÉ EST EN TRAIN DE TOURNER ===
I0521 08:11:03.374064       1 schedule_one.go:166] "scheduling algorithm completed" duration ="3.929886ms" pod="default/mobilenet-00001-deployment-84db65c7f9-62p4t"
I0521 08:11:04.360079       1 schedule_one.go:67] === MON SCHEDULER MODIFIÉ EST EN TRAIN DE TOURNER ===
I0521 08:11:04.364365       1 schedule_one.go:166] "scheduling algorithm completed" duration ="4.983553ms" pod="default/resnet-00001-deployment-5697b6d685-8cx6z"
I0521 08:53:45.740307       1 schedule_one.go:67] === MON SCHEDULER MODIFIÉ EST EN TRAIN DE TOURNER ===
I0521 08:53:45.745092       1 schedule_one.go:166] "scheduling algorithm completed" duration ="5.679209ms" pod="default/mobilenet-00001-deployment-84db65c7f9-2nb6f"
I0521 08:53:46.428174       1 schedule_one.go:67] === MON SCHEDULER MODIFIÉ EST EN TRAIN DE TOURNER ===
I0521 08:53:46.434070       1 schedule_one.go:166] "scheduling algorithm completed" duration ="6.696702ms" pod="default/resnet-00001-deployment-5697b6d685-q4954"
