I0427 16:25:29.257043       1 serving.go:386] Generated self-signed cert in-memory
W0427 16:25:29.257746       1 client_config.go:683] Neither --kubeconfig nor --master was specified.  Using the inClusterConfig.  This might not work.
I0427 16:25:29.277795       1 scheduler.go:283] ===  SCHEDULer New  ===
I0427 16:25:29.279250       1 scheduler.go:457] "fonction New() construit le scheduler, mais ne commence pas à scheduler les pods, c'est la fonction Run() qui commence le scheduling des pods." duration ="1.426129ms"
I0427 16:25:29.281120       1 server.go:175] "Starting Kubernetes Scheduler" version="v0.0.0-master+$Format:%H$"
I0427 16:25:29.281137       1 server.go:177] "Golang settings" GOGC="" GOMAXPROCS="" GOTRACEBACK=""
I0427 16:25:29.286714       1 configmap_cafile_content.go:205] "Starting controller" name="client-ca::kube-system::extension-apiserver-authentication::requestheader-client-ca-file"
I0427 16:25:29.286839       1 shared_informer.go:375] "Waiting for caches to sync"
I0427 16:25:29.286723       1 configmap_cafile_content.go:205] "Starting controller" name="client-ca::kube-system::extension-apiserver-authentication::client-ca-file"
I0427 16:25:29.286994       1 tlsconfig.go:243] "Starting DynamicServingCertificateController"
I0427 16:25:29.287006       1 shared_informer.go:375] "Waiting for caches to sync"
I0427 16:25:29.286777       1 requestheader_controller.go:180] Starting RequestHeaderAuthRequestController
I0427 16:25:29.287069       1 shared_informer.go:375] "Waiting for caches to sync"
I0427 16:25:29.286982       1 secure_serving.go:211] Serving securely on [::]:10259
I0427 16:25:29.387695       1 shared_informer.go:382] "Caches are synced"
I0427 16:25:29.387706       1 shared_informer.go:382] "Caches are synced"
I0427 16:25:29.387795       1 shared_informer.go:382] "Caches are synced"
I0427 16:25:29.488199       1 scheduler.go:542] ===  SCHEDULing RUN ===
I0427 16:25:29.488238       1 schedule_one.go:67] === MON SCHEDULER MODIFIÉ EST EN TRAIN DE TOURNER ===
I0427 16:36:31.939801       1 schedule_one.go:67] === MON SCHEDULER MODIFIÉ EST EN TRAIN DE TOURNER ===
I0427 16:36:31.941535       1 schedule_one.go:67] === MON SCHEDULER MODIFIÉ EST EN TRAIN DE TOURNER ===
I0427 16:36:31.958458       1 schedule_one.go:166] "scheduling algorithm completed" duration ="17.407112ms" pod="default/grayscale-00001-deployment-6c9cd67ccc-vl2rg"
I0427 16:36:32.025390       1 schedule_one.go:166] "scheduling algorithm completed" duration ="87.0946ms" pod="default/genmatrix-00001-deployment-7db687b66-sqfkn"
I0427 16:36:32.027167       1 schedule_one.go:67] === MON SCHEDULER MODIFIÉ EST EN TRAIN DE TOURNER ===
I0427 16:36:32.083674       1 schedule_one.go:166] "scheduling algorithm completed" duration ="57.109ms" pod="default/fastfouriertransform-00001-deployment-6bbbdc9c67-wf85p"
I0427 16:36:33.595796       1 schedule_one.go:67] === MON SCHEDULER MODIFIÉ EST EN TRAIN DE TOURNER ===
I0427 16:36:33.598126       1 schedule_one.go:67] === MON SCHEDULER MODIFIÉ EST EN TRAIN DE TOURNER ===
I0427 16:36:33.608031       1 schedule_one.go:166] "scheduling algorithm completed" duration ="12.84845ms" pod="default/pagerank-00001-deployment-54689999dc-hv5wb"
I0427 16:36:33.626335       1 schedule_one.go:166] "scheduling algorithm completed" duration ="28.783601ms" pod="default/graphgen-00001-deployment-545ff9c679-qzkpq"
I0427 16:36:33.705245       1 schedule_one.go:67] === MON SCHEDULER MODIFIÉ EST EN TRAIN DE TOURNER ===
I0427 16:36:33.719272       1 schedule_one.go:166] "scheduling algorithm completed" duration ="14.677134ms" pod="default/resnet-00001-deployment-7fcbc8c8cb-2b4tg"
I0427 16:36:35.696060       1 schedule_one.go:67] === MON SCHEDULER MODIFIÉ EST EN TRAIN DE TOURNER ===
I0427 16:36:35.762988       1 schedule_one.go:67] === MON SCHEDULER MODIFIÉ EST EN TRAIN DE TOURNER ===
I0427 16:36:35.791174       1 schedule_one.go:166] "scheduling algorithm completed" duration ="28.725027ms" pod="default/matrixmul-00001-deployment-8468c5dd88-dm24x"
I0427 16:36:35.818426       1 schedule_one.go:166] "scheduling algorithm completed" duration ="123.04662ms" pod="default/linpack-00001-deployment-545d8788cc-8wdcq"
I0427 16:36:35.869155       1 schedule_one.go:67] === MON SCHEDULER MODIFIÉ EST EN TRAIN DE TOURNER ===
I0427 16:36:35.892160       1 schedule_one.go:166] "scheduling algorithm completed" duration ="23.667811ms" pod="default/mobilenet-00001-deployment-5d6d9ff4b-2nxvc"
I0427 16:36:39.585527       1 schedule_one.go:67] === MON SCHEDULER MODIFIÉ EST EN TRAIN DE TOURNER ===
I0427 16:36:39.596957       1 schedule_one.go:166] "scheduling algorithm completed" duration ="12.174821ms" pod="default/fetchdata-00001-deployment-7c46bb466c-75gq5"
I0427 16:38:37.598605       1 schedule_one.go:67] === MON SCHEDULER MODIFIÉ EST EN TRAIN DE TOURNER ===
I0427 16:38:37.608660       1 schedule_one.go:166] "scheduling algorithm completed" duration ="10.71649ms" pod="default/grayscale-00001-deployment-6c9cd67ccc-lrwjs"
I0427 16:42:21.622713       1 schedule_one.go:67] === MON SCHEDULER MODIFIÉ EST EN TRAIN DE TOURNER ===
I0427 16:42:21.630818       1 schedule_one.go:166] "scheduling algorithm completed" duration ="8.73527ms" pod="default/grayscale-00001-deployment-6c9cd67ccc-c9tlw"
I0427 16:48:37.710128       1 schedule_one.go:67] === MON SCHEDULER MODIFIÉ EST EN TRAIN DE TOURNER ===
I0427 16:48:37.729560       1 schedule_one.go:166] "scheduling algorithm completed" duration ="20.116095ms" pod="default/fastfouriertransform-00001-deployment-6bbbdc9c67-67fcf"
I0427 16:48:37.743309       1 schedule_one.go:67] === MON SCHEDULER MODIFIÉ EST EN TRAIN DE TOURNER ===
I0427 16:48:37.755175       1 schedule_one.go:166] "scheduling algorithm completed" duration ="12.450453ms" pod="default/grayscale-00001-deployment-6c9cd67ccc-r65kf"
I0427 16:48:37.933210       1 schedule_one.go:67] === MON SCHEDULER MODIFIÉ EST EN TRAIN DE TOURNER ===
I0427 16:48:37.955573       1 schedule_one.go:166] "scheduling algorithm completed" duration ="22.910853ms" pod="default/genmatrix-00001-deployment-7db687b66-rt5km"
I0427 16:48:38.327943       1 schedule_one.go:67] === MON SCHEDULER MODIFIÉ EST EN TRAIN DE TOURNER ===
I0427 16:48:38.336695       1 schedule_one.go:166] "scheduling algorithm completed" duration ="9.262456ms" pod="default/pagerank-00001-deployment-54689999dc-pwd9l"
I0427 16:48:38.531925       1 schedule_one.go:67] === MON SCHEDULER MODIFIÉ EST EN TRAIN DE TOURNER ===
I0427 16:48:38.542013       1 schedule_one.go:166] "scheduling algorithm completed" duration ="10.649936ms" pod="default/resnet-00001-deployment-7fcbc8c8cb-2bmmr"
I0427 16:48:38.728961       1 schedule_one.go:67] === MON SCHEDULER MODIFIÉ EST EN TRAIN DE TOURNER ===
I0427 16:48:38.759323       1 schedule_one.go:166] "scheduling algorithm completed" duration ="30.958828ms" pod="default/graphgen-00001-deployment-545ff9c679-xcc59"
I0427 16:48:40.530183       1 schedule_one.go:67] === MON SCHEDULER MODIFIÉ EST EN TRAIN DE TOURNER ===
I0427 16:48:40.537734       1 schedule_one.go:166] "scheduling algorithm completed" duration ="8.205049ms" pod="default/matrixmul-00001-deployment-8468c5dd88-79tnw"
I0427 16:48:41.525246       1 schedule_one.go:67] === MON SCHEDULER MODIFIÉ EST EN TRAIN DE TOURNER ===
I0427 16:48:41.531700       1 schedule_one.go:166] "scheduling algorithm completed" duration ="7.23881ms" pod="default/linpack-00001-deployment-545d8788cc-hsd2b"
I0427 16:48:42.144390       1 schedule_one.go:67] === MON SCHEDULER MODIFIÉ EST EN TRAIN DE TOURNER ===
I0427 16:48:42.161243       1 schedule_one.go:166] "scheduling algorithm completed" duration ="17.709819ms" pod="default/mobilenet-00001-deployment-5d6d9ff4b-bkrmq"
I0427 16:48:45.331105       1 schedule_one.go:67] === MON SCHEDULER MODIFIÉ EST EN TRAIN DE TOURNER ===
I0427 16:48:45.345406       1 schedule_one.go:166] "scheduling algorithm completed" duration ="14.880711ms" pod="default/fetchdata-00001-deployment-7c46bb466c-hm4pm"
I0427 16:48:57.578287       1 schedule_one.go:67] === MON SCHEDULER MODIFIÉ EST EN TRAIN DE TOURNER ===
I0427 16:48:57.586547       1 schedule_one.go:166] "scheduling algorithm completed" duration ="9.207178ms" pod="default/grayscale-00001-deployment-6c9cd67ccc-22jfk"
I0427 16:50:45.605966       1 schedule_one.go:67] === MON SCHEDULER MODIFIÉ EST EN TRAIN DE TOURNER ===
I0427 16:50:45.614050       1 schedule_one.go:166] "scheduling algorithm completed" duration ="8.916123ms" pod="default/grayscale-00001-deployment-6c9cd67ccc-l6km5"
I0427 16:54:27.718175       1 schedule_one.go:67] === MON SCHEDULER MODIFIÉ EST EN TRAIN DE TOURNER ===
I0427 16:54:27.726766       1 schedule_one.go:166] "scheduling algorithm completed" duration ="9.313808ms" pod="default/grayscale-00001-deployment-6c9cd67ccc-kqt86"
