I0602 14:16:02.667109       1 serving.go:386] Generated self-signed cert in-memory
W0602 14:16:02.667817       1 client_config.go:683] Neither --kubeconfig nor --master was specified.  Using the inClusterConfig.  This might not work.
I0602 14:16:02.694589       1 scheduler.go:283] ===  SCHEDULer New  ===
I0602 14:16:02.696096       1 scheduler.go:457] "fonction New() construit le scheduler, mais ne commence pas à scheduler les pods, c'est la fonction Run() qui commence le scheduling des pods." duration ="1.478873ms"
I0602 14:16:02.697923       1 server.go:175] "Starting Kubernetes Scheduler" version="v0.0.0-master+$Format:%H$"
I0602 14:16:02.697936       1 server.go:177] "Golang settings" GOGC="" GOMAXPROCS="" GOTRACEBACK=""
I0602 14:16:02.705147       1 requestheader_controller.go:180] Starting RequestHeaderAuthRequestController
I0602 14:16:02.705159       1 configmap_cafile_content.go:205] "Starting controller" name="client-ca::kube-system::extension-apiserver-authentication::client-ca-file"
I0602 14:16:02.705172       1 shared_informer.go:375] "Waiting for caches to sync"
I0602 14:16:02.705175       1 shared_informer.go:375] "Waiting for caches to sync"
I0602 14:16:02.705585       1 configmap_cafile_content.go:205] "Starting controller" name="client-ca::kube-system::extension-apiserver-authentication::requestheader-client-ca-file"
I0602 14:16:02.705615       1 shared_informer.go:375] "Waiting for caches to sync"
I0602 14:16:02.705718       1 secure_serving.go:211] Serving securely on [::]:10259
I0602 14:16:02.705993       1 tlsconfig.go:243] "Starting DynamicServingCertificateController"
I0602 14:16:02.806092       1 shared_informer.go:382] "Caches are synced"
I0602 14:16:02.806174       1 shared_informer.go:382] "Caches are synced"
I0602 14:16:02.806183       1 shared_informer.go:382] "Caches are synced"
I0602 14:16:03.006112       1 scheduler.go:542] ===  SCHEDULing RUN ===
I0602 14:16:03.006291       1 schedule_one.go:67] === MON SCHEDULER MODIFIÉ EST EN TRAIN DE TOURNER ===
I0602 14:20:20.325383       1 schedule_one.go:67] === MON SCHEDULER MODIFIÉ EST EN TRAIN DE TOURNER ===
I0602 14:20:20.327068       1 schedule_one.go:67] === MON SCHEDULER MODIFIÉ EST EN TRAIN DE TOURNER ===
I0602 14:20:20.336522       1 schedule_one.go:166] "scheduling algorithm completed" duration ="13.515453ms" pod="default/fetchdata-00001-deployment-759f5b8c55-jl2jr"
I0602 14:20:20.337646       1 schedule_one.go:166] "scheduling algorithm completed" duration ="12.223229ms" pod="default/fastfouriertransform-00001-deployment-78d877fd9c-2mcl4"
I0602 14:20:20.373178       1 schedule_one.go:67] === MON SCHEDULER MODIFIÉ EST EN TRAIN DE TOURNER ===
I0602 14:20:20.374970       1 schedule_one.go:67] === MON SCHEDULER MODIFIÉ EST EN TRAIN DE TOURNER ===
I0602 14:20:20.384653       1 schedule_one.go:166] "scheduling algorithm completed" duration ="12.60886ms" pod="default/linpack-00001-deployment-6d74694468-vw7jq"
I0602 14:20:20.388569       1 schedule_one.go:166] "scheduling algorithm completed" duration ="14.373769ms" pod="default/genmatrix-00001-deployment-5444456b78-qnkrn"
I0602 14:20:21.967481       1 schedule_one.go:67] === MON SCHEDULER MODIFIÉ EST EN TRAIN DE TOURNER ===
I0602 14:20:21.975008       1 schedule_one.go:166] "scheduling algorithm completed" duration ="8.400227ms" pod="default/fastfouriertransform-00001-deployment-78d877fd9c-qnrr9"
I0602 14:20:21.976909       1 schedule_one.go:67] === MON SCHEDULER MODIFIÉ EST EN TRAIN DE TOURNER ===
I0602 14:20:21.985861       1 schedule_one.go:166] "scheduling algorithm completed" duration ="10.047044ms" pod="default/linpack-00001-deployment-6d74694468-sltvd"
I0602 14:20:22.014814       1 schedule_one.go:67] === MON SCHEDULER MODIFIÉ EST EN TRAIN DE TOURNER ===
I0602 14:20:22.019858       1 schedule_one.go:166] "scheduling algorithm completed" duration ="5.985892ms" pod="default/matrixmul-00001-deployment-78f7668cf4-vjk4v"
I0602 14:20:23.975671       1 schedule_one.go:67] === MON SCHEDULER MODIFIÉ EST EN TRAIN DE TOURNER ===
I0602 14:20:23.982226       1 schedule_one.go:166] "scheduling algorithm completed" duration ="7.12906ms" pod="default/fetchdata-00001-deployment-759f5b8c55-c9l8d"
I0602 14:20:23.988402       1 schedule_one.go:67] === MON SCHEDULER MODIFIÉ EST EN TRAIN DE TOURNER ===
I0602 14:20:23.997328       1 schedule_one.go:166] "scheduling algorithm completed" duration ="9.528339ms" pod="default/matrixmul-00001-deployment-78f7668cf4-x76gw"
I0602 14:20:25.975611       1 schedule_one.go:67] === MON SCHEDULER MODIFIÉ EST EN TRAIN DE TOURNER ===
I0602 14:20:25.980775       1 schedule_one.go:166] "scheduling algorithm completed" duration ="5.710318ms" pod="default/linpack-00001-deployment-6d74694468-6w5nd"
I0602 14:21:28.094553       1 schedule_one.go:67] === MON SCHEDULER MODIFIÉ EST EN TRAIN DE TOURNER ===
I0602 14:21:28.101684       1 schedule_one.go:166] "scheduling algorithm completed" duration ="9.310893ms" pod="default/linpack-00001-deployment-6d74694468-fxcdk"
I0602 14:21:31.976723       1 schedule_one.go:67] === MON SCHEDULER MODIFIÉ EST EN TRAIN DE TOURNER ===
I0602 14:21:31.983032       1 schedule_one.go:166] "scheduling algorithm completed" duration ="7.384263ms" pod="default/matrixmul-00001-deployment-78f7668cf4-8s7zf"
I0602 14:21:55.968855       1 schedule_one.go:67] === MON SCHEDULER MODIFIÉ EST EN TRAIN DE TOURNER ===
I0602 14:21:55.973773       1 schedule_one.go:166] "scheduling algorithm completed" duration ="5.809836ms" pod="default/fastfouriertransform-00001-deployment-78d877fd9c-ghr2g"
